<html>
<body>
<pre>
<h1>µVision Build Log</h1>
<h2>Tool Versions:</h2>
IDE-Version: ¦ÌVision V5.33.0.0
Copyright (C) 2020 ARM Ltd and ARM Germany GmbH. All rights reserved.
License Information: z z, z, LIC=EPPLD-8G8VI-PHM89-45PDX-41UV3-HGPM8
 
Tool Versions:
Toolchain:       MDK-ARM Professional  Version: 5.33.0.0
Toolchain Path:  C:\Keil_v5\ARM\ARMCC\Bin
C Compiler:      Armcc.exe V5.06 update 7 (build 960)
Assembler:       Armasm.exe V5.06 update 7 (build 960)
Linker/Locator:  ArmLink.exe V5.06 update 7 (build 960)
Library Manager: ArmAr.exe V5.06 update 7 (build 960)
Hex Converter:   FromElf.exe V5.06 update 7 (build 960)
CPU DLL:         SARMCM3.DLL V5.33.0.0
Dialog DLL:      DCM.DLL V1.17.3.0
Target DLL:      STLink\ST-LINKIII-KEIL_SWO.dll V3.0.8.0
Dialog DLL:      TCM.DLL V1.48.0.0
 
<h2>Project:</h2>
E:\STM32\Learning\RT-Thread_STemWin_STM32_SPI\test.uvprojx
Project File Date:  02/27/2021

<h2>Output:</h2>
*** Using Compiler 'V5.06 update 7 (build 960)', folder: 'C:\Keil_v5\ARM\ARMCC\Bin'
Rebuild target 'Target 1'
compiling bsp_sdio_sd.c...
compiling RTC.c...
compiling ADC.c...
compiling main.c...
compiling board.c...
compiling lcd_driver.c...
compiling touch.c...
assembling startup_stm32f40_41xxx.s...
compiling system_stm32f4xx.c...
compiling stm32f4xx_spi.c...
compiling stm32f4xx_gpio.c...
compiling stm32f4xx_rcc.c...
compiling misc.c...
compiling stm32f4xx_sdio.c...
compiling stm32f4xx_flash.c...
compiling stm32f4xx_crc.c...
compiling clock.c...
compiling components.c...
compiling device.c...
compiling idle.c...
compiling ipc.c...
compiling stm32f4xx_pwr.c...
compiling stm32f4xx_dma.c...
compiling stm32f4xx_adc.c...
compiling irq.c...
compiling kservice.c...
compiling stm32f4xx_rtc.c...
compiling memheap.c...
compiling mempool.c...
compiling scheduler.c...
compiling object.c...
compiling mem.c...
compiling signal.c...
compiling thread.c...
compiling timer.c...
compiling cpuport.c...
assembling context_rvds.S...
compiling GUIConf.c...
compiling GUI_X_OS.c...
compiling cc936.c...
compiling ff.c...
compiling diskio.c...
compiling LCDConf_FlexColor_Template.c...
compiling GUIDRV_Template.c...
compiling MainTask.c...
linking...
Program Size: Code=106654 RO-data=21826 RW-data=1164 ZI-data=66920  
".\Objects\test.axf" - 0 Error(s), 0 Warning(s).

<h2>Software Packages used:</h2>

Package Vendor: Keil
                http://www.keil.com/pack/Keil.STM32F4xx_DFP.2.15.0.pack
                Keil.STM32F4xx_DFP.2.15.0
                STMicroelectronics STM32F4 Series Device Support, Drivers and Examples

<h2>Collection of Component include folders:</h2>
  C:\Users\Kero\AppData\Local\Arm\Packs\Keil\STM32F4xx_DFP\2.15.0\Drivers\CMSIS\Device\ST\STM32F4xx\Include

<h2>Collection of Component Files used:</h2>
Build Time Elapsed:  00:00:08
</pre>
</body>
</html>
