<html>
<body>
<pre>
<h1>µVision Build Log</h1>
<h2>Tool Versions:</h2>
IDE-Version: ¦ÌVision V5.33.0.0
Copyright (C) 2020 ARM Ltd and ARM Germany GmbH. All rights reserved.
License Information: z z, z, LIC=EPPLD-8G8VI-PHM89-45PDX-41UV3-HGPM8
 
Tool Versions:
Toolchain:       MDK-ARM Professional  Version: 5.33.0.0
Toolchain Path:  C:\Keil_v5\ARM\ARMCC\Bin
C Compiler:      Armcc.exe V5.06 update 7 (build 960)
Assembler:       Armasm.exe V5.06 update 7 (build 960)
Linker/Locator:  ArmLink.exe V5.06 update 7 (build 960)
Library Manager: ArmAr.exe V5.06 update 7 (build 960)
Hex Converter:   FromElf.exe V5.06 update 7 (build 960)
CPU DLL:         SARMCM3.DLL V5.33.0.0
Dialog DLL:      DCM.DLL V1.17.3.0
Target DLL:      STLink\ST-LINKIII-KEIL_SWO.dll V3.0.8.0
Dialog DLL:      TCM.DLL V1.48.0.0
 
<h2>Project:</h2>
E:\STM32\Learning\RT_THREAD_LVGL_STM32F4\MDK-ARM\RT_THREAD_LVGL_STM32F4.uvprojx
Project File Date:  03/05/2021

<h2>Output:</h2>
*** Using Compiler 'V5.06 update 7 (build 960)', folder: 'C:\Keil_v5\ARM\ARMCC\Bin'
Build target 'RT_THREAD_LVGL_STM32F4'
compiling lv_group.c...
compiling lv_disp.c...
compiling lv_indev.c...
compiling lv_style.c...
compiling lv_refr.c...
compiling lv_draw_arc.c...
compiling lv_obj.c...
..\lvgl\src\lv_core\lv_obj.c(4599): warning:  #111-D: statement is unreachable
              break;
..\lvgl\src\lv_core\lv_obj.c: 1 warning, 0 errors
compiling lv_draw_img.c...
compiling lv_draw_blend.c...
compiling lv_draw_label.c...
compiling lv_draw_line.c...
compiling lv_draw_mask.c...
..\lvgl\src\lv_draw\lv_draw_mask.c(339): warning:  #111-D: statement is unreachable
          return;
..\lvgl\src\lv_draw\lv_draw_mask.c(350): warning:  #111-D: statement is unreachable
          return;
..\lvgl\src\lv_draw\lv_draw_mask.c: 2 warnings, 0 errors
compiling lv_draw_triangle.c...
compiling lv_img_buf.c...
compiling lv_img_cache.c...
compiling lv_font.c...
compiling lv_draw_rect.c...
compiling lv_img_decoder.c...
compiling lv_font_fmt_txt.c...
..\lvgl\src\lv_font\lv_font_fmt_txt.c(132): warning:  #111-D: statement is unreachable
      return NULL;
..\lvgl\src\lv_font\lv_font_fmt_txt.c: 1 warning, 0 errors
compiling lv_font_dejavu_16_persian_hebrew.c...
compiling lv_font_montserrat_8.c...
compiling lv_font_loader.c...
compiling lv_font_montserrat_12.c...
compiling lv_font_montserrat_10.c...
compiling lv_font_montserrat_12_subpx.c...
compiling lv_font_montserrat_14.c...
compiling lv_font_montserrat_16.c...
compiling lv_font_montserrat_18.c...
compiling board.c...
..\src\board.c(34): warning:  #177-D: function "_SysTick_Config"  was declared but never referenced
  static uint32_t _SysTick_Config(rt_uint32_t ticks)
..\src\board.c: 1 warning, 0 errors
compiling main.c...
compiling lcd_driver.c...
compiling lv_font_montserrat_20.c...
compiling lv_font_montserrat_22.c...
compiling lv_font_montserrat_26.c...
compiling lv_font_montserrat_24.c...
compiling lv_font_montserrat_32.c...
compiling lv_font_montserrat_28_compressed.c...
compiling lv_font_montserrat_30.c...
compiling lv_font_montserrat_34.c...
compiling lv_font_montserrat_28.c...
compiling lv_font_montserrat_38.c...
compiling lv_font_montserrat_36.c...
compiling lv_font_montserrat_46.c...
compiling lv_font_montserrat_42.c...
compiling lv_font_montserrat_48.c...
compiling lv_font_montserrat_40.c...
compiling lv_font_montserrat_44.c...
compiling lv_font_unscii_8.c...
compiling lv_font_simsun_16_cjk.c...
compiling lv_hal_tick.c...
compiling lv_anim.c...
compiling lv_hal_disp.c...
..\lvgl\src\lv_hal\lv_hal_disp.c(469): warning:  #188-D: enumerated type mixed with another type
      return disp->driver.rotated;
..\lvgl\src\lv_hal\lv_hal_disp.c: 1 warning, 0 errors
compiling lv_hal_indev.c...
compiling lv_async.c...
compiling lv_area.c...
compiling lv_font_unscii_16.c...
compiling lv_bidi.c...
compiling lv_color.c...
compiling lv_debug.c...
compiling lv_gc.c...
compiling lv_fs.c...
compiling lv_log.c...
compiling lv_ll.c...
compiling lv_math.c...
compiling lv_printf.c...
compiling lv_mem.c...
..\lvgl\src\lv_misc\lv_mem.c(512): warning:  #111-D: statement is unreachable
                  return NULL;
..\lvgl\src\lv_misc\lv_mem.c(522): warning:  #111-D: statement is unreachable
      return NULL;
..\lvgl\src\lv_misc\lv_mem.c: 2 warnings, 0 errors
compiling lv_task.c...
compiling lv_txt.c...
compiling lv_txt_ap.c...
compiling lv_utils.c...
compiling lv_theme.c...
compiling lv_theme_empty.c...
compiling lv_bar.c...
compiling lv_theme_template.c...
compiling lv_arc.c...
compiling lv_btn.c...
compiling lv_theme_mono.c...
compiling lv_theme_material.c...
compiling lv_btnmatrix.c...
compiling lv_checkbox.c...
compiling lv_canvas.c...
compiling lv_calendar.c...
..\lvgl\src\lv_widgets\lv_calendar.c(447): warning:  #111-D: statement is unreachable
          return LV_RES_OK;
..\lvgl\src\lv_widgets\lv_calendar.c: 1 warning, 0 errors
compiling lv_chart.c...
compiling lv_cont.c...
compiling lv_dropdown.c...
compiling lv_cpicker.c...
compiling lv_imgbtn.c...
compiling lv_keyboard.c...
compiling lv_gauge.c...
compiling lv_img.c...
compiling lv_label.c...
compiling lv_led.c...
compiling lv_line.c...
compiling lv_objx_templ.c...
compiling lv_objmask.c...
compiling lv_linemeter.c...
compiling lv_msgbox.c...
compiling lv_list.c...
compiling lv_roller.c...
compiling lv_slider.c...
compiling lv_spinbox.c...
compiling lv_page.c...
compiling lv_spinner.c...
compiling lv_switch.c...
compiling lv_table.c...
compiling lv_tabview.c...
compiling lv_tileview.c...
compiling lv_textarea.c...
compiling lv_win.c...
compiling lv_port_disp.c...
compiling lv_port_indev.c...
..\lvgl\src\lv_driver\lv_port_indev.c(352): warning:  #177-D: function "encoder_handler"  was declared but never referenced
  static void encoder_handler(void)
..\lvgl\src\lv_driver\lv_port_indev.c: 1 warning, 0 errors
linking...
Program Size: Code=151080 RO-data=14800 RW-data=524 ZI-data=72060  
FromELF: creating hex file...
"RT_THREAD_LVGL_STM32F4\RT_THREAD_LVGL_STM32F4.axf" - 0 Error(s), 10 Warning(s).

<h2>Software Packages used:</h2>

Package Vendor: ARM
                http://www.keil.com/pack/ARM.CMSIS.5.7.0.pack
                ARM.CMSIS.5.7.0
                CMSIS (Cortex Microcontroller Software Interface Standard)
   * Component: CORE Version: 5.4.0

Package Vendor: Keil
                http://www.keil.com/pack/Keil.STM32F4xx_DFP.2.15.0.pack
                Keil.STM32F4xx_DFP.2.15.0
                STMicroelectronics STM32F4 Series Device Support, Drivers and Examples

<h2>Collection of Component include folders:</h2>
  .\RTE\_RT_THREAD_LVGL_STM32F4
  C:\Users\Kero\AppData\Local\Arm\Packs\ARM\CMSIS\5.7.0\CMSIS\Core\Include
  C:\Users\Kero\AppData\Local\Arm\Packs\Keil\STM32F4xx_DFP\2.15.0\Drivers\CMSIS\Device\ST\STM32F4xx\Include

<h2>Collection of Component Files used:</h2>

   * Component: ARM::CMSIS:CORE:5.4.0
Build Time Elapsed:  00:00:28
</pre>
</body>
</html>
