Component: ARM Compiler 5.06 update 7 (build 960) Tool: armlink [4d3601]

==============================================================================

Section Cross References

    startup_stm32f40xx.o(RESET) refers to startup_stm32f40xx.o(STACK) for __initial_sp
    startup_stm32f40xx.o(RESET) refers to startup_stm32f40xx.o(.text) for Reset_Handler
    startup_stm32f40xx.o(RESET) refers to stm32f4xx_it.o(i.NMI_Handler) for NMI_Handler
    startup_stm32f40xx.o(RESET) refers to stm32f4xx_it.o(i.HardFault_Handler) for HardFault_Handler
    startup_stm32f40xx.o(RESET) refers to stm32f4xx_it.o(i.MemManage_Handler) for MemManage_Handler
    startup_stm32f40xx.o(RESET) refers to stm32f4xx_it.o(i.BusFault_Handler) for BusFault_Handler
    startup_stm32f40xx.o(RESET) refers to stm32f4xx_it.o(i.UsageFault_Handler) for UsageFault_Handler
    startup_stm32f40xx.o(RESET) refers to port.o(.emb_text) for SVC_Handler
    startup_stm32f40xx.o(RESET) refers to stm32f4xx_it.o(i.DebugMon_Handler) for DebugMon_Handler
    startup_stm32f40xx.o(RESET) refers to stm32f4xx_it.o(i.SysTick_Handler) for SysTick_Handler
    startup_stm32f40xx.o(RESET) refers to bsp_sdio_sd.o(i.SDIO_IRQHandler) for SDIO_IRQHandler
    startup_stm32f40xx.o(RESET) refers to bsp_sdio_sd.o(i.DMA2_Stream3_IRQHandler) for DMA2_Stream3_IRQHandler
    startup_stm32f40xx.o(.text) refers to system_stm32f4xx.o(i.SystemInit) for SystemInit
    startup_stm32f40xx.o(.text) refers to entry.o(.ARM.Collect$$$$00000000) for __main
    system_stm32f4xx.o(i.SystemCoreClockUpdate) refers to system_stm32f4xx.o(.data) for .data
    system_stm32f4xx.o(i.SystemInit) refers to system_stm32f4xx.o(i.SetSysClock) for SetSysClock
    stm32f4xx_gpio.o(i.GPIO_DeInit) refers to stm32f4xx_rcc.o(i.RCC_AHB1PeriphResetCmd) for RCC_AHB1PeriphResetCmd
    stm32f4xx_rcc.o(i.RCC_GetClocksFreq) refers to stm32f4xx_rcc.o(.data) for .data
    stm32f4xx_rcc.o(i.RCC_WaitForHSEStartUp) refers to stm32f4xx_rcc.o(i.RCC_GetFlagStatus) for RCC_GetFlagStatus
    stm32f4xx_spi.o(i.SPI_I2S_DeInit) refers to stm32f4xx_rcc.o(i.RCC_APB1PeriphResetCmd) for RCC_APB1PeriphResetCmd
    stm32f4xx_spi.o(i.SPI_I2S_DeInit) refers to stm32f4xx_rcc.o(i.RCC_APB2PeriphResetCmd) for RCC_APB2PeriphResetCmd
    stm32f4xx_sdio.o(i.SDIO_DeInit) refers to stm32f4xx_rcc.o(i.RCC_APB2PeriphResetCmd) for RCC_APB2PeriphResetCmd
    main.o(i.AppTaskCreate) refers to port.o(i.vPortEnterCritical) for vPortEnterCritical
    main.o(i.AppTaskCreate) refers to queue.o(i.xQueueGenericCreate) for xQueueGenericCreate
    main.o(i.AppTaskCreate) refers to tasks.o(i.xTaskCreate) for xTaskCreate
    main.o(i.AppTaskCreate) refers to tasks.o(i.vTaskDelete) for vTaskDelete
    main.o(i.AppTaskCreate) refers to port.o(i.vPortExitCritical) for vPortExitCritical
    main.o(i.AppTaskCreate) refers to main.o(.data) for .data
    main.o(i.AppTaskCreate) refers to main.o(i.Touch_Task) for Touch_Task
    main.o(i.AppTaskCreate) refers to main.o(i.GUI_Task) for GUI_Task
    main.o(i.GUI_Task) refers to GUI_Core.o(.text.GUI_Init) for GUI_Init
    main.o(i.GUI_Task) refers to queue.o(i.xQueueGenericSend) for xQueueGenericSend
    main.o(i.GUI_Task) refers to maintask.o(i.MainTask) for MainTask
    main.o(i.GUI_Task) refers to main.o(.data) for .data
    main.o(i.Touch_Task) refers to queue.o(i.xQueueGenericReceive) for xQueueGenericReceive
    main.o(i.Touch_Task) refers to touch.o(i.GUI_TOUCH_Scan) for GUI_TOUCH_Scan
    main.o(i.Touch_Task) refers to tasks.o(i.vTaskDelay) for vTaskDelay
    main.o(i.Touch_Task) refers to main.o(.data) for .data
    main.o(i.main) refers to stm32f4xx_rcc.o(i.RCC_AHB1PeriphClockCmd) for RCC_AHB1PeriphClockCmd
    main.o(i.main) refers to misc.o(i.NVIC_PriorityGroupConfig) for NVIC_PriorityGroupConfig
    main.o(i.main) refers to WM_Lib.o(.text.WM_SetCreateFlags) for WM_SetCreateFlags
    main.o(i.main) refers to ff.o(i.f_mount) for f_mount
    main.o(i.main) refers to tasks.o(i.xTaskCreate) for xTaskCreate
    main.o(i.main) refers to tasks.o(i.vTaskStartScheduler) for vTaskStartScheduler
    main.o(i.main) refers to screenshot.o(.bss) for fs
    main.o(i.main) refers to screenshot.o(.data) for result
    main.o(i.main) refers to main.o(.data) for .data
    main.o(i.main) refers to main.o(i.AppTaskCreate) for AppTaskCreate
    stm32f4xx_it.o(i.SysTick_Handler) refers to tasks.o(i.xTaskGetSchedulerState) for xTaskGetSchedulerState
    stm32f4xx_it.o(i.SysTick_Handler) refers to port.o(i.xPortSysTickHandler) for xPortSysTickHandler
    lcd_driver.o(i.LCD_Clear) refers to lcd_driver.o(i.LCD_SetWindows) for LCD_SetWindows
    lcd_driver.o(i.LCD_Clear) refers to lcd_driver.o(i.SPI_WriteByte) for SPI_WriteByte
    lcd_driver.o(i.LCD_Clear) refers to lcd_driver.o(.bss) for .bss
    lcd_driver.o(i.LCD_DrawPoint) refers to lcd_driver.o(i.LCD_SetCursor) for LCD_SetCursor
    lcd_driver.o(i.LCD_DrawPoint) refers to lcd_driver.o(i.SPI_WriteByte) for SPI_WriteByte
[...]
    0x08003e90   0x08003e90   0x00000030   Code   RO         4835    .text.GUI_MEMDEV_GetDataPtr  STemWin_CM4_OS_wc16_ot_ARGB.a(GUIDEV_GetDataPtr.o)
    0x08003ec0   0x08003ec0   0x00000044   Code   RO         4848    .text.GUI_MEMDEV_GetYSize  STemWin_CM4_OS_wc16_ot_ARGB.a(GUIDEV_GetYSize.o)
    0x08003f04   0x08003f04   0x00000198   Code   RO         4380    .text.GUI_MEMDEV_Paint1Static  STemWin_CM4_OS_wc16_ot_ARGB.a(GUIDEV_StaticDevices.o)
    0x0800409c   0x0800409c   0x00000040   Code   RO         4852    .text.GUI_MEMDEV_ReduceYSize  STemWin_CM4_OS_wc16_ot_ARGB.a(GUIDEV_ReduceYSize.o)
    0x080040dc   0x080040dc   0x00000060   Code   RO         4366    .text.GUI_MEMDEV_Select  STemWin_CM4_OS_wc16_ot_ARGB.a(GUIDEV.o)
    0x0800413c   0x0800413c   0x00000078   Code   RO         4856    .text.GUI_MEMDEV_SetOrg  STemWin_CM4_OS_wc16_ot_ARGB.a(GUIDEV_SetOrg.o)
    0x080041b4   0x080041b4   0x00000064   Code   RO         4871    .text.GUI_MEMDEV_Write  STemWin_CM4_OS_wc16_ot_ARGB.a(GUIDEV_Write.o)
    0x08004218   0x08004218   0x00000138   Code   RO         4361    .text.GUI_MEMDEV__CreateFixed  STemWin_CM4_OS_wc16_ot_ARGB.a(GUIDEV.o)
    0x08004350   0x08004350   0x00000180   Code   RO         5060    .text.GUI_MEMDEV__WriteToActiveAlpha  STemWin_CM4_OS_wc16_ot_ARGB.a(GUIDEV_WriteToActiveAlpha.o)
    0x080044d0   0x080044d0   0x0000003c   Code   RO         4360    .text.GUI_MEMDEV__WriteToActiveAt  STemWin_CM4_OS_wc16_ot_ARGB.a(GUIDEV.o)
    0x0800450c   0x0800450c   0x0000097c   Code   RO         4395    .text.GUI_MEMDEV__WriteToActiveOpaque  STemWin_CM4_OS_wc16_ot_ARGB.a(GUIDEV_WriteToActiveOpaque.o)
    0x08004e88   0x08004e88   0x0000005c   Code   RO         4134    .text.GUI_MergeRect  STemWin_CM4_OS_wc16_ot_ARGB.a(GUI_Common.o)
    0x08004ee4   0x08004ee4   0x00000024   Code   RO         4135    .text.GUI_MoveRect  STemWin_CM4_OS_wc16_ot_ARGB.a(GUI_Common.o)
    0x08004f08   0x08004f08   0x00000050   Code   RO         3697    .text.GUI_PID_GetState  STemWin_CM4_OS_wc16_ot_ARGB.a(GUI_PID.o)
    0x08004f58   0x08004f58   0x00000014   Code   RO         3701    .text.GUI_PID_IsEmpty  STemWin_CM4_OS_wc16_ot_ARGB.a(GUI_PID.o)
    0x08004f6c   0x08004f6c   0x000000f8   Code   RO         3700    .text.GUI_PID_StoreState  STemWin_CM4_OS_wc16_ot_ARGB.a(GUI_PID.o)
    0x08005064   0x08005064   0x00000044   Code   RO         4193    .text.GUI_PollKeyMsg  STemWin_CM4_OS_wc16_ot_ARGB.a(GUI_OnKey.o)
    0x080050a8   0x080050a8   0x00000060   Code   RO         4340    .text.GUI_ReadRectEx  STemWin_CM4_OS_wc16_ot_ARGB.a(LCD_ReadRect.o)
    0x08005108   0x08005108   0x0000003c   Code   RO         4151    .text.GUI_RectsIntersect  STemWin_CM4_OS_wc16_ot_ARGB.a(GUI_Common.o)
    0x08005144   0x08005144   0x00000014   Code   RO         4153    .text.GUI_RestoreContext  STemWin_CM4_OS_wc16_ot_ARGB.a(GUI_Common.o)
    0x08005158   0x08005158   0x000006ac   Code   RO         4994    .text.GUI_SPRITE_SetPosition  STemWin_CM4_OS_wc16_ot_ARGB.a(GUI_SPRITE.o)
    0x08005804   0x08005804   0x00000014   Code   RO         4152    .text.GUI_SaveContext_W  STemWin_CM4_OS_wc16_ot_ARGB.a(GUI_Common.o)
    0x08005818   0x08005818   0x0000001c   Code   RO         4158    .text.GUI_SelectLCD  STemWin_CM4_OS_wc16_ot_ARGB.a(GUI_Common.o)
    0x08005834   0x08005834   0x00000040   Code   RO         4204    .text.GUI_SelectLayer  STemWin_CM4_OS_wc16_ot_ARGB.a(GUI_SelectLayer.o)
    0x08005874   0x08005874   0x00000018   Code   RO         4160    .text.GUI_SetBkColor  STemWin_CM4_OS_wc16_ot_ARGB.a(GUI_Common.o)
    0x0800588c   0x0800588c   0x00000018   Code   RO         4161    .text.GUI_SetColor  STemWin_CM4_OS_wc16_ot_ARGB.a(GUI_Common.o)
    0x080058a4   0x080058a4   0x00000018   Code   RO         4168    .text.GUI_SetDrawMode  STemWin_CM4_OS_wc16_ot_ARGB.a(GUI_Common.o)
    0x080058bc   0x080058bc   0x00000020   Code   RO         4169    .text.GUI_SetFont   STemWin_CM4_OS_wc16_ot_ARGB.a(GUI_Common.o)
    0x080058dc   0x080058dc   0x00000020   Code   RO         4206    .text.GUI_SetLayerPosEx  STemWin_CM4_OS_wc16_ot_ARGB.a(GUI_SelectLayer.o)
    0x080058fc   0x080058fc   0x00000040   Code   RO         4172    .text.GUI_SetOrg    STemWin_CM4_OS_wc16_ot_ARGB.a(GUI_Common.o)
    0x0800593c   0x0800593c   0x00000020   Code   RO         4174    .text.GUI_SetTextMode  STemWin_CM4_OS_wc16_ot_ARGB.a(GUI_Common.o)
    0x0800595c   0x0800595c   0x00000010   Code   RO         4246    .text.GUI_SignalEvent  STemWin_CM4_OS_wc16_ot_ARGB.a(GUI_WaitEvent.o)
    0x0800596c   0x0800596c   0x00000010   Code   RO         4190    .text.GUI_StoreKey  STemWin_CM4_OS_wc16_ot_ARGB.a(GUI_OnKey.o)
    0x0800597c   0x0800597c   0x000000d0   Code   RO         4745    .text.GUI_TIMER_Delete  STemWin_CM4_OS_wc16_ot_ARGB.a(GUI_Timer.o)
    0x08005a4c   0x08005a4c   0x0000003c   Code   RO         4751    .text.GUI_TIMER_GetFlag  STemWin_CM4_OS_wc16_ot_ARGB.a(GUI_Timer.o)
    0x08005a88   0x08005a88   0x00000030   Code   RO         4742    .text.GUI_TIMER__GetFirstTimer  STemWin_CM4_OS_wc16_ot_ARGB.a(GUI_Timer.o)
    0x08005ab8   0x08005ab8   0x00000040   Code   RO         4743    .text.GUI_TIMER__GetNextTimerLin  STemWin_CM4_OS_wc16_ot_ARGB.a(GUI_Timer.o)
    0x08005af8   0x08005af8   0x00000028   Code   RO         4227    .text.GUI_UC__GetCharCodeInc  STemWin_CM4_OS_wc16_ot_ARGB.a(GUI_UC.o)
    0x08005b20   0x08005b20   0x00000028   Code   RO         4228    .text.GUI_UC__NumChars2NumBytes  STemWin_CM4_OS_wc16_ot_ARGB.a(GUI_UC.o)
    0x08005b48   0x08005b48   0x00000024   Code   RO         4391    .text.GUI_USAGE_AddRect  STemWin_CM4_OS_wc16_ot_ARGB.a(GUIDEV_Usage.o)
    0x08005b6c   0x08005b6c   0x00000074   Code   RO         4864    .text.GUI_USAGE_BM_AddHLine  STemWin_CM4_OS_wc16_ot_ARGB.a(GUIDEV_UsageBM.o)
    0x08005be0   0x08005be0   0x00000030   Code   RO         4860    .text.GUI_USAGE_BM_AddPixel  STemWin_CM4_OS_wc16_ot_ARGB.a(GUIDEV_UsageBM.o)
    0x08005c10   0x08005c10   0x00000014   Code   RO         4863    .text.GUI_USAGE_BM_Clear  STemWin_CM4_OS_wc16_ot_ARGB.a(GUIDEV_UsageBM.o)
    0x08005c24   0x08005c24   0x00000064   Code   RO         4865    .text.GUI_USAGE_BM_Create  STemWin_CM4_OS_wc16_ot_ARGB.a(GUIDEV_UsageBM.o)
    0x08005c88   0x08005c88   0x000000c4   Code   RO         4861    .text.GUI_USAGE_BM_GetNextDirty  STemWin_CM4_OS_wc16_ot_ARGB.a(GUIDEV_UsageBM.o)
    0x08005d4c   0x08005d4c   0x00000034   Code   RO         4390    .text.GUI_USAGE_DecUseCnt  STemWin_CM4_OS_wc16_ot_ARGB.a(GUIDEV_Usage.o)
    0x08005d80   0x08005d80   0x00000014   Code   RO         4213    .text.GUI_Unlock    STemWin_CM4_OS_wc16_ot_ARGB.a(GUI_Task.o)
    0x08005d94   0x08005d94   0x0000009c   Code   RO         4760    .text.GUI__AllocAlphaBuffer  STemWin_CM4_OS_wc16_ot_ARGB.a(GUI__Alpha.o)
    0x08005e30   0x08005e30   0x0000002c   Code   RO         4731    .text.GUI__AlphaPreserveTrans  STemWin_CM4_OS_wc16_ot_ARGB.a(GUI_SetAlpha.o)
    0x08005e5c   0x08005e5c   0x00000190   Code   RO         4769    .text.GUI__CompactPixelIndices  STemWin_CM4_OS_wc16_ot_ARGB.a(GUI__CompactPixelIndices.o)
    0x08005fec   0x08005fec   0x0000018c   Code   RO         4771    .text.GUI__CompactPixelIndicesEx  STemWin_CM4_OS_wc16_ot_ARGB.a(GUI__CompactPixelIndices.o)
    0x08006178   0x08006178   0x00000080   Code   RO         3666    .text.GUI__Config   STemWin_CM4_OS_wc16_ot_ARGB.a(GUI_Core.o)
    0x080061f8   0x080061f8   0x000000b4   Code   RO         4089    .text.GUI__DispLine  STemWin_CM4_OS_wc16_ot_ARGB.a(GUI_CharLine.o)
    0x080062ac   0x080062ac   0x00000190   Code   RO         4670    .text.GUI__DispStringInRect  STemWin_CM4_OS_wc16_ot_ARGB.a(GUI_DispString.o)
    0x0800643c   0x0800643c   0x00000280   Code   RO         4758    .text.GUI__DoAlphaBlending  STemWin_CM4_OS_wc16_ot_ARGB.a(GUI__Alpha.o)
    0x080066bc   0x080066bc   0x00000214   Code   RO         4775    .text.GUI__DrawTwinArc2  STemWin_CM4_OS_wc16_ot_ARGB.a(GUI__DrawTwinArc.o)
    0x080068d0   0x080068d0   0x00000298   Code   RO         4776    .text.GUI__DrawTwinArc4  STemWin_CM4_OS_wc16_ot_ARGB.a(GUI__DrawTwinArc.o)
    0x08006b68   0x08006b68   0x00000198   Code   RO         4256    .text.GUI__ExpandPixelIndicesEx  STemWin_CM4_OS_wc16_ot_ARGB.a(GUI__ExpandPixelIndices.o)
    0x08006d00   0x08006d00   0x00000084   Code   RO         4088    .text.GUI__GetLineDistX  STemWin_CM4_OS_wc16_ot_ARGB.a(GUI_CharLine.o)
    0x08006d84   0x08006d84   0x00000054   Code   RO         4086    .text.GUI__GetLineNumChars  STemWin_CM4_OS_wc16_ot_ARGB.a(GUI_CharLine.o)
    0x08006dd8   0x08006dd8   0x00000034   Code   RO         4230    .text.GUI__GetNumChars  STemWin_CM4_OS_wc16_ot_ARGB.a(GUI_UC.o)
    0x08006e0c   0x08006e0c   0x00000030   Code   RO         4272    .text.GUI__HandleEOLine  STemWin_CM4_OS_wc16_ot_ARGB.a(GUI__Private.o)
    0x08006e3c   0x08006e3c   0x0000003c   Code   RO         4273    .text.GUI__IntersectRect  STemWin_CM4_OS_wc16_ot_ARGB.a(GUI__Private.o)
    0x08006e78   0x08006e78   0x00000058   Code   RO         4274    .text.GUI__IntersectRects  STemWin_CM4_OS_wc16_ot_ARGB.a(GUI__Private.o)
    0x08006ed0   0x08006ed0   0x000000f4   Code   RO         4262    .text.GUI__ManageCache  STemWin_CM4_OS_wc16_ot_ARGB.a(GUI__ManageCache.o)
    0x08006fc4   0x08006fc4   0x00000058   Code   RO         4756    .text.GUI__MixColors  STemWin_CM4_OS_wc16_ot_ARGB.a(GUI__Alpha.o)
    0x0800701c   0x0800701c   0x00000094   Code   RO         4755    .text.GUI__MixColorsBulk  STemWin_CM4_OS_wc16_ot_ARGB.a(GUI__Alpha.o)
    0x080070b0   0x080070b0   0x00000020   Code   RO         4280    .text.GUI__ReduceRect  STemWin_CM4_OS_wc16_ot_ARGB.a(GUI__Private.o)
    0x080070d0   0x080070d0   0x00000028   Code   RO         3669    .text.GUI__RegisterExit  STemWin_CM4_OS_wc16_ot_ARGB.a(GUI_Core.o)
    0x080070f8   0x080070f8   0x000000d8   Code   RO         4282    .text.GUI__SetText  STemWin_CM4_OS_wc16_ot_ARGB.a(GUI__Private.o)
    0x080071d0   0x080071d0   0x00000068   Code   RO         4277    .text.GUI__memset16  STemWin_CM4_OS_wc16_ot_ARGB.a(GUI__Private.o)
    0x08007238   0x08007238   0x00000150   Code   RO         4283    .text.GUI__sqrt32   STemWin_CM4_OS_wc16_ot_ARGB.a(GUI__Private.o)
    0x08007388   0x08007388   0x00000048   Code   RO         5027    .text.LCD_AA_MixColors16  STemWin_CM4_OS_wc16_ot_ARGB.a(LCD_AA.o)
    0x080073d0   0x080073d0   0x00000010   Code   RO         5030    .text.LCD_AA_SetOrMask  STemWin_CM4_OS_wc16_ot_ARGB.a(LCD_AA.o)
    0x080073e0   0x080073e0   0x0000001c   Code   RO         4303    .text.LCD_Color2Index  STemWin_CM4_OS_wc16_ot_ARGB.a(LCD.o)
    0x080073fc   0x080073fc   0x0000030c   Code   RO         4300    .text.LCD_DrawBitmap  STemWin_CM4_OS_wc16_ot_ARGB.a(LCD.o)
    0x08007708   0x08007708   0x00000054   Code   RO         4296    .text.LCD_DrawHLine  STemWin_CM4_OS_wc16_ot_ARGB.a(LCD.o)
    0x0800775c   0x0800775c   0x0000006c   Code   RO         4295    .text.LCD_DrawPixel  STemWin_CM4_OS_wc16_ot_ARGB.a(LCD.o)
    0x080077c8   0x080077c8   0x00000054   Code   RO         4297    .text.LCD_DrawVLine  STemWin_CM4_OS_wc16_ot_ARGB.a(LCD.o)
    0x0800781c   0x0800781c   0x00000060   Code   RO         4298    .text.LCD_FillRect  STemWin_CM4_OS_wc16_ot_ARGB.a(LCD.o)
    0x0800787c   0x0800787c   0x00000020   Code   RO         3736    .text.LCD_GetBitsPerPixelEx  STemWin_CM4_OS_wc16_ot_ARGB.a(LCD_GetEx.o)
    0x0800789c   0x0800789c   0x00000010   Code   RO         4789    .text.LCD_GetBkColorIndex  STemWin_CM4_OS_wc16_ot_ARGB.a(LCD_GetColorIndex.o)
    0x080078ac   0x080078ac   0x00000010   Code   RO         4790    .text.LCD_GetColorIndex  STemWin_CM4_OS_wc16_ot_ARGB.a(LCD_GetColorIndex.o)
    0x080078bc   0x080078bc   0x0000002c   Code   RO         3748    .text.LCD_GetNumColors  STemWin_CM4_OS_wc16_ot_ARGB.a(LCD_GetEx.o)
    0x080078e8   0x080078e8   0x00000020   Code   RO         3737    .text.LCD_GetNumColorsEx  STemWin_CM4_OS_wc16_ot_ARGB.a(LCD_GetEx.o)
    0x08007908   0x08007908   0x00000020   Code   RO         4794    .text.LCD_GetNumLayers  STemWin_CM4_OS_wc16_ot_ARGB.a(LCD_GetNumDisplays.o)
    0x08007928   0x08007928   0x00000020   Code   RO         3757    .text.LCD_GetPalette  STemWin_CM4_OS_wc16_ot_ARGB.a(LCD_GetEx.o)
    0x08007948   0x08007948   0x00000034   Code   RO         3775    .text.LCD_GetPosEx  STemWin_CM4_OS_wc16_ot_ARGB.a(LCD_Set.o)
    0x0800797c   0x0800797c   0x00000020   Code   RO         3734    .text.LCD_GetVXSizeEx  STemWin_CM4_OS_wc16_ot_ARGB.a(LCD_GetEx.o)
    0x0800799c   0x0800799c   0x00000034   Code   RO         3764    .text.LCD_GetVXSizeMax  STemWin_CM4_OS_wc16_ot_ARGB.a(LCD_GetEx.o)
    0x080079d0   0x080079d0   0x00000020   Code   RO         3735    .text.LCD_GetVYSizeEx  STemWin_CM4_OS_wc16_ot_ARGB.a(LCD_GetEx.o)
    0x080079f0   0x080079f0   0x0000002c   Code   RO         3743    .text.LCD_GetXSize  STemWin_CM4_OS_wc16_ot_ARGB.a(LCD_GetEx.o)
    0x08007a1c   0x08007a1c   0x0000000c   Code   RO         3768    .text.LCD_GetXSizeDisplay  STemWin_CM4_OS_wc16_ot_ARGB.a(LCD_GetEx.o)
    0x08007a28   0x08007a28   0x00000020   Code   RO         3732    .text.LCD_GetXSizeEx  STemWin_CM4_OS_wc16_ot_ARGB.a(LCD_GetEx.o)
    0x08007a48   0x08007a48   0x00000034   Code   RO         3762    .text.LCD_GetXSizeMax  STemWin_CM4_OS_wc16_ot_ARGB.a(LCD_GetEx.o)
    0x08007a7c   0x08007a7c   0x0000002c   Code   RO         3744    .text.LCD_GetYSize  STemWin_CM4_OS_wc16_ot_ARGB.a(LCD_GetEx.o)
    0x08007aa8   0x08007aa8   0x0000000c   Code   RO         3769    .text.LCD_GetYSizeDisplay  STemWin_CM4_OS_wc16_ot_ARGB.a(LCD_GetEx.o)
    0x08007ab4   0x08007ab4   0x00000020   Code   RO         3733    .text.LCD_GetYSizeEx  STemWin_CM4_OS_wc16_ot_ARGB.a(LCD_GetEx.o)
    0x08007ad4   0x08007ad4   0x00000034   Code   RO         3763    .text.LCD_GetYSizeMax  STemWin_CM4_OS_wc16_ot_ARGB.a(LCD_GetEx.o)
    0x08007b08   0x08007b08   0x00000074   Code   RO         4319    .text.LCD_GetpPalConvTableBM  STemWin_CM4_OS_wc16_ot_ARGB.a(LCD_Color.o)
    0x08007b7c   0x08007b7c   0x0000001c   Code   RO         4304    .text.LCD_Index2Color  STemWin_CM4_OS_wc16_ot_ARGB.a(LCD.o)
    0x08007b98   0x08007b98   0x00000034   Code   RO         3598    .text.LCD_Index2Color_M565  STemWin_CM4_OS_wc16_ot_ARGB.a(GUICC_M565.o)
    0x08007bcc   0x08007bcc   0x00000008   Code   RO         4916    .text.LCD_Index2Color_M888  STemWin_CM4_OS_wc16_ot_ARGB.a(GUICC_M888_Index2Color.o)
    0x08007bd4   0x08007bd4   0x00000004   Code   RO         4912    .text.LCD_Index2Color_M8888I  STemWin_CM4_OS_wc16_ot_ARGB.a(GUICC_M8888I_Index2Color.o)
    0x08007bd8   0x08007bd8   0x00000040   Code   RO         4316    .text.LCD_InitColors  STemWin_CM4_OS_wc16_ot_ARGB.a(LCD_Color.o)
    0x08007c18   0x08007c18   0x00000080   Code   RO         4320    .text.LCD_InitLUT   STemWin_CM4_OS_wc16_ot_ARGB.a(LCD_Color.o)
    0x08007c98   0x08007c98   0x000001f4   Code   RO         4339    .text.LCD_ReadRectEx  STemWin_CM4_OS_wc16_ot_ARGB.a(LCD_ReadRect.o)
    0x08007e8c   0x08007e8c   0x00000044   Code   RO         4798    .text.LCD_SelectLCD  STemWin_CM4_OS_wc16_ot_ARGB.a(LCD_SelectLCD.o)
    0x08007ed0   0x08007ed0   0x0000000c   Code   RO         4307    .text.LCD_SetBkColor  STemWin_CM4_OS_wc16_ot_ARGB.a(LCD.o)
    0x08007edc   0x08007edc   0x00000018   Code   RO         4306    .text.LCD_SetBkColorIndex  STemWin_CM4_OS_wc16_ot_ARGB.a(LCD.o)
    0x08007ef4   0x08007ef4   0x00000034   Code   RO         4347    .text.LCD_SetClipRectEx  STemWin_CM4_OS_wc16_ot_ARGB.a(LCD_SetClipRectEx.o)
    0x08007f28   0x08007f28   0x0000001c   Code   RO         4301    .text.LCD_SetClipRectMax  STemWin_CM4_OS_wc16_ot_ARGB.a(LCD.o)
    0x08007f44   0x08007f44   0x0000000c   Code   RO         4308    .text.LCD_SetColor  STemWin_CM4_OS_wc16_ot_ARGB.a(LCD.o)
    0x08007f50   0x08007f50   0x00000018   Code   RO         4305    .text.LCD_SetColorIndex  STemWin_CM4_OS_wc16_ot_ARGB.a(LCD.o)
    0x08007f68   0x08007f68   0x0000000c   Code   RO         3767    .text.LCD_SetDisplaySize  STemWin_CM4_OS_wc16_ot_ARGB.a(LCD_GetEx.o)
    0x08007f74   0x08007f74   0x0000000c   Code   RO         4294    .text.LCD_SetDrawMode  STemWin_CM4_OS_wc16_ot_ARGB.a(LCD.o)
    0x08007f80   0x08007f80   0x00000034   Code   RO         3785    .text.LCD_SetLUTEntryEx  STemWin_CM4_OS_wc16_ot_ARGB.a(LCD_Set.o)
    0x08007fb4   0x08007fb4   0x00000034   Code   RO         3786    .text.LCD_SetPosEx  STemWin_CM4_OS_wc16_ot_ARGB.a(LCD_Set.o)
    0x08007fe8   0x08007fe8   0x00000034   Code   RO         3787    .text.LCD_SetSizeEx  STemWin_CM4_OS_wc16_ot_ARGB.a(LCD_Set.o)
    0x0800801c   0x0800801c   0x00000034   Code   RO         3790    .text.LCD_SetVSizeEx  STemWin_CM4_OS_wc16_ot_ARGB.a(LCD_Set.o)
    0x08008050   0x08008050   0x00000024   Code   RO         4802    .text.LCD_UpdateColorIndices  STemWin_CM4_OS_wc16_ot_ARGB.a(LCD_UpdateColorIndices.o)
    0x08008074   0x08008074   0x0000021c   Code   RO         4299    .text.LCD__DrawBitmap_1bpp  STemWin_CM4_OS_wc16_ot_ARGB.a(LCD.o)
    0x08008290   0x08008290   0x00000080   Code   RO         3770    .text.LCD__GetBPP   STemWin_CM4_OS_wc16_ot_ARGB.a(LCD_GetEx.o)
    0x08008310   0x08008310   0x00000064   Code   RO         3771    .text.LCD__GetBPPDevice  STemWin_CM4_OS_wc16_ot_ARGB.a(LCD_GetEx.o)
    0x08008374   0x08008374   0x00000038   Code   RO         4565    .text.WIDGET_AndState  STemWin_CM4_OS_wc16_ot_ARGB.a(WIDGET.o)
    0x080083ac   0x080083ac   0x000001d8   Code   RO         4567    .text.WIDGET_HandleActive  STemWin_CM4_OS_wc16_ot_ARGB.a(WIDGET.o)
    0x08008584   0x08008584   0x00000038   Code   RO         4564    .text.WIDGET_OrState  STemWin_CM4_OS_wc16_ot_ARGB.a(WIDGET.o)
    0x080085bc   0x080085bc   0x00000010   Code   RO         4560    .text.WIDGET__Init  STemWin_CM4_OS_wc16_ot_ARGB.a(WIDGET.o)
    0x080085cc   0x080085cc   0x00000010   Code   RO         3876    .text.WM_Activate   STemWin_CM4_OS_wc16_ot_ARGB.a(WM.o)
    0x080085dc   0x080085dc   0x000000a8   Code   RO         3904    .text.WM_BringToBottom  STemWin_CM4_OS_wc16_ot_ARGB.a(WM_Lib.o)
    0x08008684   0x08008684   0x00000090   Code   RO         4400    .text.WM_BringToTop  STemWin_CM4_OS_wc16_ot_ARGB.a(WM_BringToTop.o)
    0x08008714   0x08008714   0x000001dc   Code   RO         3861    .text.WM_CreateWindowAsChild  STemWin_CM4_OS_wc16_ot_ARGB.a(WM.o)
    0x080088f0   0x080088f0   0x00000020   Code   RO         3877    .text.WM_Deactivate  STemWin_CM4_OS_wc16_ot_ARGB.a(WM.o)
    0x08008910   0x08008910   0x00000060   Code   RO         3878    .text.WM_DefaultProc  STemWin_CM4_OS_wc16_ot_ARGB.a(WM.o)
    0x08008970   0x08008970   0x00000008   Code   RO         3863    .text.WM_DeleteWindow  STemWin_CM4_OS_wc16_ot_ARGB.a(WM.o)
    0x08008978   0x08008978   0x00000238   Code   RO         3851    .text.WM_DeleteWindow.part.3  STemWin_CM4_OS_wc16_ot_ARGB.a(WM.o)
    0x08008bb0   0x08008bb0   0x00000028   Code   RO         4416    .text.WM_DisableMemdev  STemWin_CM4_OS_wc16_ot_ARGB.a(WM_MemDev.o)
    0x08008bd8   0x08008bd8   0x0000029c   Code   RO         3875    .text.WM_Exec       STemWin_CM4_OS_wc16_ot_ARGB.a(WM.o)
    0x08008e74   0x08008e74   0x00000020   Code   RO         3894    .text.WM_ForEachDesc  STemWin_CM4_OS_wc16_ot_ARGB.a(WM_Lib.o)
    0x08008e94   0x08008e94   0x0000000c   Code   RO         3867    .text.WM_GetActiveWindow  STemWin_CM4_OS_wc16_ot_ARGB.a(WM.o)
    0x08008ea0   0x08008ea0   0x00000034   Code   RO         3898    .text.WM_GetClientRect  STemWin_CM4_OS_wc16_ot_ARGB.a(WM_Lib.o)
    0x08008ed4   0x08008ed4   0x0000001c   Code   RO         3899    .text.WM_GetClientWindow  STemWin_CM4_OS_wc16_ot_ARGB.a(WM_Lib.o)
    0x08008ef0   0x08008ef0   0x00000018   Code   RO         3900    .text.WM_GetDesktopWindow  STemWin_CM4_OS_wc16_ot_ARGB.a(WM_Lib.o)
    0x08008f08   0x08008f08   0x00000014   Code   RO         3901    .text.WM_GetDesktopWindowEx  STemWin_CM4_OS_wc16_ot_ARGB.a(WM_Lib.o)
    0x08008f1c   0x08008f1c   0x000000c4   Code   RO         3908    .text.WM_GetDialogItem  STemWin_CM4_OS_wc16_ot_ARGB.a(WM_Lib.o)
    0x08008fe0   0x08008fe0   0x0000001c   Code   RO         3909    .text.WM_GetFirstChild  STemWin_CM4_OS_wc16_ot_ARGB.a(WM_Lib.o)
    0x08008ffc   0x08008ffc   0x00000020   Code   RO         3911    .text.WM_GetFocusedWindow  STemWin_CM4_OS_wc16_ot_ARGB.a(WM_Lib.o)
    0x0800901c   0x0800901c   0x00000020   Code   RO         4891    .text.WM_GetHasTrans  STemWin_CM4_OS_wc16_ot_ARGB.a(WM_SetTrans.o)
    0x0800903c   0x0800903c   0x00000020   Code   RO         3912    .text.WM_GetId      STemWin_CM4_OS_wc16_ot_ARGB.a(WM_Lib.o)
    0x0800905c   0x0800905c   0x0000001c   Code   RO         3917    .text.WM_GetNextSibling  STemWin_CM4_OS_wc16_ot_ARGB.a(WM_Lib.o)
    0x08009078   0x08009078   0x0000001c   Code   RO         3922    .text.WM_GetParent  STemWin_CM4_OS_wc16_ot_ARGB.a(WM_Lib.o)
    0x08009094   0x08009094   0x0000001c   Code   RO         3918    .text.WM_GetWindowOrgX  STemWin_CM4_OS_wc16_ot_ARGB.a(WM_Lib.o)
    0x080090b0   0x080090b0   0x00000028   Code   RO         3929    .text.WM_GetWindowRectEx  STemWin_CM4_OS_wc16_ot_ARGB.a(WM_Lib.o)
    0x080090d8   0x080090d8   0x0000003c   Code   RO         4406    .text.WM_GetWindowSizeX  STemWin_CM4_OS_wc16_ot_ARGB.a(WM_GetWindowSize.o)
    0x08009114   0x08009114   0x0000003c   Code   RO         4407    .text.WM_GetWindowSizeY  STemWin_CM4_OS_wc16_ot_ARGB.a(WM_GetWindowSize.o)
    0x08009150   0x08009150   0x00000534   Code   RO         4465    .text.WM_HandlePID  STemWin_CM4_OS_wc16_ot_ARGB.a(WM_Touch.o)
    0x08009684   0x08009684   0x0000001c   Code   RO         3930    .text.WM_HasCaptured  STemWin_CM4_OS_wc16_ot_ARGB.a(WM_Lib.o)
    0x080096a0   0x080096a0   0x0000001c   Code   RO         3931    .text.WM_HasFocus   STemWin_CM4_OS_wc16_ot_ARGB.a(WM_Lib.o)
    0x080096bc   0x080096bc   0x0000015c   Code   RO         3879    .text.WM_Init       STemWin_CM4_OS_wc16_ot_ARGB.a(WM.o)
    0x08009818   0x08009818   0x000000dc   Code   RO         3849    .text.WM_InvalidateRect.part.2  STemWin_CM4_OS_wc16_ot_ARGB.a(WM.o)
    0x080098f4   0x080098f4   0x000000b8   Code   RO         3860    .text.WM_InvalidateWindow  STemWin_CM4_OS_wc16_ot_ARGB.a(WM.o)
    0x080099ac   0x080099ac   0x000001e4   Code   RO         3960    .text.WM_InvalidateWindowAndDescs  STemWin_CM4_OS_wc16_ot_ARGB.a(WM_Lib.o)
    0x08009b90   0x08009b90   0x00000364   Code   RO         3846    .text.WM_InvalidateWindowAndDescsEx  STemWin_CM4_OS_wc16_ot_ARGB.a(WM.o)
    0x08009ef4   0x08009ef4   0x00000040   Code   RO         3934    .text.WM_IsFocusable  STemWin_CM4_OS_wc16_ot_ARGB.a(WM_Lib.o)
    0x08009f34   0x08009f34   0x00000018   Code   RO         3936    .text.WM_IsWindow   STemWin_CM4_OS_wc16_ot_ARGB.a(WM_Lib.o)
    0x08009f4c   0x08009f4c   0x000000b4   Code   RO         4423    .text.WM_MoveWindow  STemWin_CM4_OS_wc16_ot_ARGB.a(WM_Move.o)
    0x0800a000   0x0800a000   0x00000040   Code   RO         3938    .text.WM_NotifyParent  STemWin_CM4_OS_wc16_ot_ARGB.a(WM_Lib.o)
    0x0800a040   0x0800a040   0x0000004c   Code   RO         3939    .text.WM_OnKey      STemWin_CM4_OS_wc16_ot_ARGB.a(WM_Lib.o)
    0x0800a08c   0x0800a08c   0x0000001c   Code   RO         4878    .text.WM_PID__SetPrevState  STemWin_CM4_OS_wc16_ot_ARGB.a(WM_PID__GetPrevState.o)
    0x0800a0a8   0x0800a0a8   0x00000038   Code   RO         4429    .text.WM_ReleaseCapture  STemWin_CM4_OS_wc16_ot_ARGB.a(WM_SetCapture.o)
    0x0800a0e0   0x0800a0e0   0x00000018   Code   RO         3942    .text.WM_ResizeWindow  STemWin_CM4_OS_wc16_ot_ARGB.a(WM_Lib.o)
    0x0800a0f8   0x0800a0f8   0x00000104   Code   RO         3884    .text.WM_ResizeWindow.part.11  STemWin_CM4_OS_wc16_ot_ARGB.a(WM_Lib.o)
    0x0800a1fc   0x0800a1fc   0x00000098   Code   RO         4884    .text.WM_Screen2hWin  STemWin_CM4_OS_wc16_ot_ARGB.a(WM_Screen2Win.o)
    0x0800a294   0x0800a294   0x00000020   Code   RO         3856    .text.WM_SendMessage  STemWin_CM4_OS_wc16_ot_ARGB.a(WM.o)
    0x0800a2b4   0x0800a2b4   0x0000001c   Code   RO         3943    .text.WM_SendMessageNoPara  STemWin_CM4_OS_wc16_ot_ARGB.a(WM_Lib.o)
    0x0800a2d0   0x0800a2d0   0x00000040   Code   RO         3944    .text.WM_SendToParent  STemWin_CM4_OS_wc16_ot_ARGB.a(WM_Lib.o)
    0x0800a310   0x0800a310   0x00000050   Code   RO         4428    .text.WM_SetCapture  STemWin_CM4_OS_wc16_ot_ARGB.a(WM_SetCapture.o)
    0x0800a360   0x0800a360   0x000000b8   Code   RO         4433    .text.WM_SetCaptureMove  STemWin_CM4_OS_wc16_ot_ARGB.a(WM_SetCaptureMove.o)
    0x0800a418   0x0800a418   0x00000010   Code   RO         3947    .text.WM_SetCreateFlags  STemWin_CM4_OS_wc16_ot_ARGB.a(WM_Lib.o)
    0x0800a428   0x0800a428   0x000000d8   Code   RO         3951    .text.WM_SetFocus   STemWin_CM4_OS_wc16_ot_ARGB.a(WM_Lib.o)
    0x0800a500   0x0800a500   0x00000090   Code   RO         4437    .text.WM_SetFocusOnNextChild  STemWin_CM4_OS_wc16_ot_ARGB.a(WM_SetFocusOnNextChild.o)
    0x0800a590   0x0800a590   0x00000070   Code   RO         4441    .text.WM_SetFocusOnPrevChild  STemWin_CM4_OS_wc16_ot_ARGB.a(WM_SetFocusOnPrevChild.o)
    0x0800a600   0x0800a600   0x00000054   Code   RO         4889    .text.WM_SetHasTrans  STemWin_CM4_OS_wc16_ot_ARGB.a(WM_SetTrans.o)
    0x0800a654   0x0800a654   0x00000064   Code   RO         3955    .text.WM_SetSize    STemWin_CM4_OS_wc16_ot_ARGB.a(WM_Lib.o)
    0x0800a6b8   0x0800a6b8   0x00000020   Code   RO         3956    .text.WM_SetUserClipRect  STemWin_CM4_OS_wc16_ot_ARGB.a(WM_Lib.o)
    0x0800a6d8   0x0800a6d8   0x00000038   Code   RO         3961    .text.WM_ShowWindow  STemWin_CM4_OS_wc16_ot_ARGB.a(WM_Lib.o)
    0x0800a710   0x0800a710   0x00000044   Code   RO         3964    .text.WM_ValidateWindow  STemWin_CM4_OS_wc16_ot_ARGB.a(WM_Lib.o)
    0x0800a754   0x0800a754   0x00000128   Code   RO         3840    .text.WM__ActivateClipRect  STemWin_CM4_OS_wc16_ot_ARGB.a(WM.o)
    0x0800a87c   0x0800a87c   0x00000010   Code   RO         4494    .text.WM__AddCriticalHandle  STemWin_CM4_OS_wc16_ot_ARGB.a(WM__Private.o)
    0x0800a88c   0x0800a88c   0x0000007c   Code   RO         4450    .text.WM__DeleteAssocTimer  STemWin_CM4_OS_wc16_ot_ARGB.a(WM_Timer.o)
    0x0800a908   0x0800a908   0x0000015c   Code   RO         4477    .text.WM__ForEachDesc  STemWin_CM4_OS_wc16_ot_ARGB.a(WM__Private.o)
    0x0800aa64   0x0800aa64   0x00000028   Code   RO         4496    .text.WM__GetClientRectEx  STemWin_CM4_OS_wc16_ot_ARGB.a(WM__Private.o)
    0x0800aa8c   0x0800aa8c   0x0000001c   Code   RO         3858    .text.WM__GetClientRectWin  STemWin_CM4_OS_wc16_ot_ARGB.a(WM.o)
    0x0800aaa8   0x0800aaa8   0x0000004c   Code   RO         4479    .text.WM__GetFocusedChild  STemWin_CM4_OS_wc16_ot_ARGB.a(WM__Private.o)
    0x0800aaf4   0x0800aaf4   0x0000001c   Code   RO         4480    .text.WM__GetLastSibling  STemWin_CM4_OS_wc16_ot_ARGB.a(WM__Private.o)
    0x0800ab10   0x0800ab10   0x0000024c   Code   RO         3868    .text.WM__GetNextIVR  STemWin_CM4_OS_wc16_ot_ARGB.a(WM.o)
    0x0800ad5c   0x0800ad5c   0x00000038   Code   RO         4483    .text.WM__GetPrevSibling  STemWin_CM4_OS_wc16_ot_ARGB.a(WM__Private.o)
    0x0800ad94   0x0800ad94   0x00000034   Code   RO         3864    .text.WM__GetTopLevelLayer  STemWin_CM4_OS_wc16_ot_ARGB.a(WM.o)
    0x0800adc8   0x0800adc8   0x00000010   Code   RO         4404    .text.WM__GetWindowSizeX  STemWin_CM4_OS_wc16_ot_ARGB.a(WM_GetWindowSize.o)
    0x0800add8   0x0800add8   0x00000010   Code   RO         4405    .text.WM__GetWindowSizeY  STemWin_CM4_OS_wc16_ot_ARGB.a(WM_GetWindowSize.o)
    0x0800ade8   0x0800ade8   0x00000198   Code   RO         3869    .text.WM__InitIVRSearch  STemWin_CM4_OS_wc16_ot_ARGB.a(WM.o)
    0x0800af80   0x0800af80   0x000000dc   Code   RO         3841    .text.WM__InsertWindowIntoList  STemWin_CM4_OS_wc16_ot_ARGB.a(WM.o)
    0x0800b05c   0x0800b05c   0x000002a4   Code   RO         3845    .text.WM__InvalidateDrawAndDescs  STemWin_CM4_OS_wc16_ot_ARGB.a(WM.o)
    0x0800b300   0x0800b300   0x000000f0   Code   RO         3853    .text.WM__InvalidateParent  STemWin_CM4_OS_wc16_ot_ARGB.a(WM.o)
    0x0800b3f0   0x0800b3f0   0x000000d0   Code   RO         3847    .text.WM__InvalidateRect  STemWin_CM4_OS_wc16_ot_ARGB.a(WM.o)
    0x0800b4c0   0x0800b4c0   0x000000cc   Code   RO         3854    .text.WM__InvalidateRectEx  STemWin_CM4_OS_wc16_ot_ARGB.a(WM.o)
    0x0800b58c   0x0800b58c   0x00000024   Code   RO         4484    .text.WM__IsAncestor  STemWin_CM4_OS_wc16_ot_ARGB.a(WM__Private.o)
    0x0800b5b0   0x0800b5b0   0x0000002c   Code   RO         4485    .text.WM__IsAncestorOrSelf  STemWin_CM4_OS_wc16_ot_ARGB.a(WM__Private.o)
    0x0800b5dc   0x0800b5dc   0x00000014   Code   RO         4487    .text.WM__IsEnabled  STemWin_CM4_OS_wc16_ot_ARGB.a(WM__Private.o)
    0x0800b5f0   0x0800b5f0   0x00000030   Code   RO         3844    .text.WM__IsWindow  STemWin_CM4_OS_wc16_ot_ARGB.a(WM.o)
    0x0800b620   0x0800b620   0x000000b8   Code   RO         3870    .text.WM__Paint1    STemWin_CM4_OS_wc16_ot_ARGB.a(WM.o)
    0x0800b6d8   0x0800b6d8   0x000000a0   Code   RO         3835    .text.WM__PaintWinAndOverlays  STemWin_CM4_OS_wc16_ot_ARGB.a(WM.o)
    0x0800b778   0x0800b778   0x00000040   Code   RO         4495    .text.WM__RemoveCriticalHandle  STemWin_CM4_OS_wc16_ot_ARGB.a(WM__Private.o)
    0x0800b7b8   0x0800b7b8   0x00000044   Code   RO         3842    .text.WM__RemoveWindowFromList  STemWin_CM4_OS_wc16_ot_ARGB.a(WM.o)
    0x0800b7fc   0x0800b7fc   0x0000003c   Code   RO         4490    .text.WM__SendMessage  STemWin_CM4_OS_wc16_ot_ARGB.a(WM__Private.o)
    0x0800b838   0x0800b838   0x00000048   Code   RO         4491    .text.WM__SendMessageIfEnabled  STemWin_CM4_OS_wc16_ot_ARGB.a(WM__Private.o)
    0x0800b880   0x0800b880   0x00000028   Code   RO         4492    .text.WM__SendMessageNoPara  STemWin_CM4_OS_wc16_ot_ARGB.a(WM__Private.o)
    0x0800b8a8   0x0800b8a8   0x00000018   Code   RO         3857    .text.WM__SendMsgNoData  STemWin_CM4_OS_wc16_ot_ARGB.a(WM.o)
    0x0800b8c0   0x0800b8c0   0x0000007c   Code   RO         4461    .text.WM__SendTouchMessage  STemWin_CM4_OS_wc16_ot_ARGB.a(WM_Touch.o)
    0x0800b93c   0x0800b93c   0x00000100   Code   RO         4493    .text.WM__UpdateChildPositions  STemWin_CM4_OS_wc16_ot_ARGB.a(WM__Private.o)
    0x0800ba3c   0x0800ba3c   0x0000035c   Code   RO         3608    .text._AddFreeMemory  STemWin_CM4_OS_wc16_ot_ARGB.a(GUI_Alloc.o)
    0x0800bd98   0x0800bd98   0x00000374   Code   RO         3611    .text._Alloc        STemWin_CM4_OS_wc16_ot_ARGB.a(GUI_Alloc.o)
    0x0800c10c   0x0800c10c   0x00000004   Code   RO         4236    .text._CalcSizeOfChar  STemWin_CM4_OS_wc16_ot_ARGB.a(GUI_UC_EncodeNone.o)
    0x0800c110   0x0800c110   0x00000058   Code   RO         3601    .text._Color2IndexBulk  STemWin_CM4_OS_wc16_ot_ARGB.a(GUICC_M565.o)
    0x0800c168   0x0800c168   0x00000014   Code   RO         4586    .text._Color2IndexBulk_M8888I  STemWin_CM4_OS_wc16_ot_ARGB.a(GUICC_M8888I.o)
    0x0800c17c   0x0800c17c   0x00000058   Code   RO         4595    .text._Color2Index_0  STemWin_CM4_OS_wc16_ot_ARGB.a(GUICC_0.o)
    0x0800c1d4   0x0800c1d4   0x0000002c   Code   RO         3599    .text._Color2Index_M565  STemWin_CM4_OS_wc16_ot_ARGB.a(GUICC_M565.o)
    0x0800c200   0x0800c200   0x00000004   Code   RO         4584    .text._Color2Index_M8888I  STemWin_CM4_OS_wc16_ot_ARGB.a(GUICC_M8888I.o)
    0x0800c204   0x0800c204   0x00000038   Code   RO         4500    .text._Create       STemWin_CM4_OS_wc16_ot_ARGB.a(BUTTON_Skin.o)
    0x0800c23c   0x0800c23c   0x0000002c   Code   RO         4518    .text._Create       STemWin_CM4_OS_wc16_ot_ARGB.a(CHECKBOX_Skin.o)
    0x0800c268   0x0800c268   0x0000002c   Code   RO         4535    .text._Create       STemWin_CM4_OS_wc16_ot_ARGB.a(FRAMEWIN_Skin.o)
    0x0800c294   0x0800c294   0x000000b4   Code   RO         4977    .text._CreateBuffer.isra.4  STemWin_CM4_OS_wc16_ot_ARGB.a(GUI_SPRITE.o)
    0x0800c348   0x0800c348   0x0000009c   Code   RO         4085    .text._DispLine     STemWin_CM4_OS_wc16_ot_ARGB.a(GUI_CharLine.o)
    0x0800c3e4   0x0800c3e4   0x00000a34   Code   RO         3814    .text._DrawBitmap   STemWin_CM4_OS_wc16_ot_ARGB.a(GUIDEV_16.o)
    0x0800ce18   0x0800ce18   0x000009d4   Code   RO         4815    .text._DrawBitmap   STemWin_CM4_OS_wc16_ot_ARGB.a(GUIDEV_32.o)
    0x0800d7ec   0x0800d7ec   0x0000003c   Code   RO         4904    .text._DrawDown     STemWin_CM4_OS_wc16_ot_ARGB.a(WIDGET_Effect_Simple.o)
    0x0800d828   0x0800d828   0x00000038   Code   RO         4901    .text._DrawDownRect  STemWin_CM4_OS_wc16_ot_ARGB.a(WIDGET_Effect_Simple.o)
    0x0800d860   0x0800d860   0x00000010   Code   RO         3820    .text._DrawHLine    STemWin_CM4_OS_wc16_ot_ARGB.a(GUIDEV_16.o)
    0x0800d870   0x0800d870   0x00000010   Code   RO         4820    .text._DrawHLine    STemWin_CM4_OS_wc16_ot_ARGB.a(GUIDEV_32.o)
    0x0800d880   0x0800d880   0x0000003c   Code   RO         4902    .text._DrawUp       STemWin_CM4_OS_wc16_ot_ARGB.a(WIDGET_Effect_Simple.o)
    0x0800d8bc   0x0800d8bc   0x00000038   Code   RO         4903    .text._DrawUpRect   STemWin_CM4_OS_wc16_ot_ARGB.a(WIDGET_Effect_Simple.o)
    0x0800d8f4   0x0800d8f4   0x000000e4   Code   RO         3821    .text._DrawVLine    STemWin_CM4_OS_wc16_ot_ARGB.a(GUIDEV_16.o)
    0x0800d9d8   0x0800d9d8   0x000000e0   Code   RO         4821    .text._DrawVLine    STemWin_CM4_OS_wc16_ot_ARGB.a(GUIDEV_32.o)
    0x0800dab8   0x0800dab8   0x00000008   Code   RO         4237    .text._Encode       STemWin_CM4_OS_wc16_ot_ARGB.a(GUI_UC_EncodeNone.o)
    0x0800dac0   0x0800dac0   0x000000dc   Code   RO         3610    .text._EnlargeBlocks  STemWin_CM4_OS_wc16_ot_ARGB.a(GUI_Alloc.o)
    0x0800db9c   0x0800db9c   0x00000094   Code   RO         3852    .text._Exec1Input   STemWin_CM4_OS_wc16_ot_ARGB.a(WM.o)
    0x0800dc30   0x0800dc30   0x0000016c   Code   RO         3819    .text._FillRect     STemWin_CM4_OS_wc16_ot_ARGB.a(GUIDEV_16.o)
    0x0800dd9c   0x0800dd9c   0x000000f0   Code   RO         4819    .text._FillRect     STemWin_CM4_OS_wc16_ot_ARGB.a(GUIDEV_32.o)
    0x0800de8c   0x0800de8c   0x000000a8   Code   RO         3829    .text._Findx0       STemWin_CM4_OS_wc16_ot_ARGB.a(WM.o)
    0x0800df34   0x0800df34   0x0000008c   Code   RO         3833    .text._Findx0.constprop.10  STemWin_CM4_OS_wc16_ot_ARGB.a(WM.o)
    0x0800dfc0   0x0800dfc0   0x00000090   Code   RO         3830    .text._Findx1       STemWin_CM4_OS_wc16_ot_ARGB.a(WM.o)
    0x0800e050   0x0800e050   0x000000d0   Code   RO         3828    .text._Findy1       STemWin_CM4_OS_wc16_ot_ARGB.a(WM.o)
    0x0800e120   0x0800e120   0x000000a8   Code   RO         3834    .text._Findy1.constprop.11  STemWin_CM4_OS_wc16_ot_ARGB.a(WM.o)
    0x0800e1c8   0x0800e1c8   0x00000004   Code   RO         4862    .text._GUI_USAGE_BM_Delete  STemWin_CM4_OS_wc16_ot_ARGB.a(GUIDEV_UsageBM.o)
    0x0800e1cc   0x0800e1cc   0x00000058   Code   RO         4534    .text._GetBorderSize  STemWin_CM4_OS_wc16_ot_ARGB.a(FRAMEWIN_Skin.o)
    0x0800e224   0x0800e224   0x00000004   Code   RO         4234    .text._GetCharCode  STemWin_CM4_OS_wc16_ot_ARGB.a(GUI_UC_EncodeNone.o)
    0x0800e228   0x0800e228   0x00000004   Code   RO         4235    .text._GetCharSize  STemWin_CM4_OS_wc16_ot_ARGB.a(GUI_UC_EncodeNone.o)
    0x0800e22c   0x0800e22c   0x00000010   Code   RO         3810    .text._GetDevData   STemWin_CM4_OS_wc16_ot_ARGB.a(GUIDEV_16.o)
    0x0800e23c   0x0800e23c   0x00000010   Code   RO         4810    .text._GetDevData   STemWin_CM4_OS_wc16_ot_ARGB.a(GUIDEV_32.o)
    0x0800e24c   0x0800e24c   0x00000010   Code   RO         3811    .text._GetDevFunc   STemWin_CM4_OS_wc16_ot_ARGB.a(GUIDEV_16.o)
    0x0800e25c   0x0800e25c   0x00000010   Code   RO         4811    .text._GetDevFunc   STemWin_CM4_OS_wc16_ot_ARGB.a(GUIDEV_32.o)
    0x0800e26c   0x0800e26c   0x00000018   Code   RO         3815    .text._GetDevProp   STemWin_CM4_OS_wc16_ot_ARGB.a(GUIDEV_16.o)
    0x0800e284   0x0800e284   0x0000000c   Code   RO         4812    .text._GetDevProp   STemWin_CM4_OS_wc16_ot_ARGB.a(GUIDEV_32.o)
    0x0800e290   0x0800e290   0x00000050   Code   RO         3886    .text._GetDialogItem  STemWin_CM4_OS_wc16_ot_ARGB.a(WM_Lib.o)
    0x0800e2e0   0x0800e2e0   0x000001f4   Code   RO         3885    .text._GetDialogItem.part.4  STemWin_CM4_OS_wc16_ot_ARGB.a(WM_Lib.o)
    0x0800e4d4   0x0800e4d4   0x0000004c   Code   RO         4593    .text._GetIndexMask_0  STemWin_CM4_OS_wc16_ot_ARGB.a(GUICC_0.o)
    0x0800e520   0x0800e520   0x00000008   Code   RO         3600    .text._GetIndexMask_M565  STemWin_CM4_OS_wc16_ot_ARGB.a(GUICC_M565.o)
    0x0800e528   0x0800e528   0x00000008   Code   RO         4585    .text._GetIndexMask_M8888I  STemWin_CM4_OS_wc16_ot_ARGB.a(GUICC_M8888I.o)
    0x0800e530   0x0800e530   0x00000040   Code   RO         3816    .text._GetPixelIndex  STemWin_CM4_OS_wc16_ot_ARGB.a(GUIDEV_16.o)
    0x0800e570   0x0800e570   0x00000040   Code   RO         4816    .text._GetPixelIndex  STemWin_CM4_OS_wc16_ot_ARGB.a(GUIDEV_32.o)
    0x0800e5b0   0x0800e5b0   0x00000038   Code   RO         3813    .text._GetRect      STemWin_CM4_OS_wc16_ot_ARGB.a(GUIDEV_16.o)
    0x0800e5e8   0x0800e5e8   0x00000038   Code   RO         4814    .text._GetRect      STemWin_CM4_OS_wc16_ot_ARGB.a(GUIDEV_32.o)
    0x0800e620   0x0800e620   0x00000070   Code   RO         3602    .text._Index2ColorBulk  STemWin_CM4_OS_wc16_ot_ARGB.a(GUICC_M565.o)
    0x0800e690   0x0800e690   0x00000014   Code   RO         4587    .text._Index2ColorBulk_M8888I  STemWin_CM4_OS_wc16_ot_ARGB.a(GUICC_M8888I.o)
    0x0800e6a4   0x0800e6a4   0x00000020   Code   RO         4594    .text._Index2Color_0  STemWin_CM4_OS_wc16_ot_ARGB.a(GUICC_0.o)
    0x0800e6c4   0x0800e6c4   0x00000080   Code   RO         3654    .text._InitContext  STemWin_CM4_OS_wc16_ot_ARGB.a(GUI_Core.o)
    0x0800e744   0x0800e744   0x000000ec   Code   RO         3837    .text._Invalidate1Abs  STemWin_CM4_OS_wc16_ot_ARGB.a(WM.o)
    0x0800e830   0x0800e830   0x00000004   Code   RO         4084    .text._Log2VisBuffered  STemWin_CM4_OS_wc16_ot_ARGB.a(GUI_CharLine.o)
    0x0800e834   0x0800e834   0x0000024c   Code   RO         4420    .text._MoveDescendents  STemWin_CM4_OS_wc16_ot_ARGB.a(WM_Move.o)
    0x0800ea80   0x0800ea80   0x00000044   Code   RO         3655    .text._OnExit       STemWin_CM4_OS_wc16_ot_ARGB.a(GUI_Core.o)
    0x0800eac4   0x0800eac4   0x00000018   Code   RO         3695    .text._OnExit       STemWin_CM4_OS_wc16_ot_ARGB.a(GUI_PID.o)
    0x0800eadc   0x0800eadc   0x000000a8   Code   RO         3827    .text._OnExit       STemWin_CM4_OS_wc16_ot_ARGB.a(WM.o)
    0x0800eb84   0x0800eb84   0x00000014   Code   RO         4212    .text._OnExit       STemWin_CM4_OS_wc16_ot_ARGB.a(GUI_Task.o)
    0x0800eb98   0x0800eb98   0x0000001c   Code   RO         4314    .text._OnExit       STemWin_CM4_OS_wc16_ot_ARGB.a(LCD_Color.o)
    0x0800ebb4   0x0800ebb4   0x00000028   Code   RO         4757    .text._OnExit       STemWin_CM4_OS_wc16_ot_ARGB.a(GUI__Alpha.o)
    0x0800ebdc   0x0800ebdc   0x000000bc   Code   RO         3969    .text._OnTouchDefault  STemWin_CM4_OS_wc16_ot_ARGB.a(BUTTON.o)
    0x0800ec98   0x0800ec98   0x00000088   Code   RO         4501    .text._Paint        STemWin_CM4_OS_wc16_ot_ARGB.a(BUTTON_Skin.o)
    0x0800ed20   0x0800ed20   0x000000a4   Code   RO         4519    .text._Paint        STemWin_CM4_OS_wc16_ot_ARGB.a(CHECKBOX_Skin.o)
    0x0800edc4   0x0800edc4   0x00000194   Code   RO         4536    .text._Paint        STemWin_CM4_OS_wc16_ot_ARGB.a(FRAMEWIN_Skin.o)
    0x0800ef58   0x0800ef58   0x000000bc   Code   RO         3831    .text._Paint1Trans  STemWin_CM4_OS_wc16_ot_ARGB.a(WM.o)
    0x0800f014   0x0800f014   0x000000d8   Code   RO         3832    .text._PaintTransChildren  STemWin_CM4_OS_wc16_ot_ARGB.a(WM.o)
    0x0800f0ec   0x0800f0ec   0x0000008c   Code   RO         4979    .text._ReleaseBuffer.isra.7  STemWin_CM4_OS_wc16_ot_ARGB.a(GUI_SPRITE.o)
    0x0800f178   0x0800f178   0x000001b0   Code   RO         3609    .text._RemoveHoles  STemWin_CM4_OS_wc16_ot_ARGB.a(GUI_Alloc.o)
    0x0800f328   0x0800f328   0x00000470   Code   RO         4882    .text._Screen2hWin  STemWin_CM4_OS_wc16_ot_ARGB.a(WM_Screen2Win.o)
    0x0800f798   0x0800f798   0x00000038   Code   RO         4291    .text._SetBkColor   STemWin_CM4_OS_wc16_ot_ARGB.a(LCD.o)
    0x0800f7d0   0x0800f7d0   0x000000c8   Code   RO         4978    .text._SetBkIndexBuffered  STemWin_CM4_OS_wc16_ot_ARGB.a(GUI_SPRITE.o)
    0x0800f898   0x0800f898   0x00000038   Code   RO         4292    .text._SetColor     STemWin_CM4_OS_wc16_ot_ARGB.a(LCD.o)
    0x0800f8d0   0x0800f8d0   0x00000030   Code   RO         4293    .text._SetDrawMode  STemWin_CM4_OS_wc16_ot_ARGB.a(LCD.o)
    0x0800f900   0x0800f900   0x0000000c   Code   RO         3812    .text._SetOrg       STemWin_CM4_OS_wc16_ot_ARGB.a(GUIDEV_16.o)
    0x0800f90c   0x0800f90c   0x00000008   Code   RO         4813    .text._SetOrg       STemWin_CM4_OS_wc16_ot_ARGB.a(GUIDEV_32.o)
    0x0800f914   0x0800f914   0x00000078   Code   RO         3817    .text._SetPixelIndex  STemWin_CM4_OS_wc16_ot_ARGB.a(GUIDEV_16.o)
    0x0800f98c   0x0800f98c   0x00000078   Code   RO         4817    .text._SetPixelIndex  STemWin_CM4_OS_wc16_ot_ARGB.a(GUIDEV_32.o)
    0x0800fa04   0x0800fa04   0x00000188   Code   RO         5059    .text._WriteToActiveAlpha  STemWin_CM4_OS_wc16_ot_ARGB.a(GUIDEV_WriteToActiveAlpha.o)
    0x0800fb8c   0x0800fb8c   0x00000084   Code   RO         3818    .text._XorPixel     STemWin_CM4_OS_wc16_ot_ARGB.a(GUIDEV_16.o)
    0x0800fc10   0x0800fc10   0x00000084   Code   RO         4818    .text._XorPixel     STemWin_CM4_OS_wc16_ot_ARGB.a(GUIDEV_32.o)
    0x0800fc94   0x0800fc94   0x000000b0   Code   RO         3850    .text._cbBackWin    STemWin_CM4_OS_wc16_ot_ARGB.a(WM.o)
    0x0800fd44   0x0800fd44   0x00000004   Code   RO         4399    .text._cbInvalidateOne  STemWin_CM4_OS_wc16_ot_ARGB.a(WM_BringToTop.o)
    0x0800fd48   0x0800fd48   0x00000070   Code   RO         3836    .text._cbPaintMemDev  STemWin_CM4_OS_wc16_ot_ARGB.a(WM.o)
    0x0800fdb8   0x0800fdb8   0x00000110   Code   RO         4302    .text.emWin_LCD_Init  STemWin_CM4_OS_wc16_ot_ARGB.a(LCD.o)
    0x0800fec8   0x0800fec8   0x00000074   Code   RO         1163    i.AppTaskCreate     main.o
    0x0800ff3c   0x0800ff3c   0x00000002   Code   RO         1418    i.BusFault_Handler  stm32f4xx_it.o
    0x0800ff3e   0x0800ff3e   0x00000002   PAD
    0x0800ff40   0x0800ff40   0x000000e8   Code   RO         1748    i.CmdResp1Error     bsp_sdio_sd.o
    0x08010028   0x08010028   0x00000034   Code   RO         1749    i.CmdResp2Error     bsp_sdio_sd.o
    0x0801005c   0x0801005c   0x00000070   Code   RO         1750    i.CmdResp6Error     bsp_sdio_sd.o
    0x080100cc   0x080100cc   0x00000024   Code   RO         3120    i.CreateFramewin    maintask.o
    0x080100f0   0x080100f0   0x00000004   Code   RO         1751    i.DMA2_Stream3_IRQHandler  bsp_sdio_sd.o
    0x080100f4   0x080100f4   0x0000002c   Code   RO         1031    i.DMA_ClearFlag     stm32f4xx_dma.o
    0x08010120   0x08010120   0x00000014   Code   RO         1033    i.DMA_Cmd           stm32f4xx_dma.o
    0x08010134   0x08010134   0x00000124   Code   RO         1034    i.DMA_DeInit        stm32f4xx_dma.o
    0x08010258   0x08010258   0x00000014   Code   RO         1037    i.DMA_FlowControllerConfig  stm32f4xx_dma.o
    0x0801026c   0x0801026c   0x0000002c   Code   RO         1044    i.DMA_ITConfig      stm32f4xx_dma.o
    0x08010298   0x08010298   0x00000054   Code   RO         1045    i.DMA_Init          stm32f4xx_dma.o
    0x080102ec   0x080102ec   0x00000002   Code   RO         1419    i.DebugMon_Handler  stm32f4xx_it.o
    0x080102ee   0x080102ee   0x00000002   PAD
    0x080102f0   0x080102f0   0x00000134   Code   RO         1752    i.FindSCR           bsp_sdio_sd.o
    0x08010424   0x08010424   0x000000a2   Code   RO          226    i.GPIO_Init         stm32f4xx_gpio.o
    0x080104c6   0x080104c6   0x00000020   Code   RO          227    i.GPIO_PinAFConfig  stm32f4xx_gpio.o
    0x080104e6   0x080104e6   0x00000002   PAD
    0x080104e8   0x080104e8   0x00000040   Code   RO         1629    i.GUI_TOUCH_Scan    touch.o
    0x08010528   0x08010528   0x00000020   Code   RO         1164    i.GUI_Task          main.o
    0x08010548   0x08010548   0x00000010   Code   RO         2803    i.GUI_X_Config      guiconf.o
    0x08010558   0x08010558   0x00000004   Code   RO         2854    i.GUI_X_Delay       gui_x_freertos.o
    0x0801055c   0x0801055c   0x00000004   Code   RO         2857    i.GUI_X_GetTaskId   gui_x_freertos.o
    0x08010560   0x08010560   0x00000004   Code   RO         2858    i.GUI_X_GetTime     gui_x_freertos.o
    0x08010564   0x08010564   0x00000002   Code   RO         2859    i.GUI_X_Init        gui_x_freertos.o
    0x08010566   0x08010566   0x00000002   PAD
    0x08010568   0x08010568   0x00000080   Code   RO         2860    i.GUI_X_InitOS      gui_x_freertos.o
    0x080105e8   0x080105e8   0x00000020   Code   RO         2861    i.GUI_X_Lock        gui_x_freertos.o
    0x08010608   0x08010608   0x00000014   Code   RO         2864    i.GUI_X_Unlock      gui_x_freertos.o
    0x0801061c   0x0801061c   0x00000002   Code   RO         1420    i.HardFault_Handler  stm32f4xx_it.o
    0x0801061e   0x0801061e   0x00000002   PAD
    0x08010620   0x08010620   0x00000038   Code   RO         1482    i.LCD_DrawPoint     lcd_driver.o
    0x08010658   0x08010658   0x0000005c   Code   RO         1484    i.LCD_Fill          lcd_driver.o
    0x080106b4   0x080106b4   0x00000248   Code   RO         1486    i.LCD_Init          lcd_driver.o
    0x080108fc   0x080108fc   0x00000024   Code   RO         1487    i.LCD_RESET         lcd_driver.o
    0x08010920   0x08010920   0x00000038   Code   RO         1488    i.LCD_SetCursor     lcd_driver.o
    0x08010958   0x08010958   0x00000028   Code   RO         1489    i.LCD_SetParam      lcd_driver.o
    0x08010980   0x08010980   0x0000005c   Code   RO         1490    i.LCD_SetWindows    lcd_driver.o
    0x080109dc   0x080109dc   0x00000028   Code   RO         1491    i.LCD_WR_DATA       lcd_driver.o
    0x08010a04   0x08010a04   0x00000028   Code   RO         1492    i.LCD_WR_REG        lcd_driver.o
    0x08010a2c   0x08010a2c   0x0000000c   Code   RO         1493    i.LCD_WriteRAM_Prepare  lcd_driver.o
    0x08010a38   0x08010a38   0x00000012   Code   RO         1494    i.LCD_WriteReg      lcd_driver.o
    0x08010a4a   0x08010a4a   0x00000002   PAD
    0x08010a4c   0x08010a4c   0x00000034   Code   RO         2820    i.LCD_X_Config      lcdconf_flexcolor.o
    0x08010a80   0x08010a80   0x00000016   Code   RO         2821    i.LCD_X_DisplayDriver  lcdconf_flexcolor.o
    0x08010a96   0x08010a96   0x0000000c   Code   RO         3121    i.MainTask          maintask.o
    0x08010aa2   0x08010aa2   0x00000002   Code   RO         1421    i.MemManage_Handler  stm32f4xx_it.o
    0x08010aa4   0x08010aa4   0x00000002   Code   RO         1422    i.NMI_Handler       stm32f4xx_it.o
    0x08010aa6   0x08010aa6   0x00000002   PAD
    0x08010aa8   0x08010aa8   0x00000064   Code   RO          119    i.NVIC_Init         misc.o
    0x08010b0c   0x08010b0c   0x00000014   Code   RO          120    i.NVIC_PriorityGroupConfig  misc.o
    0x08010b20   0x08010b20   0x00000018   Code   RO          327    i.RCC_AHB1PeriphClockCmd  stm32f4xx_rcc.o
    0x08010b38   0x08010b38   0x00000018   Code   RO          336    i.RCC_APB1PeriphClockCmd  stm32f4xx_rcc.o
    0x08010b50   0x08010b50   0x00000018   Code   RO          339    i.RCC_APB2PeriphClockCmd  stm32f4xx_rcc.o
    0x08010b68   0x08010b68   0x00000018   Code   RO          341    i.RCC_APB2PeriphResetCmd  stm32f4xx_rcc.o
    0x08010b80   0x08010b80   0x000000c0   Code   RO         1754    i.SDEnWideBus       bsp_sdio_sd.o
    0x08010c40   0x08010c40   0x0000000c   Code   RO          834    i.SDIO_ClearFlag    stm32f4xx_sdio.o
    0x08010c4c   0x08010c4c   0x0000000c   Code   RO          835    i.SDIO_ClearITPendingBit  stm32f4xx_sdio.o
    0x08010c58   0x08010c58   0x0000000c   Code   RO          836    i.SDIO_ClockCmd     stm32f4xx_sdio.o
    0x08010c64   0x08010c64   0x0000000c   Code   RO          839    i.SDIO_DMACmd       stm32f4xx_sdio.o
    0x08010c70   0x08010c70   0x00000030   Code   RO          840    i.SDIO_DataConfig   stm32f4xx_sdio.o
    0x08010ca0   0x08010ca0   0x00000018   Code   RO          842    i.SDIO_DeInit       stm32f4xx_sdio.o
    0x08010cb8   0x08010cb8   0x0000000c   Code   RO          843    i.SDIO_GetCommandResponse  stm32f4xx_sdio.o
    0x08010cc4   0x08010cc4   0x00000014   Code   RO          846    i.SDIO_GetFlagStatus  stm32f4xx_sdio.o
    0x08010cd8   0x08010cd8   0x00000014   Code   RO          847    i.SDIO_GetITStatus  stm32f4xx_sdio.o
    0x08010cec   0x08010cec   0x00000010   Code   RO          848    i.SDIO_GetPowerState  stm32f4xx_sdio.o
    0x08010cfc   0x08010cfc   0x00000010   Code   RO          849    i.SDIO_GetResponse  stm32f4xx_sdio.o
    0x08010d0c   0x08010d0c   0x00000004   Code   RO         1755    i.SDIO_IRQHandler   bsp_sdio_sd.o
    0x08010d10   0x08010d10   0x00000018   Code   RO          850    i.SDIO_ITConfig     stm32f4xx_sdio.o
    0x08010d28   0x08010d28   0x0000002c   Code   RO          851    i.SDIO_Init         stm32f4xx_sdio.o
    0x08010d54   0x08010d54   0x0000000c   Code   RO          852    i.SDIO_ReadData     stm32f4xx_sdio.o
    0x08010d60   0x08010d60   0x00000028   Code   RO          854    i.SDIO_SendCommand  stm32f4xx_sdio.o
    0x08010d88   0x08010d88   0x0000000c   Code   RO          856    i.SDIO_SetPowerState  stm32f4xx_sdio.o
    0x08010d94   0x08010d94   0x00000074   Code   RO         1758    i.SD_EnableWideBusOperation  bsp_sdio_sd.o
    0x08010e08   0x08010e08   0x00000270   Code   RO         1760    i.SD_GetCardInfo    bsp_sdio_sd.o
    0x08011078   0x08011078   0x00000028   Code   RO         1762    i.SD_GetState       bsp_sdio_sd.o
    0x080110a0   0x080110a0   0x0000001a   Code   RO         1763    i.SD_GetStatus      bsp_sdio_sd.o
    0x080110ba   0x080110ba   0x00000002   PAD
    0x080110bc   0x080110bc   0x000000b4   Code   RO         1766    i.SD_Init           bsp_sdio_sd.o
    0x08011170   0x08011170   0x000000fc   Code   RO         1767    i.SD_InitializeCards  bsp_sdio_sd.o
    0x0801126c   0x0801126c   0x00000088   Code   RO         1768    i.SD_LowLevel_DMA_RxConfig  bsp_sdio_sd.o
    0x080112f4   0x080112f4   0x0000008c   Code   RO         1769    i.SD_LowLevel_DMA_TxConfig  bsp_sdio_sd.o
    0x08011380   0x08011380   0x000000a4   Code   RO         1771    i.SD_LowLevel_Init  bsp_sdio_sd.o
    0x08011424   0x08011424   0x000001e4   Code   RO         1773    i.SD_PowerON        bsp_sdio_sd.o
    0x08011608   0x08011608   0x00000028   Code   RO         1774    i.SD_ProcessDMAIRQ  bsp_sdio_sd.o
    0x08011630   0x08011630   0x00000090   Code   RO         1775    i.SD_ProcessIRQSrc  bsp_sdio_sd.o
    0x080116c0   0x080116c0   0x000000c8   Code   RO         1777    i.SD_ReadMultiBlocks  bsp_sdio_sd.o
    0x08011788   0x08011788   0x0000002c   Code   RO         1778    i.SD_SelectDeselect  bsp_sdio_sd.o
    0x080117b4   0x080117b4   0x00000048   Code   RO         1780    i.SD_SendStatus     bsp_sdio_sd.o
    0x080117fc   0x080117fc   0x00000028   Code   RO         1781    i.SD_StopTransfer   bsp_sdio_sd.o
    0x08011824   0x08011824   0x00000068   Code   RO         1782    i.SD_WaitReadOperation  bsp_sdio_sd.o
    0x0801188c   0x0801188c   0x00000068   Code   RO         1783    i.SD_WaitWriteOperation  bsp_sdio_sd.o
    0x080118f4   0x080118f4   0x00000110   Code   RO         1785    i.SD_WriteMultiBlocks  bsp_sdio_sd.o
    0x08011a04   0x08011a04   0x000000d4   Code   RO         1495    i.SPI2_Init         lcd_driver.o
    0x08011ad8   0x08011ad8   0x00000014   Code   RO          671    i.SPI_Cmd           stm32f4xx_spi.o
    0x08011aec   0x08011aec   0x00000038   Code   RO          684    i.SPI_Init          stm32f4xx_spi.o
    0x08011b24   0x08011b24   0x00000014   Code   RO         1497    i.SPI_WriteByte     lcd_driver.o
    0x08011b38   0x08011b38   0x000000b4   Code   RO           13    i.SetSysClock       system_stm32f4xx.o
    0x08011bec   0x08011bec   0x00000014   Code   RO         1423    i.SysTick_Handler   stm32f4xx_it.o
    0x08011c00   0x08011c00   0x0000005c   Code   RO           15    i.SystemInit        system_stm32f4xx.o
    0x08011c5c   0x08011c5c   0x00000002   Code   RO         1631    i.TP_Adjust         touch.o
    0x08011c5e   0x08011c5e   0x00000002   PAD
    0x08011c60   0x08011c60   0x00000058   Code   RO         1635    i.TP_Init           touch.o
    0x08011cb8   0x08011cb8   0x00000080   Code   RO         1636    i.TP_Read_AD        touch.o
    0x08011d38   0x08011d38   0x00000064   Code   RO         1637    i.TP_Read_XOY       touch.o
    0x08011d9c   0x08011d9c   0x00000024   Code   RO         1638    i.TP_Read_XY        touch.o
    0x08011dc0   0x08011dc0   0x0000007a   Code   RO         1639    i.TP_Read_XY2       touch.o
    0x08011e3a   0x08011e3a   0x00000002   PAD
    0x08011e3c   0x08011e3c   0x000000b4   Code   RO         1641    i.TP_Scan           touch.o
    0x08011ef0   0x08011ef0   0x00000038   Code   RO         1642    i.TP_Write_Byte     touch.o
    0x08011f28   0x08011f28   0x00000020   Code   RO         1165    i.Touch_Task        main.o
    0x08011f48   0x08011f48   0x00000002   Code   RO         1424    i.UsageFault_Handler  stm32f4xx_it.o
    0x08011f4a   0x08011f4a   0x00000002   PAD
    0x08011f4c   0x08011f4c   0x000000c0   Code   RO         2952    i._DrawBitLine1BPP  guidrv_template.o
    0x0801200c   0x0801200c   0x00000114   Code   RO         2953    i._DrawBitLine2BPP  guidrv_template.o
    0x08012120   0x08012120   0x00000114   Code   RO         2954    i._DrawBitLine4BPP  guidrv_template.o
    0x08012234   0x08012234   0x0000009c   Code   RO         2955    i._DrawBitLine8BPP  guidrv_template.o
    0x080122d0   0x080122d0   0x00000148   Code   RO         2956    i._DrawBitmap       guidrv_template.o
    0x08012418   0x08012418   0x0000000a   Code   RO         2957    i._DrawHLine        guidrv_template.o
    0x08012422   0x08012422   0x0000000c   Code   RO         2958    i._DrawVLine        guidrv_template.o
    0x0801242e   0x0801242e   0x00000002   PAD
    0x08012430   0x08012430   0x00000054   Code   RO         2959    i._FillRect         guidrv_template.o
    0x08012484   0x08012484   0x00000010   Code   RO         2960    i._GetDevData       guidrv_template.o
    0x08012494   0x08012494   0x00000050   Code   RO         2961    i._GetDevFunc       guidrv_template.o
    0x080124e4   0x080124e4   0x0000003c   Code   RO         2962    i._GetDevProp       guidrv_template.o
    0x08012520   0x08012520   0x00000004   Code   RO         2963    i._GetPixelIndex    guidrv_template.o
    0x08012524   0x08012524   0x00000016   Code   RO         2964    i._GetRect          guidrv_template.o
    0x0801253a   0x0801253a   0x00000018   Code   RO         2965    i._Init             guidrv_template.o
    0x08012552   0x08012552   0x0000002a   Code   RO         2966    i._InitOnce         guidrv_template.o
    0x0801257c   0x0801257c   0x0000000a   Code   RO         2967    i._Off              guidrv_template.o
    0x08012586   0x08012586   0x0000000a   Code   RO         2968    i._On               guidrv_template.o
    0x08012590   0x08012590   0x00000018   Code   RO         2969    i._SetLUTEntry      guidrv_template.o
    0x080125a8   0x080125a8   0x00000012   Code   RO         2970    i._SetOrg           guidrv_template.o
    0x080125ba   0x080125ba   0x00000012   Code   RO         2971    i._SetPixelIndex    guidrv_template.o
    0x080125cc   0x080125cc   0x00000036   Code   RO         2972    i._SetSize          guidrv_template.o
    0x08012602   0x08012602   0x00000026   Code   RO         2973    i._SetVRAMAddr      guidrv_template.o
    0x08012628   0x08012628   0x0000001a   Code   RO         2974    i._SetVSize         guidrv_template.o
    0x08012642   0x08012642   0x0000001e   Code   RO         2975    i._XorPixel         guidrv_template.o
    0x08012660   0x08012660   0x00000020   Code   RO         5258    i.__0printf$6       mc_w.l(printf6.o)
    0x08012680   0x08012680   0x0000000e   Code   RO         5466    i.__scatterload_copy  mc_w.l(handlers.o)
    0x0801268e   0x0801268e   0x00000002   Code   RO         5467    i.__scatterload_null  mc_w.l(handlers.o)
    0x08012690   0x08012690   0x0000000e   Code   RO         5468    i.__scatterload_zeroinit  mc_w.l(handlers.o)
    0x0801269e   0x0801269e   0x00000002   PAD
    0x080126a0   0x080126a0   0x0000003c   Code   RO         3122    i._cbDialog         maintask.o
    0x080126dc   0x080126dc   0x000002f0   Code   RO         5265    i._printf_core      mc_w.l(printf6.o)
    0x080129cc   0x080129cc   0x00000024   Code   RO         5266    i._printf_post_padding  mc_w.l(printf6.o)
    0x080129f0   0x080129f0   0x0000002e   Code   RO         5267    i._printf_pre_padding  mc_w.l(printf6.o)
    0x08012a1e   0x08012a1e   0x00000002   PAD
    0x08012a20   0x08012a20   0x00000074   Code   RO         3304    i.check_fs          ff.o
    0x08012a94   0x08012a94   0x00000010   Code   RO         1499    i.delay_ms          lcd_driver.o
    0x08012aa4   0x08012aa4   0x00000012   Code   RO         3246    i.disk_initialize   diskio.o
    0x08012ab6   0x08012ab6   0x00000002   PAD
    0x08012ab8   0x08012ab8   0x0000003c   Code   RO         3247    i.disk_ioctl        diskio.o
    0x08012af4   0x08012af4   0x0000007a   Code   RO         3248    i.disk_read         diskio.o
    0x08012b6e   0x08012b6e   0x0000000c   Code   RO         3249    i.disk_status       diskio.o
    0x08012b7a   0x08012b7a   0x00000076   Code   RO         3250    i.disk_write        diskio.o
    0x08012bf0   0x08012bf0   0x0000004c   Code   RO         3323    i.f_mount           ff.o
    0x08012c3c   0x08012c3c   0x000002dc   Code   RO         3335    i.find_volume       ff.o
    0x08012f18   0x08012f18   0x00000012   Code   RO         5384    i.fputc             mc_w.l(fputc.o)
    0x08012f2a   0x08012f2a   0x0000003c   Code   RO         3340    i.get_ldnumber      ff.o
    0x08012f66   0x08012f66   0x00000002   PAD
    0x08012f68   0x08012f68   0x00000074   Code   RO         1166    i.main              main.o
    0x08012fdc   0x08012fdc   0x00000032   Code   RO         3344    i.move_window       ff.o
    0x0801300e   0x0801300e   0x00000002   PAD
    0x08013010   0x08013010   0x00000070   Code   RO         2323    i.prvAddCurrentTaskToDelayedList  tasks.o
    0x08013080   0x08013080   0x000000d0   Code   RO         2324    i.prvAddNewTaskToReadyList  tasks.o
    0x08013150   0x08013150   0x00000050   Code   RO         2325    i.prvCheckTasksWaitingTermination  tasks.o
    0x080131a0   0x080131a0   0x00000026   Code   RO         2164    i.prvCopyDataFromQueue  queue.o
    0x080131c6   0x080131c6   0x0000006c   Code   RO         2165    i.prvCopyDataToQueue  queue.o
    0x08013232   0x08013232   0x00000014   Code   RO         2326    i.prvDeleteTCB      tasks.o
    0x08013246   0x08013246   0x00000002   PAD
    0x08013248   0x08013248   0x0000004c   Code   RO         2656    i.prvHeapInit       heap_4.o
    0x08013294   0x08013294   0x00000028   Code   RO         2327    i.prvIdleTask       tasks.o
    0x080132bc   0x080132bc   0x000000bc   Code   RO         2328    i.prvInitialiseNewTask  tasks.o
    0x08013378   0x08013378   0x0000004c   Code   RO         2657    i.prvInsertBlockIntoFreeList  heap_4.o
    0x080133c4   0x080133c4   0x0000001c   Code   RO         2166    i.prvIsQueueEmpty   queue.o
    0x080133e0   0x080133e0   0x00000020   Code   RO         2329    i.prvResetNextTaskUnblockTime  tasks.o
    0x08013400   0x08013400   0x00000064   Code   RO         2718    i.prvTaskExitError  port.o
    0x08013464   0x08013464   0x0000006a   Code   RO         2167    i.prvUnlockQueue    queue.o
    0x080134ce   0x080134ce   0x00000002   PAD
    0x080134d0   0x080134d0   0x00000114   Code   RO         2658    i.pvPortMalloc      heap_4.o
    0x080135e4   0x080135e4   0x00000018   Code   RO         2331    i.pvTaskIncrementMutexHeldCount  tasks.o
    0x080135fc   0x080135fc   0x0000002c   Code   RO         2719    i.pxPortInitialiseStack  port.o
    0x08013628   0x08013628   0x00000052   Code   RO         3350    i.sync_window       ff.o
    0x0801367a   0x0801367a   0x00000024   Code   RO         2115    i.uxListRemove      list.o
    0x0801369e   0x0801369e   0x00000016   Code   RO         2116    i.vListInitialise   list.o
    0x080136b4   0x080136b4   0x00000006   Code   RO         2117    i.vListInitialiseItem  list.o
    0x080136ba   0x080136ba   0x00000030   Code   RO         2118    i.vListInsert       list.o
    0x080136ea   0x080136ea   0x00000018   Code   RO         2119    i.vListInsertEnd    list.o
    0x08013702   0x08013702   0x00000002   PAD
    0x08013704   0x08013704   0x00000078   Code   RO         2721    i.vPortEnterCritical  port.o
    0x0801377c   0x0801377c   0x00000064   Code   RO         2722    i.vPortExitCritical  port.o
    0x080137e0   0x080137e0   0x0000009c   Code   RO         2659    i.vPortFree         heap_4.o
    0x0801387c   0x0801387c   0x00000020   Code   RO         2723    i.vPortSetupTimerInterrupt  port.o
    0x0801389c   0x0801389c   0x00000074   Code   RO         2337    i.vTaskDelay        tasks.o
    0x08013910   0x08013910   0x000000d4   Code   RO         2339    i.vTaskDelete       tasks.o
    0x080139e4   0x080139e4   0x0000000c   Code   RO         2341    i.vTaskMissedYield  tasks.o
    0x080139f0   0x080139f0   0x0000005c   Code   RO         2343    i.vTaskPlaceOnEventList  tasks.o
    0x08013a4c   0x08013a4c   0x00000084   Code   RO         2345    i.vTaskPriorityInherit  tasks.o
    0x08013ad0   0x08013ad0   0x00000050   Code   RO         2348    i.vTaskSetTimeOutState  tasks.o
    0x08013b20   0x08013b20   0x00000094   Code   RO         2349    i.vTaskStartScheduler  tasks.o
    0x08013bb4   0x08013bb4   0x00000010   Code   RO         2351    i.vTaskSuspendAll   tasks.o
    0x08013bc4   0x08013bc4   0x00000084   Code   RO         2352    i.vTaskSwitchContext  tasks.o
    0x08013c48   0x08013c48   0x00000110   Code   RO         2725    i.xPortStartScheduler  port.o
    0x08013d58   0x08013d58   0x0000002c   Code   RO         2726    i.xPortSysTickHandler  port.o
    0x08013d84   0x08013d84   0x00000024   Code   RO         2175    i.xQueueCreateMutex  queue.o
    0x08013da8   0x08013da8   0x00000070   Code   RO         2176    i.xQueueGenericCreate  queue.o
    0x08013e18   0x08013e18   0x0000018c   Code   RO         2177    i.xQueueGenericReceive  queue.o
    0x08013fa4   0x08013fa4   0x000000b0   Code   RO         2178    i.xQueueGenericReset  queue.o
    0x08014054   0x08014054   0x0000017c   Code   RO         2179    i.xQueueGenericSend  queue.o
    0x080141d0   0x080141d0   0x00000090   Code   RO         2353    i.xTaskCheckForTimeOut  tasks.o
    0x08014260   0x08014260   0x00000056   Code   RO         2354    i.xTaskCreate       tasks.o
    0x080142b6   0x080142b6   0x00000002   PAD
    0x080142b8   0x080142b8   0x0000000c   Code   RO         2357    i.xTaskGetCurrentTaskHandle  tasks.o
    0x080142c4   0x080142c4   0x0000001c   Code   RO         2358    i.xTaskGetSchedulerState  tasks.o
    0x080142e0   0x080142e0   0x0000000c   Code   RO         2359    i.xTaskGetTickCount  tasks.o
    0x080142ec   0x080142ec   0x000000f0   Code   RO         2361    i.xTaskIncrementTick  tasks.o
    0x080143dc   0x080143dc   0x000000bc   Code   RO         2364    i.xTaskPriorityDisinherit  tasks.o
    0x08014498   0x08014498   0x000000a0   Code   RO         2365    i.xTaskRemoveFromEventList  tasks.o
    0x08014538   0x08014538   0x000000f0   Code   RO         2367    i.xTaskResumeAll    tasks.o
    0x08014628   0x08014628   0x00000034   Data   RO         2976    .constdata          guidrv_template.o
    0x0801465c   0x0801465c   0x00000054   Data   RO         3123    .constdata          maintask.o
    0x080146b0   0x080146b0   0x0000001d   Data   RO         3124    .conststring        maintask.o
    0x080146cd   0x080146cd   0x00000003   PAD
    0x080146d0   0x080146d0   0x00000018   Data   RO         3604    .rodata             STemWin_CM4_OS_wc16_ot_ARGB.a(GUICC_M565.o)
    0x080146e8   0x080146e8   0x00000017   Data   RO         3679    .rodata             STemWin_CM4_OS_wc16_ot_ARGB.a(GUI_Core.o)
    0x080146ff   0x080146ff   0x00000001   PAD
    0x08014700   0x08014700   0x00000074   Data   RO         3823    .rodata             STemWin_CM4_OS_wc16_ot_ARGB.a(GUIDEV_16.o)
    0x08014774   0x08014774   0x00000010   Data   RO         4239    .rodata             STemWin_CM4_OS_wc16_ot_ARGB.a(GUI_UC_EncodeNone.o)
    0x08014784   0x08014784   0x00000370   Data   RO         4251    .rodata             STemWin_CM4_OS_wc16_ot_ARGB.a(GUI__DivTbl.o)
    0x08014af4   0x08014af4   0x0000000c   Data   RO         4310    .rodata             STemWin_CM4_OS_wc16_ot_ARGB.a(LCD.o)
    0x08014b00   0x08014b00   0x00000100   Data   RO         4335    .rodata             STemWin_CM4_OS_wc16_ot_ARGB.a(LCD_Mirror.o)
    0x08014c00   0x08014c00   0x00000981   Data   RO         4351    .rodata             STemWin_CM4_OS_wc16_ot_ARGB.a(F13_1.o)
    0x08015581   0x08015581   0x00000003   PAD
    0x08015584   0x08015584   0x0000073c   Data   RO         4355    .rodata             STemWin_CM4_OS_wc16_ot_ARGB.a(F6x8.o)
    0x08015cc0   0x08015cc0   0x00000010   Data   RO         4510    .rodata             STemWin_CM4_OS_wc16_ot_ARGB.a(BUTTON_SkinFlex.o)
    0x08015cd0   0x08015cd0   0x00000068   Data   RO         4514    .rodata             STemWin_CM4_OS_wc16_ot_ARGB.a(CHECKBOX_Image.o)
    0x08015d38   0x08015d38   0x00000008   Data   RO         4530    .rodata             STemWin_CM4_OS_wc16_ot_ARGB.a(CHECKBOX_SkinFlex.o)
    0x08015d40   0x08015d40   0x00000018   Data   RO         4589    .rodata             STemWin_CM4_OS_wc16_ot_ARGB.a(GUICC_M8888I.o)
    0x08015d58   0x08015d58   0x00000018   Data   RO         4598    .rodata             STemWin_CM4_OS_wc16_ot_ARGB.a(GUICC_0.o)
    0x08015d70   0x08015d70   0x00000939   Data   RO         4806    .rodata             STemWin_CM4_OS_wc16_ot_ARGB.a(F13_ASCII.o)
    0x080166a9   0x080166a9   0x00000003   PAD
    0x080166ac   0x080166ac   0x00000074   Data   RO         4822    .rodata             STemWin_CM4_OS_wc16_ot_ARGB.a(GUIDEV_32.o)
    0x08016720   0x08016720   0x00000018   Data   RO         4866    .rodata             STemWin_CM4_OS_wc16_ot_ARGB.a(GUIDEV_UsageBM.o)
    0x08016738   0x08016738   0x0000001c   Data   RO         4908    .rodata             STemWin_CM4_OS_wc16_ot_ARGB.a(WIDGET_Effect_Simple.o)
    0x08016754   0x08016754   0x00000001   Data   RO         4287    .rodata.str1.4      STemWin_CM4_OS_wc16_ot_ARGB.a(GUI__Private.o)
    0x08016755   0x08016755   0x00000003   PAD
    0x08016758   0x08016758   0x00000020   Data   RO         5464    Region$$Table       anon$$obj.o


    Execution Region RW_IRAM1 (Exec base: 0x20000000, Load base: 0x08016778, Size: 0x0001cc04, Max: 0x00020000, ABSOLUTE, COMPRESSED[0x000001a8])

    Exec Addr    Load Addr    Size         Type   Attr      Idx    E Section Name        Object

    0x20000000   COMPRESSED   0x00000014   Data   RW           16    .data               system_stm32f4xx.o
    0x20000014   COMPRESSED   0x00000010   Data   RW         1167    .data               main.o
    0x20000024   COMPRESSED   0x0000002c   Data   RW         1645    .data               touch.o
    0x20000050   COMPRESSED   0x00000018   Data   RW         1788    .data               bsp_sdio_sd.o
    0x20000068   COMPRESSED   0x0000003c   Data   RW         2370    .data               tasks.o
    0x200000a4   COMPRESSED   0x00000018   Data   RW         2664    .data               heap_4.o
    0x200000bc   COMPRESSED   0x0000000c   Data   RW         2727    .data               port.o
    0x200000c8   COMPRESSED   0x00000008   Data   RW         2867    .data               gui_x_freertos.o
    0x200000d0   COMPRESSED   0x00000008   Data   RW         3153    .data               screenshot.o
    0x200000d8   COMPRESSED   0x0000000c   Data   RW         3353    .data               ff.o
    0x200000e4   COMPRESSED   0x00000014   Data   RW         3652    .data               STemWin_CM4_OS_wc16_ot_ARGB.a(GUI_Core.o)
    0x200000f8   COMPRESSED   0x00000008   Data   RW         3693    .data               STemWin_CM4_OS_wc16_ot_ARGB.a(GUI_PID.o)
    0x20000100   COMPRESSED   0x00000004   Data   RW         3704    .data               STemWin_CM4_OS_wc16_ot_ARGB.a(GUI_Time.o)
    0x20000104   COMPRESSED   0x00000038   Data   RW         3966    .data               STemWin_CM4_OS_wc16_ot_ARGB.a(BUTTON.o)
    0x2000013c   COMPRESSED   0x00000040   Data   RW         4000    .data               STemWin_CM4_OS_wc16_ot_ARGB.a(CHECKBOX.o)
    0x2000017c   COMPRESSED   0x0000002c   Data   RW         4042    .data               STemWin_CM4_OS_wc16_ot_ARGB.a(FRAMEWIN.o)
    0x200001a8   COMPRESSED   0x00000004   Data   RW         4082    .data               STemWin_CM4_OS_wc16_ot_ARGB.a(GUI_CharLine.o)
    0x200001ac   COMPRESSED   0x00000007   Data   RW         4091    .data               STemWin_CM4_OS_wc16_ot_ARGB.a(GUI_Common.o)
    0x200001b3   COMPRESSED   0x00000001   PAD
    0x200001b4   COMPRESSED   0x00000008   Data   RW         4187    .data               STemWin_CM4_OS_wc16_ot_ARGB.a(GUI_OnKey.o)
    0x200001bc   COMPRESSED   0x00000008   Data   RW         4210    .data               STemWin_CM4_OS_wc16_ot_ARGB.a(GUI_Task.o)
    0x200001c4   COMPRESSED   0x00000008   Data   RW         4266    .data               STemWin_CM4_OS_wc16_ot_ARGB.a(GUI__Private.o)
    0x200001cc   COMPRESSED   0x00000004   Data   RW         4289    .data               STemWin_CM4_OS_wc16_ot_ARGB.a(LCD.o)
    0x200001d0   COMPRESSED   0x00000004   Data   RW         4312    .data               STemWin_CM4_OS_wc16_ot_ARGB.a(LCD_Color.o)
    0x200001d4   COMPRESSED   0x00000004   Data   RW         4456    .data               STemWin_CM4_OS_wc16_ot_ARGB.a(WM_Touch.o)
    0x200001d8   COMPRESSED   0x0000000c   Data   RW         4498    .data               STemWin_CM4_OS_wc16_ot_ARGB.a(BUTTON_Skin.o)
    0x200001e4   COMPRESSED   0x00000080   Data   RW         4505    .data               STemWin_CM4_OS_wc16_ot_ARGB.a(BUTTON_SkinFlex.o)
    0x20000264   COMPRESSED   0x0000000c   Data   RW         4516    .data               STemWin_CM4_OS_wc16_ot_ARGB.a(CHECKBOX_Skin.o)
    0x20000270   COMPRESSED   0x00000038   Data   RW         4523    .data               STemWin_CM4_OS_wc16_ot_ARGB.a(CHECKBOX_SkinFlex.o)
    0x200002a8   COMPRESSED   0x00000014   Data   RW         4532    .data               STemWin_CM4_OS_wc16_ot_ARGB.a(FRAMEWIN_Skin.o)
    0x200002bc   COMPRESSED   0x00000058   Data   RW         4540    .data               STemWin_CM4_OS_wc16_ot_ARGB.a(FRAMEWIN_SkinFlex.o)
    0x20000314   COMPRESSED   0x00000004   Data   RW         4551    .data               STemWin_CM4_OS_wc16_ot_ARGB.a(WIDGET.o)
    0x20000318   COMPRESSED   0x00000008   Data   RW         4753    .data               STemWin_CM4_OS_wc16_ot_ARGB.a(GUI__Alpha.o)
    0x20000320   COMPRESSED   0x00000004   Data   RW         4899    .data               STemWin_CM4_OS_wc16_ot_ARGB.a(WIDGET_Effect_Simple.o)
    0x20000324   COMPRESSED   0x00000018   Data   RW         5022    .data               STemWin_CM4_OS_wc16_ot_ARGB.a(LCD_AA.o)
    0x2000033c   COMPRESSED   0x00000004   Data   RW         5386    .data               mc_w.l(stdout.o)
    0x20000340        -       0x0000000e   Zero   RW         1500    .bss                lcd_driver.o
    0x2000034e   COMPRESSED   0x00000002   PAD
    0x20000350        -       0x000000cc   Zero   RW         1787    .bss                bsp_sdio_sd.o
    0x2000041c        -       0x000002e4   Zero   RW         2369    .bss                tasks.o
    0x20000700        -       0x00009000   Zero   RW         2663    .bss                heap_4.o
    0x20009700        -       0x0000f000   Zero   RW         2804    .bss                guiconf.o
    0x20018700        -       0x00002098   Zero   RW         3152    .bss                screenshot.o
    0x2001a798        -       0x00000008   Zero   RW         3597    .bss                STemWin_CM4_OS_wc16_ot_ARGB.a(GUICC_M565.o)
    0x2001a7a0        -       0x0000000c   Zero   RW         3607    .bss                STemWin_CM4_OS_wc16_ot_ARGB.a(GUI_Alloc.o)
    0x2001a7ac        -       0x000000a4   Zero   RW         3653    .bss                STemWin_CM4_OS_wc16_ot_ARGB.a(GUI_Core.o)
    0x2001a850        -       0x00000058   Zero   RW         3694    .bss                STemWin_CM4_OS_wc16_ot_ARGB.a(GUI_PID.o)
    0x2001a8a8        -       0x00000008   Zero   RW         3731    .bss                STemWin_CM4_OS_wc16_ot_ARGB.a(LCD_GetEx.o)
    0x2001a8b0        -       0x00000004   Zero   RW         3809    .bss                STemWin_CM4_OS_wc16_ot_ARGB.a(GUIDEV_16.o)
    0x2001a8b4        -       0x00000030   Zero   RW         3826    .bss                STemWin_CM4_OS_wc16_ot_ARGB.a(WM.o)
    0x2001a8e4        -       0x00000004   Zero   RW         3967    .bss                STemWin_CM4_OS_wc16_ot_ARGB.a(BUTTON.o)
    0x2001a8e8        -       0x00000060   Zero   RW         4188    .bss                STemWin_CM4_OS_wc16_ot_ARGB.a(GUI_OnKey.o)
    0x2001a948        -       0x00000008   Zero   RW         4199    .bss                STemWin_CM4_OS_wc16_ot_ARGB.a(GUI_SelectLayer.o)
    0x2001a950        -       0x00000014   Zero   RW         4211    .bss                STemWin_CM4_OS_wc16_ot_ARGB.a(GUI_Task.o)
    0x2001a964        -       0x00000008   Zero   RW         4242    .bss                STemWin_CM4_OS_wc16_ot_ARGB.a(GUI_WaitEvent.o)
    0x2001a96c        -       0x00000018   Zero   RW         4259    .bss                STemWin_CM4_OS_wc16_ot_ARGB.a(GUI__ManageCache.o)
    0x2001a984        -       0x0000000c   Zero   RW         4313    .bss                STemWin_CM4_OS_wc16_ot_ARGB.a(LCD_Color.o)
    0x2001a990        -       0x00000004   Zero   RW         4372    .bss                STemWin_CM4_OS_wc16_ot_ARGB.a(GUIDEV_Banding.o)
    0x2001a994        -       0x00000001   Zero   RW         4377    .bss                STemWin_CM4_OS_wc16_ot_ARGB.a(GUIDEV_StaticDevices.o)
    0x2001a995   COMPRESSED   0x00000003   PAD
    0x2001a998        -       0x00000004   Zero   RW         4432    .bss                STemWin_CM4_OS_wc16_ot_ARGB.a(WM_SetCaptureMove.o)
    0x2001a99c        -       0x00000028   Zero   RW         4457    .bss                STemWin_CM4_OS_wc16_ot_ARGB.a(WM_Touch.o)
    0x2001a9c4        -       0x00000004   Zero   RW         4475    .bss                STemWin_CM4_OS_wc16_ot_ARGB.a(WM__Private.o)
    0x2001a9c8        -       0x00000008   Zero   RW         4524    .bss                STemWin_CM4_OS_wc16_ot_ARGB.a(CHECKBOX_SkinFlex.o)
    0x2001a9d0        -       0x0000004c   Zero   RW         4642    .bss                STemWin_CM4_OS_wc16_ot_ARGB.a(GUI_Cursor.o)
    0x2001aa1c        -       0x00000014   Zero   RW         4735    .bss                STemWin_CM4_OS_wc16_ot_ARGB.a(GUI_Timer.o)
    0x2001aa30        -       0x00000020   Zero   RW         4754    .bss                STemWin_CM4_OS_wc16_ot_ARGB.a(GUI__Alpha.o)
    0x2001aa50        -       0x00000018   Zero   RW         4876    .bss                STemWin_CM4_OS_wc16_ot_ARGB.a(WM_PID__GetPrevState.o)
    0x2001aa68        -       0x00000004   Zero   RW         5424    GUI_AA__ClipX0      anon$$obj.o
    0x2001aa6c        -       0x000000c0   Zero   RW         5412    GUI_ALLOC__Context  anon$$obj.o
    0x2001ab2c        -       0x00000004   Zero   RW         5433    GUI_DCACHE__pfClearCacheHook  anon$$obj.o
    0x2001ab30        -       0x00000001   Zero   RW         5418    GUI_DecChar         anon$$obj.o
    0x2001ab31   COMPRESSED   0x00000001   PAD
    0x2001ab32        -       0x00000002   Zero   RW         5431    GUI_OrgX            anon$$obj.o
    0x2001ab34        -       0x00000002   Zero   RW         5432    GUI_OrgY            anon$$obj.o
    0x2001ab36   COMPRESSED   0x00000002   PAD
    0x2001ab38        -       0x00000004   Zero   RW         5423    GUI__BufferSize     anon$$obj.o
    0x2001ab3c        -       0x00000001   Zero   RW         5427    GUI__IsInitialized  anon$$obj.o
    0x2001ab3d        -       0x00000001   Zero   RW         5428    GUI__NumLayersInUse  anon$$obj.o
    0x2001ab3e        -       0x00000001   Zero   RW         5426    GUI__PreserveTrans  anon$$obj.o
    0x2001ab3f   COMPRESSED   0x00000001   PAD
    0x2001ab40        -       0x00000002   Zero   RW         5425    GUI__aNumBuffers    anon$$obj.o
    0x2001ab42   COMPRESSED   0x00000002   PAD
    0x2001ab44        -       0x00000008   Zero   RW         5413    GUI__apDevice       anon$$obj.o
    0x2001ab4c        -       0x00000004   Zero   RW         5461    GUI__pfDrawAlphaBitmapFunc  anon$$obj.o
    0x2001ab50        -       0x00000004   Zero   RW         5462    GUI__pfDrawAlphaMemdevFunc  anon$$obj.o
    0x2001ab54        -       0x00000004   Zero   RW         5430    GUI_pLCD_APIList    anon$$obj.o
    0x2001ab58        -       0x00000004   Zero   RW         5417    GUI_pUC_API         anon$$obj.o
    0x2001ab5c        -       0x00000004   Zero   RW         5422    GUI_pfDispCharLine  anon$$obj.o
    0x2001ab60        -       0x00000004   Zero   RW         5421    GUI_pfDispCharStyle  anon$$obj.o
    0x2001ab64        -       0x00000004   Zero   RW         5414    GUI_pfExecAnimations  anon$$obj.o
    0x2001ab68        -       0x00000004   Zero   RW         5419    GUI_pfTimerExec     anon$$obj.o
    0x2001ab6c        -       0x00000004   Zero   RW         5415    GUI_pfUpdateSoftLayer  anon$$obj.o
    0x2001ab70        -       0x00000004   Zero   RW         5460    LCD__aConvTable     anon$$obj.o
    0x2001ab74   COMPRESSED   0x00000004   PAD
    0x2001ab78        -       0x00002000   Zero   RW            1    STACK               startup_stm32f40xx.o
    0x2001cb78        -       0x00000004   Zero   RW         5442    WM_MULTIBUF__pAPI   anon$$obj.o
    0x2001cb7c        -       0x00000001   Zero   RW         5459    WM__CaptureReleaseAuto  anon$$obj.o
    0x2001cb7d   COMPRESSED   0x00000003   PAD
    0x2001cb80        -       0x00000004   Zero   RW         5441    WM__CreateFlags     anon$$obj.o
    0x2001cb84        -       0x00000004   Zero   RW         5452    WM__FirstWin        anon$$obj.o
    0x2001cb88        -       0x00000004   Zero   RW         5450    WM__InvalidLayerMask  anon$$obj.o
    0x2001cb8c        -       0x00000002   Zero   RW         5451    WM__NumInvalidWindows  anon$$obj.o
    0x2001cb8e        -       0x00000002   Zero   RW         5456    WM__NumWindows      anon$$obj.o
    0x2001cb90        -       0x00000001   Zero   RW         5458    WM__PaintCallbackCnt  anon$$obj.o
    0x2001cb91   COMPRESSED   0x00000003   PAD
    0x2001cb94        -       0x00000004   Zero   RW         5455    WM__TouchedLayer    anon$$obj.o
    0x2001cb98        -       0x00000004   Zero   RW         5448    WM__TransWindowCnt  anon$$obj.o
    0x2001cb9c        -       0x00000008   Zero   RW         5454    WM__aBkColor        anon$$obj.o
    0x2001cba4        -       0x00000010   Zero   RW         5446    WM__aCHWinLast      anon$$obj.o
    0x2001cbb4        -       0x00000010   Zero   RW         5445    WM__aCHWinModal     anon$$obj.o
    0x2001cbc4        -       0x00000010   Zero   RW         5447    WM__aCHWinMouseOver  anon$$obj.o
    0x2001cbd4        -       0x00000008   Zero   RW         5440    WM__ahCapture       anon$$obj.o
    0x2001cbdc        -       0x00000008   Zero   RW         5443    WM__ahDesktopWin    anon$$obj.o
    0x2001cbe4        -       0x00000008   Zero   RW         5439    WM__ahWinFocus      anon$$obj.o
    0x2001cbec        -       0x00000004   Zero   RW         5438    WM__hATransWindow   anon$$obj.o
    0x2001cbf0        -       0x00000004   Zero   RW         5453    WM__hCreateStatic   anon$$obj.o
    0x2001cbf4        -       0x00000004   Zero   RW         5444    WM__pExecGestures   anon$$obj.o
    0x2001cbf8        -       0x00000004   Zero   RW         5449    WM__pFirstCriticalHandle  anon$$obj.o
    0x2001cbfc        -       0x00000004   Zero   RW         5420    WM_pfHandlePID      anon$$obj.o
    0x2001cc00        -       0x00000004   Zero   RW         5457    WM_pfPollPID        anon$$obj.o


==============================================================================

Image component sizes


      Code (inc. data)   RO Data    RW Data    ZI Data      Debug   Object Name

      4086        194          0         24        204      30627   bsp_sdio_sd.o
       330          4          0          0          0      10315   diskio.o
         0          0          0          0          0       7964   event_groups.o
      1116         22          0         12          0       8887   ff.o
       194         68          0          8          0       4428   gui_x_freertos.o
        16          6          0          0      61440       1071   guiconf.o
      1810         86         52          0          0      71355   guidrv_template.o
       584        138          0         24      36864       4159   heap_4.o
      1314         76          0          0         14      14313   lcd_driver.o
        74         10          0          0          0       1313   lcdconf_flexcolor.o
       136          0          0          0          0       3406   list.o
       296         84          0         16          0      75609   main.o
       108         20        113          0          0       2500   maintask.o
       120         14          0          0          0       1795   misc.o
       894        314          0         12          0      10324   port.o
      1380        190          0          0          0      10378   queue.o
         0          0          0          8       8344       3029   screenshot.o
        36          8        392          0       8192        988   startup_stm32f40xx.o
       504         36          0          0          0       5860   stm32f4xx_dma.o
       194          0          0          0          0       2059   stm32f4xx_gpio.o
        32          0          0          0          0       3523   stm32f4xx_it.o
        96         24          0          0          0       2788   stm32f4xx_rcc.o
       336         76          0          0          0      12198   stm32f4xx_sdio.o
        76          0          0          0          0       2037   stm32f4xx_spi.o
       272         36          0         20          0     282965   system_stm32f4xx.o
      2754        736          0         60        740      30293   tasks.o
       776         38          0         44          0       7967   touch.o

    ----------------------------------------------------------------------
     17574       2180        592        228     116212     612151   Object Totals
         0          0         32          0        396          0   (incl. Generated)
        40          0          3          0         18          0   (incl. Padding)

    ----------------------------------------------------------------------

      Code (inc. data)   RO Data    RW Data    ZI Data      Debug   Library Member Name

       808         16          0         56          4          0   BUTTON.o
       192          0          0         12          0          0   BUTTON_Skin.o
       604         24         16        128          0          0   BUTTON_SkinFlex.o
       824         12          0         64          0          0   CHECKBOX.o
         0          0        104          0          0          0   CHECKBOX_Image.o
       208          0          0         12          0          0   CHECKBOX_Skin.o
      1680         72          8         56          8          0   CHECKBOX_SkinFlex.o
       200          0          0          0          0          0   DIALOG.o
         0          0       2433          0          0          0   F13_1.o
         0          0       2361          0          0          0   F13_ASCII.o
         0          0       1852          0          0          0   F6x8.o
      2032         52          0         44          0          0   FRAMEWIN.o
       536          4          0         20          0          0   FRAMEWIN_Skin.o
       936         62          0         88          0          0   FRAMEWIN_SkinFlex.o
       196          0         24          0          0          0   GUICC_0.o
       304         40         24          0          8          0   GUICC_M565.o
        52          0         24          0          0          0   GUICC_M8888I.o
         4          0          0          0          0          0   GUICC_M8888I_Index2Color.o
         8          0          0          0          0          0   GUICC_M888_Index2Color.o
      1024         36          0          0          0          0   GUIDEV.o
      3660         60        116          0          4          0   GUIDEV_16.o
      3420         60        116          0          0          0   GUIDEV_32.o
       376         12          0          0          4          0   GUIDEV_Banding.o
        88          4          0          0          0          0   GUIDEV_Clear.o
        48          0          0          0          0          0   GUIDEV_GetDataPtr.o
        68          4          0          0          0          0   GUIDEV_GetYSize.o
        64          4          0          0          0          0   GUIDEV_ReduceYSize.o
       120          4          0          0          0          0   GUIDEV_SetOrg.o
       408         24          0          0          1          0   GUIDEV_StaticDevices.o
        88          0          0          0          0          0   GUIDEV_Usage.o
       484          4         24          0          0          0   GUIDEV_UsageBM.o
       100          0          0          0          0          0   GUIDEV_Write.o
       776         32          0          0          0          0   GUIDEV_WriteToActiveAlpha.o
      2428          8          0          0          0          0   GUIDEV_WriteToActiveOpaque.o
       144          4          0          0          0          0   GUI_2DLib.o
      4232        108          0          0         12          0   GUI_Alloc.o
       104         12          0          0          0          0   GUI_Char.o
       556         36          0          4          0          0   GUI_CharLine.o
       416          8          0          0          0          0   GUI_CharM.o
       372          8          0          0          0          0   GUI_CharP.o
      1112        108          0          7          0          0   GUI_Common.o
       740        108         23         20        164          0   GUI_Core.o
       140          4          0          0         76          0   GUI_Cursor.o
        56          0          0          0          0          0   GUI_DRAW.o
       828         40          0          0          0          0   GUI_Device.o
       500          4          0          0          0          0   GUI_DispString.o
       260          8          0          0          0          0   GUI_DrawBitmap.o
       424          4          0          0          0          0   GUI_DrawGradient.o
       624         24          0          0          0          0   GUI_DrawLib.o
        84         12          0          8         96          0   GUI_OnKey.o
       372         48          0          8         88          0   GUI_PID.o
      2228         24          0          0          0          0   GUI_SPRITE.o
       156         12          0          0          8          0   GUI_SelectLayer.o
        44          4          0          0          0          0   GUI_SetAlpha.o
       480         48          0          8         20          0   GUI_Task.o
       128          8          0          4          0          0   GUI_Time.o
       380          8          0          0         20          0   GUI_Timer.o
       132         12          0          0          0          0   GUI_UC.o
        20          0         16          0          0          0   GUI_UC_EncodeNone.o
        16          4          0          0          8          0   GUI_WaitEvent.o
      1072         60          0          8         32          0   GUI__Alpha.o
       796          8          0          0          0          0   GUI__CompactPixelIndices.o
         0          0        880          0          0          0   GUI__DivTbl.o
      1196          8          0          0          0          0   GUI__DrawTwinArc.o
       408          8          0          0          0          0   GUI__ExpandPixelIndices.o
       244          8          0          0         24          0   GUI__ManageCache.o
       884          8          1          8          0          0   GUI__Private.o
      2292        264         12          4          0          0   LCD.o
        88         12          0         24          0          0   LCD_AA.o
       336         48          0          4         12          0   LCD_Color.o
        32          8          0          0          0          0   LCD_GetColorIndex.o
       828         40          0          0          8          0   LCD_GetEx.o
        32          0          0          0          0          0   LCD_GetNumDisplays.o
         0          0        256          0          0          0   LCD_Mirror.o
       596         16          0          0          0          0   LCD_ReadRect.o
        68          8          0          0          0          0   LCD_SelectLCD.o
       260          0          0          0          0          0   LCD_Set.o
        52          8          0          0          0          0   LCD_SetClipRectEx.o
        36          4          0          0          0          0   LCD_UpdateColorIndices.o
       600          4          0          4          0          0   WIDGET.o
       232         16         28          4          0          0   WIDGET_Effect_Simple.o
      9004        440          0          0         48          0   WM.o
       148          4          0          0          0          0   WM_BringToTop.o
       152          0          0          0          0          0   WM_GetWindowSize.o
      2948         72          0          0          0          0   WM_Lib.o
        40          0          0          0          0          0   WM_MemDev.o
       768          0          0          0          0          0   WM_Move.o
        28          4          0          0         24          0   WM_PID__GetPrevState.o
      1288          4          0          0          0          0   WM_Screen2Win.o
       136         20          0          0          0          0   WM_SetCapture.o
       184          4          0          0          4          0   WM_SetCaptureMove.o
       144          4          0          0          0          0   WM_SetFocusOnNextChild.o
       112          0          0          0          0          0   WM_SetFocusOnPrevChild.o
       116          4          0          0          0          0   WM_SetTrans.o
       124          0          0          0          0          0   WM_Timer.o
      1456         56          0          4         40          0   WM_Touch.o
      1156         24          0          0          4          0   WM__Private.o
        86          0          0          0          0          0   __dczerorl2.o
         0          0          0          0          0          0   entry.o
         0          0          0          0          0          0   entry10a.o
         0          0          0          0          0          0   entry11a.o
         4          0          0          0          0          0   entry12b.o
         8          4          0          0          0          0   entry2.o
         4          0          0          0          0          0   entry5.o
         0          0          0          0          0          0   entry7b.o
         0          0          0          0          0          0   entry8b.o
         8          4          0          0          0          0   entry9a.o
        18          0          0          0          0         80   fputc.o
        30          0          0          0          0          0   handlers.o
        36          8          0          0          0         68   init.o
         0          0          0          0          0          0   iusesemip.o
        30          0          0          0          0         68   llshl.o
        32          0          0          0          0         68   llushr.o
        66          0          0          0          0         76   memmove.o
        36          0          0          0          0        108   memseta.o
       866         14          0          0          0        352   printf6.o
         0          0          0          0          0          0   semi.o
         0          0          0          4          0          0   stdout.o
        18          0          0          0          0         68   strcpy.o
        44          0          0          0          0         80   uidiv.o
        98          0          0          0          0         92   uldiv.o

    ----------------------------------------------------------------------
     65530       2384       8328        604        720       1060   Library Totals
         6          0         10          1          3          0   (incl. Padding)

    ----------------------------------------------------------------------

      Code (inc. data)   RO Data    RW Data    ZI Data      Debug   Library Name

     64140       2354       8318        599        717          0   STemWin_CM4_OS_wc16_ot_ARGB.a
      1384         30          0          4          0       1060   mc_w.l

    ----------------------------------------------------------------------
     65530       2384       8328        604        720       1060   Library Totals

    ----------------------------------------------------------------------

==============================================================================


      Code (inc. data)   RO Data    RW Data    ZI Data      Debug   

     83104       4564       8920        832     116932     594575   Grand Totals
     83104       4564       8920        424     116932     594575   ELF Image Totals (compressed)
     83104       4564       8920        424          0          0   ROM Totals

==============================================================================

    Total RO  Size (Code + RO Data)                92024 (  89.87kB)
    Total RW  Size (RW Data + ZI Data)            117764 ( 115.00kB)
    Total ROM Size (Code + RO Data + RW Data)      92448 (  90.28kB)

==============================================================================

