Component: ARM Compiler 5.06 update 7 (build 960) Tool: armlink [4d3601]

==============================================================================

Section Cross References

    startup_stm32f40xx.o(RESET) refers to startup_stm32f40xx.o(STACK) for __initial_sp
    startup_stm32f40xx.o(RESET) refers to startup_stm32f40xx.o(.text) for Reset_Handler
    startup_stm32f40xx.o(RESET) refers to stm32f4xx_it.o(i.NMI_Handler) for NMI_Handler
    startup_stm32f40xx.o(RESET) refers to stm32f4xx_it.o(i.HardFault_Handler) for HardFault_Handler
    startup_stm32f40xx.o(RESET) refers to stm32f4xx_it.o(i.MemManage_Handler) for MemManage_Handler
    startup_stm32f40xx.o(RESET) refers to stm32f4xx_it.o(i.BusFault_Handler) for BusFault_Handler
    startup_stm32f40xx.o(RESET) refers to stm32f4xx_it.o(i.UsageFault_Handler) for UsageFault_Handler
    startup_stm32f40xx.o(RESET) refers to port.o(.emb_text) for SVC_Handler
    startup_stm32f40xx.o(RESET) refers to stm32f4xx_it.o(i.DebugMon_Handler) for DebugMon_Handler
    startup_stm32f40xx.o(RESET) refers to stm32f4xx_it.o(i.SysTick_Handler) for SysTick_Handler
    startup_stm32f40xx.o(.text) refers to system_stm32f4xx.o(i.SystemInit) for SystemInit
    startup_stm32f40xx.o(.text) refers to entry.o(.ARM.Collect$$$$00000000) for __main
    system_stm32f4xx.o(i.SystemCoreClockUpdate) refers to system_stm32f4xx.o(.data) for .data
    system_stm32f4xx.o(i.SystemInit) refers to system_stm32f4xx.o(i.SetSysClock) for SetSysClock
    stm32f4xx_gpio.o(i.GPIO_DeInit) refers to stm32f4xx_rcc.o(i.RCC_AHB1PeriphResetCmd) for RCC_AHB1PeriphResetCmd
    stm32f4xx_rcc.o(i.RCC_GetClocksFreq) refers to stm32f4xx_rcc.o(.data) for .data
    stm32f4xx_rcc.o(i.RCC_WaitForHSEStartUp) refers to stm32f4xx_rcc.o(i.RCC_GetFlagStatus) for RCC_GetFlagStatus
    stm32f4xx_spi.o(i.SPI_I2S_DeInit) refers to stm32f4xx_rcc.o(i.RCC_APB2PeriphResetCmd) for RCC_APB2PeriphResetCmd
    stm32f4xx_spi.o(i.SPI_I2S_DeInit) refers to stm32f4xx_rcc.o(i.RCC_APB1PeriphResetCmd) for RCC_APB1PeriphResetCmd
    main.o(i.AppTaskCreate) refers to port.o(i.vPortEnterCritical) for vPortEnterCritical
    main.o(i.AppTaskCreate) refers to queue.o(i.xQueueGenericCreate) for xQueueGenericCreate
    main.o(i.AppTaskCreate) refers to tasks.o(i.xTaskCreate) for xTaskCreate
    main.o(i.AppTaskCreate) refers to tasks.o(i.vTaskDelete) for vTaskDelete
    main.o(i.AppTaskCreate) refers to port.o(i.vPortExitCritical) for vPortExitCritical
    main.o(i.AppTaskCreate) refers to main.o(.data) for .data
    main.o(i.AppTaskCreate) refers to main.o(i.Touch_Task) for Touch_Task
    main.o(i.AppTaskCreate) refers to main.o(i.GUI_Task) for GUI_Task
    main.o(i.BSP_Init) refers to stm32f4xx_rcc.o(i.RCC_AHB1PeriphClockCmd) for RCC_AHB1PeriphClockCmd
    main.o(i.BSP_Init) refers to misc.o(i.NVIC_PriorityGroupConfig) for NVIC_PriorityGroupConfig
    main.o(i.GUI_Task) refers to GUI_Core.o(.text.GUI_Init) for GUI_Init
    main.o(i.GUI_Task) refers to WM_MULTIBUF.o(.text.WM_MULTIBUF_Enable) for WM_MULTIBUF_Enable
    main.o(i.GUI_Task) refers to queue.o(i.xQueueGenericSend) for xQueueGenericSend
    main.o(i.GUI_Task) refers to maintask.o(i.MainTask) for MainTask
    main.o(i.GUI_Task) refers to main.o(.data) for .data
    main.o(i.Touch_Task) refers to queue.o(i.xQueueGenericReceive) for xQueueGenericReceive
    main.o(i.Touch_Task) refers to touch.o(i.GUI_TOUCH_Scan) for GUI_TOUCH_Scan
    main.o(i.Touch_Task) refers to tasks.o(i.vTaskDelay) for vTaskDelay
    main.o(i.Touch_Task) refers to main.o(.data) for .data
    main.o(i.main) refers to main.o(i.BSP_Init) for BSP_Init
    main.o(i.main) refers to tasks.o(i.xTaskCreate) for xTaskCreate
    main.o(i.main) refers to tasks.o(i.vTaskStartScheduler) for vTaskStartScheduler
    main.o(i.main) refers to main.o(.data) for .data
    main.o(i.main) refers to main.o(i.AppTaskCreate) for AppTaskCreate
    stm32f4xx_it.o(i.SysTick_Handler) refers to tasks.o(i.xTaskGetSchedulerState) for xTaskGetSchedulerState
    stm32f4xx_it.o(i.SysTick_Handler) refers to port.o(i.xPortSysTickHandler) for xPortSysTickHandler
    lcd_driver.o(i.LCD_Clear) refers to lcd_driver.o(i.LCD_SetWindows) for LCD_SetWindows
    lcd_driver.o(i.LCD_Clear) refers to lcd_driver.o(i.SPI_WriteByte) for SPI_WriteByte
    lcd_driver.o(i.LCD_Clear) refers to lcd_driver.o(.bss) for .bss
    lcd_driver.o(i.LCD_DrawPoint) refers to lcd_driver.o(i.LCD_SetCursor) for LCD_SetCursor
    lcd_driver.o(i.LCD_DrawPoint) refers to lcd_driver.o(i.SPI_WriteByte) for SPI_WriteByte
    lcd_driver.o(i.LCD_DrawPoint_16Bit) refers to lcd_driver.o(i.SPI_WriteByte) for SPI_WriteByte
    lcd_driver.o(i.LCD_Fill) refers to lcd_driver.o(i.LCD_SetWindows) for LCD_SetWindows
    lcd_driver.o(i.LCD_Fill) refers to lcd_driver.o(i.SPI_WriteByte) for SPI_WriteByte
    lcd_driver.o(i.LCD_Init) refers to lcd_driver.o(i.SPI2_Init) for SPI2_Init
    lcd_driver.o(i.LCD_Init) refers to lcd_driver.o(i.LCD_RESET) for LCD_RESET
[...]
    xTaskCheckForTimeOut                     0x080120c9   Thumb Code   104  tasks.o(i.xTaskCheckForTimeOut)
    xTaskCreate                              0x08012161   Thumb Code    96  tasks.o(i.xTaskCreate)
    xTaskGetCurrentTaskHandle                0x080121c1   Thumb Code     6  tasks.o(i.xTaskGetCurrentTaskHandle)
    xTaskGetSchedulerState                   0x080121cd   Thumb Code    24  tasks.o(i.xTaskGetSchedulerState)
    xTaskGetTickCount                        0x080121e9   Thumb Code     6  tasks.o(i.xTaskGetTickCount)
    xTaskIncrementTick                       0x080121f5   Thumb Code   192  tasks.o(i.xTaskIncrementTick)
    xTaskPriorityDisinherit                  0x080122e9   Thumb Code   136  tasks.o(i.xTaskPriorityDisinherit)
    xTaskRemoveFromEventList                 0x080123a5   Thumb Code   108  tasks.o(i.xTaskRemoveFromEventList)
    xTaskResumeAll                           0x08012449   Thumb Code   184  tasks.o(i.xTaskResumeAll)
    GUIDRV_Template_API                      0x0801253c   Data          52  guidrv_template.o(.constdata)
    LCD_API_ColorConv_M565                   0x08012570   Data          24  GUICC_M565.o(.rodata)
    GUI_MEMDEV_DEVICE_16                     0x0801325c   Data          52  GUIDEV_16.o(.rodata)
    _MULTIBUF_APIList                        0x080132d0   Data           8  WM_MULTIBUF.o(.rodata)
    GUI_UC_None                              0x080132d8   Data          16  GUI_UC_EncodeNone.o(.rodata)
    GUI__aConvert_255_63                     0x080132e8   Data         256  GUI__DivTbl.o(.rodata)
    GUI__aConvert_255_31                     0x080133e8   Data         256  GUI__DivTbl.o(.rodata)
    GUI__aConvert_255_15                     0x080134e8   Data         256  GUI__DivTbl.o(.rodata)
    GUI__aConvert_63_255                     0x080135e8   Data          64  GUI__DivTbl.o(.rodata)
    GUI__aConvert_31_255                     0x08013628   Data          32  GUI__DivTbl.o(.rodata)
    GUI__aConvert_15_255                     0x08013648   Data          16  GUI__DivTbl.o(.rodata)
    LCD_aMirror                              0x08013664   Data         256  LCD_Mirror.o(.rodata)
    GUI_Font6x9                              0x08013764   Data          36  F6x8.o(.rodata)
    GUI_Font6x8                              0x08013788   Data          36  F6x8.o(.rodata)
    LCD_API_ColorConv_0                      0x08013ea0   Data          24  GUICC_0.o(.rodata)
    LCD_API_ColorConv_M8888I                 0x08013eb8   Data          24  GUICC_M8888I.o(.rodata)
    GUI_MEMDEV_DEVICE_32                     0x08013ed0   Data          52  GUIDEV_32.o(.rodata)
    Region$$Table$$Base                      0x08013f5c   Number         0  anon$$obj.o(Region$$Table)
    Region$$Table$$Limit                     0x08013f7c   Number         0  anon$$obj.o(Region$$Table)
    SystemCoreClock                          0x20000000   Data           4  system_stm32f4xx.o(.data)
    AHBPrescTable                            0x20000004   Data          16  system_stm32f4xx.o(.data)
    ScreenShotSem_Handle                     0x20000020   Data           4  main.o(.data)
    CMD_RDX                                  0x20000024   Data           1  touch.o(.data)
    CMD_RDY                                  0x20000025   Data           1  touch.o(.data)
    tp_dev                                   0x20000028   Data          40  touch.o(.data)
    pxCurrentTCB                             0x20000050   Data           4  tasks.o(.data)
    GUI_pfGetpPalConvTable                   0x200000c0   Data           4  GUI_Core.o(.data)
    GUI__pFontDefault                        0x200000c4   Data           4  GUI_Core.o(.data)
    GUI__ColorDefault                        0x200000c8   Data           4  GUI_Core.o(.data)
    GUI__BkColorDefault                      0x200000cc   Data           4  GUI_Core.o(.data)
    GUI_pContext                             0x200000d0   Data           4  GUI_Core.o(.data)
    GUI__pfMemcpy                            0x200000f0   Data           4  GUI__Private.o(.data)
    GUI__pfMemset                            0x200000f4   Data           4  GUI__Private.o(.data)
    LCD__pSetColorAPI                        0x200000f8   Data           4  LCD.o(.data)
    WM__ModalLayer                           0x20000100   Data           4  WM_Touch.o(.data)
    GUI__pfMixColors                         0x20000104   Data           4  GUI__Alpha.o(.data)
    GUI__pfMixColorsBulk                     0x20000108   Data           4  GUI__Alpha.o(.data)
    LCD_AA_pfMixColors16                     0x2000010c   Data           4  LCD_AA.o(.data)
    __stdout                                 0x20000124   Data           4  stdout.o(.data)
    lcddev                                   0x20000128   Data          14  lcd_driver.o(.bss)
    GUITASK__EntranceCnt                     0x20011670   Data           4  GUI_Task.o(.bss)
    GUI_AA__ClipX0                           0x200117b0   Data           4  anon$$obj.o(GUI_AA__ClipX0)
    GUI_ALLOC__Context                       0x200117b4   Data         192  anon$$obj.o(GUI_ALLOC__Context)
    GUI_DCACHE__pfClearCacheHook             0x20011874   Data           4  anon$$obj.o(GUI_DCACHE__pfClearCacheHook)
    GUI_DecChar                              0x20011878   Data           1  anon$$obj.o(GUI_DecChar)
    GUI_OrgX                                 0x2001187a   Data           2  anon$$obj.o(GUI_OrgX)
    GUI_OrgY                                 0x2001187c   Data           2  anon$$obj.o(GUI_OrgY)
    GUI__BufferSize                          0x20011880   Data           4  anon$$obj.o(GUI__BufferSize)
    GUI__IsInitialized                       0x20011884   Data           1  anon$$obj.o(GUI__IsInitialized)
    GUI__LayerMask                           0x20011888   Data           4  anon$$obj.o(GUI__LayerMask)
    GUI__NumLayersInUse                      0x2001188c   Data           1  anon$$obj.o(GUI__NumLayersInUse)
    GUI__PreserveTrans                       0x2001188d   Data           1  anon$$obj.o(GUI__PreserveTrans)
    GUI__aNumBuffers                         0x20011890   Data           2  anon$$obj.o(GUI__aNumBuffers)
    GUI__apDevice                            0x20011894   Data           8  anon$$obj.o(GUI__apDevice)
    GUI__pfDrawAlphaBitmapFunc               0x2001189c   Data           4  anon$$obj.o(GUI__pfDrawAlphaBitmapFunc)
    GUI__pfDrawAlphaMemdevFunc               0x200118a0   Data           4  anon$$obj.o(GUI__pfDrawAlphaMemdevFunc)
    GUI_pLCD_APIList                         0x200118a4   Data           4  anon$$obj.o(GUI_pLCD_APIList)
    GUI_pUC_API                              0x200118a8   Data           4  anon$$obj.o(GUI_pUC_API)
    GUI_pfExecAnimations                     0x200118ac   Data           4  anon$$obj.o(GUI_pfExecAnimations)
    GUI_pfTimerExec                          0x200118b0   Data           4  anon$$obj.o(GUI_pfTimerExec)
    GUI_pfUpdateSoftLayer                    0x200118b4   Data           4  anon$$obj.o(GUI_pfUpdateSoftLayer)
    LCD__aConvTable                          0x200118b8   Data           4  anon$$obj.o(LCD__aConvTable)
    WM_MULTIBUF__pAPI                        0x200138c0   Data           4  anon$$obj.o(WM_MULTIBUF__pAPI)
    __initial_sp                             0x200138c0   Data           0  startup_stm32f40xx.o(STACK)
    WM__CaptureReleaseAuto                   0x200138c4   Data           1  anon$$obj.o(WM__CaptureReleaseAuto)
    WM__CreateFlags                          0x200138c8   Data           4  anon$$obj.o(WM__CreateFlags)
    WM__FirstWin                             0x200138cc   Data           4  anon$$obj.o(WM__FirstWin)
    WM__InvalidLayerMask                     0x200138d0   Data           4  anon$$obj.o(WM__InvalidLayerMask)
    WM__NumInvalidWindows                    0x200138d4   Data           2  anon$$obj.o(WM__NumInvalidWindows)
    WM__NumWindows                           0x200138d6   Data           2  anon$$obj.o(WM__NumWindows)
    WM__PaintCallbackCnt                     0x200138d8   Data           1  anon$$obj.o(WM__PaintCallbackCnt)
    WM__TouchedLayer                         0x200138dc   Data           4  anon$$obj.o(WM__TouchedLayer)
    WM__TransWindowCnt                       0x200138e0   Data           4  anon$$obj.o(WM__TransWindowCnt)
    WM__aBkColor                             0x200138e4   Data           8  anon$$obj.o(WM__aBkColor)
    WM__aCHWinLast                           0x200138ec   Data          16  anon$$obj.o(WM__aCHWinLast)
    WM__aCHWinModal                          0x200138fc   Data          16  anon$$obj.o(WM__aCHWinModal)
    WM__aCHWinMouseOver                      0x2001390c   Data          16  anon$$obj.o(WM__aCHWinMouseOver)
    WM__ahCapture                            0x2001391c   Data           8  anon$$obj.o(WM__ahCapture)
    WM__ahDesktopWin                         0x20013924   Data           8  anon$$obj.o(WM__ahDesktopWin)
    WM__ahWinFocus                           0x2001392c   Data           8  anon$$obj.o(WM__ahWinFocus)
    WM__hATransWindow                        0x20013934   Data           4  anon$$obj.o(WM__hATransWindow)
    WM__hCreateStatic                        0x20013938   Data           4  anon$$obj.o(WM__hCreateStatic)
    WM__pExecGestures                        0x2001393c   Data           4  anon$$obj.o(WM__pExecGestures)
    WM__pFirstCriticalHandle                 0x20013940   Data           4  anon$$obj.o(WM__pFirstCriticalHandle)
    WM_pfHandlePID                           0x20013944   Data           4  anon$$obj.o(WM_pfHandlePID)
    WM_pfPollPID                             0x20013948   Data           4  anon$$obj.o(WM_pfPollPID)



==============================================================================

Memory Map of the image

  Image Entry point : 0x08000189

  Load Region LR_IROM1 (Base: 0x08000000, Size: 0x000140a4, Max: 0x00080000, ABSOLUTE)

    Execution Region ER_IROM1 (Exec base: 0x08000000, Load base: 0x08000000, Size: 0x00013f7c, Max: 0x00080000, ABSOLUTE)

    Exec Addr    Load Addr    Size         Type   Attr      Idx    E Section Name        Object

    0x08000000   0x08000000   0x00000188   Data   RO            3    RESET               startup_stm32f40xx.o
    0x08000188   0x08000188   0x00000000   Code   RO         3705  * .ARM.Collect$$$$00000000  mc_w.l(entry.o)
    0x08000188   0x08000188   0x00000004   Code   RO         3987    .ARM.Collect$$$$00000001  mc_w.l(entry2.o)
    0x0800018c   0x0800018c   0x00000004   Code   RO         3990    .ARM.Collect$$$$00000004  mc_w.l(entry5.o)
    0x08000190   0x08000190   0x00000000   Code   RO         3992    .ARM.Collect$$$$00000008  mc_w.l(entry7b.o)
    0x08000190   0x08000190   0x00000000   Code   RO         3994    .ARM.Collect$$$$0000000A  mc_w.l(entry8b.o)
    0x08000190   0x08000190   0x00000008   Code   RO         3995    .ARM.Collect$$$$0000000B  mc_w.l(entry9a.o)
    0x08000198   0x08000198   0x00000004   Code   RO         4002    .ARM.Collect$$$$0000000E  mc_w.l(entry12b.o)
    0x0800019c   0x0800019c   0x00000000   Code   RO         3997    .ARM.Collect$$$$0000000F  mc_w.l(entry10a.o)
    0x0800019c   0x0800019c   0x00000000   Code   RO         3999    .ARM.Collect$$$$00000011  mc_w.l(entry11a.o)
    0x0800019c   0x0800019c   0x00000004   Code   RO         3988    .ARM.Collect$$$$00002712  mc_w.l(entry2.o)
    0x080001a0   0x080001a0   0x000000b6   Code   RO         2149    .emb_text           port.o
    0x08000256   0x08000256   0x00000002   PAD
    0x08000258   0x08000258   0x00000024   Code   RO            4    .text               startup_stm32f40xx.o
    0x0800027c   0x0800027c   0x00000042   Code   RO         3712    .text               mc_w.l(memmove.o)
    0x080002be   0x080002be   0x00000012   Code   RO         3714    .text               mc_w.l(memset.o)
    0x080002d0   0x080002d0   0x0000002c   Code   RO         4006    .text               mc_w.l(uidiv.o)
    0x080002fc   0x080002fc   0x00000024   Code   RO         4021    .text               mc_w.l(init.o)
    0x08000320   0x08000320   0x00000000   Code   RO         4023    .text               mc_w.l(semi.o)
    0x08000320   0x08000320   0x00000000   Code   RO         4030    .text               mc_w.l(iusesemip.o)
    0x08000320   0x08000320   0x00000094   Code   RO         2702    .text.GL_SetDefault  STemWin_CM4_OS_wc16_ot_ARGB.a(GUI_Common.o)
    0x080003b4   0x080003b4   0x00000148   Code   RO         3288    .text.GUIMONO_DispChar  STemWin_CM4_OS_wc16_ot_ARGB.a(GUI_CharM.o)
    0x080004fc   0x080004fc   0x00000018   Code   RO         3289    .text.GUIMONO_GetCharDistX  STemWin_CM4_OS_wc16_ot_ARGB.a(GUI_CharM.o)
    0x08000514   0x08000514   0x00000008   Code   RO         3290    .text.GUIMONO_GetFontInfo  STemWin_CM4_OS_wc16_ot_ARGB.a(GUI_CharM.o)
    0x0800051c   0x0800051c   0x00000038   Code   RO         3291    .text.GUIMONO_IsInFont  STemWin_CM4_OS_wc16_ot_ARGB.a(GUI_CharM.o)
    0x08000554   0x08000554   0x000000a0   Code   RO         2986    .text.GUITASK_CopyContext  STemWin_CM4_OS_wc16_ot_ARGB.a(GUI_Task.o)
    0x080005f4   0x080005f4   0x00000078   Code   RO         2985    .text.GUITASK_Init  STemWin_CM4_OS_wc16_ot_ARGB.a(GUI_Task.o)
    0x0800066c   0x0800066c   0x0000001c   Code   RO         2601    .text.GUI_ALLOC_AllocNoInit  STemWin_CM4_OS_wc16_ot_ARGB.a(GUI_Alloc.o)
    0x08000688   0x08000688   0x00000084   Code   RO         2624    .text.GUI_ALLOC_AllocZero  STemWin_CM4_OS_wc16_ot_ARGB.a(GUI_Alloc.o)
    0x0800070c   0x0800070c   0x00000010   Code   RO         2616    .text.GUI_ALLOC_AssignMemory  STemWin_CM4_OS_wc16_ot_ARGB.a(GUI_Alloc.o)
    0x0800071c   0x0800071c   0x00000040   Code   RO         2619    .text.GUI_ALLOC_Free  STemWin_CM4_OS_wc16_ot_ARGB.a(GUI_Alloc.o)
    0x0800075c   0x0800075c   0x00000014   Code   RO         2599    .text.GUI_ALLOC_FreeFixedBlock  STemWin_CM4_OS_wc16_ot_ARGB.a(GUI_Alloc.o)
    0x08000770   0x08000770   0x00000230   Code   RO         2600    .text.GUI_ALLOC_GetFixedBlock  STemWin_CM4_OS_wc16_ot_ARGB.a(GUI_Alloc.o)
    0x080009a0   0x080009a0   0x00000134   Code   RO         2612    .text.GUI_ALLOC_GetMaxSize  STemWin_CM4_OS_wc16_ot_ARGB.a(GUI_Alloc.o)
    0x08000ad4   0x08000ad4   0x00000010   Code   RO         2614    .text.GUI_ALLOC_Lock  STemWin_CM4_OS_wc16_ot_ARGB.a(GUI_Alloc.o)
    0x08000ae4   0x08000ae4   0x00000024   Code   RO         2603    .text.GUI_ALLOC_LockH  STemWin_CM4_OS_wc16_ot_ARGB.a(GUI_Alloc.o)
    0x08000b08   0x08000b08   0x00000170   Code   RO         2613    .text.GUI_ALLOC_RequestSize  STemWin_CM4_OS_wc16_ot_ARGB.a(GUI_Alloc.o)
    0x08000c78   0x08000c78   0x00000010   Code   RO         2615    .text.GUI_ALLOC_Unlock  STemWin_CM4_OS_wc16_ot_ARGB.a(GUI_Alloc.o)
    0x08000c88   0x08000c88   0x00000034   Code   RO         2604    .text.GUI_ALLOC_UnlockH  STemWin_CM4_OS_wc16_ot_ARGB.a(GUI_Alloc.o)
    0x08000cbc   0x08000cbc   0x00000014   Code   RO         2602    .text.GUI_ALLOC_h2p  STemWin_CM4_OS_wc16_ot_ARGB.a(GUI_Alloc.o)
    0x08000cd0   0x08000cd0   0x00000008   Code   RO         2598    .text.GUI_ALLOC_p2h  STemWin_CM4_OS_wc16_ot_ARGB.a(GUI_Alloc.o)
    0x08000cd8   0x08000cd8   0x0000008c   Code   RO         3304    .text.GUI_CURSOR_SetPositionEx  STemWin_CM4_OS_wc16_ot_ARGB.a(GUI_Cursor.o)
    0x08000d64   0x08000d64   0x00000050   Code   RO         2639    .text.GUI_CalcColorDist  STemWin_CM4_OS_wc16_ot_ARGB.a(GUI_Common.o)
    0x08000db4   0x08000db4   0x0000007c   Code   RO         2729    .text.GUI_Clear     STemWin_CM4_OS_wc16_ot_ARGB.a(GUI_Core.o)
    0x08000e30   0x08000e30   0x00000024   Code   RO         2739    .text.GUI_DCACHE_Clear  STemWin_CM4_OS_wc16_ot_ARGB.a(GUI_Core.o)
    0x08000e54   0x08000e54   0x00000050   Code   RO         2750    .text.GUI_DEVICE_Create  STemWin_CM4_OS_wc16_ot_ARGB.a(GUI_Device.o)
    0x08000ea4   0x08000ea4   0x00000130   Code   RO         2753    .text.GUI_DEVICE_CreateAndLink  STemWin_CM4_OS_wc16_ot_ARGB.a(GUI_Device.o)
    0x08000fd4   0x08000fd4   0x00000004   Code   RO         2749    .text.GUI_DEVICE_Delete  STemWin_CM4_OS_wc16_ot_ARGB.a(GUI_Device.o)
    0x08000fd8   0x08000fd8   0x00000098   Code   RO         2752    .text.GUI_DEVICE_Link  STemWin_CM4_OS_wc16_ot_ARGB.a(GUI_Device.o)
    0x08001070   0x08001070   0x000000ac   Code   RO         2755    .text.GUI_DEVICE_LinkDevices  STemWin_CM4_OS_wc16_ot_ARGB.a(GUI_Device.o)
    0x0800111c   0x0800111c   0x00000044   Code   RO         2751    .text.GUI_DEVICE_Unlink  STemWin_CM4_OS_wc16_ot_ARGB.a(GUI_Device.o)
    0x08001160   0x08001160   0x00000004   Code   RO         2754    .text.GUI_DEVICE_UnlinkTaskDevices  STemWin_CM4_OS_wc16_ot_ARGB.a(GUI_Device.o)
    0x08001164   0x08001164   0x0000002c   Code   RO         2748    .text.GUI_DEVICE__GetpDriver  STemWin_CM4_OS_wc16_ot_ARGB.a(GUI_Device.o)
    0x08001190   0x08001190   0x00000080   Code   RO         2804    .text.GUI_Delay     STemWin_CM4_OS_wc16_ot_ARGB.a(GUI_Time.o)
    0x08001210   0x08001210   0x00000104   Code   RO         2948    .text.GUI_DrawBitmap  STemWin_CM4_OS_wc16_ot_ARGB.a(GUI_DrawBitmap.o)
    0x08001314   0x08001314   0x0000005c   Code   RO         2673    .text.GUI_Exec      STemWin_CM4_OS_wc16_ot_ARGB.a(GUI_Common.o)
    0x08001370   0x08001370   0x000000a8   Code   RO         2675    .text.GUI_GetBitmapPixelIndex  STemWin_CM4_OS_wc16_ot_ARGB.a(GUI_Common.o)
    0x08001418   0x08001418   0x00000014   Code   RO         2830    .text.GUI_GetBitsPerPixelEx  STemWin_CM4_OS_wc16_ot_ARGB.a(LCD_GetEx.o)
    0x0800142c   0x0800142c   0x00000014   Code   RO         3328    .text.GUI_GetCursorLayer  STemWin_CM4_OS_wc16_ot_ARGB.a(GUI_SelectLayer.o)
    0x08001440   0x08001440   0x00000028   Code   RO         3329    .text.GUI_GetLayerPosEx  STemWin_CM4_OS_wc16_ot_ARGB.a(GUI_SelectLayer.o)
    0x08001468   0x08001468   0x0000002c   Code   RO         2662    .text.GUI_GetOrg    STemWin_CM4_OS_wc16_ot_ARGB.a(GUI_Common.o)
    0x08001494   0x08001494   0x00000018   Code   RO         2666    .text.GUI_GetVersionString  STemWin_CM4_OS_wc16_ot_ARGB.a(GUI_Common.o)
    0x080014ac   0x080014ac   0x00000010   Code   RO         2837    .text.GUI_GetpfColor2IndexEx  STemWin_CM4_OS_wc16_ot_ARGB.a(LCD_GetEx.o)
    0x080014bc   0x080014bc   0x00000010   Code   RO         2835    .text.GUI_GetpfIndex2ColorEx  STemWin_CM4_OS_wc16_ot_ARGB.a(LCD_GetEx.o)
    0x080014cc   0x080014cc   0x00000020   Code   RO         2679    .text.GUI_GotoXY    STemWin_CM4_OS_wc16_ot_ARGB.a(GUI_Common.o)
    0x080014ec   0x080014ec   0x000000fc   Code   RO         2731    .text.GUI_Init      STemWin_CM4_OS_wc16_ot_ARGB.a(GUI_Core.o)
    0x080015e8   0x080015e8   0x000000a0   Code   RO         2984    .text.GUI_Lock      STemWin_CM4_OS_wc16_ot_ARGB.a(GUI_Task.o)
    0x08001688   0x08001688   0x00000058   Code   RO         3656    .text.GUI_MEMDEV_Clear  STemWin_CM4_OS_wc16_ot_ARGB.a(GUIDEV_Clear.o)
    0x080016e0   0x080016e0   0x00000010   Code   RO         3452    .text.GUI_MEMDEV_CopyToLCD  STemWin_CM4_OS_wc16_ot_ARGB.a(GUIDEV.o)
    0x080016f0   0x080016f0   0x00000100   Code   RO         3443    .text.GUI_MEMDEV_CopyToLCDAt.part.0  STemWin_CM4_OS_wc16_ot_ARGB.a(GUIDEV.o)
    0x080017f0   0x080017f0   0x00000090   Code   RO         3448    .text.GUI_MEMDEV_CreateEx  STemWin_CM4_OS_wc16_ot_ARGB.a(GUIDEV.o)
    0x08001880   0x08001880   0x00000054   Code   RO         3447    .text.GUI_MEMDEV_Delete  STemWin_CM4_OS_wc16_ot_ARGB.a(GUIDEV.o)
    0x080018d4   0x080018d4   0x00000178   Code   RO         3458    .text.GUI_MEMDEV_Draw  STemWin_CM4_OS_wc16_ot_ARGB.a(GUIDEV_Banding.o)
    0x08001a4c   0x08001a4c   0x00000038   Code   RO         3446    .text.GUI_MEMDEV_GetBitsPerPixel  STemWin_CM4_OS_wc16_ot_ARGB.a(GUIDEV.o)
    0x08001a84   0x08001a84   0x00000030   Code   RO         3462    .text.GUI_MEMDEV_GetDataPtr  STemWin_CM4_OS_wc16_ot_ARGB.a(GUIDEV_GetDataPtr.o)
    0x08001ab4   0x08001ab4   0x00000044   Code   RO         3674    .text.GUI_MEMDEV_GetYSize  STemWin_CM4_OS_wc16_ot_ARGB.a(GUIDEV_GetYSize.o)
    0x08001af8   0x08001af8   0x00000198   Code   RO         3468    .text.GUI_MEMDEV_Paint1Static  STemWin_CM4_OS_wc16_ot_ARGB.a(GUIDEV_StaticDevices.o)
    0x08001c90   0x08001c90   0x00000040   Code   RO         3678    .text.GUI_MEMDEV_ReduceYSize  STemWin_CM4_OS_wc16_ot_ARGB.a(GUIDEV_ReduceYSize.o)
    0x08001cd0   0x08001cd0   0x00000060   Code   RO         3450    .text.GUI_MEMDEV_Select  STemWin_CM4_OS_wc16_ot_ARGB.a(GUIDEV.o)
    0x08001d30   0x08001d30   0x00000078   Code   RO         3682    .text.GUI_MEMDEV_SetOrg  STemWin_CM4_OS_wc16_ot_ARGB.a(GUIDEV_SetOrg.o)
    0x08001da8   0x08001da8   0x00000064   Code   RO         3697    .text.GUI_MEMDEV_Write  STemWin_CM4_OS_wc16_ot_ARGB.a(GUIDEV_Write.o)
    0x08001e0c   0x08001e0c   0x00000138   Code   RO         3445    .text.GUI_MEMDEV__CreateFixed  STemWin_CM4_OS_wc16_ot_ARGB.a(GUIDEV.o)
    0x08001f44   0x08001f44   0x00000180   Code   RO         3704    .text.GUI_MEMDEV__WriteToActiveAlpha  STemWin_CM4_OS_wc16_ot_ARGB.a(GUIDEV_WriteToActiveAlpha.o)
    0x080020c4   0x080020c4   0x0000003c   Code   RO         3444    .text.GUI_MEMDEV__WriteToActiveAt  STemWin_CM4_OS_wc16_ot_ARGB.a(GUIDEV.o)
    0x08002100   0x08002100   0x0000097c   Code   RO         3123    .text.GUI_MEMDEV__WriteToActiveOpaque  STemWin_CM4_OS_wc16_ot_ARGB.a(GUIDEV_WriteToActiveOpaque.o)
    0x08002a7c   0x08002a7c   0x0000006c   Code   RO         2953    .text.GUI_MULTIBUF_BeginEx  STemWin_CM4_OS_wc16_ot_ARGB.a(GUI_MULTIBUF.o)
    0x08002ae8   0x08002ae8   0x00000064   Code   RO         2954    .text.GUI_MULTIBUF_EndEx  STemWin_CM4_OS_wc16_ot_ARGB.a(GUI_MULTIBUF.o)
    0x08002b4c   0x08002b4c   0x0000005c   Code   RO         2670    .text.GUI_MergeRect  STemWin_CM4_OS_wc16_ot_ARGB.a(GUI_Common.o)
    0x08002ba8   0x08002ba8   0x00000024   Code   RO         2671    .text.GUI_MoveRect  STemWin_CM4_OS_wc16_ot_ARGB.a(GUI_Common.o)
    0x08002bcc   0x08002bcc   0x00000050   Code   RO         2761    .text.GUI_PID_GetState  STemWin_CM4_OS_wc16_ot_ARGB.a(GUI_PID.o)
    0x08002c1c   0x08002c1c   0x00000014   Code   RO         2765    .text.GUI_PID_IsEmpty  STemWin_CM4_OS_wc16_ot_ARGB.a(GUI_PID.o)
    0x08002c30   0x08002c30   0x000000f8   Code   RO         2764    .text.GUI_PID_StoreState  STemWin_CM4_OS_wc16_ot_ARGB.a(GUI_PID.o)
    0x08002d28   0x08002d28   0x00000044   Code   RO         2975    .text.GUI_PollKeyMsg  STemWin_CM4_OS_wc16_ot_ARGB.a(GUI_OnKey.o)
    0x08002d6c   0x08002d6c   0x00002024   Code   RO         2793    .text.GUI_QR_Create  STemWin_CM4_OS_wc16_ot_ARGB.a(GUI_QR.o)
    0x08004d90   0x08004d90   0x00000008   Code   RO         2795    .text.GUI_QR_Delete  STemWin_CM4_OS_wc16_ot_ARGB.a(GUI_QR.o)
    0x08004d98   0x08004d98   0x0000004c   Code   RO         2794    .text.GUI_QR_Draw   STemWin_CM4_OS_wc16_ot_ARGB.a(GUI_QR.o)
    0x08004de4   0x08004de4   0x00000060   Code   RO         3633    .text.GUI_ReadRectEx  STemWin_CM4_OS_wc16_ot_ARGB.a(LCD_ReadRect.o)
    0x08004e44   0x08004e44   0x0000003c   Code   RO         2687    .text.GUI_RectsIntersect  STemWin_CM4_OS_wc16_ot_ARGB.a(GUI_Common.o)
    0x08004e80   0x08004e80   0x00000014   Code   RO         2689    .text.GUI_RestoreContext  STemWin_CM4_OS_wc16_ot_ARGB.a(GUI_Common.o)
    0x08004e94   0x08004e94   0x000006ac   Code   RO         3581    .text.GUI_SPRITE_SetPosition  STemWin_CM4_OS_wc16_ot_ARGB.a(GUI_SPRITE.o)
    0x08005540   0x08005540   0x00000014   Code   RO         2688    .text.GUI_SaveContext_W  STemWin_CM4_OS_wc16_ot_ARGB.a(GUI_Common.o)
    0x08005554   0x08005554   0x0000001c   Code   RO         2694    .text.GUI_SelectLCD  STemWin_CM4_OS_wc16_ot_ARGB.a(GUI_Common.o)
    0x08005570   0x08005570   0x00000040   Code   RO         3331    .text.GUI_SelectLayer  STemWin_CM4_OS_wc16_ot_ARGB.a(GUI_SelectLayer.o)
    0x080055b0   0x080055b0   0x00000018   Code   RO         2696    .text.GUI_SetBkColor  STemWin_CM4_OS_wc16_ot_ARGB.a(GUI_Common.o)
    0x080055c8   0x080055c8   0x00000018   Code   RO         2697    .text.GUI_SetColor  STemWin_CM4_OS_wc16_ot_ARGB.a(GUI_Common.o)
    0x080055e0   0x080055e0   0x00000018   Code   RO         2704    .text.GUI_SetDrawMode  STemWin_CM4_OS_wc16_ot_ARGB.a(GUI_Common.o)
    0x080055f8   0x080055f8   0x00000020   Code   RO         3333    .text.GUI_SetLayerPosEx  STemWin_CM4_OS_wc16_ot_ARGB.a(GUI_SelectLayer.o)
    0x08005618   0x08005618   0x00000040   Code   RO         2708    .text.GUI_SetOrg    STemWin_CM4_OS_wc16_ot_ARGB.a(GUI_Common.o)
    0x08005658   0x08005658   0x00000010   Code   RO         3016    .text.GUI_SignalEvent  STemWin_CM4_OS_wc16_ot_ARGB.a(GUI_WaitEvent.o)
    0x08005668   0x08005668   0x00000010   Code   RO         2972    .text.GUI_StoreKey  STemWin_CM4_OS_wc16_ot_ARGB.a(GUI_OnKey.o)
    0x08005678   0x08005678   0x000000d0   Code   RO         3348    .text.GUI_TIMER_Delete  STemWin_CM4_OS_wc16_ot_ARGB.a(GUI_Timer.o)
    0x08005748   0x08005748   0x0000003c   Code   RO         3354    .text.GUI_TIMER_GetFlag  STemWin_CM4_OS_wc16_ot_ARGB.a(GUI_Timer.o)
    0x08005784   0x08005784   0x00000030   Code   RO         3345    .text.GUI_TIMER__GetFirstTimer  STemWin_CM4_OS_wc16_ot_ARGB.a(GUI_Timer.o)
    0x080057b4   0x080057b4   0x00000040   Code   RO         3346    .text.GUI_TIMER__GetNextTimerLin  STemWin_CM4_OS_wc16_ot_ARGB.a(GUI_Timer.o)
    0x080057f4   0x080057f4   0x00000024   Code   RO         3119    .text.GUI_USAGE_AddRect  STemWin_CM4_OS_wc16_ot_ARGB.a(GUIDEV_Usage.o)
    0x08005818   0x08005818   0x00000074   Code   RO         3690    .text.GUI_USAGE_BM_AddHLine  STemWin_CM4_OS_wc16_ot_ARGB.a(GUIDEV_UsageBM.o)
    0x0800588c   0x0800588c   0x00000030   Code   RO         3686    .text.GUI_USAGE_BM_AddPixel  STemWin_CM4_OS_wc16_ot_ARGB.a(GUIDEV_UsageBM.o)
    0x080058bc   0x080058bc   0x00000014   Code   RO         3689    .text.GUI_USAGE_BM_Clear  STemWin_CM4_OS_wc16_ot_ARGB.a(GUIDEV_UsageBM.o)
    0x080058d0   0x080058d0   0x00000064   Code   RO         3691    .text.GUI_USAGE_BM_Create  STemWin_CM4_OS_wc16_ot_ARGB.a(GUIDEV_UsageBM.o)
    0x08005934   0x08005934   0x000000c4   Code   RO         3687    .text.GUI_USAGE_BM_GetNextDirty  STemWin_CM4_OS_wc16_ot_ARGB.a(GUIDEV_UsageBM.o)
    0x080059f8   0x080059f8   0x00000034   Code   RO         3118    .text.GUI_USAGE_DecUseCnt  STemWin_CM4_OS_wc16_ot_ARGB.a(GUIDEV_Usage.o)
    0x08005a2c   0x08005a2c   0x00000014   Code   RO         2983    .text.GUI_Unlock    STemWin_CM4_OS_wc16_ot_ARGB.a(GUI_Task.o)
    0x08005a40   0x08005a40   0x0000009c   Code   RO         3363    .text.GUI__AllocAlphaBuffer  STemWin_CM4_OS_wc16_ot_ARGB.a(GUI__Alpha.o)
    0x08005adc   0x08005adc   0x0000002c   Code   RO         3622    .text.GUI__AlphaPreserveTrans  STemWin_CM4_OS_wc16_ot_ARGB.a(GUI_SetAlpha.o)
    0x08005b08   0x08005b08   0x00000190   Code   RO         3372    .text.GUI__CompactPixelIndices  STemWin_CM4_OS_wc16_ot_ARGB.a(GUI__CompactPixelIndices.o)
    0x08005c98   0x08005c98   0x0000018c   Code   RO         3374    .text.GUI__CompactPixelIndicesEx  STemWin_CM4_OS_wc16_ot_ARGB.a(GUI__CompactPixelIndices.o)
    0x08005e24   0x08005e24   0x00000080   Code   RO         2730    .text.GUI__Config   STemWin_CM4_OS_wc16_ot_ARGB.a(GUI_Core.o)
    0x08005ea4   0x08005ea4   0x00000280   Code   RO         3361    .text.GUI__DoAlphaBlending  STemWin_CM4_OS_wc16_ot_ARGB.a(GUI__Alpha.o)
    0x08006124   0x08006124   0x00000198   Code   RO         3628    .text.GUI__ExpandPixelIndicesEx  STemWin_CM4_OS_wc16_ot_ARGB.a(GUI__ExpandPixelIndices.o)
    0x080062bc   0x080062bc   0x0000003c   Code   RO         3030    .text.GUI__IntersectRect  STemWin_CM4_OS_wc16_ot_ARGB.a(GUI__Private.o)
    0x080062f8   0x080062f8   0x00000058   Code   RO         3031    .text.GUI__IntersectRects  STemWin_CM4_OS_wc16_ot_ARGB.a(GUI__Private.o)
    0x08006350   0x08006350   0x000000f4   Code   RO         3380    .text.GUI__ManageCache  STemWin_CM4_OS_wc16_ot_ARGB.a(GUI__ManageCache.o)
    0x08006444   0x08006444   0x00000058   Code   RO         3359    .text.GUI__MixColors  STemWin_CM4_OS_wc16_ot_ARGB.a(GUI__Alpha.o)
    0x0800649c   0x0800649c   0x00000094   Code   RO         3358    .text.GUI__MixColorsBulk  STemWin_CM4_OS_wc16_ot_ARGB.a(GUI__Alpha.o)
    0x08006530   0x08006530   0x00000028   Code   RO         2733    .text.GUI__RegisterExit  STemWin_CM4_OS_wc16_ot_ARGB.a(GUI_Core.o)
    0x08006558   0x08006558   0x00000068   Code   RO         3034    .text.GUI__memset16  STemWin_CM4_OS_wc16_ot_ARGB.a(GUI__Private.o)
    0x080065c0   0x080065c0   0x00000048   Code   RO         3399    .text.LCD_AA_MixColors16  STemWin_CM4_OS_wc16_ot_ARGB.a(LCD_AA.o)
    0x08006608   0x08006608   0x00000010   Code   RO         3402    .text.LCD_AA_SetOrMask  STemWin_CM4_OS_wc16_ot_ARGB.a(LCD_AA.o)
    0x08006618   0x08006618   0x0000001c   Code   RO         3068    .text.LCD_Color2Index  STemWin_CM4_OS_wc16_ot_ARGB.a(LCD.o)
    0x08006634   0x08006634   0x0000030c   Code   RO         3065    .text.LCD_DrawBitmap  STemWin_CM4_OS_wc16_ot_ARGB.a(LCD.o)
    0x08006940   0x08006940   0x00000054   Code   RO         3061    .text.LCD_DrawHLine  STemWin_CM4_OS_wc16_ot_ARGB.a(LCD.o)
    0x08006994   0x08006994   0x0000006c   Code   RO         3060    .text.LCD_DrawPixel  STemWin_CM4_OS_wc16_ot_ARGB.a(LCD.o)
    0x08006a00   0x08006a00   0x00000060   Code   RO         3063    .text.LCD_FillRect  STemWin_CM4_OS_wc16_ot_ARGB.a(LCD.o)
    0x08006a60   0x08006a60   0x00000020   Code   RO         2812    .text.LCD_GetBitsPerPixelEx  STemWin_CM4_OS_wc16_ot_ARGB.a(LCD_GetEx.o)
    0x08006a80   0x08006a80   0x0000002c   Code   RO         2824    .text.LCD_GetNumColors  STemWin_CM4_OS_wc16_ot_ARGB.a(LCD_GetEx.o)
    0x08006aac   0x08006aac   0x00000020   Code   RO         2813    .text.LCD_GetNumColorsEx  STemWin_CM4_OS_wc16_ot_ARGB.a(LCD_GetEx.o)
    0x08006acc   0x08006acc   0x00000020   Code   RO         3411    .text.LCD_GetNumLayers  STemWin_CM4_OS_wc16_ot_ARGB.a(LCD_GetNumDisplays.o)
    0x08006aec   0x08006aec   0x00000020   Code   RO         2833    .text.LCD_GetPalette  STemWin_CM4_OS_wc16_ot_ARGB.a(LCD_GetEx.o)
    0x08006b0c   0x08006b0c   0x00000034   Code   RO         2851    .text.LCD_GetPosEx  STemWin_CM4_OS_wc16_ot_ARGB.a(LCD_Set.o)
    0x08006b40   0x08006b40   0x00000020   Code   RO         2810    .text.LCD_GetVXSizeEx  STemWin_CM4_OS_wc16_ot_ARGB.a(LCD_GetEx.o)
    0x08006b60   0x08006b60   0x00000034   Code   RO         2840    .text.LCD_GetVXSizeMax  STemWin_CM4_OS_wc16_ot_ARGB.a(LCD_GetEx.o)
    0x08006b94   0x08006b94   0x00000020   Code   RO         2811    .text.LCD_GetVYSizeEx  STemWin_CM4_OS_wc16_ot_ARGB.a(LCD_GetEx.o)
    0x08006bb4   0x08006bb4   0x0000002c   Code   RO         2819    .text.LCD_GetXSize  STemWin_CM4_OS_wc16_ot_ARGB.a(LCD_GetEx.o)
    0x08006be0   0x08006be0   0x0000000c   Code   RO         2844    .text.LCD_GetXSizeDisplay  STemWin_CM4_OS_wc16_ot_ARGB.a(LCD_GetEx.o)
    0x08006bec   0x08006bec   0x00000020   Code   RO         2808    .text.LCD_GetXSizeEx  STemWin_CM4_OS_wc16_ot_ARGB.a(LCD_GetEx.o)
    0x08006c0c   0x08006c0c   0x00000034   Code   RO         2838    .text.LCD_GetXSizeMax  STemWin_CM4_OS_wc16_ot_ARGB.a(LCD_GetEx.o)
    0x08006c40   0x08006c40   0x0000002c   Code   RO         2820    .text.LCD_GetYSize  STemWin_CM4_OS_wc16_ot_ARGB.a(LCD_GetEx.o)
    0x08006c6c   0x08006c6c   0x0000000c   Code   RO         2845    .text.LCD_GetYSizeDisplay  STemWin_CM4_OS_wc16_ot_ARGB.a(LCD_GetEx.o)
    0x08006c78   0x08006c78   0x00000020   Code   RO         2809    .text.LCD_GetYSizeEx  STemWin_CM4_OS_wc16_ot_ARGB.a(LCD_GetEx.o)
    0x08006c98   0x08006c98   0x00000034   Code   RO         2839    .text.LCD_GetYSizeMax  STemWin_CM4_OS_wc16_ot_ARGB.a(LCD_GetEx.o)
    0x08006ccc   0x08006ccc   0x00000074   Code   RO         3084    .text.LCD_GetpPalConvTableBM  STemWin_CM4_OS_wc16_ot_ARGB.a(LCD_Color.o)
    0x08006d40   0x08006d40   0x0000001c   Code   RO         3069    .text.LCD_Index2Color  STemWin_CM4_OS_wc16_ot_ARGB.a(LCD.o)
    0x08006d5c   0x08006d5c   0x00000034   Code   RO         2583    .text.LCD_Index2Color_M565  STemWin_CM4_OS_wc16_ot_ARGB.a(GUICC_M565.o)
    0x08006d90   0x08006d90   0x00000008   Code   RO         3548    .text.LCD_Index2Color_M888  STemWin_CM4_OS_wc16_ot_ARGB.a(GUICC_M888_Index2Color.o)
    0x08006d98   0x08006d98   0x00000004   Code   RO         3544    .text.LCD_Index2Color_M8888I  STemWin_CM4_OS_wc16_ot_ARGB.a(GUICC_M8888I_Index2Color.o)
    0x08006d9c   0x08006d9c   0x00000040   Code   RO         3081    .text.LCD_InitColors  STemWin_CM4_OS_wc16_ot_ARGB.a(LCD_Color.o)
    0x08006ddc   0x08006ddc   0x00000080   Code   RO         3085    .text.LCD_InitLUT   STemWin_CM4_OS_wc16_ot_ARGB.a(LCD_Color.o)
    0x08006e5c   0x08006e5c   0x000001f4   Code   RO         3632    .text.LCD_ReadRectEx  STemWin_CM4_OS_wc16_ot_ARGB.a(LCD_ReadRect.o)
    0x08007050   0x08007050   0x00000044   Code   RO         3105    .text.LCD_SelectLCD  STemWin_CM4_OS_wc16_ot_ARGB.a(LCD_SelectLCD.o)
    0x08007094   0x08007094   0x0000000c   Code   RO         3072    .text.LCD_SetBkColor  STemWin_CM4_OS_wc16_ot_ARGB.a(LCD.o)
    0x080070a0   0x080070a0   0x00000018   Code   RO         3071    .text.LCD_SetBkColorIndex  STemWin_CM4_OS_wc16_ot_ARGB.a(LCD.o)
    0x080070b8   0x080070b8   0x00000034   Code   RO         3439    .text.LCD_SetClipRectEx  STemWin_CM4_OS_wc16_ot_ARGB.a(LCD_SetClipRectEx.o)
    0x080070ec   0x080070ec   0x0000001c   Code   RO         3066    .text.LCD_SetClipRectMax  STemWin_CM4_OS_wc16_ot_ARGB.a(LCD.o)
    0x08007108   0x08007108   0x0000000c   Code   RO         3073    .text.LCD_SetColor  STemWin_CM4_OS_wc16_ot_ARGB.a(LCD.o)
    0x08007114   0x08007114   0x00000018   Code   RO         3070    .text.LCD_SetColorIndex  STemWin_CM4_OS_wc16_ot_ARGB.a(LCD.o)
    0x0800712c   0x0800712c   0x0000000c   Code   RO         2843    .text.LCD_SetDisplaySize  STemWin_CM4_OS_wc16_ot_ARGB.a(LCD_GetEx.o)
    0x08007138   0x08007138   0x0000000c   Code   RO         3059    .text.LCD_SetDrawMode  STemWin_CM4_OS_wc16_ot_ARGB.a(LCD.o)
    0x08007144   0x08007144   0x00000034   Code   RO         2861    .text.LCD_SetLUTEntryEx  STemWin_CM4_OS_wc16_ot_ARGB.a(LCD_Set.o)
    0x08007178   0x08007178   0x00000034   Code   RO         2862    .text.LCD_SetPosEx  STemWin_CM4_OS_wc16_ot_ARGB.a(LCD_Set.o)
    0x080071ac   0x080071ac   0x00000034   Code   RO         2863    .text.LCD_SetSizeEx  STemWin_CM4_OS_wc16_ot_ARGB.a(LCD_Set.o)
    0x080071e0   0x080071e0   0x00000034   Code   RO         2866    .text.LCD_SetVSizeEx  STemWin_CM4_OS_wc16_ot_ARGB.a(LCD_Set.o)
    0x08007214   0x08007214   0x00000024   Code   RO         3109    .text.LCD_UpdateColorIndices  STemWin_CM4_OS_wc16_ot_ARGB.a(LCD_UpdateColorIndices.o)
    0x08007238   0x08007238   0x0000021c   Code   RO         3064    .text.LCD__DrawBitmap_1bpp  STemWin_CM4_OS_wc16_ot_ARGB.a(LCD.o)
    0x08007454   0x08007454   0x00000080   Code   RO         2846    .text.LCD__GetBPP   STemWin_CM4_OS_wc16_ot_ARGB.a(LCD_GetEx.o)
    0x080074d4   0x080074d4   0x00000064   Code   RO         2847    .text.LCD__GetBPPDevice  STemWin_CM4_OS_wc16_ot_ARGB.a(LCD_GetEx.o)
    0x08007538   0x08007538   0x00000010   Code   RO         3176    .text.WM_Activate   STemWin_CM4_OS_wc16_ot_ARGB.a(WM.o)
    0x08007548   0x08007548   0x000000a8   Code   RO         3204    .text.WM_BringToBottom  STemWin_CM4_OS_wc16_ot_ARGB.a(WM_Lib.o)
    0x080075f0   0x080075f0   0x000001dc   Code   RO         3161    .text.WM_CreateWindowAsChild  STemWin_CM4_OS_wc16_ot_ARGB.a(WM.o)
    0x080077cc   0x080077cc   0x00000020   Code   RO         3177    .text.WM_Deactivate  STemWin_CM4_OS_wc16_ot_ARGB.a(WM.o)
    0x080077ec   0x080077ec   0x00000060   Code   RO         3178    .text.WM_DefaultProc  STemWin_CM4_OS_wc16_ot_ARGB.a(WM.o)
    0x0800784c   0x0800784c   0x00000238   Code   RO         3151    .text.WM_DeleteWindow.part.3  STemWin_CM4_OS_wc16_ot_ARGB.a(WM.o)
    0x08007a84   0x08007a84   0x0000029c   Code   RO         3175    .text.WM_Exec       STemWin_CM4_OS_wc16_ot_ARGB.a(WM.o)
    0x08007d20   0x08007d20   0x00000018   Code   RO         3200    .text.WM_GetDesktopWindow  STemWin_CM4_OS_wc16_ot_ARGB.a(WM_Lib.o)
    0x08007d38   0x08007d38   0x00000014   Code   RO         3201    .text.WM_GetDesktopWindowEx  STemWin_CM4_OS_wc16_ot_ARGB.a(WM_Lib.o)
    0x08007d4c   0x08007d4c   0x0000001c   Code   RO         3209    .text.WM_GetFirstChild  STemWin_CM4_OS_wc16_ot_ARGB.a(WM_Lib.o)
    0x08007d68   0x08007d68   0x0000001c   Code   RO         3222    .text.WM_GetParent  STemWin_CM4_OS_wc16_ot_ARGB.a(WM_Lib.o)
    0x08007d84   0x08007d84   0x0000001c   Code   RO         3218    .text.WM_GetWindowOrgX  STemWin_CM4_OS_wc16_ot_ARGB.a(WM_Lib.o)
    0x08007da0   0x08007da0   0x00000534   Code   RO         3275    .text.WM_HandlePID  STemWin_CM4_OS_wc16_ot_ARGB.a(WM_Touch.o)
    0x080082d4   0x080082d4   0x0000015c   Code   RO         3179    .text.WM_Init       STemWin_CM4_OS_wc16_ot_ARGB.a(WM.o)
    0x08008430   0x08008430   0x000000dc   Code   RO         3149    .text.WM_InvalidateRect.part.2  STemWin_CM4_OS_wc16_ot_ARGB.a(WM.o)
    0x0800850c   0x0800850c   0x00000364   Code   RO         3146    .text.WM_InvalidateWindowAndDescsEx  STemWin_CM4_OS_wc16_ot_ARGB.a(WM.o)
    0x08008870   0x08008870   0x00000018   Code   RO         3236    .text.WM_IsWindow   STemWin_CM4_OS_wc16_ot_ARGB.a(WM_Lib.o)
    0x08008888   0x08008888   0x00000020   Code   RO         2905    .text.WM_MULTIBUF_Enable  STemWin_CM4_OS_wc16_ot_ARGB.a(WM_MULTIBUF.o)
    0x080088a8   0x080088a8   0x000000b4   Code   RO         3480    .text.WM_MoveWindow  STemWin_CM4_OS_wc16_ot_ARGB.a(WM_Move.o)
    0x0800895c   0x0800895c   0x00000040   Code   RO         3238    .text.WM_NotifyParent  STemWin_CM4_OS_wc16_ot_ARGB.a(WM_Lib.o)
    0x0800899c   0x0800899c   0x0000004c   Code   RO         3239    .text.WM_OnKey      STemWin_CM4_OS_wc16_ot_ARGB.a(WM_Lib.o)
    0x080089e8   0x080089e8   0x0000001c   Code   RO         3486    .text.WM_PID__SetPrevState  STemWin_CM4_OS_wc16_ot_ARGB.a(WM_PID__GetPrevState.o)
    0x08008a04   0x08008a04   0x00000038   Code   RO         3498    .text.WM_ReleaseCapture  STemWin_CM4_OS_wc16_ot_ARGB.a(WM_SetCapture.o)
    0x08008a3c   0x08008a3c   0x00000018   Code   RO         3242    .text.WM_ResizeWindow  STemWin_CM4_OS_wc16_ot_ARGB.a(WM_Lib.o)
    0x08008a54   0x08008a54   0x00000104   Code   RO         3184    .text.WM_ResizeWindow.part.11  STemWin_CM4_OS_wc16_ot_ARGB.a(WM_Lib.o)
    0x08008b58   0x08008b58   0x00000098   Code   RO         3492    .text.WM_Screen2hWin  STemWin_CM4_OS_wc16_ot_ARGB.a(WM_Screen2Win.o)
    0x08008bf0   0x08008bf0   0x0000001c   Code   RO         3243    .text.WM_SendMessageNoPara  STemWin_CM4_OS_wc16_ot_ARGB.a(WM_Lib.o)
    0x08008c0c   0x08008c0c   0x00000040   Code   RO         3244    .text.WM_SendToParent  STemWin_CM4_OS_wc16_ot_ARGB.a(WM_Lib.o)
    0x08008c4c   0x08008c4c   0x00000064   Code   RO         3255    .text.WM_SetSize    STemWin_CM4_OS_wc16_ot_ARGB.a(WM_Lib.o)
    0x08008cb0   0x08008cb0   0x00000128   Code   RO         3140    .text.WM__ActivateClipRect  STemWin_CM4_OS_wc16_ot_ARGB.a(WM.o)
    0x08008dd8   0x08008dd8   0x00000010   Code   RO         3529    .text.WM__AddCriticalHandle  STemWin_CM4_OS_wc16_ot_ARGB.a(WM__Private.o)
    0x08008de8   0x08008de8   0x0000007c   Code   RO         3503    .text.WM__DeleteAssocTimer  STemWin_CM4_OS_wc16_ot_ARGB.a(WM_Timer.o)
    0x08008e64   0x08008e64   0x00000028   Code   RO         3531    .text.WM__GetClientRectEx  STemWin_CM4_OS_wc16_ot_ARGB.a(WM__Private.o)
    0x08008e8c   0x08008e8c   0x0000001c   Code   RO         3158    .text.WM__GetClientRectWin  STemWin_CM4_OS_wc16_ot_ARGB.a(WM.o)
    0x08008ea8   0x08008ea8   0x0000024c   Code   RO         3168    .text.WM__GetNextIVR  STemWin_CM4_OS_wc16_ot_ARGB.a(WM.o)
    0x080090f4   0x080090f4   0x00000038   Code   RO         3518    .text.WM__GetPrevSibling  STemWin_CM4_OS_wc16_ot_ARGB.a(WM__Private.o)
    0x0800912c   0x0800912c   0x00000198   Code   RO         3169    .text.WM__InitIVRSearch  STemWin_CM4_OS_wc16_ot_ARGB.a(WM.o)
    0x080092c4   0x080092c4   0x000000dc   Code   RO         3141    .text.WM__InsertWindowIntoList  STemWin_CM4_OS_wc16_ot_ARGB.a(WM.o)
    0x080093a0   0x080093a0   0x000002a4   Code   RO         3145    .text.WM__InvalidateDrawAndDescs  STemWin_CM4_OS_wc16_ot_ARGB.a(WM.o)
    0x08009644   0x08009644   0x000000f0   Code   RO         3153    .text.WM__InvalidateParent  STemWin_CM4_OS_wc16_ot_ARGB.a(WM.o)
    0x08009734   0x08009734   0x000000d0   Code   RO         3147    .text.WM__InvalidateRect  STemWin_CM4_OS_wc16_ot_ARGB.a(WM.o)
    0x08009804   0x08009804   0x000000cc   Code   RO         3154    .text.WM__InvalidateRectEx  STemWin_CM4_OS_wc16_ot_ARGB.a(WM.o)
    0x080098d0   0x080098d0   0x00000024   Code   RO         3519    .text.WM__IsAncestor  STemWin_CM4_OS_wc16_ot_ARGB.a(WM__Private.o)
    0x080098f4   0x080098f4   0x00000014   Code   RO         3522    .text.WM__IsEnabled  STemWin_CM4_OS_wc16_ot_ARGB.a(WM__Private.o)
    0x08009908   0x08009908   0x00000030   Code   RO         3144    .text.WM__IsWindow  STemWin_CM4_OS_wc16_ot_ARGB.a(WM.o)
    0x08009938   0x08009938   0x000000b8   Code   RO         3170    .text.WM__Paint1    STemWin_CM4_OS_wc16_ot_ARGB.a(WM.o)
    0x080099f0   0x080099f0   0x000000a0   Code   RO         3135    .text.WM__PaintWinAndOverlays  STemWin_CM4_OS_wc16_ot_ARGB.a(WM.o)
    0x08009a90   0x08009a90   0x00000040   Code   RO         3530    .text.WM__RemoveCriticalHandle  STemWin_CM4_OS_wc16_ot_ARGB.a(WM__Private.o)
    0x08009ad0   0x08009ad0   0x0000003c   Code   RO         3525    .text.WM__SendMessage  STemWin_CM4_OS_wc16_ot_ARGB.a(WM__Private.o)
    0x08009b0c   0x08009b0c   0x00000048   Code   RO         3526    .text.WM__SendMessageIfEnabled  STemWin_CM4_OS_wc16_ot_ARGB.a(WM__Private.o)
    0x08009b54   0x08009b54   0x00000028   Code   RO         3527    .text.WM__SendMessageNoPara  STemWin_CM4_OS_wc16_ot_ARGB.a(WM__Private.o)
    0x08009b7c   0x08009b7c   0x00000018   Code   RO         3157    .text.WM__SendMsgNoData  STemWin_CM4_OS_wc16_ot_ARGB.a(WM.o)
    0x08009b94   0x08009b94   0x0000007c   Code   RO         3271    .text.WM__SendTouchMessage  STemWin_CM4_OS_wc16_ot_ARGB.a(WM_Touch.o)
    0x08009c10   0x08009c10   0x00000100   Code   RO         3528    .text.WM__UpdateChildPositions  STemWin_CM4_OS_wc16_ot_ARGB.a(WM__Private.o)
    0x08009d10   0x08009d10   0x0000035c   Code   RO         2593    .text._AddFreeMemory  STemWin_CM4_OS_wc16_ot_ARGB.a(GUI_Alloc.o)
    0x0800a06c   0x0800a06c   0x00000374   Code   RO         2596    .text._Alloc        STemWin_CM4_OS_wc16_ot_ARGB.a(GUI_Alloc.o)
    0x0800a3e0   0x0800a3e0   0x000000bc   Code   RO         2785    .text._BS_Append    STemWin_CM4_OS_wc16_ot_ARGB.a(GUI_QR.o)
    0x0800a49c   0x0800a49c   0x000000f8   Code   RO         2787    .text._BS_AppendNum.part.7  STemWin_CM4_OS_wc16_ot_ARGB.a(GUI_QR.o)
    0x0800a594   0x0800a594   0x000000e8   Code   RO         2788    .text._BS_AppendNum.part.7.constprop.37  STemWin_CM4_OS_wc16_ot_ARGB.a(GUI_QR.o)
    0x0800a67c   0x0800a67c   0x00000040   Code   RO         2783    .text._BS_Delete    STemWin_CM4_OS_wc16_ot_ARGB.a(GUI_QR.o)
    0x0800a6bc   0x0800a6bc   0x00000004   Code   RO         3006    .text._CalcSizeOfChar  STemWin_CM4_OS_wc16_ot_ARGB.a(GUI_UC_EncodeNone.o)
    0x0800a6c0   0x0800a6c0   0x00000058   Code   RO         2586    .text._Color2IndexBulk  STemWin_CM4_OS_wc16_ot_ARGB.a(GUICC_M565.o)
    0x0800a718   0x0800a718   0x00000014   Code   RO         3537    .text._Color2IndexBulk_M8888I  STemWin_CM4_OS_wc16_ot_ARGB.a(GUICC_M8888I.o)
    0x0800a72c   0x0800a72c   0x00000058   Code   RO         3281    .text._Color2Index_0  STemWin_CM4_OS_wc16_ot_ARGB.a(GUICC_0.o)
    0x0800a784   0x0800a784   0x0000002c   Code   RO         2584    .text._Color2Index_M565  STemWin_CM4_OS_wc16_ot_ARGB.a(GUICC_M565.o)
    0x0800a7b0   0x0800a7b0   0x00000004   Code   RO         3535    .text._Color2Index_M8888I  STemWin_CM4_OS_wc16_ot_ARGB.a(GUICC_M8888I.o)
    0x0800a7b4   0x0800a7b4   0x000000b4   Code   RO         3564    .text._CreateBuffer.isra.4  STemWin_CM4_OS_wc16_ot_ARGB.a(GUI_SPRITE.o)
    0x0800a868   0x0800a868   0x00000a34   Code   RO         2890    .text._DrawBitmap   STemWin_CM4_OS_wc16_ot_ARGB.a(GUIDEV_16.o)
    0x0800b29c   0x0800b29c   0x000009d4   Code   RO         3645    .text._DrawBitmap   STemWin_CM4_OS_wc16_ot_ARGB.a(GUIDEV_32.o)
    0x0800bc70   0x0800bc70   0x00000010   Code   RO         2896    .text._DrawHLine    STemWin_CM4_OS_wc16_ot_ARGB.a(GUIDEV_16.o)
    0x0800bc80   0x0800bc80   0x00000010   Code   RO         3650    .text._DrawHLine    STemWin_CM4_OS_wc16_ot_ARGB.a(GUIDEV_32.o)
    0x0800bc90   0x0800bc90   0x000000e4   Code   RO         2897    .text._DrawVLine    STemWin_CM4_OS_wc16_ot_ARGB.a(GUIDEV_16.o)
    0x0800bd74   0x0800bd74   0x000000e0   Code   RO         3651    .text._DrawVLine    STemWin_CM4_OS_wc16_ot_ARGB.a(GUIDEV_32.o)
    0x0800be54   0x0800be54   0x000001a0   Code   RO         2790    .text._Eat8         STemWin_CM4_OS_wc16_ot_ARGB.a(GUI_QR.o)
    0x0800bff4   0x0800bff4   0x000001b8   Code   RO         2791    .text._EatAn        STemWin_CM4_OS_wc16_ot_ARGB.a(GUI_QR.o)
    0x0800c1ac   0x0800c1ac   0x00000008   Code   RO         3007    .text._Encode       STemWin_CM4_OS_wc16_ot_ARGB.a(GUI_UC_EncodeNone.o)
    0x0800c1b4   0x0800c1b4   0x000000e0   Code   RO         2781    .text._EncodeRSChar  STemWin_CM4_OS_wc16_ot_ARGB.a(GUI_QR.o)
    0x0800c294   0x0800c294   0x000000dc   Code   RO         2595    .text._EnlargeBlocks  STemWin_CM4_OS_wc16_ot_ARGB.a(GUI_Alloc.o)
    0x0800c370   0x0800c370   0x00000094   Code   RO         3152    .text._Exec1Input   STemWin_CM4_OS_wc16_ot_ARGB.a(WM.o)
    0x0800c404   0x0800c404   0x000000a0   Code   RO         2779    .text._FRAME_FILLER_Next  STemWin_CM4_OS_wc16_ot_ARGB.a(GUI_QR.o)
    0x0800c4a4   0x0800c4a4   0x0000016c   Code   RO         2895    .text._FillRect     STemWin_CM4_OS_wc16_ot_ARGB.a(GUIDEV_16.o)
    0x0800c610   0x0800c610   0x000000f0   Code   RO         3649    .text._FillRect     STemWin_CM4_OS_wc16_ot_ARGB.a(GUIDEV_32.o)
    0x0800c700   0x0800c700   0x000000a8   Code   RO         3129    .text._Findx0       STemWin_CM4_OS_wc16_ot_ARGB.a(WM.o)
    0x0800c7a8   0x0800c7a8   0x0000008c   Code   RO         3133    .text._Findx0.constprop.10  STemWin_CM4_OS_wc16_ot_ARGB.a(WM.o)
    0x0800c834   0x0800c834   0x00000090   Code   RO         3130    .text._Findx1       STemWin_CM4_OS_wc16_ot_ARGB.a(WM.o)
    0x0800c8c4   0x0800c8c4   0x000000d0   Code   RO         3128    .text._Findy1       STemWin_CM4_OS_wc16_ot_ARGB.a(WM.o)
    0x0800c994   0x0800c994   0x000000a8   Code   RO         3134    .text._Findy1.constprop.11  STemWin_CM4_OS_wc16_ot_ARGB.a(WM.o)
    0x0800ca3c   0x0800ca3c   0x00000020   Code   RO         2780    .text._Free         STemWin_CM4_OS_wc16_ot_ARGB.a(GUI_QR.o)
    0x0800ca5c   0x0800ca5c   0x00000004   Code   RO         3688    .text._GUI_USAGE_BM_Delete  STemWin_CM4_OS_wc16_ot_ARGB.a(GUIDEV_UsageBM.o)
    0x0800ca60   0x0800ca60   0x00000004   Code   RO         3004    .text._GetCharCode  STemWin_CM4_OS_wc16_ot_ARGB.a(GUI_UC_EncodeNone.o)
    0x0800ca64   0x0800ca64   0x00000004   Code   RO         3005    .text._GetCharSize  STemWin_CM4_OS_wc16_ot_ARGB.a(GUI_UC_EncodeNone.o)
    0x0800ca68   0x0800ca68   0x00000010   Code   RO         2886    .text._GetDevData   STemWin_CM4_OS_wc16_ot_ARGB.a(GUIDEV_16.o)
    0x0800ca78   0x0800ca78   0x00000010   Code   RO         3640    .text._GetDevData   STemWin_CM4_OS_wc16_ot_ARGB.a(GUIDEV_32.o)
    0x0800ca88   0x0800ca88   0x00000010   Code   RO         2887    .text._GetDevFunc   STemWin_CM4_OS_wc16_ot_ARGB.a(GUIDEV_16.o)
    0x0800ca98   0x0800ca98   0x00000010   Code   RO         3641    .text._GetDevFunc   STemWin_CM4_OS_wc16_ot_ARGB.a(GUIDEV_32.o)
    0x0800caa8   0x0800caa8   0x00000018   Code   RO         2891    .text._GetDevProp   STemWin_CM4_OS_wc16_ot_ARGB.a(GUIDEV_16.o)
    0x0800cac0   0x0800cac0   0x0000000c   Code   RO         3642    .text._GetDevProp   STemWin_CM4_OS_wc16_ot_ARGB.a(GUIDEV_32.o)
    0x0800cacc   0x0800cacc   0x0000004c   Code   RO         3279    .text._GetIndexMask_0  STemWin_CM4_OS_wc16_ot_ARGB.a(GUICC_0.o)
    0x0800cb18   0x0800cb18   0x00000008   Code   RO         2585    .text._GetIndexMask_M565  STemWin_CM4_OS_wc16_ot_ARGB.a(GUICC_M565.o)
    0x0800cb20   0x0800cb20   0x00000008   Code   RO         3536    .text._GetIndexMask_M8888I  STemWin_CM4_OS_wc16_ot_ARGB.a(GUICC_M8888I.o)
    0x0800cb28   0x0800cb28   0x00000040   Code   RO         2892    .text._GetPixelIndex  STemWin_CM4_OS_wc16_ot_ARGB.a(GUIDEV_16.o)
    0x0800cb68   0x0800cb68   0x00000040   Code   RO         3646    .text._GetPixelIndex  STemWin_CM4_OS_wc16_ot_ARGB.a(GUIDEV_32.o)
    0x0800cba8   0x0800cba8   0x00000038   Code   RO         2889    .text._GetRect      STemWin_CM4_OS_wc16_ot_ARGB.a(GUIDEV_16.o)
    0x0800cbe0   0x0800cbe0   0x00000038   Code   RO         3644    .text._GetRect      STemWin_CM4_OS_wc16_ot_ARGB.a(GUIDEV_32.o)
    0x0800cc18   0x0800cc18   0x00000070   Code   RO         2587    .text._Index2ColorBulk  STemWin_CM4_OS_wc16_ot_ARGB.a(GUICC_M565.o)
    0x0800cc88   0x0800cc88   0x00000014   Code   RO         3538    .text._Index2ColorBulk_M8888I  STemWin_CM4_OS_wc16_ot_ARGB.a(GUICC_M8888I.o)
    0x0800cc9c   0x0800cc9c   0x00000020   Code   RO         3280    .text._Index2Color_0  STemWin_CM4_OS_wc16_ot_ARGB.a(GUICC_0.o)
    0x0800ccbc   0x0800ccbc   0x00000080   Code   RO         2718    .text._InitContext  STemWin_CM4_OS_wc16_ot_ARGB.a(GUI_Core.o)
    0x0800cd3c   0x0800cd3c   0x00000244   Code   RO         2786    .text._InitRS.constprop.29  STemWin_CM4_OS_wc16_ot_ARGB.a(GUI_QR.o)
    0x0800cf80   0x0800cf80   0x000000ec   Code   RO         3137    .text._Invalidate1Abs  STemWin_CM4_OS_wc16_ot_ARGB.a(WM.o)
    0x0800d06c   0x0800d06c   0x00000034   Code   RO         2904    .text._MULTIBUF_Begin  STemWin_CM4_OS_wc16_ot_ARGB.a(WM_MULTIBUF.o)
    0x0800d0a0   0x0800d0a0   0x00000034   Code   RO         2903    .text._MULTIBUF_End  STemWin_CM4_OS_wc16_ot_ARGB.a(WM_MULTIBUF.o)
    0x0800d0d4   0x0800d0d4   0x0000024c   Code   RO         3477    .text._MoveDescendents  STemWin_CM4_OS_wc16_ot_ARGB.a(WM_Move.o)
    0x0800d320   0x0800d320   0x00000044   Code   RO         2719    .text._OnExit       STemWin_CM4_OS_wc16_ot_ARGB.a(GUI_Core.o)
    0x0800d364   0x0800d364   0x00000018   Code   RO         2759    .text._OnExit       STemWin_CM4_OS_wc16_ot_ARGB.a(GUI_PID.o)
    0x0800d37c   0x0800d37c   0x00000014   Code   RO         2982    .text._OnExit       STemWin_CM4_OS_wc16_ot_ARGB.a(GUI_Task.o)
    0x0800d390   0x0800d390   0x0000001c   Code   RO         3079    .text._OnExit       STemWin_CM4_OS_wc16_ot_ARGB.a(LCD_Color.o)
    0x0800d3ac   0x0800d3ac   0x000000a8   Code   RO         3127    .text._OnExit       STemWin_CM4_OS_wc16_ot_ARGB.a(WM.o)
    0x0800d454   0x0800d454   0x00000028   Code   RO         3360    .text._OnExit       STemWin_CM4_OS_wc16_ot_ARGB.a(GUI__Alpha.o)
    0x0800d47c   0x0800d47c   0x000000bc   Code   RO         3131    .text._Paint1Trans  STemWin_CM4_OS_wc16_ot_ARGB.a(WM.o)
    0x0800d538   0x0800d538   0x000000d8   Code   RO         3132    .text._PaintTransChildren  STemWin_CM4_OS_wc16_ot_ARGB.a(WM.o)
    0x0800d610   0x0800d610   0x00000084   Code   RO         2778    .text._QR_CalcN1N3  STemWin_CM4_OS_wc16_ot_ARGB.a(GUI_QR.o)
    0x0800d694   0x0800d694   0x00000bc4   Code   RO         2792    .text._QR_INPUT_EncodeBitStream  STemWin_CM4_OS_wc16_ot_ARGB.a(GUI_QR.o)
    0x0800e258   0x0800e258   0x000000f4   Code   RO         2789    .text._QR_INPUT_LIST_CreateEntry  STemWin_CM4_OS_wc16_ot_ARGB.a(GUI_QR.o)
    0x0800e34c   0x0800e34c   0x00000074   Code   RO         2784    .text._QR_INPUT_LIST_DeleteEntry  STemWin_CM4_OS_wc16_ot_ARGB.a(GUI_QR.o)
    0x0800e3c0   0x0800e3c0   0x000002f8   Code   RO         2782    .text._QR_MASK_EvaluateSymbol  STemWin_CM4_OS_wc16_ot_ARGB.a(GUI_QR.o)
    0x0800e6b8   0x0800e6b8   0x0000005c   Code   RO         2770    .text._QR_Mask0     STemWin_CM4_OS_wc16_ot_ARGB.a(GUI_QR.o)
    0x0800e714   0x0800e714   0x00000054   Code   RO         2771    .text._QR_Mask1     STemWin_CM4_OS_wc16_ot_ARGB.a(GUI_QR.o)
    0x0800e768   0x0800e768   0x00000074   Code   RO         2772    .text._QR_Mask2     STemWin_CM4_OS_wc16_ot_ARGB.a(GUI_QR.o)
    0x0800e7dc   0x0800e7dc   0x00000074   Code   RO         2773    .text._QR_Mask3     STemWin_CM4_OS_wc16_ot_ARGB.a(GUI_QR.o)
    0x0800e850   0x0800e850   0x00000078   Code   RO         2774    .text._QR_Mask4     STemWin_CM4_OS_wc16_ot_ARGB.a(GUI_QR.o)
    0x0800e8c8   0x0800e8c8   0x00000074   Code   RO         2775    .text._QR_Mask5     STemWin_CM4_OS_wc16_ot_ARGB.a(GUI_QR.o)
    0x0800e93c   0x0800e93c   0x00000068   Code   RO         2776    .text._QR_Mask6     STemWin_CM4_OS_wc16_ot_ARGB.a(GUI_QR.o)
    0x0800e9a4   0x0800e9a4   0x0000007c   Code   RO         2777    .text._QR_Mask7     STemWin_CM4_OS_wc16_ot_ARGB.a(GUI_QR.o)
    0x0800ea20   0x0800ea20   0x0000008c   Code   RO         3566    .text._ReleaseBuffer.isra.7  STemWin_CM4_OS_wc16_ot_ARGB.a(GUI_SPRITE.o)
    0x0800eaac   0x0800eaac   0x000001b0   Code   RO         2594    .text._RemoveHoles  STemWin_CM4_OS_wc16_ot_ARGB.a(GUI_Alloc.o)
    0x0800ec5c   0x0800ec5c   0x00000470   Code   RO         3490    .text._Screen2hWin  STemWin_CM4_OS_wc16_ot_ARGB.a(WM_Screen2Win.o)
    0x0800f0cc   0x0800f0cc   0x00000038   Code   RO         3056    .text._SetBkColor   STemWin_CM4_OS_wc16_ot_ARGB.a(LCD.o)
    0x0800f104   0x0800f104   0x000000c8   Code   RO         3565    .text._SetBkIndexBuffered  STemWin_CM4_OS_wc16_ot_ARGB.a(GUI_SPRITE.o)
    0x0800f1cc   0x0800f1cc   0x00000038   Code   RO         3057    .text._SetColor     STemWin_CM4_OS_wc16_ot_ARGB.a(LCD.o)
    0x0800f204   0x0800f204   0x00000030   Code   RO         3058    .text._SetDrawMode  STemWin_CM4_OS_wc16_ot_ARGB.a(LCD.o)
    0x0800f234   0x0800f234   0x0000000c   Code   RO         2888    .text._SetOrg       STemWin_CM4_OS_wc16_ot_ARGB.a(GUIDEV_16.o)
    0x0800f240   0x0800f240   0x00000008   Code   RO         3643    .text._SetOrg       STemWin_CM4_OS_wc16_ot_ARGB.a(GUIDEV_32.o)
    0x0800f248   0x0800f248   0x00000078   Code   RO         2893    .text._SetPixelIndex  STemWin_CM4_OS_wc16_ot_ARGB.a(GUIDEV_16.o)
    0x0800f2c0   0x0800f2c0   0x00000078   Code   RO         3647    .text._SetPixelIndex  STemWin_CM4_OS_wc16_ot_ARGB.a(GUIDEV_32.o)
    0x0800f338   0x0800f338   0x00000188   Code   RO         3703    .text._WriteToActiveAlpha  STemWin_CM4_OS_wc16_ot_ARGB.a(GUIDEV_WriteToActiveAlpha.o)
    0x0800f4c0   0x0800f4c0   0x00000084   Code   RO         2894    .text._XorPixel     STemWin_CM4_OS_wc16_ot_ARGB.a(GUIDEV_16.o)
    0x0800f544   0x0800f544   0x00000084   Code   RO         3648    .text._XorPixel     STemWin_CM4_OS_wc16_ot_ARGB.a(GUIDEV_32.o)
    0x0800f5c8   0x0800f5c8   0x000000b0   Code   RO         3150    .text._cbBackWin    STemWin_CM4_OS_wc16_ot_ARGB.a(WM.o)
    0x0800f678   0x0800f678   0x00000070   Code   RO         3136    .text._cbPaintMemDev  STemWin_CM4_OS_wc16_ot_ARGB.a(WM.o)
    0x0800f6e8   0x0800f6e8   0x00000110   Code   RO         3067    .text.emWin_LCD_Init  STemWin_CM4_OS_wc16_ot_ARGB.a(LCD.o)
    0x0800f7f8   0x0800f7f8   0x00000074   Code   RO          830    i.AppTaskCreate     main.o
    0x0800f86c   0x0800f86c   0x00000016   Code   RO          831    i.BSP_Init          main.o
    0x0800f882   0x0800f882   0x00000002   Code   RO         1074    i.BusFault_Handler  stm32f4xx_it.o
    0x0800f884   0x0800f884   0x00000002   Code   RO         1075    i.DebugMon_Handler  stm32f4xx_it.o
    0x0800f886   0x0800f886   0x0000007c   Code   RO          223    i.GPIO_Init         stm32f4xx_gpio.o
    0x0800f902   0x0800f902   0x00000020   Code   RO          224    i.GPIO_PinAFConfig  stm32f4xx_gpio.o
    0x0800f922   0x0800f922   0x00000002   PAD
    0x0800f924   0x0800f924   0x0000004c   Code   RO         1291    i.GUI_TOUCH_Scan    touch.o
    0x0800f970   0x0800f970   0x00000024   Code   RO          832    i.GUI_Task          main.o
    0x0800f994   0x0800f994   0x00000010   Code   RO         2235    i.GUI_X_Config      guiconf.o
    0x0800f9a4   0x0800f9a4   0x00000004   Code   RO         2286    i.GUI_X_Delay       gui_x_freertos.o
    0x0800f9a8   0x0800f9a8   0x00000004   Code   RO         2289    i.GUI_X_GetTaskId   gui_x_freertos.o
    0x0800f9ac   0x0800f9ac   0x00000004   Code   RO         2290    i.GUI_X_GetTime     gui_x_freertos.o
    0x0800f9b0   0x0800f9b0   0x00000002   Code   RO         2291    i.GUI_X_Init        gui_x_freertos.o
    0x0800f9b2   0x0800f9b2   0x00000002   PAD
    0x0800f9b4   0x0800f9b4   0x00000080   Code   RO         2292    i.GUI_X_InitOS      gui_x_freertos.o
    0x0800fa34   0x0800fa34   0x00000024   Code   RO         2293    i.GUI_X_Lock        gui_x_freertos.o
    0x0800fa58   0x0800fa58   0x00000014   Code   RO         2296    i.GUI_X_Unlock      gui_x_freertos.o
    0x0800fa6c   0x0800fa6c   0x00000002   Code   RO         1076    i.HardFault_Handler  stm32f4xx_it.o
    0x0800fa6e   0x0800fa6e   0x00000002   PAD
    0x0800fa70   0x0800fa70   0x00000038   Code   RO         1138    i.LCD_DrawPoint     lcd_driver.o
    0x0800faa8   0x0800faa8   0x00000064   Code   RO         1140    i.LCD_Fill          lcd_driver.o
    0x0800fb0c   0x0800fb0c   0x00000248   Code   RO         1142    i.LCD_Init          lcd_driver.o
    0x0800fd54   0x0800fd54   0x00000024   Code   RO         1143    i.LCD_RESET         lcd_driver.o
    0x0800fd78   0x0800fd78   0x00000038   Code   RO         1144    i.LCD_SetCursor     lcd_driver.o
    0x0800fdb0   0x0800fdb0   0x00000028   Code   RO         1145    i.LCD_SetParam      lcd_driver.o
    0x0800fdd8   0x0800fdd8   0x0000005c   Code   RO         1146    i.LCD_SetWindows    lcd_driver.o
    0x0800fe34   0x0800fe34   0x00000028   Code   RO         1147    i.LCD_WR_DATA       lcd_driver.o
    0x0800fe5c   0x0800fe5c   0x00000028   Code   RO         1148    i.LCD_WR_REG        lcd_driver.o
    0x0800fe84   0x0800fe84   0x0000000c   Code   RO         1149    i.LCD_WriteRAM_Prepare  lcd_driver.o
    0x0800fe90   0x0800fe90   0x00000012   Code   RO         1150    i.LCD_WriteReg      lcd_driver.o
    0x0800fea2   0x0800fea2   0x00000002   PAD
    0x0800fea4   0x0800fea4   0x00000034   Code   RO         2252    i.LCD_X_Config      lcdconf_flexcolor.o
    0x0800fed8   0x0800fed8   0x00000016   Code   RO         2253    i.LCD_X_DisplayDriver  lcdconf_flexcolor.o
    0x0800feee   0x0800feee   0x00000002   PAD
    0x0800fef0   0x0800fef0   0x00000064   Code   RO         2562    i.MainTask          maintask.o
    0x0800ff54   0x0800ff54   0x00000002   Code   RO         1077    i.MemManage_Handler  stm32f4xx_it.o
    0x0800ff56   0x0800ff56   0x00000002   Code   RO         1078    i.NMI_Handler       stm32f4xx_it.o
    0x0800ff58   0x0800ff58   0x00000014   Code   RO          117    i.NVIC_PriorityGroupConfig  misc.o
    0x0800ff6c   0x0800ff6c   0x0000001c   Code   RO          324    i.RCC_AHB1PeriphClockCmd  stm32f4xx_rcc.o
    0x0800ff88   0x0800ff88   0x0000001c   Code   RO          333    i.RCC_APB1PeriphClockCmd  stm32f4xx_rcc.o
    0x0800ffa4   0x0800ffa4   0x000000d4   Code   RO         1151    i.SPI2_Init         lcd_driver.o
    0x08010078   0x08010078   0x00000018   Code   RO          668    i.SPI_Cmd           stm32f4xx_spi.o
    0x08010090   0x08010090   0x00000038   Code   RO          681    i.SPI_Init          stm32f4xx_spi.o
    0x080100c8   0x080100c8   0x00000014   Code   RO         1153    i.SPI_WriteByte     lcd_driver.o
    0x080100dc   0x080100dc   0x000000b8   Code   RO           13    i.SetSysClock       system_stm32f4xx.o
    0x08010194   0x08010194   0x00000014   Code   RO         1079    i.SysTick_Handler   stm32f4xx_it.o
    0x080101a8   0x080101a8   0x0000005c   Code   RO           15    i.SystemInit        system_stm32f4xx.o
    0x08010204   0x08010204   0x00000002   Code   RO         1293    i.TP_Adjust         touch.o
    0x08010206   0x08010206   0x00000002   PAD
    0x08010208   0x08010208   0x00000058   Code   RO         1297    i.TP_Init           touch.o
    0x08010260   0x08010260   0x00000084   Code   RO         1298    i.TP_Read_AD        touch.o
    0x080102e4   0x080102e4   0x00000062   Code   RO         1299    i.TP_Read_XOY       touch.o
    0x08010346   0x08010346   0x00000002   PAD
    0x08010348   0x08010348   0x00000024   Code   RO         1300    i.TP_Read_XY        touch.o
    0x0801036c   0x0801036c   0x00000082   Code   RO         1301    i.TP_Read_XY2       touch.o
    0x080103ee   0x080103ee   0x00000002   PAD
    0x080103f0   0x080103f0   0x000000b8   Code   RO         1303    i.TP_Scan           touch.o
    0x080104a8   0x080104a8   0x0000003c   Code   RO         1304    i.TP_Write_Byte     touch.o
    0x080104e4   0x080104e4   0x00000020   Code   RO          833    i.Touch_Task        main.o
    0x08010504   0x08010504   0x00000002   Code   RO         1080    i.UsageFault_Handler  stm32f4xx_it.o
    0x08010506   0x08010506   0x0000002a   Code   RO         2384    i._DrawBitLine16BPP  guidrv_template.o
    0x08010530   0x08010530   0x000000d0   Code   RO         2385    i._DrawBitLine1BPP  guidrv_template.o
    0x08010600   0x08010600   0x00000110   Code   RO         2386    i._DrawBitLine2BPP  guidrv_template.o
    0x08010710   0x08010710   0x0000002a   Code   RO         2387    i._DrawBitLine32BPP  guidrv_template.o
    0x0801073a   0x0801073a   0x00000002   PAD
    0x0801073c   0x0801073c   0x00000110   Code   RO         2388    i._DrawBitLine4BPP  guidrv_template.o
    0x0801084c   0x0801084c   0x0000009c   Code   RO         2389    i._DrawBitLine8BPP  guidrv_template.o
    0x080108e8   0x080108e8   0x00000114   Code   RO         2390    i._DrawBitmap       guidrv_template.o
    0x080109fc   0x080109fc   0x0000000a   Code   RO         2391    i._DrawHLine        guidrv_template.o
    0x08010a06   0x08010a06   0x0000000c   Code   RO         2392    i._DrawVLine        guidrv_template.o
    0x08010a12   0x08010a12   0x00000002   PAD
    0x08010a14   0x08010a14   0x00000058   Code   RO         2393    i._FillRect         guidrv_template.o
    0x08010a6c   0x08010a6c   0x00000010   Code   RO         2394    i._GetDevData       guidrv_template.o
    0x08010a7c   0x08010a7c   0x00000050   Code   RO         2395    i._GetDevFunc       guidrv_template.o
    0x08010acc   0x08010acc   0x0000004c   Code   RO         2396    i._GetDevProp       guidrv_template.o
    0x08010b18   0x08010b18   0x00000004   Code   RO         2397    i._GetPixelIndex    guidrv_template.o
    0x08010b1c   0x08010b1c   0x00000016   Code   RO         2398    i._GetRect          guidrv_template.o
    0x08010b32   0x08010b32   0x0000001a   Code   RO         2399    i._Init             guidrv_template.o
    0x08010b4c   0x08010b4c   0x0000002c   Code   RO         2400    i._InitOnce         guidrv_template.o
    0x08010b78   0x08010b78   0x0000000a   Code   RO         2401    i._Off              guidrv_template.o
    0x08010b82   0x08010b82   0x0000000a   Code   RO         2402    i._On               guidrv_template.o
    0x08010b8c   0x08010b8c   0x00000018   Code   RO         2403    i._SetLUTEntry      guidrv_template.o
    0x08010ba4   0x08010ba4   0x00000012   Code   RO         2404    i._SetOrg           guidrv_template.o
    0x08010bb6   0x08010bb6   0x00000012   Code   RO         2405    i._SetPixelIndex    guidrv_template.o
    0x08010bc8   0x08010bc8   0x00000036   Code   RO         2406    i._SetSize          guidrv_template.o
    0x08010bfe   0x08010bfe   0x00000026   Code   RO         2407    i._SetVRAMAddr      guidrv_template.o
    0x08010c24   0x08010c24   0x0000001c   Code   RO         2408    i._SetVSize         guidrv_template.o
    0x08010c40   0x08010c40   0x0000002e   Code   RO         2409    i._XorPixel         guidrv_template.o
    0x08010c6e   0x08010c6e   0x00000002   PAD
    0x08010c70   0x08010c70   0x00000020   Code   RO         3815    i.__0printf$3       mc_w.l(printf3.o)
    0x08010c90   0x08010c90   0x0000000e   Code   RO         4086    i.__scatterload_copy  mc_w.l(handlers.o)
    0x08010c9e   0x08010c9e   0x00000002   Code   RO         4087    i.__scatterload_null  mc_w.l(handlers.o)
    0x08010ca0   0x08010ca0   0x0000000e   Code   RO         4088    i.__scatterload_zeroinit  mc_w.l(handlers.o)
    0x08010cae   0x08010cae   0x00000002   PAD
    0x08010cb0   0x08010cb0   0x000001b8   Code   RO         3822    i._printf_core      mc_w.l(printf3.o)
    0x08010e68   0x08010e68   0x00000010   Code   RO         1155    i.delay_ms          lcd_driver.o
    0x08010e78   0x08010e78   0x0000000a   Code   RO         1305    i.delay_us          touch.o
    0x08010e82   0x08010e82   0x00000012   Code   RO         4003    i.fputc             mc_w.l(fputc.o)
    0x08010e94   0x08010e94   0x00000044   Code   RO          834    i.main              main.o
    0x08010ed8   0x08010ed8   0x00000070   Code   RO         1750    i.prvAddCurrentTaskToDelayedList  tasks.o
    0x08010f48   0x08010f48   0x00000088   Code   RO         1751    i.prvAddNewTaskToReadyList  tasks.o
    0x08010fd0   0x08010fd0   0x00000054   Code   RO         1752    i.prvCheckTasksWaitingTermination  tasks.o
    0x08011024   0x08011024   0x00000028   Code   RO         1576    i.prvCopyDataFromQueue  queue.o
    0x0801104c   0x0801104c   0x0000006e   Code   RO         1577    i.prvCopyDataToQueue  queue.o
    0x080110ba   0x080110ba   0x00000014   Code   RO         1753    i.prvDeleteTCB      tasks.o
    0x080110ce   0x080110ce   0x00000002   PAD
    0x080110d0   0x080110d0   0x0000004c   Code   RO         2088    i.prvHeapInit       heap_4.o
    0x0801111c   0x0801111c   0x00000028   Code   RO         1754    i.prvIdleTask       tasks.o
    0x08011144   0x08011144   0x00000018   Code   RO         1578    i.prvInitialiseMutex  queue.o
    0x0801115c   0x0801115c   0x00000018   Code   RO         1579    i.prvInitialiseNewQueue  queue.o
    0x08011174   0x08011174   0x000000b8   Code   RO         1755    i.prvInitialiseNewTask  tasks.o
    0x0801122c   0x0801122c   0x00000058   Code   RO         1756    i.prvInitialiseTaskLists  tasks.o
    0x08011284   0x08011284   0x00000054   Code   RO         2089    i.prvInsertBlockIntoFreeList  heap_4.o
    0x080112d8   0x080112d8   0x0000001a   Code   RO         1580    i.prvIsQueueEmpty   queue.o
    0x080112f2   0x080112f2   0x0000001e   Code   RO         1581    i.prvIsQueueFull    queue.o
    0x08011310   0x08011310   0x00000024   Code   RO         1757    i.prvResetNextTaskUnblockTime  tasks.o
    0x08011334   0x08011334   0x00000064   Code   RO         2150    i.prvTaskExitError  port.o
    0x08011398   0x08011398   0x0000006a   Code   RO         1582    i.prvUnlockQueue    queue.o
    0x08011402   0x08011402   0x00000002   PAD
    0x08011404   0x08011404   0x0000010c   Code   RO         2090    i.pvPortMalloc      heap_4.o
    0x08011510   0x08011510   0x00000018   Code   RO         1759    i.pvTaskIncrementMutexHeldCount  tasks.o
    0x08011528   0x08011528   0x00000024   Code   RO         2151    i.pxPortInitialiseStack  port.o
    0x0801154c   0x0801154c   0x00000024   Code   RO         1527    i.uxListRemove      list.o
    0x08011570   0x08011570   0x00000016   Code   RO         1528    i.vListInitialise   list.o
    0x08011586   0x08011586   0x00000006   Code   RO         1529    i.vListInitialiseItem  list.o
    0x0801158c   0x0801158c   0x00000030   Code   RO         1530    i.vListInsert       list.o
    0x080115bc   0x080115bc   0x00000018   Code   RO         1531    i.vListInsertEnd    list.o
    0x080115d4   0x080115d4   0x00000078   Code   RO         2153    i.vPortEnterCritical  port.o
    0x0801164c   0x0801164c   0x00000068   Code   RO         2154    i.vPortExitCritical  port.o
    0x080116b4   0x080116b4   0x0000009c   Code   RO         2091    i.vPortFree         heap_4.o
    0x08011750   0x08011750   0x00000020   Code   RO         2155    i.vPortSetupTimerInterrupt  port.o
    0x08011770   0x08011770   0x00000078   Code   RO         1765    i.vTaskDelay        tasks.o
    0x080117e8   0x080117e8   0x000000d4   Code   RO         1767    i.vTaskDelete       tasks.o
    0x080118bc   0x080118bc   0x0000000c   Code   RO         1769    i.vTaskMissedYield  tasks.o
    0x080118c8   0x080118c8   0x00000060   Code   RO         1771    i.vTaskPlaceOnEventList  tasks.o
    0x08011928   0x08011928   0x00000088   Code   RO         1773    i.vTaskPriorityInherit  tasks.o
    0x080119b0   0x080119b0   0x00000050   Code   RO         1776    i.vTaskSetTimeOutState  tasks.o
    0x08011a00   0x08011a00   0x00000094   Code   RO         1777    i.vTaskStartScheduler  tasks.o
    0x08011a94   0x08011a94   0x00000010   Code   RO         1779    i.vTaskSuspendAll   tasks.o
    0x08011aa4   0x08011aa4   0x00000088   Code   RO         1780    i.vTaskSwitchContext  tasks.o
    0x08011b2c   0x08011b2c   0x00000110   Code   RO         2157    i.xPortStartScheduler  port.o
    0x08011c3c   0x08011c3c   0x0000002c   Code   RO         2158    i.xPortSysTickHandler  port.o
    0x08011c68   0x08011c68   0x00000018   Code   RO         1590    i.xQueueCreateMutex  queue.o
    0x08011c80   0x08011c80   0x0000006c   Code   RO         1591    i.xQueueGenericCreate  queue.o
    0x08011cec   0x08011cec   0x000001a8   Code   RO         1592    i.xQueueGenericReceive  queue.o
    0x08011e94   0x08011e94   0x000000b4   Code   RO         1593    i.xQueueGenericReset  queue.o
    0x08011f48   0x08011f48   0x00000180   Code   RO         1594    i.xQueueGenericSend  queue.o
    0x080120c8   0x080120c8   0x00000098   Code   RO         1781    i.xTaskCheckForTimeOut  tasks.o
    0x08012160   0x08012160   0x00000060   Code   RO         1782    i.xTaskCreate       tasks.o
    0x080121c0   0x080121c0   0x0000000c   Code   RO         1785    i.xTaskGetCurrentTaskHandle  tasks.o
    0x080121cc   0x080121cc   0x0000001c   Code   RO         1786    i.xTaskGetSchedulerState  tasks.o
    0x080121e8   0x080121e8   0x0000000c   Code   RO         1787    i.xTaskGetTickCount  tasks.o
    0x080121f4   0x080121f4   0x000000f4   Code   RO         1789    i.xTaskIncrementTick  tasks.o
    0x080122e8   0x080122e8   0x000000bc   Code   RO         1792    i.xTaskPriorityDisinherit  tasks.o
    0x080123a4   0x080123a4   0x000000a4   Code   RO         1793    i.xTaskRemoveFromEventList  tasks.o
    0x08012448   0x08012448   0x000000f4   Code   RO         1795    i.xTaskResumeAll    tasks.o
    0x0801253c   0x0801253c   0x00000034   Data   RO         2410    .constdata          guidrv_template.o
    0x08012570   0x08012570   0x00000018   Data   RO         2589    .rodata             STemWin_CM4_OS_wc16_ot_ARGB.a(GUICC_M565.o)
    0x08012588   0x08012588   0x00000017   Data   RO         2743    .rodata             STemWin_CM4_OS_wc16_ot_ARGB.a(GUI_Core.o)
    0x0801259f   0x0801259f   0x00000001   PAD
    0x080125a0   0x080125a0   0x00000cbc   Data   RO         2797    .rodata             STemWin_CM4_OS_wc16_ot_ARGB.a(GUI_QR.o)
    0x0801325c   0x0801325c   0x00000074   Data   RO         2899    .rodata             STemWin_CM4_OS_wc16_ot_ARGB.a(GUIDEV_16.o)
    0x080132d0   0x080132d0   0x00000008   Data   RO         2907    .rodata             STemWin_CM4_OS_wc16_ot_ARGB.a(WM_MULTIBUF.o)
    0x080132d8   0x080132d8   0x00000010   Data   RO         3009    .rodata             STemWin_CM4_OS_wc16_ot_ARGB.a(GUI_UC_EncodeNone.o)
    0x080132e8   0x080132e8   0x00000370   Data   RO         3021    .rodata             STemWin_CM4_OS_wc16_ot_ARGB.a(GUI__DivTbl.o)
    0x08013658   0x08013658   0x0000000c   Data   RO         3075    .rodata             STemWin_CM4_OS_wc16_ot_ARGB.a(LCD.o)
    0x08013664   0x08013664   0x00000100   Data   RO         3101    .rodata             STemWin_CM4_OS_wc16_ot_ARGB.a(LCD_Mirror.o)
    0x08013764   0x08013764   0x0000073c   Data   RO         3113    .rodata             STemWin_CM4_OS_wc16_ot_ARGB.a(F6x8.o)
    0x08013ea0   0x08013ea0   0x00000018   Data   RO         3284    .rodata             STemWin_CM4_OS_wc16_ot_ARGB.a(GUICC_0.o)
    0x08013eb8   0x08013eb8   0x00000018   Data   RO         3540    .rodata             STemWin_CM4_OS_wc16_ot_ARGB.a(GUICC_M8888I.o)
    0x08013ed0   0x08013ed0   0x00000074   Data   RO         3652    .rodata             STemWin_CM4_OS_wc16_ot_ARGB.a(GUIDEV_32.o)
    0x08013f44   0x08013f44   0x00000018   Data   RO         3692    .rodata             STemWin_CM4_OS_wc16_ot_ARGB.a(GUIDEV_UsageBM.o)
    0x08013f5c   0x08013f5c   0x00000020   Data   RO         4084    Region$$Table       anon$$obj.o


    Execution Region RW_IRAM1 (Exec base: 0x20000000, Load base: 0x08013f7c, Size: 0x0001394c, Max: 0x00020000, ABSOLUTE)

    Exec Addr    Load Addr    Size         Type   Attr      Idx    E Section Name        Object

    0x20000000   0x08013f7c   0x00000014   Data   RW           16    .data               system_stm32f4xx.o
    0x20000014   0x08013f90   0x00000010   Data   RW          835    .data               main.o
    0x20000024   0x08013fa0   0x0000002c   Data   RW         1307    .data               touch.o
    0x20000050   0x08013fcc   0x0000003c   Data   RW         1798    .data               tasks.o
    0x2000008c   0x08014008   0x00000018   Data   RW         2096    .data               heap_4.o
    0x200000a4   0x08014020   0x0000000c   Data   RW         2159    .data               port.o
    0x200000b0   0x0801402c   0x00000008   Data   RW         2299    .data               gui_x_freertos.o
    0x200000b8   0x08014034   0x00000007   Data   RW         2627    .data               STemWin_CM4_OS_wc16_ot_ARGB.a(GUI_Common.o)
    0x200000bf   0x0801403b   0x00000001   PAD
    0x200000c0   0x0801403c   0x00000014   Data   RW         2716    .data               STemWin_CM4_OS_wc16_ot_ARGB.a(GUI_Core.o)
    0x200000d4   0x08014050   0x00000008   Data   RW         2757    .data               STemWin_CM4_OS_wc16_ot_ARGB.a(GUI_PID.o)
    0x200000dc   0x08014058   0x00000004   Data   RW         2799    .data               STemWin_CM4_OS_wc16_ot_ARGB.a(GUI_Time.o)
    0x200000e0   0x0801405c   0x00000008   Data   RW         2969    .data               STemWin_CM4_OS_wc16_ot_ARGB.a(GUI_OnKey.o)
    0x200000e8   0x08014064   0x00000008   Data   RW         2980    .data               STemWin_CM4_OS_wc16_ot_ARGB.a(GUI_Task.o)
    0x200000f0   0x0801406c   0x00000008   Data   RW         3023    .data               STemWin_CM4_OS_wc16_ot_ARGB.a(GUI__Private.o)
    0x200000f8   0x08014074   0x00000004   Data   RW         3054    .data               STemWin_CM4_OS_wc16_ot_ARGB.a(LCD.o)
    0x200000fc   0x08014078   0x00000004   Data   RW         3077    .data               STemWin_CM4_OS_wc16_ot_ARGB.a(LCD_Color.o)
    0x20000100   0x0801407c   0x00000004   Data   RW         3266    .data               STemWin_CM4_OS_wc16_ot_ARGB.a(WM_Touch.o)
    0x20000104   0x08014080   0x00000008   Data   RW         3356    .data               STemWin_CM4_OS_wc16_ot_ARGB.a(GUI__Alpha.o)
    0x2000010c   0x08014088   0x00000018   Data   RW         3394    .data               STemWin_CM4_OS_wc16_ot_ARGB.a(LCD_AA.o)
    0x20000124   0x080140a0   0x00000004   Data   RW         4005    .data               mc_w.l(stdout.o)
    0x20000128        -       0x0000000e   Zero   RW         1156    .bss                lcd_driver.o
    0x20000136   0x080140a4   0x00000002   PAD
    0x20000138        -       0x000002e4   Zero   RW         1797    .bss                tasks.o
    0x2000041c        -       0x00009000   Zero   RW         2095    .bss                heap_4.o
    0x2000941c        -       0x00008000   Zero   RW         2236    .bss                guiconf.o
    0x2001141c        -       0x00000008   Zero   RW         2582    .bss                STemWin_CM4_OS_wc16_ot_ARGB.a(GUICC_M565.o)
    0x20011424        -       0x0000000c   Zero   RW         2592    .bss                STemWin_CM4_OS_wc16_ot_ARGB.a(GUI_Alloc.o)
    0x20011430        -       0x000000a4   Zero   RW         2717    .bss                STemWin_CM4_OS_wc16_ot_ARGB.a(GUI_Core.o)
    0x200114d4        -       0x00000058   Zero   RW         2758    .bss                STemWin_CM4_OS_wc16_ot_ARGB.a(GUI_PID.o)
    0x2001152c        -       0x000000a8   Zero   RW         2769    .bss                STemWin_CM4_OS_wc16_ot_ARGB.a(GUI_QR.o)
    0x200115d4        -       0x00000008   Zero   RW         2807    .bss                STemWin_CM4_OS_wc16_ot_ARGB.a(LCD_GetEx.o)
    0x200115dc        -       0x00000004   Zero   RW         2885    .bss                STemWin_CM4_OS_wc16_ot_ARGB.a(GUIDEV_16.o)
    0x200115e0        -       0x0000002c   Zero   RW         2951    .bss                STemWin_CM4_OS_wc16_ot_ARGB.a(GUI_MULTIBUF.o)
    0x2001160c        -       0x00000060   Zero   RW         2970    .bss                STemWin_CM4_OS_wc16_ot_ARGB.a(GUI_OnKey.o)
    0x2001166c        -       0x00000014   Zero   RW         2981    .bss                STemWin_CM4_OS_wc16_ot_ARGB.a(GUI_Task.o)
    0x20011680        -       0x00000008   Zero   RW         3012    .bss                STemWin_CM4_OS_wc16_ot_ARGB.a(GUI_WaitEvent.o)
    0x20011688        -       0x0000000c   Zero   RW         3078    .bss                STemWin_CM4_OS_wc16_ot_ARGB.a(LCD_Color.o)
    0x20011694        -       0x00000030   Zero   RW         3126    .bss                STemWin_CM4_OS_wc16_ot_ARGB.a(WM.o)
    0x200116c4        -       0x00000028   Zero   RW         3267    .bss                STemWin_CM4_OS_wc16_ot_ARGB.a(WM_Touch.o)
    0x200116ec        -       0x0000004c   Zero   RW         3294    .bss                STemWin_CM4_OS_wc16_ot_ARGB.a(GUI_Cursor.o)
    0x20011738        -       0x00000008   Zero   RW         3326    .bss                STemWin_CM4_OS_wc16_ot_ARGB.a(GUI_SelectLayer.o)
    0x20011740        -       0x00000014   Zero   RW         3338    .bss                STemWin_CM4_OS_wc16_ot_ARGB.a(GUI_Timer.o)
    0x20011754        -       0x00000020   Zero   RW         3357    .bss                STemWin_CM4_OS_wc16_ot_ARGB.a(GUI__Alpha.o)
    0x20011774        -       0x00000018   Zero   RW         3377    .bss                STemWin_CM4_OS_wc16_ot_ARGB.a(GUI__ManageCache.o)
    0x2001178c        -       0x00000004   Zero   RW         3456    .bss                STemWin_CM4_OS_wc16_ot_ARGB.a(GUIDEV_Banding.o)
    0x20011790        -       0x00000001   Zero   RW         3465    .bss                STemWin_CM4_OS_wc16_ot_ARGB.a(GUIDEV_StaticDevices.o)
    0x20011791   0x080140a4   0x00000003   PAD
    0x20011794        -       0x00000018   Zero   RW         3484    .bss                STemWin_CM4_OS_wc16_ot_ARGB.a(WM_PID__GetPrevState.o)
    0x200117ac        -       0x00000004   Zero   RW         3510    .bss                STemWin_CM4_OS_wc16_ot_ARGB.a(WM__Private.o)
    0x200117b0        -       0x00000004   Zero   RW         4047    GUI_AA__ClipX0      anon$$obj.o
    0x200117b4        -       0x000000c0   Zero   RW         4033    GUI_ALLOC__Context  anon$$obj.o
    0x20011874        -       0x00000004   Zero   RW         4054    GUI_DCACHE__pfClearCacheHook  anon$$obj.o
    0x20011878        -       0x00000001   Zero   RW         4034    GUI_DecChar         anon$$obj.o
    0x20011879   0x080140a4   0x00000001   PAD
    0x2001187a        -       0x00000002   Zero   RW         4035    GUI_OrgX            anon$$obj.o
    0x2001187c        -       0x00000002   Zero   RW         4036    GUI_OrgY            anon$$obj.o
    0x2001187e   0x080140a4   0x00000002   PAD
    0x20011880        -       0x00000004   Zero   RW         4046    GUI__BufferSize     anon$$obj.o
    0x20011884        -       0x00000001   Zero   RW         4050    GUI__IsInitialized  anon$$obj.o
    0x20011885   0x080140a4   0x00000003   PAD
    0x20011888        -       0x00000004   Zero   RW         4052    GUI__LayerMask      anon$$obj.o
    0x2001188c        -       0x00000001   Zero   RW         4051    GUI__NumLayersInUse  anon$$obj.o
    0x2001188d        -       0x00000001   Zero   RW         4049    GUI__PreserveTrans  anon$$obj.o
    0x2001188e   0x080140a4   0x00000002   PAD
    0x20011890        -       0x00000002   Zero   RW         4048    GUI__aNumBuffers    anon$$obj.o
    0x20011892   0x080140a4   0x00000002   PAD
    0x20011894        -       0x00000008   Zero   RW         4040    GUI__apDevice       anon$$obj.o
    0x2001189c        -       0x00000004   Zero   RW         4082    GUI__pfDrawAlphaBitmapFunc  anon$$obj.o
    0x200118a0        -       0x00000004   Zero   RW         4083    GUI__pfDrawAlphaMemdevFunc  anon$$obj.o
    0x200118a4        -       0x00000004   Zero   RW         4053    GUI_pLCD_APIList    anon$$obj.o
    0x200118a8        -       0x00000004   Zero   RW         4044    GUI_pUC_API         anon$$obj.o
    0x200118ac        -       0x00000004   Zero   RW         4039    GUI_pfExecAnimations  anon$$obj.o
    0x200118b0        -       0x00000004   Zero   RW         4037    GUI_pfTimerExec     anon$$obj.o
    0x200118b4        -       0x00000004   Zero   RW         4038    GUI_pfUpdateSoftLayer  anon$$obj.o
    0x200118b8        -       0x00000004   Zero   RW         4060    LCD__aConvTable     anon$$obj.o
    0x200118bc   0x080140a4   0x00000004   PAD
    0x200118c0        -       0x00002000   Zero   RW            1    STACK               startup_stm32f40xx.o
    0x200138c0        -       0x00000004   Zero   RW         4059    WM_MULTIBUF__pAPI   anon$$obj.o
    0x200138c4        -       0x00000001   Zero   RW         4080    WM__CaptureReleaseAuto  anon$$obj.o
    0x200138c5   0x080140a4   0x00000003   PAD
    0x200138c8        -       0x00000004   Zero   RW         4064    WM__CreateFlags     anon$$obj.o
    0x200138cc        -       0x00000004   Zero   RW         4073    WM__FirstWin        anon$$obj.o
    0x200138d0        -       0x00000004   Zero   RW         4058    WM__InvalidLayerMask  anon$$obj.o
    0x200138d4        -       0x00000002   Zero   RW         4072    WM__NumInvalidWindows  anon$$obj.o
    0x200138d6        -       0x00000002   Zero   RW         4077    WM__NumWindows      anon$$obj.o
    0x200138d8        -       0x00000001   Zero   RW         4079    WM__PaintCallbackCnt  anon$$obj.o
    0x200138d9   0x080140a4   0x00000003   PAD
    0x200138dc        -       0x00000004   Zero   RW         4076    WM__TouchedLayer    anon$$obj.o
    0x200138e0        -       0x00000004   Zero   RW         4070    WM__TransWindowCnt  anon$$obj.o
    0x200138e4        -       0x00000008   Zero   RW         4075    WM__aBkColor        anon$$obj.o
    0x200138ec        -       0x00000010   Zero   RW         4068    WM__aCHWinLast      anon$$obj.o
    0x200138fc        -       0x00000010   Zero   RW         4067    WM__aCHWinModal     anon$$obj.o
    0x2001390c        -       0x00000010   Zero   RW         4069    WM__aCHWinMouseOver  anon$$obj.o
    0x2001391c        -       0x00000008   Zero   RW         4063    WM__ahCapture       anon$$obj.o
    0x20013924        -       0x00000008   Zero   RW         4065    WM__ahDesktopWin    anon$$obj.o
    0x2001392c        -       0x00000008   Zero   RW         4062    WM__ahWinFocus      anon$$obj.o
    0x20013934        -       0x00000004   Zero   RW         4061    WM__hATransWindow   anon$$obj.o
    0x20013938        -       0x00000004   Zero   RW         4074    WM__hCreateStatic   anon$$obj.o
    0x2001393c        -       0x00000004   Zero   RW         4066    WM__pExecGestures   anon$$obj.o
    0x20013940        -       0x00000004   Zero   RW         4071    WM__pFirstCriticalHandle  anon$$obj.o
    0x20013944        -       0x00000004   Zero   RW         4045    WM_pfHandlePID      anon$$obj.o
    0x20013948        -       0x00000004   Zero   RW         4078    WM_pfPollPID        anon$$obj.o


==============================================================================

Image component sizes


      Code (inc. data)   RO Data    RW Data    ZI Data      Debug   Object Name

         0          0          0          0          0       7964   event_groups.o
       198         70          0          8          0       3992   gui_x_freertos.o
        16          6          0          0      32768       1071   guiconf.o
      1892         88         52          0          0      71739   guidrv_template.o
       584        138          0         24      36864       4263   heap_4.o
      1322         76          0          0         14      14305   lcd_driver.o
        74         10          0          0          0       1381   lcdconf_flexcolor.o
       136          0          0          0          0       3434   list.o
       274         74          0         16          0      67375   main.o
       100         26          0          0          0        619   maintask.o
        20         10          0          0          0        619   misc.o
       890        314          0         12          0      10328   port.o
      1480        194          0          0          0      11650   queue.o
        36          8        392          0       8192        988   startup_stm32f40xx.o
       156          0          0          0          0       2071   stm32f4xx_gpio.o
        32          0          0          0          0       3523   stm32f4xx_it.o
        56         12          0          0          0       1402   stm32f4xx_rcc.o
        80          0          0          0          0       2081   stm32f4xx_spi.o
       276         34          0         20          0     259145   system_stm32f4xx.o
      2820        738          0         60        740      30941   tasks.o
       816         40          0         44          0       8505   touch.o

    ----------------------------------------------------------------------
     11286       1838        476        184      78992     507396   Object Totals
         0          0         32          0        392          0   (incl. Generated)
        28          0          0          0         22          0   (incl. Padding)

    ----------------------------------------------------------------------

      Code (inc. data)   RO Data    RW Data    ZI Data      Debug   Library Member Name

         0          0       1852          0          0          0   F6x8.o
       196          0         24          0          0          0   GUICC_0.o
       304         40         24          0          8          0   GUICC_M565.o
        52          0         24          0          0          0   GUICC_M8888I.o
         4          0          0          0          0          0   GUICC_M8888I_Index2Color.o
         8          0          0          0          0          0   GUICC_M888_Index2Color.o
      1024         36          0          0          0          0   GUIDEV.o
      3660         60        116          0          4          0   GUIDEV_16.o
      3420         60        116          0          0          0   GUIDEV_32.o
       376         12          0          0          4          0   GUIDEV_Banding.o
        88          4          0          0          0          0   GUIDEV_Clear.o
        48          0          0          0          0          0   GUIDEV_GetDataPtr.o
        68          4          0          0          0          0   GUIDEV_GetYSize.o
        64          4          0          0          0          0   GUIDEV_ReduceYSize.o
       120          4          0          0          0          0   GUIDEV_SetOrg.o
       408         24          0          0          1          0   GUIDEV_StaticDevices.o
        88          0          0          0          0          0   GUIDEV_Usage.o
       484          4         24          0          0          0   GUIDEV_UsageBM.o
       100          0          0          0          0          0   GUIDEV_Write.o
       776         32          0          0          0          0   GUIDEV_WriteToActiveAlpha.o
      2428          8          0          0          0          0   GUIDEV_WriteToActiveOpaque.o
      4040         96          0          0         12          0   GUI_Alloc.o
       416          8          0          0          0          0   GUI_CharM.o
       980        100          0          7          0          0   GUI_Common.o
       776        112         23         20        164          0   GUI_Core.o
       140          4          0          0         76          0   GUI_Cursor.o
       828         40          0          0          0          0   GUI_Device.o
       260          8          0          0          0          0   GUI_DrawBitmap.o
       208         16          0          0         44          0   GUI_MULTIBUF.o
        84         12          0          8         96          0   GUI_OnKey.o
       372         48          0          8         88          0   GUI_PID.o
     16032        192       3260          0        168          0   GUI_QR.o
      2228         24          0          0          0          0   GUI_SPRITE.o
       156         12          0          0          8          0   GUI_SelectLayer.o
        44          4          0          0          0          0   GUI_SetAlpha.o
       480         48          0          8         20          0   GUI_Task.o
       128          8          0          4          0          0   GUI_Time.o
       380          8          0          0         20          0   GUI_Timer.o
        20          0         16          0          0          0   GUI_UC_EncodeNone.o
        16          4          0          0          8          0   GUI_WaitEvent.o
      1072         60          0          8         32          0   GUI__Alpha.o
       796          8          0          0          0          0   GUI__CompactPixelIndices.o
         0          0        880          0          0          0   GUI__DivTbl.o
       408          8          0          0          0          0   GUI__ExpandPixelIndices.o
       244          8          0          0         24          0   GUI__ManageCache.o
       252          0          0          8          0          0   GUI__Private.o
      2208        256         12          4          0          0   LCD.o
        88         12          0         24          0          0   LCD_AA.o
       336         48          0          4         12          0   LCD_Color.o
       828         40          0          0          8          0   LCD_GetEx.o
        32          0          0          0          0          0   LCD_GetNumDisplays.o
         0          0        256          0          0          0   LCD_Mirror.o
       596         16          0          0          0          0   LCD_ReadRect.o
        68          8          0          0          0          0   LCD_SelectLCD.o
       260          0          0          0          0          0   LCD_Set.o
        52          8          0          0          0          0   LCD_SetClipRectEx.o
        36          4          0          0          0          0   LCD_UpdateColorIndices.o
      8648        428          0          0         48          0   WM.o
       936         20          0          0          0          0   WM_Lib.o
       136         24          8          0          0          0   WM_MULTIBUF.o
       768          0          0          0          0          0   WM_Move.o
        28          4          0          0         24          0   WM_PID__GetPrevState.o
      1288          4          0          0          0          0   WM_Screen2Win.o
        56          8          0          0          0          0   WM_SetCapture.o
       124          0          0          0          0          0   WM_Timer.o
      1456         56          0          4         40          0   WM_Touch.o
       660         16          0          0          4          0   WM__Private.o
         0          0          0          0          0          0   entry.o
         0          0          0          0          0          0   entry10a.o
         0          0          0          0          0          0   entry11a.o
         4          0          0          0          0          0   entry12b.o
         8          4          0          0          0          0   entry2.o
         4          0          0          0          0          0   entry5.o
         0          0          0          0          0          0   entry7b.o
         0          0          0          0          0          0   entry8b.o
         8          4          0          0          0          0   entry9a.o
        18          0          0          0          0         80   fputc.o
        30          0          0          0          0          0   handlers.o
        36          8          0          0          0         68   init.o
         0          0          0          0          0          0   iusesemip.o
        66          0          0          0          0         76   memmove.o
        18          0          0          0          0         76   memset.o
       472         14          0          0          0        184   printf3.o
         0          0          0          0          0          0   semi.o
         0          0          0          4          0          0   stdout.o
        44          0          0          0          0         80   uidiv.o

    ----------------------------------------------------------------------
     63390       2102       6636        112        916        564   Library Totals
         2          0          1          1          3          0   (incl. Padding)

    ----------------------------------------------------------------------

      Code (inc. data)   RO Data    RW Data    ZI Data      Debug   Library Name

     62680       2072       6635        107        913          0   STemWin_CM4_OS_wc16_ot_ARGB.a
       708         30          0          4          0        564   mc_w.l

    ----------------------------------------------------------------------
     63390       2102       6636        112        916        564   Library Totals

    ----------------------------------------------------------------------

==============================================================================


      Code (inc. data)   RO Data    RW Data    ZI Data      Debug   

     74676       3940       7112        296      79908     494856   Grand Totals
     74676       3940       7112        296      79908     494856   ELF Image Totals
     74676       3940       7112        296          0          0   ROM Totals

==============================================================================

    Total RO  Size (Code + RO Data)                81788 (  79.87kB)
    Total RW  Size (RW Data + ZI Data)             80204 (  78.32kB)
    Total ROM Size (Code + RO Data + RW Data)      82084 (  80.16kB)

==============================================================================

