<html>
<body>
<pre>
<h1>µVision Build Log</h1>
<h2>Tool Versions:</h2>
IDE-Version: ¦ÌVision V5.33.0.0
Copyright (C) 2020 ARM Ltd and ARM Germany GmbH. All rights reserved.
License Information: z z, z, LIC=EPPLD-8G8VI-PHM89-45PDX-41UV3-HGPM8
 
Tool Versions:
Toolchain:       MDK-ARM Professional  Version: 5.33.0.0
Toolchain Path:  C:\Keil_v5\ARM\ARMCC\Bin
C Compiler:      Armcc.exe V5.06 update 7 (build 960)
Assembler:       Armasm.exe V5.06 update 7 (build 960)
Linker/Locator:  ArmLink.exe V5.06 update 7 (build 960)
Library Manager: ArmAr.exe V5.06 update 7 (build 960)
Hex Converter:   FromElf.exe V5.06 update 7 (build 960)
CPU DLL:         SARMCM3.DLL V5.33.0.0
Dialog DLL:      DCM.DLL V1.17.3.0
Target DLL:      STLink\ST-LINKIII-KEIL_SWO.dll V3.0.8.0
Dialog DLL:      TCM.DLL V1.48.0.0
 
<h2>Project:</h2>
D:\STM32\Learning\FreeRTOS_STemWIN544_SPI_Interface\Project\RVMDK£¨uv5£©\Fire_F407.uvprojx
Project File Date:  02/10/2021

<h2>Output:</h2>
*** Using Compiler 'V5.06 update 7 (build 960)', folder: 'C:\Keil_v5\ARM\ARMCC\Bin'
Rebuild target 'Fire_F407'
assembling startup_stm32f40xx.s...
compiling system_stm32f4xx.c...
compiling misc.c...
compiling stm32f4xx_crc.c...
compiling stm32f4xx_gpio.c...
compiling stm32f4xx_spi.c...
compiling stm32f4xx_rcc.c...
compiling stm32f4xx_sdio.c...
compiling stm32f4xx_dma.c...
compiling main.c...
compiling stm32f4xx_it.c...
compiling lcd_driver.c...
compiling touch.c...
compiling croutine.c...
compiling bsp_sdio_sd.c...
compiling event_groups.c...
compiling list.c...
compiling queue.c...
compiling timers.c...
compiling tasks.c...
compiling GUIConf.c...
compiling heap_4.c...
compiling port.c...
compiling LCDConf_FlexColor.c...
compiling GUI_X_FreeRTOS.c...
compiling GUIDRV_Template.c...
compiling ScreenShot.c...
compiling MainTask.c...
..\..\STemWin_Task\MainTask.c(27): warning:  #177-D: function "ShowStreamedBitmap"  was declared but never referenced
  static void ShowStreamedBitmap(const char *sFilename, int x, int y)
..\..\STemWin_Task\MainTask.c(67): warning:  #177-D: function "_calback"  was declared but never referenced
  static void _calback(WM_MESSAGE *pMsg)
..\..\STemWin_Task\MainTask.c(109): warning:  #177-D: function "show_gif"  was declared but never referenced
  static void show_gif(const char *sFile)
..\..\STemWin_Task\MainTask.c(137): warning:  #177-D: function "show_jpeg"  was declared but never referenced
  static void show_jpeg(const char *sFile)
..\..\STemWin_Task\MainTask.c: 4 warnings, 0 errors
compiling text.c...
compiling GUIFont_Create.c...
..\..\STemWin_Task\GUIFont_Create.c(61): warning:  #177-D: variable "FONT_STORAGE_ROOT_DIR"  was declared but never referenced
  	static const char FONT_STORAGE_ROOT_DIR[]  =   "0:";
..\..\STemWin_Task\GUIFont_Create.c(69): warning:  #177-D: variable "fs"  was declared but never referenced
  	static FATFS fs;									/* Work area (file system object) for logical drives */
..\..\STemWin_Task\GUIFont_Create.c: 2 warnings, 0 errors
compiling cc936.c...
compiling diskio.c...
compiling ff.c...
linking...
Program Size: Code=72456 RO-data=180304 RW-data=364 ZI-data=121096  
FromELF: creating hex file...
"..\..\Output\Fire_F407.axf" - 0 Error(s), 6 Warning(s).

<h2>Software Packages used:</h2>

Package Vendor: Keil
                http://www.keil.com/pack/Keil.STM32F4xx_DFP.2.15.0.pack
                Keil.STM32F4xx_DFP.2.15.0
                STMicroelectronics STM32F4 Series Device Support, Drivers and Examples

<h2>Collection of Component include folders:</h2>
  C:\Users\Kero\AppData\Local\Arm\Packs\Keil\STM32F4xx_DFP\2.15.0\Drivers\CMSIS\Device\ST\STM32F4xx\Include

<h2>Collection of Component Files used:</h2>
Build Time Elapsed:  00:00:11
</pre>
</body>
</html>
