<!doctype html public "-//w3c//dtd html 4.0 transitional//en">
<html><head>
<title>Static Call Graph - [..\..\Output\Fire_F407.axf]</title></head>
<body><HR>
<H1>Static Call Graph for image ..\..\Output\Fire_F407.axf</H1><HR>
<BR><P>#&#060CALLGRAPH&#062# ARM Linker, 5060960: Last Updated: Sun Feb 07 21:12:16 2021
<BR><P>
<H3>Maximum Stack Usage =       1508 bytes + Unknown(Functions without stacksize, Cycles, Untraceable Function Pointers)</H3><H3>
Call chain for Maximum Stack Depth:</H3>
GUI_Task &rArr; MainTask &rArr; ShowStreamedBitmap &rArr; f_open &rArr; dir_register &rArr; dir_find &rArr; dir_next &rArr; create_chain &rArr; put_fat &rArr; move_window &rArr; sync_window &rArr; disk_write &rArr;  disk_write (Cycle)
<P>
<H3>
Functions with no stack information
</H3><UL>
 <LI><a href="#[10d]">GL_SetDefault</a>
 <LI><a href="#[df]">GUIMONO_DispChar</a>
 <LI><a href="#[e0]">GUIMONO_GetCharDistX</a>
 <LI><a href="#[e1]">GUIMONO_GetFontInfo</a>
 <LI><a href="#[e2]">GUIMONO_IsInFont</a>
 <LI><a href="#[115]">GUITASK_CopyContext</a>
 <LI><a href="#[117]">GUITASK_Init</a>
 <LI><a href="#[11b]">GUI_ALLOC_AllocNoInit</a>
 <LI><a href="#[11d]">GUI_ALLOC_AllocZero</a>
 <LI><a href="#[217]">GUI_ALLOC_AssignMemory</a>
 <LI><a href="#[11e]">GUI_ALLOC_Free</a>
 <LI><a href="#[132]">GUI_ALLOC_FreeFixedBlock</a>
 <LI><a href="#[119]">GUI_ALLOC_GetFixedBlock</a>
 <LI><a href="#[122]">GUI_ALLOC_GetMaxSize</a>
 <LI><a href="#[136]">GUI_ALLOC_Lock</a>
 <LI><a href="#[153]">GUI_ALLOC_LockH</a>
 <LI><a href="#[123]">GUI_ALLOC_RequestSize</a>
 <LI><a href="#[138]">GUI_ALLOC_Unlock</a>
 <LI><a href="#[154]">GUI_ALLOC_UnlockH</a>
 <LI><a href="#[173]">GUI_ALLOC_h2p</a>
 <LI><a href="#[124]">GUI_CURSOR_SetPositionEx</a>
 <LI><a href="#[1ef]">GUI_CalcColorDist</a>
 <LI><a href="#[128]">GUI_Clear</a>
 <LI><a href="#[12c]">GUI_CreateBitmapFromStream</a>
 <LI><a href="#[12f]">GUI_DEVICE_Create</a>
 <LI><a href="#[130]">GUI_DEVICE_CreateAndLink</a>
 <LI><a href="#[131]">GUI_DEVICE_Delete</a>
 <LI><a href="#[15a]">GUI_DEVICE_Link</a>
 <LI><a href="#[151]">GUI_DEVICE_LinkDevices</a>
 <LI><a href="#[1b2]">GUI_DEVICE_Unlink</a>
 <LI><a href="#[150]">GUI_DEVICE_UnlinkTaskDevices</a>
 <LI><a href="#[160]">GUI_DEVICE__GetpDriver</a>
 <LI><a href="#[133]">GUI_Delay</a>
 <LI><a href="#[139]">GUI_DrawBitmap</a>
 <LI><a href="#[13b]">GUI_DrawStreamedBitmapAuto</a>
 <LI><a href="#[135]">GUI_Exec</a>
 <LI><a href="#[188]">GUI_GetBitmapPixelIndex</a>
 <LI><a href="#[17b]">GUI_GetBitsPerPixelEx</a>
 <LI><a href="#[13d]">GUI_GetColor</a>
 <LI><a href="#[125]">GUI_GetCursorLayer</a>
 <LI><a href="#[140]">GUI_GetLayerPosEx</a>
 <LI><a href="#[142]">GUI_GetOrg</a>
 <LI><a href="#[19b]">GUI_GetVersionString</a>
 <LI><a href="#[17d]">GUI_GetpfColor2IndexEx</a>
 <LI><a href="#[17c]">GUI_GetpfIndex2ColorEx</a>
 <LI><a href="#[129]">GUI_GotoXY</a>
 <LI><a href="#[143]">GUI_Init</a>
 <LI><a href="#[10e]">GUI_Lock</a>
 <LI><a href="#[152]">GUI_MEMDEV_Clear</a>
 <LI><a href="#[155]">GUI_MEMDEV_CopyToLCD</a>
 <LI><a href="#[15e]">GUI_MEMDEV_CreateEx</a>
 <LI><a href="#[161]">GUI_MEMDEV_Delete</a>
 <LI><a href="#[163]">GUI_MEMDEV_Draw</a>
 <LI><a href="#[16d]">GUI_MEMDEV_GetBitsPerPixel</a>
 <LI><a href="#[16f]">GUI_MEMDEV_GetDataPtr</a>
 <LI><a href="#[166]">GUI_MEMDEV_GetYSize</a>
 <LI><a href="#[79]">GUI_MEMDEV_Paint1Static</a>
 <LI><a href="#[168]">GUI_MEMDEV_ReduceYSize</a>
 <LI><a href="#[167]">GUI_MEMDEV_Select</a>
 <LI><a href="#[169]">GUI_MEMDEV_SetOrg</a>
 <LI><a href="#[174]">GUI_MEMDEV_Write</a>
 <LI><a href="#[15f]">GUI_MEMDEV__CreateFixed</a>
 <LI><a href="#[8f]">GUI_MEMDEV__WriteToActiveAlpha</a>
 <LI><a href="#[178]">GUI_MEMDEV__WriteToActiveAt</a>
 <LI><a href="#[8e]">GUI_MEMDEV__WriteToActiveOpaque</a>
 <LI><a href="#[1e1]">GUI_MergeRect</a>
 <LI><a href="#[1d7]">GUI_MoveRect</a>
 <LI><a href="#[1cc]">GUI_PID_GetState</a>
 <LI><a href="#[1cb]">GUI_PID_IsEmpty</a>
 <LI><a href="#[180]">GUI_PID_StoreState</a>
 <LI><a href="#[182]">GUI_PollKeyMsg</a>
 <LI><a href="#[184]">GUI_ReadRectEx</a>
 <LI><a href="#[1ea]">GUI_RectsIntersect</a>
 <LI><a href="#[186]">GUI_RestoreContext</a>
 <LI><a href="#[127]">GUI_SPRITE_SetPosition</a>
 <LI><a href="#[18b]">GUI_SaveContext_W</a>
 <LI><a href="#[15d]">GUI_SelectLCD</a>
 <LI><a href="#[157]">GUI_SelectLayer</a>
 <LI><a href="#[18d]">GUI_SetBkColor</a>
 <LI><a href="#[18e]">GUI_SetColor</a>
 <LI><a href="#[18f]">GUI_SetColorIndex</a>
 <LI><a href="#[13a]">GUI_SetDrawMode</a>
 <LI><a href="#[126]">GUI_SetLayerPosEx</a>
 <LI><a href="#[14d]">GUI_SetOrg</a>
 <LI><a href="#[181]">GUI_SignalEvent</a>
 <LI><a href="#[192]">GUI_StoreKey</a>
 <LI><a href="#[193]">GUI_TIMER_Delete</a>
 <LI><a href="#[194]">GUI_TIMER_GetFlag</a>
 <LI><a href="#[195]">GUI_TIMER__GetFirstTimer</a>
 <LI><a href="#[196]">GUI_TIMER__GetNextTimerLin</a>
 <LI><a href="#[1f1]">GUI_USAGE_AddRect</a>
 <LI><a href="#[179]">GUI_USAGE_BM_Create</a>
 <LI><a href="#[162]">GUI_USAGE_DecUseCnt</a>
 <LI><a href="#[110]">GUI_Unlock</a>
 <LI><a href="#[198]">GUI__AllocAlphaBuffer</a>
 <LI><a href="#[171]">GUI__AlphaPreserveTrans</a>
 <LI><a href="#[17e]">GUI__CompactPixelIndices</a>
 <LI><a href="#[1f0]">GUI__CompactPixelIndicesEx</a>
 <LI><a href="#[144]">GUI__Config</a>
 <LI><a href="#[12e]">GUI__CreateBitmapFromStream</a>
 <LI><a href="#[19e]">GUI__DoAlphaBlending</a>
 <LI><a href="#[1a0]">GUI__DrawBitmap16bpp</a>
 <LI><a href="#[19f]">GUI__ExpandPixelIndicesEx</a>
 <LI><a href="#[1a1]">GUI__GetAlphaBuffer</a>
 <LI><a href="#[1c7]">GUI__IntersectRect</a>
 <LI><a href="#[1b4]">GUI__IntersectRects</a>
 <LI><a href="#[1a4]">GUI__ManageCache</a>
 <LI><a href="#[7]">GUI__MixColors</a>
 <LI><a href="#[8]">GUI__MixColorsBulk</a>
 <LI><a href="#[1a5]">GUI__Read16</a>
 <LI><a href="#[12d]">GUI__ReadHeaderFromStream</a>
 <LI><a href="#[118]">GUI__RegisterExit</a>
 <LI><a href="#[1a6]">GUI__SetPixelAlpha</a>
 <LI><a href="#[1f7]">GUI__memset16</a>
 <LI><a href="#[9]">LCD_AA_MixColors16</a>
 <LI><a href="#[19a]">LCD_AA_SetOrMask</a>
 <LI><a href="#[1a8]">LCD_Color2Index</a>
 <LI><a href="#[113]">LCD_DrawBitmap</a>
 <LI><a href="#[ad]">LCD_DrawHLine</a>
 <LI><a href="#[ae]">LCD_DrawPixel</a>
 <LI><a href="#[114]">LCD_FillRect</a>
 <LI><a href="#[1a3]">LCD_GetBitsPerPixelEx</a>
 <LI><a href="#[13e]">LCD_GetColorIndex</a>
 <LI><a href="#[1a2]">LCD_GetNextPixelAPI</a>
 <LI><a href="#[1a9]">LCD_GetNumColors</a>
 <LI><a href="#[1aa]">LCD_GetNumColorsEx</a>
 <LI><a href="#[1ab]">LCD_GetNumLayers</a>
 <LI><a href="#[1ac]">LCD_GetPalette</a>
 <LI><a href="#[1a7]">LCD_GetPixelColor</a>
 <LI><a href="#[1ad]">LCD_GetPixelIndex</a>
 <LI><a href="#[141]">LCD_GetPosEx</a>
 <LI><a href="#[16b]">LCD_GetVXSizeEx</a>
 <LI><a href="#[199]">LCD_GetVXSizeMax</a>
 <LI><a href="#[16c]">LCD_GetVYSizeEx</a>
 <LI><a href="#[175]">LCD_GetXSize</a>
 <LI><a href="#[148]">LCD_GetXSizeDisplay</a>
 <LI><a href="#[164]">LCD_GetXSizeEx</a>
 <LI><a href="#[14a]">LCD_GetXSizeMax</a>
 <LI><a href="#[176]">LCD_GetYSize</a>
 <LI><a href="#[149]">LCD_GetYSizeDisplay</a>
 <LI><a href="#[165]">LCD_GetYSizeEx</a>
 <LI><a href="#[14b]">LCD_GetYSizeMax</a>
 <LI><a href="#[1ae]">LCD_GetpPalConvTable</a>
 <LI><a href="#[3]">LCD_GetpPalConvTableBM</a>
 <LI><a href="#[13f]">LCD_Index2Color</a>
 <LI><a href="#[7d]">LCD_Index2Color_444_12</a>
 <LI><a href="#[7e]">LCD_Index2Color_444_12_1</a>
 <LI><a href="#[7f]">LCD_Index2Color_444_16</a>
 <LI><a href="#[7b]">LCD_Index2Color_555</a>
 <LI><a href="#[7c]">LCD_Index2Color_565</a>
 <LI><a href="#[bc]">LCD_Index2Color_888</a>
 <LI><a href="#[7a]">LCD_Index2Color_8888</a>
 <LI><a href="#[82]">LCD_Index2Color_M444_12</a>
 <LI><a href="#[83]">LCD_Index2Color_M444_12_1</a>
 <LI><a href="#[84]">LCD_Index2Color_M444_16</a>
 <LI><a href="#[80]">LCD_Index2Color_M555</a>
 <LI><a href="#[81]">LCD_Index2Color_M565</a>
 <LI><a href="#[73]">LCD_Index2Color_M888</a>
 <LI><a href="#[72]">LCD_Index2Color_M8888I</a>
 <LI><a href="#[1af]">LCD_InitColors</a>
 <LI><a href="#[1b0]">LCD_InitLUT</a>
 <LI><a href="#[18c]">LCD_SelectLCD</a>
 <LI><a href="#[10f]">LCD_SetBkColor</a>
 <LI><a href="#[1b7]">LCD_SetBkColorIndex</a>
 <LI><a href="#[1b3]">LCD_SetClipRectEx</a>
 <LI><a href="#[15c]">LCD_SetClipRectMax</a>
 <LI><a href="#[111]">LCD_SetColor</a>
 <LI><a href="#[190]">LCD_SetColorIndex</a>
 <LI><a href="#[14c]">LCD_SetDisplaySize</a>
 <LI><a href="#[112]">LCD_SetDrawMode</a>
 <LI><a href="#[1b1]">LCD_SetLUTEntryEx</a>
 <LI><a href="#[1f5]">LCD_SetPixelIndex</a>
 <LI><a href="#[191]">LCD_SetPosEx</a>
 <LI><a href="#[1b5]">LCD_SetSizeEx</a>
 <LI><a href="#[1b6]">LCD_SetVSizeEx</a>
 <LI><a href="#[15b]">LCD_UpdateColorIndices</a>
 <LI><a href="#[17f]">LCD__DrawBitmap_1bpp</a>
 <LI><a href="#[26c]">LCD__GetBPP</a>
 <LI><a href="#[16e]">LCD__GetBPPDevice</a>
 <LI><a href="#[158]">WM_Activate</a>
 <LI><a href="#[1b8]">WM_BringToBottom</a>
 <LI><a href="#[1bb]">WM_CreateWindowAsChild</a>
 <LI><a href="#[159]">WM_Deactivate</a>
 <LI><a href="#[1bf]">WM_DefaultProc</a>
 <LI><a href="#[13c]">WM_Exec</a>
 <LI><a href="#[170]">WM_GetDesktopWindow</a>
 <LI><a href="#[1e4]">WM_GetDesktopWindowEx</a>
 <LI><a href="#[1c9]">WM_GetFirstChild</a>
 <LI><a href="#[1ca]">WM_GetParent</a>
 <LI><a href="#[172]">WM_GetWindowOrgX</a>
 <LI><a href="#[6e]">WM_HandlePID</a>
 <LI><a href="#[14e]">WM_Init</a>
 <LI><a href="#[1da]">WM_InvalidateWindowAndDescsEx</a>
 <LI><a href="#[1d5]">WM_IsWindow</a>
 <LI><a href="#[1dc]">WM_MoveWindow</a>
 <LI><a href="#[1c4]">WM_NotifyParent</a>
 <LI><a href="#[183]">WM_OnKey</a>
 <LI><a href="#[1d1]">WM_PID__SetPrevState</a>
 <LI><a href="#[1d6]">WM_ReleaseCapture</a>
 <LI><a href="#[1df]">WM_ResizeWindow</a>
 <LI><a href="#[1d3]">WM_Screen2hWin</a>
 <LI><a href="#[1e6]">WM_SendMessageNoPara</a>
 <LI><a href="#[1c1]">WM_SendToParent</a>
 <LI><a href="#[203]">WM_SetCreateFlags</a>
 <LI><a href="#[177]">WM_SetSize</a>
 <LI><a href="#[1e7]">WM__ActivateClipRect</a>
 <LI><a href="#[1cd]">WM__AddCriticalHandle</a>
 <LI><a href="#[1c3]">WM__DeleteAssocTimer</a>
 <LI><a href="#[1c0]">WM__GetClientRectEx</a>
 <LI><a href="#[1e8]">WM__GetClientRectWin</a>
 <LI><a href="#[12b]">WM__GetNextIVR</a>
 <LI><a href="#[1b9]">WM__GetPrevSibling</a>
 <LI><a href="#[12a]">WM__InitIVRSearch</a>
 <LI><a href="#[1bc]">WM__InsertWindowIntoList</a>
 <LI><a href="#[1d9]">WM__InvalidateDrawAndDescs</a>
 <LI><a href="#[1de]">WM__InvalidateParent</a>
 <LI><a href="#[1c5]">WM__InvalidateRect</a>
 <LI><a href="#[1ba]">WM__InvalidateRectEx</a>
 <LI><a href="#[1ce]">WM__IsAncestor</a>
 <LI><a href="#[1cf]">WM__IsEnabled</a>
 <LI><a href="#[1db]">WM__IsWindow</a>
 <LI><a href="#[78]">WM__Paint1</a>
 <LI><a href="#[1d2]">WM__RemoveCriticalHandle</a>
 <LI><a href="#[1bd]">WM__SendMessage</a>
 <LI><a href="#[1d4]">WM__SendMessageIfEnabled</a>
 <LI><a href="#[16a]">WM__SendMessageNoPara</a>
 <LI><a href="#[1e3]">WM__SendMsgNoData</a>
 <LI><a href="#[1d0]">WM__SendTouchMessage</a>
 <LI><a href="#[1e2]">WM__UpdateChildPositions</a>
 <LI><a href="#[147]">emWin_LCD_Init</a>
 <LI><a href="#[a9]">_Color2Index_M565</a>
 <LI><a href="#[aa]">_GetIndexMask_M565</a>
 <LI><a href="#[ab]">_Color2IndexBulk</a>
 <LI><a href="#[ac]">_Index2ColorBulk</a>
 <LI><a href="#[11f]">_AddFreeMemory</a>
 <LI><a href="#[121]">_RemoveHoles</a>
 <LI><a href="#[120]">_EnlargeBlocks</a>
 <LI><a href="#[11c]">_Alloc</a>
 <LI><a href="#[146]">_InitContext</a>
 <LI><a href="#[71]">_OnExit</a>
 <LI><a href="#[6f]">_OnExit</a>
 <LI><a href="#[b9]">_GetDevData</a>
 <LI><a href="#[b7]">_GetDevFunc</a>
 <LI><a href="#[b6]">_SetOrg</a>
 <LI><a href="#[ba]">_GetRect</a>
 <LI><a href="#[af]">_DrawBitmap</a>
 <LI><a href="#[b8]">_GetDevProp</a>
 <LI><a href="#[b3]">_GetPixelIndex</a>
 <LI><a href="#[b4]">_SetPixelIndex</a>
 <LI><a href="#[b5]">_XorPixel</a>
 <LI><a href="#[b2]">_FillRect</a>
 <LI><a href="#[b0]">_DrawHLine</a>
 <LI><a href="#[b1]">_DrawVLine</a>
 <LI><a href="#[1e0]">WM_ResizeWindow.part.11</a>
 <LI><a href="#[bb]">_DrawBitmap</a>
 <LI><a href="#[c2]">_DrawBitmap444_12</a>
 <LI><a href="#[c1]">_DrawBitmapM444_12</a>
 <LI><a href="#[c0]">_DrawBitmap444_12_1</a>
 <LI><a href="#[bf]">_DrawBitmapM444_12_1</a>
 <LI><a href="#[be]">_DrawBitmap444_16</a>
 <LI><a href="#[bd]">_DrawBitmapM444_16</a>
 <LI><a href="#[c4]">_DrawBitmap</a>
 <LI><a href="#[c3]">_DrawBitmapSwapRB</a>
 <LI><a href="#[c6]">_DrawBitmap</a>
 <LI><a href="#[c5]">_DrawBitmapSwapRB</a>
 <LI><a href="#[4]">_SetPixelAlpha</a>
 <LI><a href="#[1f2]">_DrawBitmap</a>
 <LI><a href="#[c8]">_DrawBitmap_8888</a>
 <LI><a href="#[c7]">_DrawBitmap_M8888I</a>
 <LI><a href="#[c9]">_DrawBitmapHW_8888</a>
 <LI><a href="#[cd]">_DrawBitmapA565</a>
 <LI><a href="#[cc]">_DrawBitmapAM565</a>
 <LI><a href="#[cb]">_DrawBitmapA555</a>
 <LI><a href="#[ca]">_DrawBitmapAM555</a>
 <LI><a href="#[6d]">_OnExit</a>
 <LI><a href="#[ce]">_GetCharCode</a>
 <LI><a href="#[cf]">_GetCharSize</a>
 <LI><a href="#[d0]">_CalcSizeOfChar</a>
 <LI><a href="#[d1]">_Encode</a>
 <LI><a href="#[d3]">_SetBkColor</a>
 <LI><a href="#[d2]">_SetColor</a>
 <LI><a href="#[d4]">_SetDrawMode</a>
 <LI><a href="#[74]">_OnExit</a>
 <LI><a href="#[85]">_GetByte_pPixel</a>
 <LI><a href="#[1f3]">_DrawBitmap</a>
 <LI><a href="#[d8]">_DrawBitmap_RLE16</a>
 <LI><a href="#[d7]">_DrawBitmap_RLEM16</a>
 <LI><a href="#[d5]">_DrawBitmap_RLEM16Ex</a>
 <LI><a href="#[d6]">_DrawBitmap_RLE16Ex</a>
 <LI><a href="#[88]">_GetByte_pPixel</a>
 <LI><a href="#[89]">_GetPixel_pPixel</a>
 <LI><a href="#[86]">_Draw</a>
 <LI><a href="#[87]">_DrawClip</a>
 <LI><a href="#[d9]">_DrawBitmap_RLE32Ex</a>
 <LI><a href="#[da]">_DrawBitmap_RLE32</a>
 <LI><a href="#[8a]">_GetByte_pPixel</a>
 <LI><a href="#[1f4]">_DrawBitmap</a>
 <LI><a href="#[dc]">_DrawBitmap_RLE4</a>
 <LI><a href="#[db]">_DrawBitmap_RLE4Ex</a>
 <LI><a href="#[8b]">_GetByte_pPixel</a>
 <LI><a href="#[1f6]">_DrawBitmap</a>
 <LI><a href="#[de]">_DrawBitmap_RLE8</a>
 <LI><a href="#[dd]">_DrawBitmap_RLE8Ex</a>
 <LI><a href="#[185]">LCD_ReadRectEx</a>
 <LI><a href="#[76]">_OnExit</a>
 <LI><a href="#[1f9]">_Findy1</a>
 <LI><a href="#[1f8]">_Findx0</a>
 <LI><a href="#[1eb]">_Findx1</a>
 <LI><a href="#[1ee]">_Paint1Trans</a>
 <LI><a href="#[1ed]">_PaintTransChildren</a>
 <LI><a href="#[1e9]">_Findx0.constprop.10</a>
 <LI><a href="#[1ec]">_Findy1.constprop.11</a>
 <LI><a href="#[1c8]">WM__PaintWinAndOverlays</a>
 <LI><a href="#[75]">_cbPaintMemDev</a>
 <LI><a href="#[1d8]">_Invalidate1Abs</a>
 <LI><a href="#[1be]">WM_InvalidateRect.part.2</a>
 <LI><a href="#[77]">_cbBackWin</a>
 <LI><a href="#[1c2]">WM_DeleteWindow.part.3</a>
 <LI><a href="#[1c6]">_Exec1Input</a>
 <LI><a href="#[1dd]">_MoveDescendents</a>
 <LI><a href="#[e3]">_Color2Index_M8888I</a>
 <LI><a href="#[e4]">_GetIndexMask_M8888I</a>
 <LI><a href="#[e5]">_Color2IndexBulk_M8888I</a>
 <LI><a href="#[e6]">_Index2ColorBulk_M8888I</a>
 <LI><a href="#[e9]">_GetIndexMask_0</a>
 <LI><a href="#[e8]">_Index2Color_0</a>
 <LI><a href="#[e7]">_Color2Index_0</a>
 <LI><a href="#[ea]">_Color2Index_565</a>
 <LI><a href="#[eb]">_GetIndexMask_565</a>
 <LI><a href="#[ec]">_Color2IndexBulk</a>
 <LI><a href="#[ed]">_Index2ColorBulk</a>
 <LI><a href="#[ee]">_Color2Index_8888</a>
 <LI><a href="#[ef]">_GetIndexMask_8888</a>
 <LI><a href="#[f0]">_Color2IndexBulk</a>
 <LI><a href="#[f1]">_Index2ColorBulk</a>
 <LI><a href="#[70]">_OnExit</a>
 <LI><a href="#[b]">_NextPixel_SetPixel</a>
 <LI><a href="#[a]">_NextPixel_Start</a>
 <LI><a href="#[c]">_NextPixel_NextLine</a>
 <LI><a href="#[d]">_NextPixel_End</a>
 <LI><a href="#[f2]">_DrawBitmap_RLEAlpha</a>
 <LI><a href="#[8c]">_Draw</a>
 <LI><a href="#[8d]">_DrawClip</a>
 <LI><a href="#[156]">GUI_MEMDEV_CopyToLCDAt.part.0</a>
 <LI><a href="#[1e5]">_Screen2hWin</a>
 <LI><a href="#[187]">_CreateBuffer.isra.4</a>
 <LI><a href="#[189]">_SetBkIndexBuffered</a>
 <LI><a href="#[18a]">_ReleaseBuffer.isra.7</a>
 <LI><a href="#[fd]">_GetDevData</a>
 <LI><a href="#[fb]">_GetDevFunc</a>
 <LI><a href="#[fc]">_GetDevProp</a>
 <LI><a href="#[fa]">_SetOrg</a>
 <LI><a href="#[fe]">_GetRect</a>
 <LI><a href="#[f3]">_DrawBitmap</a>
 <LI><a href="#[f7]">_GetPixelIndex</a>
 <LI><a href="#[f8]">_SetPixelIndex</a>
 <LI><a href="#[f9]">_XorPixel</a>
 <LI><a href="#[f6]">_FillRect</a>
 <LI><a href="#[f4]">_DrawHLine</a>
 <LI><a href="#[f5]">_DrawVLine</a>
 <LI><a href="#[ff]">GUI_USAGE_BM_AddPixel</a>
 <LI><a href="#[103]">GUI_USAGE_BM_GetNextDirty</a>
 <LI><a href="#[102]">_GUI_USAGE_BM_Delete</a>
 <LI><a href="#[101]">GUI_USAGE_BM_Clear</a>
 <LI><a href="#[100]">GUI_USAGE_BM_AddHLine</a>
 <LI><a href="#[17a]">_WriteToActiveAlpha</a>
</UL>
</UL>
<P>
<H3>
Mutually Recursive functions
</H3> <LI><a href="#[2a]">ADC_IRQHandler</a>&nbsp;&nbsp;&nbsp;&rArr;&nbsp;&nbsp;&nbsp;<a href="#[2a]">ADC_IRQHandler</a><BR>
 <LI><a href="#[1d9]">WM__InvalidateDrawAndDescs</a>&nbsp;&nbsp;&nbsp;&rArr;&nbsp;&nbsp;&nbsp;<a href="#[1d9]">WM__InvalidateDrawAndDescs</a><BR>
 <LI><a href="#[1c1]">WM_SendToParent</a>&nbsp;&nbsp;&nbsp;&rArr;&nbsp;&nbsp;&nbsp;<a href="#[1bd]">WM__SendMessage</a><BR>
 <LI><a href="#[1c5]">WM__InvalidateRect</a>&nbsp;&nbsp;&nbsp;&rArr;&nbsp;&nbsp;&nbsp;<a href="#[1c5]">WM__InvalidateRect</a><BR>
 <LI><a href="#[1da]">WM_InvalidateWindowAndDescsEx</a>&nbsp;&nbsp;&nbsp;&rArr;&nbsp;&nbsp;&nbsp;<a href="#[1da]">WM_InvalidateWindowAndDescsEx</a><BR>
 <LI><a href="#[1df]">WM_ResizeWindow</a>&nbsp;&nbsp;&nbsp;&rArr;&nbsp;&nbsp;&nbsp;<a href="#[1e0]">WM_ResizeWindow.part.11</a><BR>
 <LI><a href="#[1dd]">_MoveDescendents</a>&nbsp;&nbsp;&nbsp;&rArr;&nbsp;&nbsp;&nbsp;<a href="#[1dd]">_MoveDescendents</a><BR>
 <LI><a href="#[1f9]">_Findy1</a>&nbsp;&nbsp;&nbsp;&rArr;&nbsp;&nbsp;&nbsp;<a href="#[1f9]">_Findy1</a><BR>
 <LI><a href="#[1f8]">_Findx0</a>&nbsp;&nbsp;&nbsp;&rArr;&nbsp;&nbsp;&nbsp;<a href="#[1f8]">_Findx0</a><BR>
 <LI><a href="#[1eb]">_Findx1</a>&nbsp;&nbsp;&nbsp;&rArr;&nbsp;&nbsp;&nbsp;<a href="#[1eb]">_Findx1</a><BR>
 <LI><a href="#[11c]">_Alloc</a>&nbsp;&nbsp;&nbsp;&rArr;&nbsp;&nbsp;&nbsp;<a href="#[120]">_EnlargeBlocks</a><BR>
 <LI><a href="#[1e5]">_Screen2hWin</a>&nbsp;&nbsp;&nbsp;&rArr;&nbsp;&nbsp;&nbsp;<a href="#[1e5]">_Screen2hWin</a><BR>
 <LI><a href="#[12]">BusFault_Handler</a>&nbsp;&nbsp;&nbsp;&rArr;&nbsp;&nbsp;&nbsp;<a href="#[12]">BusFault_Handler</a><BR>
 <LI><a href="#[10]">HardFault_Handler</a>&nbsp;&nbsp;&nbsp;&rArr;&nbsp;&nbsp;&nbsp;<a href="#[10]">HardFault_Handler</a><BR>
 <LI><a href="#[11]">MemManage_Handler</a>&nbsp;&nbsp;&nbsp;&rArr;&nbsp;&nbsp;&nbsp;<a href="#[11]">MemManage_Handler</a><BR>
 <LI><a href="#[13]">UsageFault_Handler</a>&nbsp;&nbsp;&nbsp;&rArr;&nbsp;&nbsp;&nbsp;<a href="#[13]">UsageFault_Handler</a><BR>
 <LI><a href="#[28d]">disk_write</a>&nbsp;&nbsp;&nbsp;&rArr;&nbsp;&nbsp;&nbsp;<a href="#[28d]">disk_write</a><BR>
 <LI><a href="#[28b]">disk_read</a>&nbsp;&nbsp;&nbsp;&rArr;&nbsp;&nbsp;&nbsp;<a href="#[28b]">disk_read</a><BR>
 <LI><a href="#[1c2]">WM_DeleteWindow.part.3</a>&nbsp;&nbsp;&nbsp;&rArr;&nbsp;&nbsp;&nbsp;<a href="#[1c2]">WM_DeleteWindow.part.3</a><BR>
 <LI><a href="#[1ed]">_PaintTransChildren</a>&nbsp;&nbsp;&nbsp;&rArr;&nbsp;&nbsp;&nbsp;<a href="#[1ed]">_PaintTransChildren</a><BR>
 <LI><a href="#[220]">SPI_WriteByte</a>&nbsp;&nbsp;&nbsp;&rArr;&nbsp;&nbsp;&nbsp;<a href="#[220]">SPI_WriteByte</a><BR>
</UL>
<P>
<H3>
Function Pointers
</H3><UL>
 <LI><a href="#[2a]">ADC_IRQHandler</a> from startup_stm32f40xx.o(.text) referenced from startup_stm32f40xx.o(RESET)
 <LI><a href="#[9a]">AppTaskCreate</a> from main.o(i.AppTaskCreate) referenced from main.o(i.main)
 <LI><a href="#[12]">BusFault_Handler</a> from stm32f4xx_it.o(i.BusFault_Handler) referenced from startup_stm32f40xx.o(RESET)
 <LI><a href="#[2c]">CAN1_RX0_IRQHandler</a> from startup_stm32f40xx.o(.text) referenced from startup_stm32f40xx.o(RESET)
 <LI><a href="#[2d]">CAN1_RX1_IRQHandler</a> from startup_stm32f40xx.o(.text) referenced from startup_stm32f40xx.o(RESET)
 <LI><a href="#[2e]">CAN1_SCE_IRQHandler</a> from startup_stm32f40xx.o(.text) referenced from startup_stm32f40xx.o(RESET)
 <LI><a href="#[2b]">CAN1_TX_IRQHandler</a> from startup_stm32f40xx.o(.text) referenced from startup_stm32f40xx.o(RESET)
 <LI><a href="#[58]">CAN2_RX0_IRQHandler</a> from startup_stm32f40xx.o(.text) referenced from startup_stm32f40xx.o(RESET)
 <LI><a href="#[59]">CAN2_RX1_IRQHandler</a> from startup_stm32f40xx.o(.text) referenced from startup_stm32f40xx.o(RESET)
 <LI><a href="#[5a]">CAN2_SCE_IRQHandler</a> from startup_stm32f40xx.o(.text) referenced from startup_stm32f40xx.o(RESET)
 <LI><a href="#[57]">CAN2_TX_IRQHandler</a> from startup_stm32f40xx.o(.text) referenced from startup_stm32f40xx.o(RESET)
 <LI><a href="#[67]">CRYP_IRQHandler</a> from startup_stm32f40xx.o(.text) referenced from startup_stm32f40xx.o(RESET)
 <LI><a href="#[66]">DCMI_IRQHandler</a> from startup_stm32f40xx.o(.text) referenced from startup_stm32f40xx.o(RESET)
 <LI><a href="#[23]">DMA1_Stream0_IRQHandler</a> from startup_stm32f40xx.o(.text) referenced from startup_stm32f40xx.o(RESET)
 <LI><a href="#[24]">DMA1_Stream1_IRQHandler</a> from startup_stm32f40xx.o(.text) referenced from startup_stm32f40xx.o(RESET)
 <LI><a href="#[25]">DMA1_Stream2_IRQHandler</a> from startup_stm32f40xx.o(.text) referenced from startup_stm32f40xx.o(RESET)
 <LI><a href="#[26]">DMA1_Stream3_IRQHandler</a> from startup_stm32f40xx.o(.text) referenced from startup_stm32f40xx.o(RESET)
 <LI><a href="#[27]">DMA1_Stream4_IRQHandler</a> from startup_stm32f40xx.o(.text) referenced from startup_stm32f40xx.o(RESET)
 <LI><a href="#[28]">DMA1_Stream5_IRQHandler</a> from startup_stm32f40xx.o(.text) referenced from startup_stm32f40xx.o(RESET)
 <LI><a href="#[29]">DMA1_Stream6_IRQHandler</a> from startup_stm32f40xx.o(.text) referenced from startup_stm32f40xx.o(RESET)
 <LI><a href="#[47]">DMA1_Stream7_IRQHandler</a> from startup_stm32f40xx.o(.text) referenced from startup_stm32f40xx.o(RESET)
 <LI><a href="#[50]">DMA2_Stream0_IRQHandler</a> from startup_stm32f40xx.o(.text) referenced from startup_stm32f40xx.o(RESET)
 <LI><a href="#[51]">DMA2_Stream1_IRQHandler</a> from startup_stm32f40xx.o(.text) referenced from startup_stm32f40xx.o(RESET)
 <LI><a href="#[52]">DMA2_Stream2_IRQHandler</a> from startup_stm32f40xx.o(.text) referenced from startup_stm32f40xx.o(RESET)
 <LI><a href="#[53]">DMA2_Stream3_IRQHandler</a> from bsp_sdio_sd.o(i.DMA2_Stream3_IRQHandler) referenced from startup_stm32f40xx.o(RESET)
 <LI><a href="#[54]">DMA2_Stream4_IRQHandler</a> from startup_stm32f40xx.o(.text) referenced from startup_stm32f40xx.o(RESET)
 <LI><a href="#[5c]">DMA2_Stream5_IRQHandler</a> from startup_stm32f40xx.o(.text) referenced from startup_stm32f40xx.o(RESET)
 <LI><a href="#[5d]">DMA2_Stream6_IRQHandler</a> from startup_stm32f40xx.o(.text) referenced from startup_stm32f40xx.o(RESET)
 <LI><a href="#[5e]">DMA2_Stream7_IRQHandler</a> from startup_stm32f40xx.o(.text) referenced from startup_stm32f40xx.o(RESET)
 <LI><a href="#[15]">DebugMon_Handler</a> from stm32f4xx_it.o(i.DebugMon_Handler) referenced from startup_stm32f40xx.o(RESET)
 <LI><a href="#[55]">ETH_IRQHandler</a> from startup_stm32f40xx.o(.text) referenced from startup_stm32f40xx.o(RESET)
 <LI><a href="#[56]">ETH_WKUP_IRQHandler</a> from startup_stm32f40xx.o(.text) referenced from startup_stm32f40xx.o(RESET)
 <LI><a href="#[1e]">EXTI0_IRQHandler</a> from startup_stm32f40xx.o(.text) referenced from startup_stm32f40xx.o(RESET)
 <LI><a href="#[40]">EXTI15_10_IRQHandler</a> from startup_stm32f40xx.o(.text) referenced from startup_stm32f40xx.o(RESET)
 <LI><a href="#[1f]">EXTI1_IRQHandler</a> from startup_stm32f40xx.o(.text) referenced from startup_stm32f40xx.o(RESET)
 <LI><a href="#[20]">EXTI2_IRQHandler</a> from startup_stm32f40xx.o(.text) referenced from startup_stm32f40xx.o(RESET)
 <LI><a href="#[21]">EXTI3_IRQHandler</a> from startup_stm32f40xx.o(.text) referenced from startup_stm32f40xx.o(RESET)
 <LI><a href="#[22]">EXTI4_IRQHandler</a> from startup_stm32f40xx.o(.text) referenced from startup_stm32f40xx.o(RESET)
 <LI><a href="#[2f]">EXTI9_5_IRQHandler</a> from startup_stm32f40xx.o(.text) referenced from startup_stm32f40xx.o(RESET)
 <LI><a href="#[1c]">FLASH_IRQHandler</a> from startup_stm32f40xx.o(.text) referenced from startup_stm32f40xx.o(RESET)
 <LI><a href="#[69]">FPU_IRQHandler</a> from startup_stm32f40xx.o(.text) referenced from startup_stm32f40xx.o(RESET)
 <LI><a href="#[48]">FSMC_IRQHandler</a> from startup_stm32f40xx.o(.text) referenced from startup_stm32f40xx.o(RESET)
 <LI><a href="#[df]">GUIMONO_DispChar</a> from GUI_CharM.o(.text.GUIMONO_DispChar) referenced 2 times from F6x8.o(.rodata)
 <LI><a href="#[e0]">GUIMONO_GetCharDistX</a> from GUI_CharM.o(.text.GUIMONO_GetCharDistX) referenced 2 times from F6x8.o(.rodata)
 <LI><a href="#[e1]">GUIMONO_GetFontInfo</a> from GUI_CharM.o(.text.GUIMONO_GetFontInfo) referenced 2 times from F6x8.o(.rodata)
 <LI><a href="#[e2]">GUIMONO_IsInFont</a> from GUI_CharM.o(.text.GUIMONO_IsInFont) referenced 2 times from F6x8.o(.rodata)
 <LI><a href="#[79]">GUI_MEMDEV_Paint1Static</a> from GUIDEV_StaticDevices.o(.text.GUI_MEMDEV_Paint1Static) referenced from WM.o(.text.WM__PaintWinAndOverlays)
 <LI><a href="#[79]">GUI_MEMDEV_Paint1Static</a> from GUIDEV_StaticDevices.o(.text.GUI_MEMDEV_Paint1Static) referenced from WM.o(.text._Paint1Trans)
 <LI><a href="#[8f]">GUI_MEMDEV__WriteToActiveAlpha</a> from GUIDEV_WriteToActiveAlpha.o(.text.GUI_MEMDEV__WriteToActiveAlpha) referenced from GUIDEV_32.o(.text._GetDevFunc)
 <LI><a href="#[8e]">GUI_MEMDEV__WriteToActiveOpaque</a> from GUIDEV_WriteToActiveOpaque.o(.text.GUI_MEMDEV__WriteToActiveOpaque) referenced from GUIDEV_16.o(.text._GetDevFunc)
 <LI><a href="#[91]">GUI_Task</a> from main.o(i.GUI_Task) referenced from main.o(i.AppTaskCreate)
 <LI><a href="#[100]">GUI_USAGE_BM_AddHLine</a> from GUIDEV_UsageBM.o(.text.GUI_USAGE_BM_AddHLine) referenced from GUIDEV_UsageBM.o(.rodata)
 <LI><a href="#[ff]">GUI_USAGE_BM_AddPixel</a> from GUIDEV_UsageBM.o(.text.GUI_USAGE_BM_AddPixel) referenced from GUIDEV_UsageBM.o(.rodata)
 <LI><a href="#[101]">GUI_USAGE_BM_Clear</a> from GUIDEV_UsageBM.o(.text.GUI_USAGE_BM_Clear) referenced from GUIDEV_UsageBM.o(.rodata)
 <LI><a href="#[103]">GUI_USAGE_BM_GetNextDirty</a> from GUIDEV_UsageBM.o(.text.GUI_USAGE_BM_GetNextDirty) referenced from GUIDEV_UsageBM.o(.rodata)
 <LI><a href="#[7]">GUI__MixColors</a> from GUI__Alpha.o(.text.GUI__MixColors) referenced 2 times from GUI__Alpha.o(.data)
 <LI><a href="#[8]">GUI__MixColorsBulk</a> from GUI__Alpha.o(.text.GUI__MixColorsBulk) referenced 2 times from GUI__Alpha.o(.data)
 <LI><a href="#[68]">HASH_RNG_IRQHandler</a> from startup_stm32f40xx.o(.text) referenced from startup_stm32f40xx.o(RESET)
 <LI><a href="#[10]">HardFault_Handler</a> from stm32f4xx_it.o(i.HardFault_Handler) referenced from startup_stm32f40xx.o(RESET)
 <LI><a href="#[38]">I2C1_ER_IRQHandler</a> from startup_stm32f40xx.o(.text) referenced from startup_stm32f40xx.o(RESET)
 <LI><a href="#[37]">I2C1_EV_IRQHandler</a> from startup_stm32f40xx.o(.text) referenced from startup_stm32f40xx.o(RESET)
 <LI><a href="#[3a]">I2C2_ER_IRQHandler</a> from startup_stm32f40xx.o(.text) referenced from startup_stm32f40xx.o(RESET)
 <LI><a href="#[39]">I2C2_EV_IRQHandler</a> from startup_stm32f40xx.o(.text) referenced from startup_stm32f40xx.o(RESET)
 <LI><a href="#[61]">I2C3_ER_IRQHandler</a> from startup_stm32f40xx.o(.text) referenced from startup_stm32f40xx.o(RESET)
 <LI><a href="#[60]">I2C3_EV_IRQHandler</a> from startup_stm32f40xx.o(.text) referenced from startup_stm32f40xx.o(RESET)
 <LI><a href="#[9]">LCD_AA_MixColors16</a> from LCD_AA.o(.text.LCD_AA_MixColors16) referenced 2 times from LCD_AA.o(.data)
 <LI><a href="#[ad]">LCD_DrawHLine</a> from LCD.o(.text.LCD_DrawHLine) referenced from GUI_Core.o(.rodata)
 <LI><a href="#[ae]">LCD_DrawPixel</a> from LCD.o(.text.LCD_DrawPixel) referenced from GUI_Core.o(.rodata)
 <LI><a href="#[3]">LCD_GetpPalConvTableBM</a> from LCD_Color.o(.text.LCD_GetpPalConvTableBM) referenced 2 times from GUI_Core.o(.data)
 <LI><a href="#[7d]">LCD_Index2Color_444_12</a> from GUICC_444_12_Index2Color.o(.text.LCD_Index2Color_444_12) referenced from GUI_DrawBitmap_444.o(.rodata)
 <LI><a href="#[7d]">LCD_Index2Color_444_12</a> from GUICC_444_12_Index2Color.o(.text.LCD_Index2Color_444_12) referenced from GUI_DrawBitmap_444.o(.text._DrawBitmap444_12)
 <LI><a href="#[7e]">LCD_Index2Color_444_12_1</a> from GUICC_444_12_1_Index2Color.o(.text.LCD_Index2Color_444_12_1) referenced from GUI_DrawBitmap_444.o(.rodata)
 <LI><a href="#[7e]">LCD_Index2Color_444_12_1</a> from GUICC_444_12_1_Index2Color.o(.text.LCD_Index2Color_444_12_1) referenced from GUI_DrawBitmap_444.o(.text._DrawBitmap444_12_1)
 <LI><a href="#[7f]">LCD_Index2Color_444_16</a> from GUICC_444_16_Index2Color.o(.text.LCD_Index2Color_444_16) referenced from GUI_DrawBitmap_444.o(.rodata)
 <LI><a href="#[7f]">LCD_Index2Color_444_16</a> from GUICC_444_16_Index2Color.o(.text.LCD_Index2Color_444_16) referenced from GUI_DrawBitmap_444.o(.text._DrawBitmap444_16)
 <LI><a href="#[7b]">LCD_Index2Color_555</a> from GUICC_555_Index2Color.o(.text.LCD_Index2Color_555) referenced 2 times from GUI_DrawBitmap_555.o(.rodata)
 <LI><a href="#[7b]">LCD_Index2Color_555</a> from GUICC_555_Index2Color.o(.text.LCD_Index2Color_555) referenced from GUI_DrawBitmap_555.o(.text._DrawBitmap)
 <LI><a href="#[7b]">LCD_Index2Color_555</a> from GUICC_555_Index2Color.o(.text.LCD_Index2Color_555) referenced from GUI_DrawBitmap_A16.o(.text._DrawBitmapA555)
 <LI><a href="#[7c]">LCD_Index2Color_565</a> from GUICC_565.o(.text.LCD_Index2Color_565) referenced 3 times from GUI_DrawBitmap_565.o(.rodata)
 <LI><a href="#[7c]">LCD_Index2Color_565</a> from GUICC_565.o(.text.LCD_Index2Color_565) referenced from GUI_DrawBitmap_565.o(.text._DrawBitmap)
 <LI><a href="#[7c]">LCD_Index2Color_565</a> from GUICC_565.o(.text.LCD_Index2Color_565) referenced from GUI_DrawBitmap_A16.o(.text._DrawBitmapA565)
 <LI><a href="#[bc]">LCD_Index2Color_888</a> from GUICC_888_Index2Color.o(.text.LCD_Index2Color_888) referenced from GUI_DrawBitmap_24.o(.rodata)
 <LI><a href="#[7a]">LCD_Index2Color_8888</a> from GUICC_8888_Index2Color.o(.text.LCD_Index2Color_8888) referenced 2 times from GUI_DrawBitmap_8888.o(.rodata)
 <LI><a href="#[7a]">LCD_Index2Color_8888</a> from GUICC_8888_Index2Color.o(.text.LCD_Index2Color_8888) referenced from LCD_RLE32.o(.text._Draw)
 <LI><a href="#[7a]">LCD_Index2Color_8888</a> from GUICC_8888_Index2Color.o(.text.LCD_Index2Color_8888) referenced from GUI_DrawBitmap_8888.o(.text._DrawBitmap_8888)
 <LI><a href="#[82]">LCD_Index2Color_M444_12</a> from GUICC_M444_12_Index2Color.o(.text.LCD_Index2Color_M444_12) referenced from GUI_DrawBitmap_444.o(.rodata)
 <LI><a href="#[82]">LCD_Index2Color_M444_12</a> from GUICC_M444_12_Index2Color.o(.text.LCD_Index2Color_M444_12) referenced from GUI_DrawBitmap_444.o(.text._DrawBitmapM444_12)
 <LI><a href="#[83]">LCD_Index2Color_M444_12_1</a> from GUICC_M444_12_1_Index2Color.o(.text.LCD_Index2Color_M444_12_1) referenced from GUI_DrawBitmap_444.o(.rodata)
 <LI><a href="#[83]">LCD_Index2Color_M444_12_1</a> from GUICC_M444_12_1_Index2Color.o(.text.LCD_Index2Color_M444_12_1) referenced from GUI_DrawBitmap_444.o(.text._DrawBitmapM444_12_1)
 <LI><a href="#[84]">LCD_Index2Color_M444_16</a> from GUICC_M444_16_Index2Color.o(.text.LCD_Index2Color_M444_16) referenced from GUI_DrawBitmap_444.o(.rodata)
 <LI><a href="#[84]">LCD_Index2Color_M444_16</a> from GUICC_M444_16_Index2Color.o(.text.LCD_Index2Color_M444_16) referenced from GUI_DrawBitmap_444.o(.text._DrawBitmapM444_16)
 <LI><a href="#[80]">LCD_Index2Color_M555</a> from GUICC_M555_Index2Color.o(.text.LCD_Index2Color_M555) referenced 2 times from GUI_DrawBitmap_555.o(.rodata)
 <LI><a href="#[80]">LCD_Index2Color_M555</a> from GUICC_M555_Index2Color.o(.text.LCD_Index2Color_M555) referenced from GUI_DrawBitmap_A16.o(.text._DrawBitmapAM555)
 <LI><a href="#[80]">LCD_Index2Color_M555</a> from GUICC_M555_Index2Color.o(.text.LCD_Index2Color_M555) referenced from GUI_DrawBitmap_555.o(.text._DrawBitmapSwapRB)
 <LI><a href="#[81]">LCD_Index2Color_M565</a> from GUICC_M565.o(.text.LCD_Index2Color_M565) referenced 3 times from GUICC_M565.o(.rodata)
 <LI><a href="#[81]">LCD_Index2Color_M565</a> from GUICC_M565.o(.text.LCD_Index2Color_M565) referenced from GUI_DrawBitmap_A16.o(.text._DrawBitmapAM565)
 <LI><a href="#[81]">LCD_Index2Color_M565</a> from GUICC_M565.o(.text.LCD_Index2Color_M565) referenced from GUI_DrawBitmap_565.o(.text._DrawBitmapSwapRB)
 <LI><a href="#[73]">LCD_Index2Color_M888</a> from GUICC_M888_Index2Color.o(.text.LCD_Index2Color_M888) referenced from GUI__Alpha.o(.text.GUI__DoAlphaBlending)
 <LI><a href="#[72]">LCD_Index2Color_M8888I</a> from GUICC_M8888I_Index2Color.o(.text.LCD_Index2Color_M8888I) referenced 2 times from GUI_DrawBitmap_8888.o(.rodata)
 <LI><a href="#[72]">LCD_Index2Color_M8888I</a> from GUICC_M8888I_Index2Color.o(.text.LCD_Index2Color_M8888I) referenced from GUI__Alpha.o(.text.GUI__DoAlphaBlending)
 <LI><a href="#[72]">LCD_Index2Color_M8888I</a> from GUICC_M8888I_Index2Color.o(.text.LCD_Index2Color_M8888I) referenced from LCD_RLEAlpha.o(.text._Draw)
 <LI><a href="#[72]">LCD_Index2Color_M8888I</a> from GUICC_M8888I_Index2Color.o(.text.LCD_Index2Color_M8888I) referenced from GUI_DrawBitmap_8888.o(.text._DrawBitmap_M8888I)
 <LI><a href="#[72]">LCD_Index2Color_M8888I</a> from GUICC_M8888I_Index2Color.o(.text.LCD_Index2Color_M8888I) referenced from GUIDEV_WriteToActiveAlpha.o(.text._WriteToActiveAlpha)
 <LI><a href="#[11]">MemManage_Handler</a> from stm32f4xx_it.o(i.MemManage_Handler) referenced from startup_stm32f40xx.o(RESET)
 <LI><a href="#[f]">NMI_Handler</a> from stm32f4xx_it.o(i.NMI_Handler) referenced from startup_stm32f40xx.o(RESET)
 <LI><a href="#[5b]">OTG_FS_IRQHandler</a> from startup_stm32f40xx.o(.text) referenced from startup_stm32f40xx.o(RESET)
 <LI><a href="#[42]">OTG_FS_WKUP_IRQHandler</a> from startup_stm32f40xx.o(.text) referenced from startup_stm32f40xx.o(RESET)
 <LI><a href="#[63]">OTG_HS_EP1_IN_IRQHandler</a> from startup_stm32f40xx.o(.text) referenced from startup_stm32f40xx.o(RESET)
 <LI><a href="#[62]">OTG_HS_EP1_OUT_IRQHandler</a> from startup_stm32f40xx.o(.text) referenced from startup_stm32f40xx.o(RESET)
 <LI><a href="#[65]">OTG_HS_IRQHandler</a> from startup_stm32f40xx.o(.text) referenced from startup_stm32f40xx.o(RESET)
 <LI><a href="#[64]">OTG_HS_WKUP_IRQHandler</a> from startup_stm32f40xx.o(.text) referenced from startup_stm32f40xx.o(RESET)
 <LI><a href="#[19]">PVD_IRQHandler</a> from startup_stm32f40xx.o(.text) referenced from startup_stm32f40xx.o(RESET)
 <LI><a href="#[16]">PendSV_Handler</a> from port.o(.emb_text) referenced from startup_stm32f40xx.o(RESET)
 <LI><a href="#[1d]">RCC_IRQHandler</a> from startup_stm32f40xx.o(.text) referenced from startup_stm32f40xx.o(RESET)
 <LI><a href="#[41]">RTC_Alarm_IRQHandler</a> from startup_stm32f40xx.o(.text) referenced from startup_stm32f40xx.o(RESET)
 <LI><a href="#[1b]">RTC_WKUP_IRQHandler</a> from startup_stm32f40xx.o(.text) referenced from startup_stm32f40xx.o(RESET)
 <LI><a href="#[e]">Reset_Handler</a> from startup_stm32f40xx.o(.text) referenced from startup_stm32f40xx.o(RESET)
 <LI><a href="#[49]">SDIO_IRQHandler</a> from bsp_sdio_sd.o(i.SDIO_IRQHandler) referenced from startup_stm32f40xx.o(RESET)
 <LI><a href="#[3b]">SPI1_IRQHandler</a> from startup_stm32f40xx.o(.text) referenced from startup_stm32f40xx.o(RESET)
 <LI><a href="#[3c]">SPI2_IRQHandler</a> from startup_stm32f40xx.o(.text) referenced from startup_stm32f40xx.o(RESET)
 <LI><a href="#[4b]">SPI3_IRQHandler</a> from startup_stm32f40xx.o(.text) referenced from startup_stm32f40xx.o(RESET)
 <LI><a href="#[14]">SVC_Handler</a> from port.o(.emb_text) referenced from startup_stm32f40xx.o(RESET)
 <LI><a href="#[17]">SysTick_Handler</a> from stm32f4xx_it.o(i.SysTick_Handler) referenced from startup_stm32f40xx.o(RESET)
 <LI><a href="#[6b]">SystemInit</a> from system_stm32f4xx.o(i.SystemInit) referenced from startup_stm32f40xx.o(.text)
 <LI><a href="#[1a]">TAMP_STAMP_IRQHandler</a> from startup_stm32f40xx.o(.text) referenced from startup_stm32f40xx.o(RESET)
 <LI><a href="#[30]">TIM1_BRK_TIM9_IRQHandler</a> from startup_stm32f40xx.o(.text) referenced from startup_stm32f40xx.o(RESET)
 <LI><a href="#[33]">TIM1_CC_IRQHandler</a> from startup_stm32f40xx.o(.text) referenced from startup_stm32f40xx.o(RESET)
 <LI><a href="#[32]">TIM1_TRG_COM_TIM11_IRQHandler</a> from startup_stm32f40xx.o(.text) referenced from startup_stm32f40xx.o(RESET)
 <LI><a href="#[31]">TIM1_UP_TIM10_IRQHandler</a> from startup_stm32f40xx.o(.text) referenced from startup_stm32f40xx.o(RESET)
 <LI><a href="#[34]">TIM2_IRQHandler</a> from startup_stm32f40xx.o(.text) referenced from startup_stm32f40xx.o(RESET)
 <LI><a href="#[35]">TIM3_IRQHandler</a> from startup_stm32f40xx.o(.text) referenced from startup_stm32f40xx.o(RESET)
 <LI><a href="#[36]">TIM4_IRQHandler</a> from startup_stm32f40xx.o(.text) referenced from startup_stm32f40xx.o(RESET)
 <LI><a href="#[4a]">TIM5_IRQHandler</a> from startup_stm32f40xx.o(.text) referenced from startup_stm32f40xx.o(RESET)
 <LI><a href="#[4e]">TIM6_DAC_IRQHandler</a> from startup_stm32f40xx.o(.text) referenced from startup_stm32f40xx.o(RESET)
 <LI><a href="#[4f]">TIM7_IRQHandler</a> from startup_stm32f40xx.o(.text) referenced from startup_stm32f40xx.o(RESET)
 <LI><a href="#[43]">TIM8_BRK_TIM12_IRQHandler</a> from startup_stm32f40xx.o(.text) referenced from startup_stm32f40xx.o(RESET)
 <LI><a href="#[46]">TIM8_CC_IRQHandler</a> from startup_stm32f40xx.o(.text) referenced from startup_stm32f40xx.o(RESET)
 <LI><a href="#[45]">TIM8_TRG_COM_TIM14_IRQHandler</a> from startup_stm32f40xx.o(.text) referenced from startup_stm32f40xx.o(RESET)
 <LI><a href="#[44]">TIM8_UP_TIM13_IRQHandler</a> from startup_stm32f40xx.o(.text) referenced from startup_stm32f40xx.o(RESET)
 <LI><a href="#[2]">TP_Adjust</a> from touch.o(i.TP_Adjust) referenced 2 times from touch.o(.data)
 <LI><a href="#[0]">TP_Init</a> from touch.o(i.TP_Init) referenced 2 times from touch.o(.data)
 <LI><a href="#[1]">TP_Scan</a> from touch.o(i.TP_Scan) referenced 2 times from touch.o(.data)
 <LI><a href="#[90]">Touch_Task</a> from main.o(i.Touch_Task) referenced from main.o(i.AppTaskCreate)
 <LI><a href="#[4c]">UART4_IRQHandler</a> from startup_stm32f40xx.o(.text) referenced from startup_stm32f40xx.o(RESET)
 <LI><a href="#[4d]">UART5_IRQHandler</a> from startup_stm32f40xx.o(.text) referenced from startup_stm32f40xx.o(RESET)
 <LI><a href="#[3d]">USART1_IRQHandler</a> from startup_stm32f40xx.o(.text) referenced from startup_stm32f40xx.o(RESET)
 <LI><a href="#[3e]">USART2_IRQHandler</a> from startup_stm32f40xx.o(.text) referenced from startup_stm32f40xx.o(RESET)
 <LI><a href="#[3f]">USART3_IRQHandler</a> from startup_stm32f40xx.o(.text) referenced from startup_stm32f40xx.o(RESET)
 <LI><a href="#[5f]">USART6_IRQHandler</a> from startup_stm32f40xx.o(.text) referenced from startup_stm32f40xx.o(RESET)
 <LI><a href="#[13]">UsageFault_Handler</a> from stm32f4xx_it.o(i.UsageFault_Handler) referenced from startup_stm32f40xx.o(RESET)
 <LI><a href="#[6e]">WM_HandlePID</a> from WM_Touch.o(.text.WM_HandlePID) referenced from GUI_PID.o(.text.GUI_PID_StoreState)
 <LI><a href="#[78]">WM__Paint1</a> from WM.o(.text.WM__Paint1) referenced from WM.o(.text.WM__PaintWinAndOverlays)
 <LI><a href="#[78]">WM__Paint1</a> from WM.o(.text.WM__Paint1) referenced from WM.o(.text._Paint1Trans)
 <LI><a href="#[18]">WWDG_IRQHandler</a> from startup_stm32f40xx.o(.text) referenced from startup_stm32f40xx.o(RESET)
 <LI><a href="#[d0]">_CalcSizeOfChar</a> from GUI_UC_EncodeNone.o(.text._CalcSizeOfChar) referenced from GUI_UC_EncodeNone.o(.rodata)
 <LI><a href="#[ab]">_Color2IndexBulk</a> from GUICC_M565.o(.text._Color2IndexBulk) referenced 3 times from GUICC_M565.o(.rodata)
 <LI><a href="#[e5]">_Color2IndexBulk_M8888I</a> from GUICC_M8888I.o(.text._Color2IndexBulk_M8888I) referenced from GUICC_M8888I.o(.rodata)
 <LI><a href="#[e7]">_Color2Index_0</a> from GUICC_0.o(.text._Color2Index_0) referenced from GUICC_0.o(.rodata)
 <LI><a href="#[ea]">_Color2Index_565</a> from GUICC_565.o(.text._Color2Index_565) referenced from GUICC_565.o(.rodata)
 <LI><a href="#[ee]">_Color2Index_8888</a> from GUICC_8888.o(.text._Color2Index_8888) referenced from GUICC_8888.o(.rodata)
 <LI><a href="#[a9]">_Color2Index_M565</a> from GUICC_M565.o(.text._Color2Index_M565) referenced from GUICC_M565.o(.rodata)
 <LI><a href="#[e3]">_Color2Index_M8888I</a> from GUICC_M8888I.o(.text._Color2Index_M8888I) referenced from GUICC_M8888I.o(.rodata)
 <LI><a href="#[86]">_Draw</a> from LCD_RLE32.o(.text._Draw) referenced from LCD_RLE32.o(.text._DrawBitmap_RLE32)
 <LI><a href="#[86]">_Draw</a> from LCD_RLE32.o(.text._Draw) referenced from LCD_RLE32.o(.text._DrawBitmap_RLE32Ex)
 <LI><a href="#[8c]">_Draw</a> from LCD_RLEAlpha.o(.text._Draw) referenced from LCD_RLEAlpha.o(.text._DrawBitmap_RLEAlpha)
 <LI><a href="#[9d]">_DrawBitmap</a> from guidrv_template.o(i._DrawBitmap) referenced from guidrv_template.o(.constdata)
 <LI><a href="#[af]">_DrawBitmap</a> from GUIDEV_16.o(.text._DrawBitmap) referenced 5 times from GUIDEV_16.o(.rodata)
 <LI><a href="#[c2]">_DrawBitmap444_12</a> from GUI_DrawBitmap_444.o(.text._DrawBitmap444_12) referenced from GUI_DrawBitmap_444.o(.rodata)
 <LI><a href="#[c0]">_DrawBitmap444_12_1</a> from GUI_DrawBitmap_444.o(.text._DrawBitmap444_12_1) referenced from GUI_DrawBitmap_444.o(.rodata)
 <LI><a href="#[be]">_DrawBitmap444_16</a> from GUI_DrawBitmap_444.o(.text._DrawBitmap444_16) referenced from GUI_DrawBitmap_444.o(.rodata)
 <LI><a href="#[cb]">_DrawBitmapA555</a> from GUI_DrawBitmap_A16.o(.text._DrawBitmapA555) referenced from GUI_DrawBitmap_A16.o(.rodata)
 <LI><a href="#[cd]">_DrawBitmapA565</a> from GUI_DrawBitmap_A16.o(.text._DrawBitmapA565) referenced from GUI_DrawBitmap_A16.o(.rodata)
 <LI><a href="#[ca]">_DrawBitmapAM555</a> from GUI_DrawBitmap_A16.o(.text._DrawBitmapAM555) referenced from GUI_DrawBitmap_A16.o(.rodata)
 <LI><a href="#[cc]">_DrawBitmapAM565</a> from GUI_DrawBitmap_A16.o(.text._DrawBitmapAM565) referenced from GUI_DrawBitmap_A16.o(.rodata)
 <LI><a href="#[c9]">_DrawBitmapHW_8888</a> from GUI_DrawBitmap_8888.o(.text._DrawBitmapHW_8888) referenced from GUI_DrawBitmap_8888.o(.rodata)
 <LI><a href="#[c1]">_DrawBitmapM444_12</a> from GUI_DrawBitmap_444.o(.text._DrawBitmapM444_12) referenced from GUI_DrawBitmap_444.o(.rodata)
 <LI><a href="#[bf]">_DrawBitmapM444_12_1</a> from GUI_DrawBitmap_444.o(.text._DrawBitmapM444_12_1) referenced from GUI_DrawBitmap_444.o(.rodata)
 <LI><a href="#[bd]">_DrawBitmapM444_16</a> from GUI_DrawBitmap_444.o(.text._DrawBitmapM444_16) referenced from GUI_DrawBitmap_444.o(.rodata)
 <LI><a href="#[c3]">_DrawBitmapSwapRB</a> from GUI_DrawBitmap_555.o(.text._DrawBitmapSwapRB) referenced 2 times from GUI_DrawBitmap_555.o(.rodata)
 <LI><a href="#[c8]">_DrawBitmap_8888</a> from GUI_DrawBitmap_8888.o(.text._DrawBitmap_8888) referenced from GUI_DrawBitmap_8888.o(.rodata)
 <LI><a href="#[c7]">_DrawBitmap_M8888I</a> from GUI_DrawBitmap_8888.o(.text._DrawBitmap_M8888I) referenced from GUI_DrawBitmap_8888.o(.rodata)
 <LI><a href="#[d8]">_DrawBitmap_RLE16</a> from LCD_RLE16.o(.text._DrawBitmap_RLE16) referenced from LCD_RLE16.o(.rodata)
 <LI><a href="#[d6]">_DrawBitmap_RLE16Ex</a> from LCD_RLE16.o(.text._DrawBitmap_RLE16Ex) referenced from LCD_RLE16.o(.rodata)
 <LI><a href="#[da]">_DrawBitmap_RLE32</a> from LCD_RLE32.o(.text._DrawBitmap_RLE32) referenced from LCD_RLE32.o(.rodata)
 <LI><a href="#[d9]">_DrawBitmap_RLE32Ex</a> from LCD_RLE32.o(.text._DrawBitmap_RLE32Ex) referenced from LCD_RLE32.o(.rodata)
 <LI><a href="#[dc]">_DrawBitmap_RLE4</a> from LCD_RLE4.o(.text._DrawBitmap_RLE4) referenced from LCD_RLE4.o(.rodata)
 <LI><a href="#[db]">_DrawBitmap_RLE4Ex</a> from LCD_RLE4.o(.text._DrawBitmap_RLE4Ex) referenced from LCD_RLE4.o(.rodata)
 <LI><a href="#[de]">_DrawBitmap_RLE8</a> from LCD_RLE8.o(.text._DrawBitmap_RLE8) referenced from LCD_RLE8.o(.rodata)
 <LI><a href="#[dd]">_DrawBitmap_RLE8Ex</a> from LCD_RLE8.o(.text._DrawBitmap_RLE8Ex) referenced from LCD_RLE8.o(.rodata)
 <LI><a href="#[f2]">_DrawBitmap_RLEAlpha</a> from LCD_RLEAlpha.o(.text._DrawBitmap_RLEAlpha) referenced from LCD_RLEAlpha.o(.rodata)
 <LI><a href="#[d7]">_DrawBitmap_RLEM16</a> from LCD_RLE16.o(.text._DrawBitmap_RLEM16) referenced from LCD_RLE16.o(.rodata)
 <LI><a href="#[d5]">_DrawBitmap_RLEM16Ex</a> from LCD_RLE16.o(.text._DrawBitmap_RLEM16Ex) referenced from LCD_RLE16.o(.rodata)
 <LI><a href="#[87]">_DrawClip</a> from LCD_RLE32.o(.text._DrawClip) referenced from LCD_RLE32.o(.text._DrawBitmap_RLE32)
 <LI><a href="#[87]">_DrawClip</a> from LCD_RLE32.o(.text._DrawClip) referenced from LCD_RLE32.o(.text._DrawBitmap_RLE32Ex)
 <LI><a href="#[8d]">_DrawClip</a> from LCD_RLEAlpha.o(.text._DrawClip) referenced from LCD_RLEAlpha.o(.text._DrawBitmap_RLEAlpha)
 <LI><a href="#[9e]">_DrawHLine</a> from guidrv_template.o(i._DrawHLine) referenced from guidrv_template.o(.constdata)
 <LI><a href="#[b0]">_DrawHLine</a> from GUIDEV_16.o(.text._DrawHLine) referenced 2 times from GUIDEV_16.o(.rodata)
 <LI><a href="#[9f]">_DrawVLine</a> from guidrv_template.o(i._DrawVLine) referenced from guidrv_template.o(.constdata)
 <LI><a href="#[b1]">_DrawVLine</a> from GUIDEV_16.o(.text._DrawVLine) referenced 2 times from GUIDEV_16.o(.rodata)
 <LI><a href="#[d1]">_Encode</a> from GUI_UC_EncodeNone.o(.text._Encode) referenced from GUI_UC_EncodeNone.o(.rodata)
 <LI><a href="#[a0]">_FillRect</a> from guidrv_template.o(i._FillRect) referenced from guidrv_template.o(.constdata)
 <LI><a href="#[b2]">_FillRect</a> from GUIDEV_16.o(.text._FillRect) referenced 2 times from GUIDEV_16.o(.rodata)
 <LI><a href="#[102]">_GUI_USAGE_BM_Delete</a> from GUIDEV_UsageBM.o(.text._GUI_USAGE_BM_Delete) referenced from GUIDEV_UsageBM.o(.rodata)
 <LI><a href="#[85]">_GetByte_pPixel</a> from LCD_RLE16.o(.text._GetByte_pPixel) referenced from LCD_RLE16.o(.text._DrawBitmap_RLE16)
 <LI><a href="#[88]">_GetByte_pPixel</a> from LCD_RLE32.o(.text._GetByte_pPixel) referenced from LCD_RLE32.o(.text._DrawBitmap_RLE32)
 <LI><a href="#[8a]">_GetByte_pPixel</a> from LCD_RLE4.o(.text._GetByte_pPixel) referenced from LCD_RLE4.o(.text._DrawBitmap_RLE4)
 <LI><a href="#[8b]">_GetByte_pPixel</a> from LCD_RLE8.o(.text._GetByte_pPixel) referenced from LCD_RLE8.o(.text._DrawBitmap_RLE8)
 <LI><a href="#[85]">_GetByte_pPixel</a> from LCD_RLE16.o(.text._GetByte_pPixel) referenced from LCD_RLE16.o(.text._DrawBitmap_RLEM16)
 <LI><a href="#[ce]">_GetCharCode</a> from GUI_UC_EncodeNone.o(.text._GetCharCode) referenced from GUI_UC_EncodeNone.o(.rodata)
 <LI><a href="#[cf]">_GetCharSize</a> from GUI_UC_EncodeNone.o(.text._GetCharSize) referenced from GUI_UC_EncodeNone.o(.rodata)
 <LI><a href="#[a7]">_GetDevData</a> from guidrv_template.o(i._GetDevData) referenced from guidrv_template.o(.constdata)
 <LI><a href="#[b9]">_GetDevData</a> from GUIDEV_16.o(.text._GetDevData) referenced 2 times from GUIDEV_16.o(.rodata)
 <LI><a href="#[a5]">_GetDevFunc</a> from guidrv_template.o(i._GetDevFunc) referenced from guidrv_template.o(.constdata)
 <LI><a href="#[b7]">_GetDevFunc</a> from GUIDEV_16.o(.text._GetDevFunc) referenced 2 times from GUIDEV_16.o(.rodata)
 <LI><a href="#[a6]">_GetDevProp</a> from guidrv_template.o(i._GetDevProp) referenced from guidrv_template.o(.constdata)
 <LI><a href="#[b8]">_GetDevProp</a> from GUIDEV_16.o(.text._GetDevProp) referenced 2 times from GUIDEV_16.o(.rodata)
 <LI><a href="#[e9]">_GetIndexMask_0</a> from GUICC_0.o(.text._GetIndexMask_0) referenced from GUICC_0.o(.rodata)
 <LI><a href="#[eb]">_GetIndexMask_565</a> from GUICC_565.o(.text._GetIndexMask_565) referenced from GUICC_565.o(.rodata)
 <LI><a href="#[ef]">_GetIndexMask_8888</a> from GUICC_8888.o(.text._GetIndexMask_8888) referenced from GUICC_8888.o(.rodata)
 <LI><a href="#[aa]">_GetIndexMask_M565</a> from GUICC_M565.o(.text._GetIndexMask_M565) referenced from GUICC_M565.o(.rodata)
 <LI><a href="#[e4]">_GetIndexMask_M8888I</a> from GUICC_M8888I.o(.text._GetIndexMask_M8888I) referenced from GUICC_M8888I.o(.rodata)
 <LI><a href="#[a1]">_GetPixelIndex</a> from guidrv_template.o(i._GetPixelIndex) referenced from guidrv_template.o(.constdata)
 <LI><a href="#[b3]">_GetPixelIndex</a> from GUIDEV_16.o(.text._GetPixelIndex) referenced 2 times from GUIDEV_16.o(.rodata)
 <LI><a href="#[89]">_GetPixel_pPixel</a> from LCD_RLE32.o(.text._GetPixel_pPixel) referenced from LCD_RLE32.o(.text._DrawBitmap_RLE32)
 <LI><a href="#[a8]">_GetRect</a> from guidrv_template.o(i._GetRect) referenced from guidrv_template.o(.constdata)
 <LI><a href="#[ba]">_GetRect</a> from GUIDEV_16.o(.text._GetRect) referenced 2 times from GUIDEV_16.o(.rodata)
 <LI><a href="#[ac]">_Index2ColorBulk</a> from GUICC_M565.o(.text._Index2ColorBulk) referenced 3 times from GUICC_M565.o(.rodata)
 <LI><a href="#[e6]">_Index2ColorBulk_M8888I</a> from GUICC_M8888I.o(.text._Index2ColorBulk_M8888I) referenced from GUICC_M8888I.o(.rodata)
 <LI><a href="#[e8]">_Index2Color_0</a> from GUICC_0.o(.text._Index2Color_0) referenced from GUICC_0.o(.rodata)
 <LI><a href="#[95]">_Init</a> from guidrv_template.o(i._Init) referenced from guidrv_template.o(i._GetDevFunc)
 <LI><a href="#[d]">_NextPixel_End</a> from LCD_NextPixelAPI.o(.text._NextPixel_End) referenced 2 times from LCD_NextPixelAPI.o(.data)
 <LI><a href="#[c]">_NextPixel_NextLine</a> from LCD_NextPixelAPI.o(.text._NextPixel_NextLine) referenced 2 times from LCD_NextPixelAPI.o(.data)
 <LI><a href="#[b]">_NextPixel_SetPixel</a> from LCD_NextPixelAPI.o(.text._NextPixel_SetPixel) referenced 2 times from LCD_NextPixelAPI.o(.data)
 <LI><a href="#[a]">_NextPixel_Start</a> from LCD_NextPixelAPI.o(.text._NextPixel_Start) referenced 2 times from LCD_NextPixelAPI.o(.data)
 <LI><a href="#[97]">_Off</a> from guidrv_template.o(i._Off) referenced from guidrv_template.o(i._GetDevFunc)
 <LI><a href="#[96]">_On</a> from guidrv_template.o(i._On) referenced from guidrv_template.o(i._GetDevFunc)
 <LI><a href="#[6d]">_OnExit</a> from GUI_Task.o(.text._OnExit) referenced from GUI_Task.o(.text.GUITASK_Init)
 <LI><a href="#[6f]">_OnExit</a> from GUI_PID.o(.text._OnExit) referenced from GUI_PID.o(.text.GUI_PID_StoreState)
 <LI><a href="#[70]">_OnExit</a> from GUI__Alpha.o(.text._OnExit) referenced from GUI__Alpha.o(.text.GUI__AllocAlphaBuffer)
 <LI><a href="#[71]">_OnExit</a> from GUI_Core.o(.text._OnExit) referenced from GUI_Core.o(.text.GUI__Config)
 <LI><a href="#[70]">_OnExit</a> from GUI__Alpha.o(.text._OnExit) referenced from GUI__Alpha.o(.text.GUI__DoAlphaBlending)
 <LI><a href="#[70]">_OnExit</a> from GUI__Alpha.o(.text._OnExit) referenced from GUI__Alpha.o(.text.GUI__GetAlphaBuffer)
 <LI><a href="#[74]">_OnExit</a> from LCD_Color.o(.text._OnExit) referenced from LCD_Color.o(.text.LCD_InitColors)
 <LI><a href="#[76]">_OnExit</a> from WM.o(.text._OnExit) referenced from WM.o(.text.WM_Init)
 <LI><a href="#[d3]">_SetBkColor</a> from LCD.o(.text._SetBkColor) referenced from LCD.o(.rodata)
 <LI><a href="#[d2]">_SetColor</a> from LCD.o(.text._SetColor) referenced from LCD.o(.rodata)
 <LI><a href="#[d4]">_SetDrawMode</a> from LCD.o(.text._SetDrawMode) referenced from LCD.o(.rodata)
 <LI><a href="#[98]">_SetLUTEntry</a> from guidrv_template.o(i._SetLUTEntry) referenced from guidrv_template.o(i._GetDevFunc)
 <LI><a href="#[a4]">_SetOrg</a> from guidrv_template.o(i._SetOrg) referenced from guidrv_template.o(.constdata)
 <LI><a href="#[b6]">_SetOrg</a> from GUIDEV_16.o(.text._SetOrg) referenced 2 times from GUIDEV_16.o(.rodata)
 <LI><a href="#[4]">_SetPixelAlpha</a> from GUI_DrawBitmap_8888.o(.text._SetPixelAlpha) referenced 2 times from GUI_DrawBitmap_8888.o(.data)
 <LI><a href="#[a2]">_SetPixelIndex</a> from guidrv_template.o(i._SetPixelIndex) referenced from guidrv_template.o(.constdata)
 <LI><a href="#[b4]">_SetPixelIndex</a> from GUIDEV_16.o(.text._SetPixelIndex) referenced 2 times from GUIDEV_16.o(.rodata)
 <LI><a href="#[94]">_SetSize</a> from guidrv_template.o(i._SetSize) referenced from guidrv_template.o(i._GetDevFunc)
 <LI><a href="#[92]">_SetVRAMAddr</a> from guidrv_template.o(i._SetVRAMAddr) referenced from guidrv_template.o(i._GetDevFunc)
 <LI><a href="#[93]">_SetVSize</a> from guidrv_template.o(i._SetVSize) referenced from guidrv_template.o(i._GetDevFunc)
 <LI><a href="#[a3]">_XorPixel</a> from guidrv_template.o(i._XorPixel) referenced from guidrv_template.o(.constdata)
 <LI><a href="#[b5]">_XorPixel</a> from GUIDEV_16.o(.text._XorPixel) referenced 2 times from GUIDEV_16.o(.rodata)
 <LI><a href="#[6c]">__main</a> from entry.o(.ARM.Collect$$$$00000000) referenced from startup_stm32f40xx.o(.text)
 <LI><a href="#[77]">_cbBackWin</a> from WM.o(.text._cbBackWin) referenced from WM.o(.text.WM_Init)
 <LI><a href="#[75]">_cbPaintMemDev</a> from WM.o(.text._cbPaintMemDev) referenced from WM.o(.text.WM_Exec)
 <LI><a href="#[99]">fputc</a> from fputc.o(i.fputc) referenced from printf6.o(i.__0printf$6)
 <LI><a href="#[6a]">main</a> from main.o(i.main) referenced from entry9a.o(.ARM.Collect$$$$0000000B)
 <LI><a href="#[5]">memcpy</a> from memmove.o(.text) referenced 2 times from GUI__Private.o(.data)
 <LI><a href="#[6]">memset</a> from memseta.o(.text) referenced 2 times from GUI__Private.o(.data)
 <LI><a href="#[9c]">prvIdleTask</a> from tasks.o(i.prvIdleTask) referenced from tasks.o(i.vTaskStartScheduler)
 <LI><a href="#[9b]">prvTaskExitError</a> from port.o(i.prvTaskExitError) referenced from port.o(i.pxPortInitialiseStack)
</UL>
<P>
<H3>
Global Symbols
</H3>
<P><STRONG><a name="[6c]"></a>__main</STRONG> (Thumb, 0 bytes, Stack size unknown bytes, entry.o(.ARM.Collect$$$$00000000))
<BR>[Address Reference Count : 1]<UL><LI> startup_stm32f40xx.o(.text)
</UL>
<P><STRONG><a name="[2c2]"></a>_main_stk</STRONG> (Thumb, 0 bytes, Stack size unknown bytes, entry2.o(.ARM.Collect$$$$00000001))

<P><STRONG><a name="[104]"></a>_main_scatterload</STRONG> (Thumb, 0 bytes, Stack size unknown bytes, entry5.o(.ARM.Collect$$$$00000004))
<BR><BR>[Calls]<UL><LI><a href="#[105]">&gt;&gt;</a>&nbsp;&nbsp;&nbsp;__scatterload
</UL>

<P><STRONG><a name="[10c]"></a>__main_after_scatterload</STRONG> (Thumb, 0 bytes, Stack size unknown bytes, entry5.o(.ARM.Collect$$$$00000004))
<BR><BR>[Called By]<UL><LI><a href="#[105]">&gt;&gt;</a>&nbsp;&nbsp;&nbsp;__scatterload
</UL>

<P><STRONG><a name="[2c3]"></a>_main_clock</STRONG> (Thumb, 0 bytes, Stack size unknown bytes, entry7b.o(.ARM.Collect$$$$00000008))

<P><STRONG><a name="[2c4]"></a>_main_cpp_init</STRONG> (Thumb, 0 bytes, Stack size unknown bytes, entry8b.o(.ARM.Collect$$$$0000000A))

<P><STRONG><a name="[2c5]"></a>_main_init</STRONG> (Thumb, 0 bytes, Stack size unknown bytes, entry9a.o(.ARM.Collect$$$$0000000B))

<P><STRONG><a name="[2c6]"></a>__rt_lib_shutdown_fini</STRONG> (Thumb, 0 bytes, Stack size unknown bytes, entry12b.o(.ARM.Collect$$$$0000000E))

<P><STRONG><a name="[2c7]"></a>__rt_final_cpp</STRONG> (Thumb, 0 bytes, Stack size unknown bytes, entry10a.o(.ARM.Collect$$$$0000000F))

<P><STRONG><a name="[2c8]"></a>__rt_final_exit</STRONG> (Thumb, 0 bytes, Stack size unknown bytes, entry11a.o(.ARM.Collect$$$$00000011))

<P><STRONG><a name="[14]"></a>SVC_Handler</STRONG> (Thumb, 28 bytes, Stack size 0 bytes, port.o(.emb_text))
<BR>[Address Reference Count : 1]<UL><LI> startup_stm32f40xx.o(RESET)
</UL>
<P><STRONG><a name="[2be]"></a>__asm___6_port_c_39a90d8d__prvStartFirstTask</STRONG> (Thumb, 28 bytes, Stack size 0 bytes, port.o(.emb_text))
<BR><BR>[Called By]<UL><LI><a href="#[2bb]">&gt;&gt;</a>&nbsp;&nbsp;&nbsp;xPortStartScheduler
</UL>

<P><STRONG><a name="[2bd]"></a>__asm___6_port_c_39a90d8d__prvEnableVFP</STRONG> (Thumb, 16 bytes, Stack size 0 bytes, port.o(.emb_text))
<BR><BR>[Called By]<UL><LI><a href="#[2bb]">&gt;&gt;</a>&nbsp;&nbsp;&nbsp;xPortStartScheduler
</UL>

<P><STRONG><a name="[16]"></a>PendSV_Handler</STRONG> (Thumb, 88 bytes, Stack size 0 bytes, port.o(.emb_text))
<BR><BR>[Stack]<UL><LI>Max Depth = 40<LI>Call Chain = PendSV_Handler &rArr; vTaskSwitchContext &rArr; __2printf
</UL>
<BR>[Calls]<UL><LI><a href="#[106]">&gt;&gt;</a>&nbsp;&nbsp;&nbsp;vTaskSwitchContext
</UL>
<BR>[Address Reference Count : 1]<UL><LI> startup_stm32f40xx.o(RESET)
</UL>
<P><STRONG><a name="[2c9]"></a>vPortGetIPSR</STRONG> (Thumb, 6 bytes, Stack size 0 bytes, port.o(.emb_text), UNUSED)

<P><STRONG><a name="[e]"></a>Reset_Handler</STRONG> (Thumb, 8 bytes, Stack size 0 bytes, startup_stm32f40xx.o(.text))
<BR>[Address Reference Count : 1]<UL><LI> startup_stm32f40xx.o(RESET)
</UL>
<P><STRONG><a name="[2a]"></a>ADC_IRQHandler</STRONG> (Thumb, 0 bytes, Stack size 0 bytes, startup_stm32f40xx.o(.text))
<BR><BR>[Calls]<UL><LI><a href="#[2a]">&gt;&gt;</a>&nbsp;&nbsp;&nbsp;ADC_IRQHandler
</UL>
<BR>[Called By]<UL><LI><a href="#[2a]">&gt;&gt;</a>&nbsp;&nbsp;&nbsp;ADC_IRQHandler
</UL>
<BR>[Address Reference Count : 1]<UL><LI> startup_stm32f40xx.o(RESET)
</UL>
<P><STRONG><a name="[2c]"></a>CAN1_RX0_IRQHandler</STRONG> (Thumb, 0 bytes, Stack size 0 bytes, startup_stm32f40xx.o(.text))
<BR>[Address Reference Count : 1]<UL><LI> startup_stm32f40xx.o(RESET)
</UL>
<P><STRONG><a name="[2d]"></a>CAN1_RX1_IRQHandler</STRONG> (Thumb, 0 bytes, Stack size 0 bytes, startup_stm32f40xx.o(.text))
<BR>[Address Reference Count : 1]<UL><LI> startup_stm32f40xx.o(RESET)
</UL>
<P><STRONG><a name="[2e]"></a>CAN1_SCE_IRQHandler</STRONG> (Thumb, 0 bytes, Stack size 0 bytes, startup_stm32f40xx.o(.text))
<BR>[Address Reference Count : 1]<UL><LI> startup_stm32f40xx.o(RESET)
</UL>
<P><STRONG><a name="[2b]"></a>CAN1_TX_IRQHandler</STRONG> (Thumb, 0 bytes, Stack size 0 bytes, startup_stm32f40xx.o(.text))
<BR>[Address Reference Count : 1]<UL><LI> startup_stm32f40xx.o(RESET)
</UL>
<P><STRONG><a name="[58]"></a>CAN2_RX0_IRQHandler</STRONG> (Thumb, 0 bytes, Stack size 0 bytes, startup_stm32f40xx.o(.text))
<BR>[Address Reference Count : 1]<UL><LI> startup_stm32f40xx.o(RESET)
</UL>
<P><STRONG><a name="[59]"></a>CAN2_RX1_IRQHandler</STRONG> (Thumb, 0 bytes, Stack size 0 bytes, startup_stm32f40xx.o(.text))
<BR>[Address Reference Count : 1]<UL><LI> startup_stm32f40xx.o(RESET)
</UL>
<P><STRONG><a name="[5a]"></a>CAN2_SCE_IRQHandler</STRONG> (Thumb, 0 bytes, Stack size 0 bytes, startup_stm32f40xx.o(.text))
<BR>[Address Reference Count : 1]<UL><LI> startup_stm32f40xx.o(RESET)
</UL>
<P><STRONG><a name="[57]"></a>CAN2_TX_IRQHandler</STRONG> (Thumb, 0 bytes, Stack size 0 bytes, startup_stm32f40xx.o(.text))
<BR>[Address Reference Count : 1]<UL><LI> startup_stm32f40xx.o(RESET)
</UL>
<P><STRONG><a name="[67]"></a>CRYP_IRQHandler</STRONG> (Thumb, 0 bytes, Stack size 0 bytes, startup_stm32f40xx.o(.text))
<BR>[Address Reference Count : 1]<UL><LI> startup_stm32f40xx.o(RESET)
</UL>
<P><STRONG><a name="[66]"></a>DCMI_IRQHandler</STRONG> (Thumb, 0 bytes, Stack size 0 bytes, startup_stm32f40xx.o(.text))
<BR>[Address Reference Count : 1]<UL><LI> startup_stm32f40xx.o(RESET)
</UL>
<P><STRONG><a name="[23]"></a>DMA1_Stream0_IRQHandler</STRONG> (Thumb, 0 bytes, Stack size 0 bytes, startup_stm32f40xx.o(.text))
<BR>[Address Reference Count : 1]<UL><LI> startup_stm32f40xx.o(RESET)
</UL>
<P><STRONG><a name="[24]"></a>DMA1_Stream1_IRQHandler</STRONG> (Thumb, 0 bytes, Stack size 0 bytes, startup_stm32f40xx.o(.text))
<BR>[Address Reference Count : 1]<UL><LI> startup_stm32f40xx.o(RESET)
</UL>
<P><STRONG><a name="[25]"></a>DMA1_Stream2_IRQHandler</STRONG> (Thumb, 0 bytes, Stack size 0 bytes, startup_stm32f40xx.o(.text))
<BR>[Address Reference Count : 1]<UL><LI> startup_stm32f40xx.o(RESET)
</UL>
<P><STRONG><a name="[26]"></a>DMA1_Stream3_IRQHandler</STRONG> (Thumb, 0 bytes, Stack size 0 bytes, startup_stm32f40xx.o(.text))
<BR>[Address Reference Count : 1]<UL><LI> startup_stm32f40xx.o(RESET)
</UL>
<P><STRONG><a name="[27]"></a>DMA1_Stream4_IRQHandler</STRONG> (Thumb, 0 bytes, Stack size 0 bytes, startup_stm32f40xx.o(.text))
<BR>[Address Reference Count : 1]<UL><LI> startup_stm32f40xx.o(RESET)
</UL>
<P><STRONG><a name="[28]"></a>DMA1_Stream5_IRQHandler</STRONG> (Thumb, 0 bytes, Stack size 0 bytes, startup_stm32f40xx.o(.text))
<BR>[Address Reference Count : 1]<UL><LI> startup_stm32f40xx.o(RESET)
</UL>
<P><STRONG><a name="[29]"></a>DMA1_Stream6_IRQHandler</STRONG> (Thumb, 0 bytes, Stack size 0 bytes, startup_stm32f40xx.o(.text))
<BR>[Address Reference Count : 1]<UL><LI> startup_stm32f40xx.o(RESET)
</UL>
<P><STRONG><a name="[47]"></a>DMA1_Stream7_IRQHandler</STRONG> (Thumb, 0 bytes, Stack size 0 bytes, startup_stm32f40xx.o(.text))
<BR>[Address Reference Count : 1]<UL><LI> startup_stm32f40xx.o(RESET)
</UL>
<P><STRONG><a name="[50]"></a>DMA2_Stream0_IRQHandler</STRONG> (Thumb, 0 bytes, Stack size 0 bytes, startup_stm32f40xx.o(.text))
<BR>[Address Reference Count : 1]<UL><LI> startup_stm32f40xx.o(RESET)
</UL>
<P><STRONG><a name="[51]"></a>DMA2_Stream1_IRQHandler</STRONG> (Thumb, 0 bytes, Stack size 0 bytes, startup_stm32f40xx.o(.text))
<BR>[Address Reference Count : 1]<UL><LI> startup_stm32f40xx.o(RESET)
</UL>
<P><STRONG><a name="[52]"></a>DMA2_Stream2_IRQHandler</STRONG> (Thumb, 0 bytes, Stack size 0 bytes, startup_stm32f40xx.o(.text))
<BR>[Address Reference Count : 1]<UL><LI> startup_stm32f40xx.o(RESET)
</UL>
<P><STRONG><a name="[54]"></a>DMA2_Stream4_IRQHandler</STRONG> (Thumb, 0 bytes, Stack size 0 bytes, startup_stm32f40xx.o(.text))
<BR>[Address Reference Count : 1]<UL><LI> startup_stm32f40xx.o(RESET)
</UL>
<P><STRONG><a name="[5c]"></a>DMA2_Stream5_IRQHandler</STRONG> (Thumb, 0 bytes, Stack size 0 bytes, startup_stm32f40xx.o(.text))
<BR>[Address Reference Count : 1]<UL><LI> startup_stm32f40xx.o(RESET)
</UL>
<P><STRONG><a name="[5d]"></a>DMA2_Stream6_IRQHandler</STRONG> (Thumb, 0 bytes, Stack size 0 bytes, startup_stm32f40xx.o(.text))
<BR>[Address Reference Count : 1]<UL><LI> startup_stm32f40xx.o(RESET)
</UL>
<P><STRONG><a name="[5e]"></a>DMA2_Stream7_IRQHandler</STRONG> (Thumb, 0 bytes, Stack size 0 bytes, startup_stm32f40xx.o(.text))
<BR>[Address Reference Count : 1]<UL><LI> startup_stm32f40xx.o(RESET)
</UL>
<P><STRONG><a name="[55]"></a>ETH_IRQHandler</STRONG> (Thumb, 0 bytes, Stack size 0 bytes, startup_stm32f40xx.o(.text))
<BR>[Address Reference Count : 1]<UL><LI> startup_stm32f40xx.o(RESET)
</UL>
<P><STRONG><a name="[56]"></a>ETH_WKUP_IRQHandler</STRONG> (Thumb, 0 bytes, Stack size 0 bytes, startup_stm32f40xx.o(.text))
<BR>[Address Reference Count : 1]<UL><LI> startup_stm32f40xx.o(RESET)
</UL>
<P><STRONG><a name="[1e]"></a>EXTI0_IRQHandler</STRONG> (Thumb, 0 bytes, Stack size 0 bytes, startup_stm32f40xx.o(.text))
<BR>[Address Reference Count : 1]<UL><LI> startup_stm32f40xx.o(RESET)
</UL>
<P><STRONG><a name="[40]"></a>EXTI15_10_IRQHandler</STRONG> (Thumb, 0 bytes, Stack size 0 bytes, startup_stm32f40xx.o(.text))
<BR>[Address Reference Count : 1]<UL><LI> startup_stm32f40xx.o(RESET)
</UL>
<P><STRONG><a name="[1f]"></a>EXTI1_IRQHandler</STRONG> (Thumb, 0 bytes, Stack size 0 bytes, startup_stm32f40xx.o(.text))
<BR>[Address Reference Count : 1]<UL><LI> startup_stm32f40xx.o(RESET)
</UL>
<P><STRONG><a name="[20]"></a>EXTI2_IRQHandler</STRONG> (Thumb, 0 bytes, Stack size 0 bytes, startup_stm32f40xx.o(.text))
<BR>[Address Reference Count : 1]<UL><LI> startup_stm32f40xx.o(RESET)
</UL>
<P><STRONG><a name="[21]"></a>EXTI3_IRQHandler</STRONG> (Thumb, 0 bytes, Stack size 0 bytes, startup_stm32f40xx.o(.text))
<BR>[Address Reference Count : 1]<UL><LI> startup_stm32f40xx.o(RESET)
</UL>
<P><STRONG><a name="[22]"></a>EXTI4_IRQHandler</STRONG> (Thumb, 0 bytes, Stack size 0 bytes, startup_stm32f40xx.o(.text))
<BR>[Address Reference Count : 1]<UL><LI> startup_stm32f40xx.o(RESET)
</UL>
<P><STRONG><a name="[2f]"></a>EXTI9_5_IRQHandler</STRONG> (Thumb, 0 bytes, Stack size 0 bytes, startup_stm32f40xx.o(.text))
<BR>[Address Reference Count : 1]<UL><LI> startup_stm32f40xx.o(RESET)
</UL>
<P><STRONG><a name="[1c]"></a>FLASH_IRQHandler</STRONG> (Thumb, 0 bytes, Stack size 0 bytes, startup_stm32f40xx.o(.text))
<BR>[Address Reference Count : 1]<UL><LI> startup_stm32f40xx.o(RESET)
</UL>
<P><STRONG><a name="[69]"></a>FPU_IRQHandler</STRONG> (Thumb, 0 bytes, Stack size 0 bytes, startup_stm32f40xx.o(.text))
<BR>[Address Reference Count : 1]<UL><LI> startup_stm32f40xx.o(RESET)
</UL>
<P><STRONG><a name="[48]"></a>FSMC_IRQHandler</STRONG> (Thumb, 0 bytes, Stack size 0 bytes, startup_stm32f40xx.o(.text))
<BR>[Address Reference Count : 1]<UL><LI> startup_stm32f40xx.o(RESET)
</UL>
<P><STRONG><a name="[68]"></a>HASH_RNG_IRQHandler</STRONG> (Thumb, 0 bytes, Stack size 0 bytes, startup_stm32f40xx.o(.text))
<BR>[Address Reference Count : 1]<UL><LI> startup_stm32f40xx.o(RESET)
</UL>
<P><STRONG><a name="[38]"></a>I2C1_ER_IRQHandler</STRONG> (Thumb, 0 bytes, Stack size 0 bytes, startup_stm32f40xx.o(.text))
<BR>[Address Reference Count : 1]<UL><LI> startup_stm32f40xx.o(RESET)
</UL>
<P><STRONG><a name="[37]"></a>I2C1_EV_IRQHandler</STRONG> (Thumb, 0 bytes, Stack size 0 bytes, startup_stm32f40xx.o(.text))
<BR>[Address Reference Count : 1]<UL><LI> startup_stm32f40xx.o(RESET)
</UL>
<P><STRONG><a name="[3a]"></a>I2C2_ER_IRQHandler</STRONG> (Thumb, 0 bytes, Stack size 0 bytes, startup_stm32f40xx.o(.text))
<BR>[Address Reference Count : 1]<UL><LI> startup_stm32f40xx.o(RESET)
</UL>
<P><STRONG><a name="[39]"></a>I2C2_EV_IRQHandler</STRONG> (Thumb, 0 bytes, Stack size 0 bytes, startup_stm32f40xx.o(.text))
<BR>[Address Reference Count : 1]<UL><LI> startup_stm32f40xx.o(RESET)
</UL>
<P><STRONG><a name="[61]"></a>I2C3_ER_IRQHandler</STRONG> (Thumb, 0 bytes, Stack size 0 bytes, startup_stm32f40xx.o(.text))
<BR>[Address Reference Count : 1]<UL><LI> startup_stm32f40xx.o(RESET)
</UL>
<P><STRONG><a name="[60]"></a>I2C3_EV_IRQHandler</STRONG> (Thumb, 0 bytes, Stack size 0 bytes, startup_stm32f40xx.o(.text))
<BR>[Address Reference Count : 1]<UL><LI> startup_stm32f40xx.o(RESET)
</UL>
<P><STRONG><a name="[5b]"></a>OTG_FS_IRQHandler</STRONG> (Thumb, 0 bytes, Stack size 0 bytes, startup_stm32f40xx.o(.text))
<BR>[Address Reference Count : 1]<UL><LI> startup_stm32f40xx.o(RESET)
</UL>
<P><STRONG><a name="[42]"></a>OTG_FS_WKUP_IRQHandler</STRONG> (Thumb, 0 bytes, Stack size 0 bytes, startup_stm32f40xx.o(.text))
<BR>[Address Reference Count : 1]<UL><LI> startup_stm32f40xx.o(RESET)
</UL>
<P><STRONG><a name="[63]"></a>OTG_HS_EP1_IN_IRQHandler</STRONG> (Thumb, 0 bytes, Stack size 0 bytes, startup_stm32f40xx.o(.text))
<BR>[Address Reference Count : 1]<UL><LI> startup_stm32f40xx.o(RESET)
</UL>
<P><STRONG><a name="[62]"></a>OTG_HS_EP1_OUT_IRQHandler</STRONG> (Thumb, 0 bytes, Stack size 0 bytes, startup_stm32f40xx.o(.text))
<BR>[Address Reference Count : 1]<UL><LI> startup_stm32f40xx.o(RESET)
</UL>
<P><STRONG><a name="[65]"></a>OTG_HS_IRQHandler</STRONG> (Thumb, 0 bytes, Stack size 0 bytes, startup_stm32f40xx.o(.text))
<BR>[Address Reference Count : 1]<UL><LI> startup_stm32f40xx.o(RESET)
</UL>
<P><STRONG><a name="[64]"></a>OTG_HS_WKUP_IRQHandler</STRONG> (Thumb, 0 bytes, Stack size 0 bytes, startup_stm32f40xx.o(.text))
<BR>[Address Reference Count : 1]<UL><LI> startup_stm32f40xx.o(RESET)
</UL>
<P><STRONG><a name="[19]"></a>PVD_IRQHandler</STRONG> (Thumb, 0 bytes, Stack size 0 bytes, startup_stm32f40xx.o(.text))
<BR>[Address Reference Count : 1]<UL><LI> startup_stm32f40xx.o(RESET)
</UL>
<P><STRONG><a name="[1d]"></a>RCC_IRQHandler</STRONG> (Thumb, 0 bytes, Stack size 0 bytes, startup_stm32f40xx.o(.text))
<BR>[Address Reference Count : 1]<UL><LI> startup_stm32f40xx.o(RESET)
</UL>
<P><STRONG><a name="[41]"></a>RTC_Alarm_IRQHandler</STRONG> (Thumb, 0 bytes, Stack size 0 bytes, startup_stm32f40xx.o(.text))
<BR>[Address Reference Count : 1]<UL><LI> startup_stm32f40xx.o(RESET)
</UL>
<P><STRONG><a name="[1b]"></a>RTC_WKUP_IRQHandler</STRONG> (Thumb, 0 bytes, Stack size 0 bytes, startup_stm32f40xx.o(.text))
<BR>[Address Reference Count : 1]<UL><LI> startup_stm32f40xx.o(RESET)
</UL>
<P><STRONG><a name="[3b]"></a>SPI1_IRQHandler</STRONG> (Thumb, 0 bytes, Stack size 0 bytes, startup_stm32f40xx.o(.text))
<BR>[Address Reference Count : 1]<UL><LI> startup_stm32f40xx.o(RESET)
</UL>
<P><STRONG><a name="[3c]"></a>SPI2_IRQHandler</STRONG> (Thumb, 0 bytes, Stack size 0 bytes, startup_stm32f40xx.o(.text))
<BR>[Address Reference Count : 1]<UL><LI> startup_stm32f40xx.o(RESET)
</UL>
<P><STRONG><a name="[4b]"></a>SPI3_IRQHandler</STRONG> (Thumb, 0 bytes, Stack size 0 bytes, startup_stm32f40xx.o(.text))
<BR>[Address Reference Count : 1]<UL><LI> startup_stm32f40xx.o(RESET)
</UL>
<P><STRONG><a name="[1a]"></a>TAMP_STAMP_IRQHandler</STRONG> (Thumb, 0 bytes, Stack size 0 bytes, startup_stm32f40xx.o(.text))
<BR>[Address Reference Count : 1]<UL><LI> startup_stm32f40xx.o(RESET)
</UL>
<P><STRONG><a name="[30]"></a>TIM1_BRK_TIM9_IRQHandler</STRONG> (Thumb, 0 bytes, Stack size 0 bytes, startup_stm32f40xx.o(.text))
<BR>[Address Reference Count : 1]<UL><LI> startup_stm32f40xx.o(RESET)
</UL>
<P><STRONG><a name="[33]"></a>TIM1_CC_IRQHandler</STRONG> (Thumb, 0 bytes, Stack size 0 bytes, startup_stm32f40xx.o(.text))
<BR>[Address Reference Count : 1]<UL><LI> startup_stm32f40xx.o(RESET)
</UL>
<P><STRONG><a name="[32]"></a>TIM1_TRG_COM_TIM11_IRQHandler</STRONG> (Thumb, 0 bytes, Stack size 0 bytes, startup_stm32f40xx.o(.text))
<BR>[Address Reference Count : 1]<UL><LI> startup_stm32f40xx.o(RESET)
</UL>
<P><STRONG><a name="[31]"></a>TIM1_UP_TIM10_IRQHandler</STRONG> (Thumb, 0 bytes, Stack size 0 bytes, startup_stm32f40xx.o(.text))
<BR>[Address Reference Count : 1]<UL><LI> startup_stm32f40xx.o(RESET)
</UL>
<P><STRONG><a name="[34]"></a>TIM2_IRQHandler</STRONG> (Thumb, 0 bytes, Stack size 0 bytes, startup_stm32f40xx.o(.text))
<BR>[Address Reference Count : 1]<UL><LI> startup_stm32f40xx.o(RESET)
</UL>
<P><STRONG><a name="[35]"></a>TIM3_IRQHandler</STRONG> (Thumb, 0 bytes, Stack size 0 bytes, startup_stm32f40xx.o(.text))
<BR>[Address Reference Count : 1]<UL><LI> startup_stm32f40xx.o(RESET)
</UL>
<P><STRONG><a name="[36]"></a>TIM4_IRQHandler</STRONG> (Thumb, 0 bytes, Stack size 0 bytes, startup_stm32f40xx.o(.text))
<BR>[Address Reference Count : 1]<UL><LI> startup_stm32f40xx.o(RESET)
</UL>
<P><STRONG><a name="[4a]"></a>TIM5_IRQHandler</STRONG> (Thumb, 0 bytes, Stack size 0 bytes, startup_stm32f40xx.o(.text))
<BR>[Address Reference Count : 1]<UL><LI> startup_stm32f40xx.o(RESET)
</UL>
<P><STRONG><a name="[4e]"></a>TIM6_DAC_IRQHandler</STRONG> (Thumb, 0 bytes, Stack size 0 bytes, startup_stm32f40xx.o(.text))
<BR>[Address Reference Count : 1]<UL><LI> startup_stm32f40xx.o(RESET)
</UL>
<P><STRONG><a name="[4f]"></a>TIM7_IRQHandler</STRONG> (Thumb, 0 bytes, Stack size 0 bytes, startup_stm32f40xx.o(.text))
<BR>[Address Reference Count : 1]<UL><LI> startup_stm32f40xx.o(RESET)
</UL>
<P><STRONG><a name="[43]"></a>TIM8_BRK_TIM12_IRQHandler</STRONG> (Thumb, 0 bytes, Stack size 0 bytes, startup_stm32f40xx.o(.text))
<BR>[Address Reference Count : 1]<UL><LI> startup_stm32f40xx.o(RESET)
</UL>
<P><STRONG><a name="[46]"></a>TIM8_CC_IRQHandler</STRONG> (Thumb, 0 bytes, Stack size 0 bytes, startup_stm32f40xx.o(.text))
<BR>[Address Reference Count : 1]<UL><LI> startup_stm32f40xx.o(RESET)
</UL>
<P><STRONG><a name="[45]"></a>TIM8_TRG_COM_TIM14_IRQHandler</STRONG> (Thumb, 0 bytes, Stack size 0 bytes, startup_stm32f40xx.o(.text))
<BR>[Address Reference Count : 1]<UL><LI> startup_stm32f40xx.o(RESET)
</UL>
<P><STRONG><a name="[44]"></a>TIM8_UP_TIM13_IRQHandler</STRONG> (Thumb, 0 bytes, Stack size 0 bytes, startup_stm32f40xx.o(.text))
<BR>[Address Reference Count : 1]<UL><LI> startup_stm32f40xx.o(RESET)
</UL>
<P><STRONG><a name="[4c]"></a>UART4_IRQHandler</STRONG> (Thumb, 0 bytes, Stack size 0 bytes, startup_stm32f40xx.o(.text))
<BR>[Address Reference Count : 1]<UL><LI> startup_stm32f40xx.o(RESET)
</UL>
<P><STRONG><a name="[4d]"></a>UART5_IRQHandler</STRONG> (Thumb, 0 bytes, Stack size 0 bytes, startup_stm32f40xx.o(.text))
<BR>[Address Reference Count : 1]<UL><LI> startup_stm32f40xx.o(RESET)
</UL>
<P><STRONG><a name="[3d]"></a>USART1_IRQHandler</STRONG> (Thumb, 0 bytes, Stack size 0 bytes, startup_stm32f40xx.o(.text))
<BR>[Address Reference Count : 1]<UL><LI> startup_stm32f40xx.o(RESET)
</UL>
<P><STRONG><a name="[3e]"></a>USART2_IRQHandler</STRONG> (Thumb, 0 bytes, Stack size 0 bytes, startup_stm32f40xx.o(.text))
<BR>[Address Reference Count : 1]<UL><LI> startup_stm32f40xx.o(RESET)
</UL>
<P><STRONG><a name="[3f]"></a>USART3_IRQHandler</STRONG> (Thumb, 0 bytes, Stack size 0 bytes, startup_stm32f40xx.o(.text))
<BR>[Address Reference Count : 1]<UL><LI> startup_stm32f40xx.o(RESET)
</UL>
<P><STRONG><a name="[5f]"></a>USART6_IRQHandler</STRONG> (Thumb, 0 bytes, Stack size 0 bytes, startup_stm32f40xx.o(.text))
<BR>[Address Reference Count : 1]<UL><LI> startup_stm32f40xx.o(RESET)
</UL>
<P><STRONG><a name="[18]"></a>WWDG_IRQHandler</STRONG> (Thumb, 0 bytes, Stack size 0 bytes, startup_stm32f40xx.o(.text))
<BR>[Address Reference Count : 1]<UL><LI> startup_stm32f40xx.o(RESET)
</UL>
<P><STRONG><a name="[107]"></a>__aeabi_uldivmod</STRONG> (Thumb, 98 bytes, Stack size 40 bytes, uldiv.o(.text))
<BR><BR>[Stack]<UL><LI>Max Depth = 40<LI>Call Chain = __aeabi_uldivmod
</UL>
<BR>[Calls]<UL><LI><a href="#[108]">&gt;&gt;</a>&nbsp;&nbsp;&nbsp;__aeabi_llsr
<LI><a href="#[109]">&gt;&gt;</a>&nbsp;&nbsp;&nbsp;__aeabi_llsl
</UL>
<BR>[Called By]<UL><LI><a href="#[28a]">&gt;&gt;</a>&nbsp;&nbsp;&nbsp;disk_ioctl
</UL>

<P><STRONG><a name="[2ca]"></a>____aeabi_memcpy4$ret$move</STRONG> (Thumb, 0 bytes, Stack size 8 bytes, memmove.o(.text), UNUSED)

<P><STRONG><a name="[2cb]"></a>____aeabi_memcpy8$ret$move</STRONG> (Thumb, 0 bytes, Stack size 8 bytes, memmove.o(.text), UNUSED)

<P><STRONG><a name="[2cc]"></a>___aeabi_memmove$ret</STRONG> (Thumb, 0 bytes, Stack size 8 bytes, memmove.o(.text), UNUSED)

<P><STRONG><a name="[2cd]"></a>___aeabi_memmove4$ret</STRONG> (Thumb, 0 bytes, Stack size 8 bytes, memmove.o(.text), UNUSED)

<P><STRONG><a name="[2ce]"></a>___aeabi_memmove8$ret</STRONG> (Thumb, 0 bytes, Stack size 8 bytes, memmove.o(.text), UNUSED)

<P><STRONG><a name="[28c]"></a>__aeabi_memcpy</STRONG> (Thumb, 66 bytes, Stack size 8 bytes, memmove.o(.text))
<BR><BR>[Stack]<UL><LI>Max Depth = 8<LI>Call Chain = __aeabi_memcpy
</UL>
<BR>[Called By]<UL><LI><a href="#[2a5]">&gt;&gt;</a>&nbsp;&nbsp;&nbsp;prvCopyDataToQueue
<LI><a href="#[2a4]">&gt;&gt;</a>&nbsp;&nbsp;&nbsp;prvCopyDataFromQueue
<LI><a href="#[28d]">&gt;&gt;</a>&nbsp;&nbsp;&nbsp;disk_write
<LI><a href="#[28b]">&gt;&gt;</a>&nbsp;&nbsp;&nbsp;disk_read
</UL>

<P><STRONG><a name="[5]"></a>memcpy</STRONG> (Thumb, 0 bytes, Stack size 8 bytes, memmove.o(.text))
<BR><BR>[Stack]<UL><LI>Max Depth = 8<LI>Call Chain = memcpy
</UL>
<BR>[Called By]<UL><LI><a href="#[115]">&gt;&gt;</a>&nbsp;&nbsp;&nbsp;GUITASK_CopyContext
<LI><a href="#[186]">&gt;&gt;</a>&nbsp;&nbsp;&nbsp;GUI_RestoreContext
<LI><a href="#[18b]">&gt;&gt;</a>&nbsp;&nbsp;&nbsp;GUI_SaveContext_W
</UL>
<BR>[Address Reference Count : 1]<UL><LI> GUI__Private.o(.data)
</UL>
<P><STRONG><a name="[1fa]"></a>memmove</STRONG> (Thumb, 0 bytes, Stack size 8 bytes, memmove.o(.text))
<BR><BR>[Stack]<UL><LI>Max Depth = 8<LI>Call Chain = memmove
</UL>
<BR>[Called By]<UL><LI><a href="#[121]">&gt;&gt;</a>&nbsp;&nbsp;&nbsp;_RemoveHoles
</UL>

<P><STRONG><a name="[10b]"></a>__aeabi_memset</STRONG> (Thumb, 14 bytes, Stack size 0 bytes, memseta.o(.text))
<BR><BR>[Called By]<UL><LI><a href="#[6]">&gt;&gt;</a>&nbsp;&nbsp;&nbsp;memset
<LI><a href="#[10a]">&gt;&gt;</a>&nbsp;&nbsp;&nbsp;__aeabi_memclr
</UL>

<P><STRONG><a name="[2cf]"></a>__aeabi_memset4</STRONG> (Thumb, 0 bytes, Stack size 0 bytes, memseta.o(.text), UNUSED)

<P><STRONG><a name="[2d0]"></a>__aeabi_memset8</STRONG> (Thumb, 0 bytes, Stack size 0 bytes, memseta.o(.text), UNUSED)

<P><STRONG><a name="[10a]"></a>__aeabi_memclr</STRONG> (Thumb, 4 bytes, Stack size 0 bytes, memseta.o(.text), UNUSED)
<BR><BR>[Calls]<UL><LI><a href="#[10b]">&gt;&gt;</a>&nbsp;&nbsp;&nbsp;__aeabi_memset
</UL>

<P><STRONG><a name="[2d1]"></a>__aeabi_memclr4</STRONG> (Thumb, 0 bytes, Stack size 0 bytes, memseta.o(.text), UNUSED)

<P><STRONG><a name="[2d2]"></a>__aeabi_memclr8</STRONG> (Thumb, 0 bytes, Stack size 0 bytes, memseta.o(.text), UNUSED)

<P><STRONG><a name="[6]"></a>memset</STRONG> (Thumb, 18 bytes, Stack size 8 bytes, memseta.o(.text))
<BR><BR>[Stack]<UL><LI>Max Depth = 8<LI>Call Chain = memset
</UL>
<BR>[Calls]<UL><LI><a href="#[10b]">&gt;&gt;</a>&nbsp;&nbsp;&nbsp;__aeabi_memset
</UL>
<BR>[Called By]<UL><LI><a href="#[100]">&gt;&gt;</a>&nbsp;&nbsp;&nbsp;GUI_USAGE_BM_AddHLine
<LI><a href="#[101]">&gt;&gt;</a>&nbsp;&nbsp;&nbsp;GUI_USAGE_BM_Clear
</UL>
<BR>[Address Reference Count : 1]<UL><LI> GUI__Private.o(.data)
</UL>
<P><STRONG><a name="[2d3]"></a>__aeabi_uidiv</STRONG> (Thumb, 0 bytes, Stack size 12 bytes, uidiv.o(.text), UNUSED)

<P><STRONG><a name="[270]"></a>__aeabi_uidivmod</STRONG> (Thumb, 44 bytes, Stack size 12 bytes, uidiv.o(.text), UNUSED)
<BR><BR>[Called By]<UL><LI><a href="#[26e]">&gt;&gt;</a>&nbsp;&nbsp;&nbsp;_printf_core
</UL>

<P><STRONG><a name="[109]"></a>__aeabi_llsl</STRONG> (Thumb, 30 bytes, Stack size 0 bytes, llshl.o(.text))
<BR><BR>[Called By]<UL><LI><a href="#[107]">&gt;&gt;</a>&nbsp;&nbsp;&nbsp;__aeabi_uldivmod
</UL>

<P><STRONG><a name="[2d4]"></a>_ll_shift_l</STRONG> (Thumb, 0 bytes, Stack size 0 bytes, llshl.o(.text), UNUSED)

<P><STRONG><a name="[108]"></a>__aeabi_llsr</STRONG> (Thumb, 32 bytes, Stack size 0 bytes, llushr.o(.text))
<BR><BR>[Called By]<UL><LI><a href="#[107]">&gt;&gt;</a>&nbsp;&nbsp;&nbsp;__aeabi_uldivmod
</UL>

<P><STRONG><a name="[2d5]"></a>_ll_ushift_r</STRONG> (Thumb, 0 bytes, Stack size 0 bytes, llushr.o(.text), UNUSED)

<P><STRONG><a name="[105]"></a>__scatterload</STRONG> (Thumb, 28 bytes, Stack size 0 bytes, init.o(.text))
<BR><BR>[Calls]<UL><LI><a href="#[10c]">&gt;&gt;</a>&nbsp;&nbsp;&nbsp;__main_after_scatterload
</UL>
<BR>[Called By]<UL><LI><a href="#[104]">&gt;&gt;</a>&nbsp;&nbsp;&nbsp;_main_scatterload
</UL>

<P><STRONG><a name="[2d6]"></a>__scatterload_rt2</STRONG> (Thumb, 0 bytes, Stack size 0 bytes, init.o(.text), UNUSED)

<P><STRONG><a name="[2d7]"></a>__I$use$semihosting$fputc</STRONG> (Thumb, 0 bytes, Stack size unknown bytes, iusesemip.o(.text), UNUSED)

<P><STRONG><a name="[2d8]"></a>__decompress</STRONG> (Thumb, 0 bytes, Stack size unknown bytes, __dczerorl2.o(.text), UNUSED)

<P><STRONG><a name="[2d9]"></a>__decompress1</STRONG> (Thumb, 86 bytes, Stack size unknown bytes, __dczerorl2.o(.text), UNUSED)

<P><STRONG><a name="[2da]"></a>__semihosting_library_function</STRONG> (Thumb, 0 bytes, Stack size unknown bytes, semi.o(.text), UNUSED)

<P><STRONG><a name="[10d]"></a>GL_SetDefault</STRONG> (Thumb, 148 bytes, Stack size unknown bytes, GUI_Common.o(.text.GL_SetDefault))
<BR><BR>[Stack]<UL><LI>Max Depth = 152 + Unknown Stack Size
<LI>Call Chain = GL_SetDefault &rArr; GUI_Lock &rArr; GUI_X_Lock &rArr; GUI_X_InitOS &rArr; xQueueCreateMutex &rArr; prvInitialiseMutex &rArr; xQueueGenericSend &rArr; prvUnlockQueue &rArr; xTaskRemoveFromEventList &rArr; __2printf
</UL>
<BR>[Calls]<UL><LI><a href="#[112]">&gt;&gt;</a>&nbsp;&nbsp;&nbsp;LCD_SetDrawMode
<LI><a href="#[111]">&gt;&gt;</a>&nbsp;&nbsp;&nbsp;LCD_SetColor
<LI><a href="#[10f]">&gt;&gt;</a>&nbsp;&nbsp;&nbsp;LCD_SetBkColor
<LI><a href="#[110]">&gt;&gt;</a>&nbsp;&nbsp;&nbsp;GUI_Unlock
<LI><a href="#[10e]">&gt;&gt;</a>&nbsp;&nbsp;&nbsp;GUI_Lock
</UL>
<BR>[Called By]<UL><LI><a href="#[78]">&gt;&gt;</a>&nbsp;&nbsp;&nbsp;WM__Paint1
</UL>

<P><STRONG><a name="[df]"></a>GUIMONO_DispChar</STRONG> (Thumb, 328 bytes, Stack size unknown bytes, GUI_CharM.o(.text.GUIMONO_DispChar))
<BR><BR>[Calls]<UL><LI><a href="#[114]">&gt;&gt;</a>&nbsp;&nbsp;&nbsp;LCD_FillRect
<LI><a href="#[112]">&gt;&gt;</a>&nbsp;&nbsp;&nbsp;LCD_SetDrawMode
<LI><a href="#[113]">&gt;&gt;</a>&nbsp;&nbsp;&nbsp;LCD_DrawBitmap
</UL>
<BR>[Address Reference Count : 1]<UL><LI> F6x8.o(.rodata)
</UL>
<P><STRONG><a name="[e0]"></a>GUIMONO_GetCharDistX</STRONG> (Thumb, 24 bytes, Stack size unknown bytes, GUI_CharM.o(.text.GUIMONO_GetCharDistX))
<BR>[Address Reference Count : 1]<UL><LI> F6x8.o(.rodata)
</UL>
<P><STRONG><a name="[e1]"></a>GUIMONO_GetFontInfo</STRONG> (Thumb, 6 bytes, Stack size unknown bytes, GUI_CharM.o(.text.GUIMONO_GetFontInfo))
<BR>[Address Reference Count : 1]<UL><LI> F6x8.o(.rodata)
</UL>
[...]
<BR>[Address Reference Count : 1]<UL><LI> GUICC_M8888I.o(.rodata)
</UL>
<P><STRONG><a name="[e6]"></a>_Index2ColorBulk_M8888I</STRONG> (Thumb, 20 bytes, Stack size unknown bytes, GUICC_M8888I.o(.text._Index2ColorBulk_M8888I))
<BR>[Address Reference Count : 1]<UL><LI> GUICC_M8888I.o(.rodata)
</UL>
<P><STRONG><a name="[e9]"></a>_GetIndexMask_0</STRONG> (Thumb, 74 bytes, Stack size unknown bytes, GUICC_0.o(.text._GetIndexMask_0))
<BR><BR>[Calls]<UL><LI><a href="#[1a9]">&gt;&gt;</a>&nbsp;&nbsp;&nbsp;LCD_GetNumColors
</UL>
<BR>[Address Reference Count : 1]<UL><LI> GUICC_0.o(.rodata)
</UL>
<P><STRONG><a name="[e8]"></a>_Index2Color_0</STRONG> (Thumb, 30 bytes, Stack size unknown bytes, GUICC_0.o(.text._Index2Color_0))
<BR><BR>[Calls]<UL><LI><a href="#[1ac]">&gt;&gt;</a>&nbsp;&nbsp;&nbsp;LCD_GetPalette
<LI><a href="#[1a9]">&gt;&gt;</a>&nbsp;&nbsp;&nbsp;LCD_GetNumColors
</UL>
<BR>[Address Reference Count : 1]<UL><LI> GUICC_0.o(.rodata)
</UL>
<P><STRONG><a name="[e7]"></a>_Color2Index_0</STRONG> (Thumb, 88 bytes, Stack size unknown bytes, GUICC_0.o(.text._Color2Index_0))
<BR><BR>[Calls]<UL><LI><a href="#[1ef]">&gt;&gt;</a>&nbsp;&nbsp;&nbsp;GUI_CalcColorDist
<LI><a href="#[1ac]">&gt;&gt;</a>&nbsp;&nbsp;&nbsp;LCD_GetPalette
<LI><a href="#[1a9]">&gt;&gt;</a>&nbsp;&nbsp;&nbsp;LCD_GetNumColors
</UL>
<BR>[Address Reference Count : 1]<UL><LI> GUICC_0.o(.rodata)
</UL>
<P><STRONG><a name="[ea]"></a>_Color2Index_565</STRONG> (Thumb, 44 bytes, Stack size unknown bytes, GUICC_565.o(.text._Color2Index_565))
<BR>[Address Reference Count : 1]<UL><LI> GUICC_565.o(.rodata)
</UL>
<P><STRONG><a name="[eb]"></a>_GetIndexMask_565</STRONG> (Thumb, 6 bytes, Stack size unknown bytes, GUICC_565.o(.text._GetIndexMask_565))
<BR>[Address Reference Count : 1]<UL><LI> GUICC_565.o(.rodata)
</UL>
<P><STRONG><a name="[ec]"></a>_Color2IndexBulk</STRONG> (Thumb, 60 bytes, Stack size unknown bytes, GUICC_565.o(.text._Color2IndexBulk))
<BR>[Address Reference Count : 1]<UL><LI> GUICC_565.o(.rodata)
</UL>
<P><STRONG><a name="[ed]"></a>_Index2ColorBulk</STRONG> (Thumb, 84 bytes, Stack size unknown bytes, GUICC_565.o(.text._Index2ColorBulk))
<BR>[Address Reference Count : 1]<UL><LI> GUICC_565.o(.rodata)
</UL>
<P><STRONG><a name="[ee]"></a>_Color2Index_8888</STRONG> (Thumb, 28 bytes, Stack size unknown bytes, GUICC_8888.o(.text._Color2Index_8888))
<BR>[Address Reference Count : 1]<UL><LI> GUICC_8888.o(.rodata)
</UL>
<P><STRONG><a name="[ef]"></a>_GetIndexMask_8888</STRONG> (Thumb, 6 bytes, Stack size unknown bytes, GUICC_8888.o(.text._GetIndexMask_8888))
<BR>[Address Reference Count : 1]<UL><LI> GUICC_8888.o(.rodata)
</UL>
<P><STRONG><a name="[f0]"></a>_Color2IndexBulk</STRONG> (Thumb, 44 bytes, Stack size unknown bytes, GUICC_8888.o(.text._Color2IndexBulk))
<BR>[Address Reference Count : 1]<UL><LI> GUICC_8888.o(.rodata)
</UL>
<P><STRONG><a name="[f1]"></a>_Index2ColorBulk</STRONG> (Thumb, 44 bytes, Stack size unknown bytes, GUICC_8888.o(.text._Index2ColorBulk))
<BR>[Address Reference Count : 1]<UL><LI> GUICC_8888.o(.rodata)
</UL>
<P><STRONG><a name="[70]"></a>_OnExit</STRONG> (Thumb, 40 bytes, Stack size unknown bytes, GUI__Alpha.o(.text._OnExit))
<BR><BR>[Calls]<UL><LI><a href="#[132]">&gt;&gt;</a>&nbsp;&nbsp;&nbsp;GUI_ALLOC_FreeFixedBlock
</UL>
<BR>[Address Reference Count : 3]<UL><LI> GUI__Alpha.o(.text.GUI__DoAlphaBlending)
<LI> GUI__Alpha.o(.text.GUI__GetAlphaBuffer)
<LI> GUI__Alpha.o(.text.GUI__AllocAlphaBuffer)
</UL>
<P><STRONG><a name="[b]"></a>_NextPixel_SetPixel</STRONG> (Thumb, 360 bytes, Stack size unknown bytes, LCD_NextPixelAPI.o(.text._NextPixel_SetPixel))
<BR>[Address Reference Count : 1]<UL><LI> LCD_NextPixelAPI.o(.data)
</UL>
<P><STRONG><a name="[a]"></a>_NextPixel_Start</STRONG> (Thumb, 184 bytes, Stack size unknown bytes, LCD_NextPixelAPI.o(.text._NextPixel_Start))
<BR><BR>[Stack]<UL><LI>Max Depth = 152 + Unknown Stack Size
<LI>Call Chain = _NextPixel_Start &rArr; GUI_ALLOC_GetMaxSize &rArr; _EnlargeBlocks &rArr; GUI_Lock &rArr; GUI_X_Lock &rArr; GUI_X_InitOS &rArr; xQueueCreateMutex &rArr; prvInitialiseMutex &rArr; xQueueGenericSend &rArr; prvUnlockQueue &rArr; xTaskRemoveFromEventList &rArr; __2printf
</UL>
<BR>[Calls]<UL><LI><a href="#[122]">&gt;&gt;</a>&nbsp;&nbsp;&nbsp;GUI_ALLOC_GetMaxSize
<LI><a href="#[153]">&gt;&gt;</a>&nbsp;&nbsp;&nbsp;GUI_ALLOC_LockH
<LI><a href="#[11b]">&gt;&gt;</a>&nbsp;&nbsp;&nbsp;GUI_ALLOC_AllocNoInit
<LI><a href="#[17b]">&gt;&gt;</a>&nbsp;&nbsp;&nbsp;GUI_GetBitsPerPixelEx
</UL>
<BR>[Address Reference Count : 1]<UL><LI> LCD_NextPixelAPI.o(.data)
</UL>
<P><STRONG><a name="[c]"></a>_NextPixel_NextLine</STRONG> (Thumb, 84 bytes, Stack size unknown bytes, LCD_NextPixelAPI.o(.text._NextPixel_NextLine))
<BR>[Address Reference Count : 1]<UL><LI> LCD_NextPixelAPI.o(.data)
</UL>
<P><STRONG><a name="[d]"></a>_NextPixel_End</STRONG> (Thumb, 100 bytes, Stack size unknown bytes, LCD_NextPixelAPI.o(.text._NextPixel_End))
<BR><BR>[Stack]<UL><LI>Max Depth = 152 + Unknown Stack Size
<LI>Call Chain = _NextPixel_End &rArr; GUI_ALLOC_Free &rArr; GUI_Lock &rArr; GUI_X_Lock &rArr; GUI_X_InitOS &rArr; xQueueCreateMutex &rArr; prvInitialiseMutex &rArr; xQueueGenericSend &rArr; prvUnlockQueue &rArr; xTaskRemoveFromEventList &rArr; __2printf
</UL>
<BR>[Calls]<UL><LI><a href="#[154]">&gt;&gt;</a>&nbsp;&nbsp;&nbsp;GUI_ALLOC_UnlockH
<LI><a href="#[11e]">&gt;&gt;</a>&nbsp;&nbsp;&nbsp;GUI_ALLOC_Free
</UL>
<BR>[Address Reference Count : 1]<UL><LI> LCD_NextPixelAPI.o(.data)
</UL>
<P><STRONG><a name="[f2]"></a>_DrawBitmap_RLEAlpha</STRONG> (Thumb, 456 bytes, Stack size unknown bytes, LCD_RLEAlpha.o(.text._DrawBitmap_RLEAlpha))
<BR><BR>[Stack]<UL><LI>Max Depth = 152 + Unknown Stack Size
<LI>Call Chain = _DrawBitmap_RLEAlpha &rArr; GUI__GetAlphaBuffer &rArr; GUI_ALLOC_GetFixedBlock &rArr; _EnlargeBlocks &rArr; GUI_Lock &rArr; GUI_X_Lock &rArr; GUI_X_InitOS &rArr; xQueueCreateMutex &rArr; prvInitialiseMutex &rArr; xQueueGenericSend &rArr; prvUnlockQueue &rArr; xTaskRemoveFromEventList &rArr; __2printf
</UL>
<BR>[Calls]<UL><LI><a href="#[1a1]">&gt;&gt;</a>&nbsp;&nbsp;&nbsp;GUI__GetAlphaBuffer
<LI><a href="#[13d]">&gt;&gt;</a>&nbsp;&nbsp;&nbsp;GUI_GetColor
<LI><a href="#[198]">&gt;&gt;</a>&nbsp;&nbsp;&nbsp;GUI__AllocAlphaBuffer
</UL>
<BR>[Address Reference Count : 1]<UL><LI> LCD_RLEAlpha.o(.rodata)
</UL>
<P><STRONG><a name="[8c]"></a>_Draw</STRONG> (Thumb, 136 bytes, Stack size unknown bytes, LCD_RLEAlpha.o(.text._Draw))
<BR><BR>[Stack]<UL><LI>Max Depth = 152 + Unknown Stack Size
<LI>Call Chain = _Draw &rArr; GUI__DoAlphaBlending &rArr; GUI_ALLOC_GetFixedBlock &rArr; _EnlargeBlocks &rArr; GUI_Lock &rArr; GUI_X_Lock &rArr; GUI_X_InitOS &rArr; xQueueCreateMutex &rArr; prvInitialiseMutex &rArr; xQueueGenericSend &rArr; prvUnlockQueue &rArr; xTaskRemoveFromEventList &rArr; __2printf
</UL>
<BR>[Calls]<UL><LI><a href="#[113]">&gt;&gt;</a>&nbsp;&nbsp;&nbsp;LCD_DrawBitmap
<LI><a href="#[1f0]">&gt;&gt;</a>&nbsp;&nbsp;&nbsp;GUI__CompactPixelIndicesEx
<LI><a href="#[19e]">&gt;&gt;</a>&nbsp;&nbsp;&nbsp;GUI__DoAlphaBlending
</UL>
<BR>[Called By]<UL><LI><a href="#[8d]">&gt;&gt;</a>&nbsp;&nbsp;&nbsp;_DrawClip
</UL>
<BR>[Address Reference Count : 1]<UL><LI> LCD_RLEAlpha.o(.text._DrawBitmap_RLEAlpha)
</UL>
<P><STRONG><a name="[8d]"></a>_DrawClip</STRONG> (Thumb, 108 bytes, Stack size unknown bytes, LCD_RLEAlpha.o(.text._DrawClip))
<BR><BR>[Stack]<UL><LI>Max Depth = 152 + Unknown Stack Size
<LI>Call Chain = _DrawClip &rArr; _Draw &rArr; GUI__DoAlphaBlending &rArr; GUI_ALLOC_GetFixedBlock &rArr; _EnlargeBlocks &rArr; GUI_Lock &rArr; GUI_X_Lock &rArr; GUI_X_InitOS &rArr; xQueueCreateMutex &rArr; prvInitialiseMutex &rArr; xQueueGenericSend &rArr; prvUnlockQueue &rArr; xTaskRemoveFromEventList &rArr; __2printf
</UL>
<BR>[Calls]<UL><LI><a href="#[8c]">&gt;&gt;</a>&nbsp;&nbsp;&nbsp;_Draw
</UL>
<BR>[Address Reference Count : 1]<UL><LI> LCD_RLEAlpha.o(.text._DrawBitmap_RLEAlpha)
</UL>
<P><STRONG><a name="[156]"></a>GUI_MEMDEV_CopyToLCDAt.part.0</STRONG> (Thumb, 256 bytes, Stack size unknown bytes, GUIDEV.o(.text.GUI_MEMDEV_CopyToLCDAt.part.0))
<BR><BR>[Stack]<UL><LI>Max Depth = 152 + Unknown Stack Size
<LI>Call Chain = GUI_MEMDEV_CopyToLCDAt.part.0 &rArr; GUI_Lock &rArr; GUI_X_Lock &rArr; GUI_X_InitOS &rArr; xQueueCreateMutex &rArr; prvInitialiseMutex &rArr; xQueueGenericSend &rArr; prvUnlockQueue &rArr; xTaskRemoveFromEventList &rArr; __2printf
</UL>
<BR>[Calls]<UL><LI><a href="#[15a]">&gt;&gt;</a>&nbsp;&nbsp;&nbsp;GUI_DEVICE_Link
<LI><a href="#[12b]">&gt;&gt;</a>&nbsp;&nbsp;&nbsp;WM__GetNextIVR
<LI><a href="#[12a]">&gt;&gt;</a>&nbsp;&nbsp;&nbsp;WM__InitIVRSearch
<LI><a href="#[154]">&gt;&gt;</a>&nbsp;&nbsp;&nbsp;GUI_ALLOC_UnlockH
<LI><a href="#[153]">&gt;&gt;</a>&nbsp;&nbsp;&nbsp;GUI_ALLOC_LockH
<LI><a href="#[110]">&gt;&gt;</a>&nbsp;&nbsp;&nbsp;GUI_Unlock
<LI><a href="#[10e]">&gt;&gt;</a>&nbsp;&nbsp;&nbsp;GUI_Lock
<LI><a href="#[157]">&gt;&gt;</a>&nbsp;&nbsp;&nbsp;GUI_SelectLayer
<LI><a href="#[15c]">&gt;&gt;</a>&nbsp;&nbsp;&nbsp;LCD_SetClipRectMax
<LI><a href="#[13a]">&gt;&gt;</a>&nbsp;&nbsp;&nbsp;GUI_SetDrawMode
<LI><a href="#[158]">&gt;&gt;</a>&nbsp;&nbsp;&nbsp;WM_Activate
<LI><a href="#[15b]">&gt;&gt;</a>&nbsp;&nbsp;&nbsp;LCD_UpdateColorIndices
<LI><a href="#[15d]">&gt;&gt;</a>&nbsp;&nbsp;&nbsp;GUI_SelectLCD
<LI><a href="#[8e]">&gt;&gt;</a>&nbsp;&nbsp;&nbsp;GUI_MEMDEV__WriteToActiveOpaque
<LI><a href="#[159]">&gt;&gt;</a>&nbsp;&nbsp;&nbsp;WM_Deactivate
</UL>
<BR>[Called By]<UL><LI><a href="#[155]">&gt;&gt;</a>&nbsp;&nbsp;&nbsp;GUI_MEMDEV_CopyToLCD
</UL>

<P><STRONG><a name="[1e5]"></a>_Screen2hWin</STRONG> (Thumb, 1136 bytes, Stack size unknown bytes, WM_Screen2Win.o(.text._Screen2hWin))
<BR><BR>[Calls]<UL><LI><a href="#[154]">&gt;&gt;</a>&nbsp;&nbsp;&nbsp;GUI_ALLOC_UnlockH
<LI><a href="#[153]">&gt;&gt;</a>&nbsp;&nbsp;&nbsp;GUI_ALLOC_LockH
<LI><a href="#[173]">&gt;&gt;</a>&nbsp;&nbsp;&nbsp;GUI_ALLOC_h2p
<LI><a href="#[1e5]">&gt;&gt;</a>&nbsp;&nbsp;&nbsp;_Screen2hWin
</UL>
<BR>[Called By]<UL><LI><a href="#[1e5]">&gt;&gt;</a>&nbsp;&nbsp;&nbsp;_Screen2hWin
<LI><a href="#[1d3]">&gt;&gt;</a>&nbsp;&nbsp;&nbsp;WM_Screen2hWin
</UL>

<P><STRONG><a name="[187]"></a>_CreateBuffer.isra.4</STRONG> (Thumb, 180 bytes, Stack size unknown bytes, GUI_SPRITE.o(.text._CreateBuffer.isra.4))
<BR><BR>[Stack]<UL><LI>Max Depth = 152 + Unknown Stack Size
<LI>Call Chain = _CreateBuffer.isra.4 &rArr; GUI_ALLOC_GetMaxSize &rArr; _EnlargeBlocks &rArr; GUI_Lock &rArr; GUI_X_Lock &rArr; GUI_X_InitOS &rArr; xQueueCreateMutex &rArr; prvInitialiseMutex &rArr; xQueueGenericSend &rArr; prvUnlockQueue &rArr; xTaskRemoveFromEventList &rArr; __2printf
</UL>
<BR>[Calls]<UL><LI><a href="#[160]">&gt;&gt;</a>&nbsp;&nbsp;&nbsp;GUI_DEVICE__GetpDriver
<LI><a href="#[122]">&gt;&gt;</a>&nbsp;&nbsp;&nbsp;GUI_ALLOC_GetMaxSize
<LI><a href="#[153]">&gt;&gt;</a>&nbsp;&nbsp;&nbsp;GUI_ALLOC_LockH
<LI><a href="#[11b]">&gt;&gt;</a>&nbsp;&nbsp;&nbsp;GUI_ALLOC_AllocNoInit
</UL>
<BR>[Called By]<UL><LI><a href="#[127]">&gt;&gt;</a>&nbsp;&nbsp;&nbsp;GUI_SPRITE_SetPosition
</UL>

<P><STRONG><a name="[189]"></a>_SetBkIndexBuffered</STRONG> (Thumb, 198 bytes, Stack size unknown bytes, GUI_SPRITE.o(.text._SetBkIndexBuffered))
<BR><BR>[Calls]<UL><LI><a href="#[17e]">&gt;&gt;</a>&nbsp;&nbsp;&nbsp;GUI__CompactPixelIndices
</UL>
<BR>[Called By]<UL><LI><a href="#[127]">&gt;&gt;</a>&nbsp;&nbsp;&nbsp;GUI_SPRITE_SetPosition
</UL>

<P><STRONG><a name="[18a]"></a>_ReleaseBuffer.isra.7</STRONG> (Thumb, 140 bytes, Stack size unknown bytes, GUI_SPRITE.o(.text._ReleaseBuffer.isra.7))
<BR><BR>[Stack]<UL><LI>Max Depth = 152 + Unknown Stack Size
<LI>Call Chain = _ReleaseBuffer.isra.7 &rArr; GUI_ALLOC_Free &rArr; GUI_Lock &rArr; GUI_X_Lock &rArr; GUI_X_InitOS &rArr; xQueueCreateMutex &rArr; prvInitialiseMutex &rArr; xQueueGenericSend &rArr; prvUnlockQueue &rArr; xTaskRemoveFromEventList &rArr; __2printf
</UL>
<BR>[Calls]<UL><LI><a href="#[154]">&gt;&gt;</a>&nbsp;&nbsp;&nbsp;GUI_ALLOC_UnlockH
<LI><a href="#[11e]">&gt;&gt;</a>&nbsp;&nbsp;&nbsp;GUI_ALLOC_Free
<LI><a href="#[17e]">&gt;&gt;</a>&nbsp;&nbsp;&nbsp;GUI__CompactPixelIndices
</UL>
<BR>[Called By]<UL><LI><a href="#[127]">&gt;&gt;</a>&nbsp;&nbsp;&nbsp;GUI_SPRITE_SetPosition
</UL>

<P><STRONG><a name="[fd]"></a>_GetDevData</STRONG> (Thumb, 16 bytes, Stack size unknown bytes, GUIDEV_32.o(.text._GetDevData))
<BR>[Address Reference Count : 1]<UL><LI> GUIDEV_32.o(.rodata)
</UL>
<P><STRONG><a name="[fb]"></a>_GetDevFunc</STRONG> (Thumb, 16 bytes, Stack size unknown bytes, GUIDEV_32.o(.text._GetDevFunc))
<BR>[Address Reference Count : 1]<UL><LI> GUIDEV_32.o(.rodata)
</UL>
<P><STRONG><a name="[fc]"></a>_GetDevProp</STRONG> (Thumb, 10 bytes, Stack size unknown bytes, GUIDEV_32.o(.text._GetDevProp))
<BR>[Address Reference Count : 1]<UL><LI> GUIDEV_32.o(.rodata)
</UL>
<P><STRONG><a name="[fa]"></a>_SetOrg</STRONG> (Thumb, 8 bytes, Stack size unknown bytes, GUIDEV_32.o(.text._SetOrg))
<BR>[Address Reference Count : 1]<UL><LI> GUIDEV_32.o(.rodata)
</UL>
<P><STRONG><a name="[fe]"></a>_GetRect</STRONG> (Thumb, 56 bytes, Stack size unknown bytes, GUIDEV_32.o(.text._GetRect))
<BR><BR>[Calls]<UL><LI><a href="#[154]">&gt;&gt;</a>&nbsp;&nbsp;&nbsp;GUI_ALLOC_UnlockH
<LI><a href="#[153]">&gt;&gt;</a>&nbsp;&nbsp;&nbsp;GUI_ALLOC_LockH
</UL>
<BR>[Address Reference Count : 1]<UL><LI> GUIDEV_32.o(.rodata)
</UL>
<P><STRONG><a name="[f3]"></a>_DrawBitmap</STRONG> (Thumb, 2516 bytes, Stack size unknown bytes, GUIDEV_32.o(.text._DrawBitmap))
<BR><BR>[Calls]<UL><LI><a href="#[154]">&gt;&gt;</a>&nbsp;&nbsp;&nbsp;GUI_ALLOC_UnlockH
<LI><a href="#[153]">&gt;&gt;</a>&nbsp;&nbsp;&nbsp;GUI_ALLOC_LockH
<LI><a href="#[1f1]">&gt;&gt;</a>&nbsp;&nbsp;&nbsp;GUI_USAGE_AddRect
</UL>
<BR>[Address Reference Count : 1]<UL><LI> GUIDEV_32.o(.rodata)
</UL>
<P><STRONG><a name="[f7]"></a>_GetPixelIndex</STRONG> (Thumb, 64 bytes, Stack size unknown bytes, GUIDEV_32.o(.text._GetPixelIndex))
<BR><BR>[Calls]<UL><LI><a href="#[154]">&gt;&gt;</a>&nbsp;&nbsp;&nbsp;GUI_ALLOC_UnlockH
<LI><a href="#[153]">&gt;&gt;</a>&nbsp;&nbsp;&nbsp;GUI_ALLOC_LockH
</UL>
<BR>[Address Reference Count : 1]<UL><LI> GUIDEV_32.o(.rodata)
</UL>
<P><STRONG><a name="[f8]"></a>_SetPixelIndex</STRONG> (Thumb, 120 bytes, Stack size unknown bytes, GUIDEV_32.o(.text._SetPixelIndex))
<BR><BR>[Calls]<UL><LI><a href="#[154]">&gt;&gt;</a>&nbsp;&nbsp;&nbsp;GUI_ALLOC_UnlockH
<LI><a href="#[153]">&gt;&gt;</a>&nbsp;&nbsp;&nbsp;GUI_ALLOC_LockH
</UL>
<BR>[Address Reference Count : 1]<UL><LI> GUIDEV_32.o(.rodata)
</UL>
<P><STRONG><a name="[f9]"></a>_XorPixel</STRONG> (Thumb, 132 bytes, Stack size unknown bytes, GUIDEV_32.o(.text._XorPixel))
<BR><BR>[Calls]<UL><LI><a href="#[154]">&gt;&gt;</a>&nbsp;&nbsp;&nbsp;GUI_ALLOC_UnlockH
<LI><a href="#[153]">&gt;&gt;</a>&nbsp;&nbsp;&nbsp;GUI_ALLOC_LockH
</UL>
<BR>[Address Reference Count : 1]<UL><LI> GUIDEV_32.o(.rodata)
</UL>
<P><STRONG><a name="[f6]"></a>_FillRect</STRONG> (Thumb, 240 bytes, Stack size unknown bytes, GUIDEV_32.o(.text._FillRect))
<BR><BR>[Calls]<UL><LI><a href="#[154]">&gt;&gt;</a>&nbsp;&nbsp;&nbsp;GUI_ALLOC_UnlockH
<LI><a href="#[153]">&gt;&gt;</a>&nbsp;&nbsp;&nbsp;GUI_ALLOC_LockH
<LI><a href="#[1f1]">&gt;&gt;</a>&nbsp;&nbsp;&nbsp;GUI_USAGE_AddRect
</UL>
<BR>[Called By]<UL><LI><a href="#[f4]">&gt;&gt;</a>&nbsp;&nbsp;&nbsp;_DrawHLine
</UL>
<BR>[Address Reference Count : 1]<UL><LI> GUIDEV_32.o(.rodata)
</UL>
<P><STRONG><a name="[f4]"></a>_DrawHLine</STRONG> (Thumb, 16 bytes, Stack size unknown bytes, GUIDEV_32.o(.text._DrawHLine))
<BR><BR>[Calls]<UL><LI><a href="#[f6]">&gt;&gt;</a>&nbsp;&nbsp;&nbsp;_FillRect
</UL>
<BR>[Address Reference Count : 1]<UL><LI> GUIDEV_32.o(.rodata)
</UL>
<P><STRONG><a name="[f5]"></a>_DrawVLine</STRONG> (Thumb, 224 bytes, Stack size unknown bytes, GUIDEV_32.o(.text._DrawVLine))
<BR><BR>[Calls]<UL><LI><a href="#[154]">&gt;&gt;</a>&nbsp;&nbsp;&nbsp;GUI_ALLOC_UnlockH
<LI><a href="#[153]">&gt;&gt;</a>&nbsp;&nbsp;&nbsp;GUI_ALLOC_LockH
</UL>
<BR>[Address Reference Count : 1]<UL><LI> GUIDEV_32.o(.rodata)
</UL>
<P><STRONG><a name="[ff]"></a>GUI_USAGE_BM_AddPixel</STRONG> (Thumb, 46 bytes, Stack size unknown bytes, GUIDEV_UsageBM.o(.text.GUI_USAGE_BM_AddPixel))
<BR>[Address Reference Count : 1]<UL><LI> GUIDEV_UsageBM.o(.rodata)
</UL>
<P><STRONG><a name="[103]"></a>GUI_USAGE_BM_GetNextDirty</STRONG> (Thumb, 196 bytes, Stack size unknown bytes, GUIDEV_UsageBM.o(.text.GUI_USAGE_BM_GetNextDirty))
<BR>[Address Reference Count : 1]<UL><LI> GUIDEV_UsageBM.o(.rodata)
</UL>
<P><STRONG><a name="[102]"></a>_GUI_USAGE_BM_Delete</STRONG> (Thumb, 4 bytes, Stack size unknown bytes, GUIDEV_UsageBM.o(.text._GUI_USAGE_BM_Delete))
<BR><BR>[Stack]<UL><LI>Max Depth = 152 + Unknown Stack Size
<LI>Call Chain = _GUI_USAGE_BM_Delete &rArr; GUI_ALLOC_Free &rArr; GUI_Lock &rArr; GUI_X_Lock &rArr; GUI_X_InitOS &rArr; xQueueCreateMutex &rArr; prvInitialiseMutex &rArr; xQueueGenericSend &rArr; prvUnlockQueue &rArr; xTaskRemoveFromEventList &rArr; __2printf
</UL>
<BR>[Calls]<UL><LI><a href="#[11e]">&gt;&gt;</a>&nbsp;&nbsp;&nbsp;GUI_ALLOC_Free
</UL>
<BR>[Address Reference Count : 1]<UL><LI> GUIDEV_UsageBM.o(.rodata)
</UL>
<P><STRONG><a name="[101]"></a>GUI_USAGE_BM_Clear</STRONG> (Thumb, 20 bytes, Stack size unknown bytes, GUIDEV_UsageBM.o(.text.GUI_USAGE_BM_Clear))
<BR><BR>[Stack]<UL><LI>Max Depth = 8 + Unknown Stack Size
<LI>Call Chain = GUI_USAGE_BM_Clear &rArr; memset
</UL>
<BR>[Calls]<UL><LI><a href="#[6]">&gt;&gt;</a>&nbsp;&nbsp;&nbsp;memset
</UL>
<BR>[Address Reference Count : 1]<UL><LI> GUIDEV_UsageBM.o(.rodata)
</UL>
<P><STRONG><a name="[100]"></a>GUI_USAGE_BM_AddHLine</STRONG> (Thumb, 114 bytes, Stack size unknown bytes, GUIDEV_UsageBM.o(.text.GUI_USAGE_BM_AddHLine))
<BR><BR>[Stack]<UL><LI>Max Depth = 8 + Unknown Stack Size
<LI>Call Chain = GUI_USAGE_BM_AddHLine &rArr; memset
</UL>
<BR>[Calls]<UL><LI><a href="#[6]">&gt;&gt;</a>&nbsp;&nbsp;&nbsp;memset
</UL>
<BR>[Address Reference Count : 1]<UL><LI> GUIDEV_UsageBM.o(.rodata)
</UL>
<P><STRONG><a name="[17a]"></a>_WriteToActiveAlpha</STRONG> (Thumb, 392 bytes, Stack size unknown bytes, GUIDEV_WriteToActiveAlpha.o(.text._WriteToActiveAlpha))
<BR><BR>[Stack]<UL><LI>Max Depth = 152 + Unknown Stack Size
<LI>Call Chain = _WriteToActiveAlpha &rArr; GUI_MEMDEV_GetDataPtr &rArr; GUI_Lock &rArr; GUI_X_Lock &rArr; GUI_X_InitOS &rArr; xQueueCreateMutex &rArr; prvInitialiseMutex &rArr; xQueueGenericSend &rArr; prvUnlockQueue &rArr; xTaskRemoveFromEventList &rArr; __2printf
</UL>
<BR>[Calls]<UL><LI><a href="#[154]">&gt;&gt;</a>&nbsp;&nbsp;&nbsp;GUI_ALLOC_UnlockH
<LI><a href="#[153]">&gt;&gt;</a>&nbsp;&nbsp;&nbsp;GUI_ALLOC_LockH
<LI><a href="#[113]">&gt;&gt;</a>&nbsp;&nbsp;&nbsp;LCD_DrawBitmap
<LI><a href="#[16f]">&gt;&gt;</a>&nbsp;&nbsp;&nbsp;GUI_MEMDEV_GetDataPtr
<LI><a href="#[198]">&gt;&gt;</a>&nbsp;&nbsp;&nbsp;GUI__AllocAlphaBuffer
<LI><a href="#[1f0]">&gt;&gt;</a>&nbsp;&nbsp;&nbsp;GUI__CompactPixelIndicesEx
<LI><a href="#[19e]">&gt;&gt;</a>&nbsp;&nbsp;&nbsp;GUI__DoAlphaBlending
</UL>
<BR>[Called By]<UL><LI><a href="#[8f]">&gt;&gt;</a>&nbsp;&nbsp;&nbsp;GUI_MEMDEV__WriteToActiveAlpha
</UL>

<P><STRONG><a name="[26e]"></a>_printf_core</STRONG> (Thumb, 748 bytes, Stack size 96 bytes, printf6.o(i._printf_core), UNUSED)
<BR><BR>[Calls]<UL><LI><a href="#[26f]">&gt;&gt;</a>&nbsp;&nbsp;&nbsp;_printf_pre_padding
<LI><a href="#[271]">&gt;&gt;</a>&nbsp;&nbsp;&nbsp;_printf_post_padding
<LI><a href="#[270]">&gt;&gt;</a>&nbsp;&nbsp;&nbsp;__aeabi_uidivmod
</UL>
<BR>[Called By]<UL><LI><a href="#[26d]">&gt;&gt;</a>&nbsp;&nbsp;&nbsp;__0printf$6
</UL>

<P><STRONG><a name="[271]"></a>_printf_post_padding</STRONG> (Thumb, 36 bytes, Stack size 24 bytes, printf6.o(i._printf_post_padding), UNUSED)
<BR><BR>[Called By]<UL><LI><a href="#[26e]">&gt;&gt;</a>&nbsp;&nbsp;&nbsp;_printf_core
</UL>

<P><STRONG><a name="[26f]"></a>_printf_pre_padding</STRONG> (Thumb, 46 bytes, Stack size 24 bytes, printf6.o(i._printf_pre_padding), UNUSED)
<BR><BR>[Called By]<UL><LI><a href="#[26e]">&gt;&gt;</a>&nbsp;&nbsp;&nbsp;_printf_core
</UL>
<P>
<H3>
Undefined Global Symbols
</H3><HR></body></html>
