<!doctype html public "-//w3c//dtd html 4.0 transitional//en">
<html><head>
<title>Static Call Graph - [..\..\Output\Fire_F407.axf]</title></head>
<body><HR>
<H1>Static Call Graph for image ..\..\Output\Fire_F407.axf</H1><HR>
<BR><P>#&#060CALLGRAPH&#062# ARM Linker, 5060960: Last Updated: Fri Feb 05 11:56:26 2021
<BR><P>
<H3>Maximum Stack Usage =        192 bytes + Unknown(Functions without stacksize, Cycles, Untraceable Function Pointers)</H3><H3>
Call chain for Maximum Stack Depth:</H3>
_SetSize &rArr; _InitOnce &rArr; GUI_ALLOC_GetFixedBlock &rArr; _EnlargeBlocks &rArr;  _Alloc (Cycle)
<P>
<H3>
Functions with no stack information
</H3><UL>
 <LI><a href="#[73]">BUTTON_Callback</a>
 <LI><a href="#[9b]">BUTTON_CreateIndirect</a>
 <LI><a href="#[2]">BUTTON_DrawSkinFlex</a>
 <LI><a href="#[fe]">BUTTON_SetFont</a>
 <LI><a href="#[ff]">BUTTON_SetText</a>
 <LI><a href="#[74]">CHECKBOX_Callback</a>
 <LI><a href="#[9c]">CHECKBOX_CreateIndirect</a>
 <LI><a href="#[4]">CHECKBOX_DrawSkinFlex</a>
 <LI><a href="#[109]">CHECKBOX_GetBkColor</a>
 <LI><a href="#[10c]">CHECKBOX_SetFont</a>
 <LI><a href="#[10d]">CHECKBOX_SetText</a>
 <LI><a href="#[3]">CHECKBOX__GetButtonSize</a>
 <LI><a href="#[75]">FRAMEWIN_Callback</a>
 <LI><a href="#[9a]">FRAMEWIN_CreateIndirect</a>
 <LI><a href="#[6]">FRAMEWIN_DrawSkinFlex</a>
 <LI><a href="#[119]">FRAMEWIN_GetActive</a>
 <LI><a href="#[11d]">FRAMEWIN_SetFont</a>
 <LI><a href="#[120]">FRAMEWIN_SetText</a>
 <LI><a href="#[121]">FRAMEWIN_SetTitleHeight</a>
 <LI><a href="#[113]">FRAMEWIN__CalcPositions</a>
 <LI><a href="#[126]">FRAMEWIN__CalcTitleHeight</a>
 <LI><a href="#[5]">FRAMEWIN__GetBorderSize</a>
 <LI><a href="#[125]">FRAMEWIN__GetTitleLimits</a>
 <LI><a href="#[11f]">FRAMEWIN__UpdateButtons</a>
 <LI><a href="#[11e]">FRAMEWIN__UpdatePositions</a>
 <LI><a href="#[130]">GL_SetDefault</a>
 <LI><a href="#[bb]">GUIMONO_DispChar</a>
 <LI><a href="#[bc]">GUIMONO_GetCharDistX</a>
 <LI><a href="#[bd]">GUIMONO_GetFontInfo</a>
 <LI><a href="#[be]">GUIMONO_IsInFont</a>
 <LI><a href="#[a4]">GUIPROP_DispChar</a>
 <LI><a href="#[a5]">GUIPROP_GetCharDistX</a>
 <LI><a href="#[a6]">GUIPROP_GetFontInfo</a>
 <LI><a href="#[a7]">GUIPROP_IsInFont</a>
 <LI><a href="#[137]">GUITASK_CopyContext</a>
 <LI><a href="#[139]">GUITASK_Init</a>
 <LI><a href="#[13c]">GUI_ALLOC_AllocNoInit</a>
 <LI><a href="#[13e]">GUI_ALLOC_AllocZero</a>
 <LI><a href="#[20d]">GUI_ALLOC_AssignMemory</a>
 <LI><a href="#[13f]">GUI_ALLOC_Free</a>
 <LI><a href="#[152]">GUI_ALLOC_FreeFixedBlock</a>
 <LI><a href="#[e5]">GUI_ALLOC_FreePtr</a>
 <LI><a href="#[e6]">GUI_ALLOC_FreePtrArray</a>
 <LI><a href="#[108]">GUI_ALLOC_GetFixedBlock</a>
 <LI><a href="#[1be]">GUI_ALLOC_GetSize</a>
 <LI><a href="#[156]">GUI_ALLOC_Lock</a>
 <LI><a href="#[e2]">GUI_ALLOC_LockH</a>
 <LI><a href="#[143]">GUI_ALLOC_RequestSize</a>
 <LI><a href="#[158]">GUI_ALLOC_Unlock</a>
 <LI><a href="#[e3]">GUI_ALLOC_UnlockH</a>
 <LI><a href="#[14e]">GUI_ALLOC_h2p</a>
 <LI><a href="#[200]">GUI_CalcColorDist</a>
 <LI><a href="#[10b]">GUI_Clear</a>
 <LI><a href="#[147]">GUI_CreateDialogBox</a>
 <LI><a href="#[14f]">GUI_DEVICE_Create</a>
 <LI><a href="#[150]">GUI_DEVICE_CreateAndLink</a>
 <LI><a href="#[151]">GUI_DEVICE_Delete</a>
 <LI><a href="#[17e]">GUI_DEVICE_Link</a>
 <LI><a href="#[177]">GUI_DEVICE_LinkDevices</a>
 <LI><a href="#[1c9]">GUI_DEVICE_Unlink</a>
 <LI><a href="#[176]">GUI_DEVICE_UnlinkTaskDevices</a>
 <LI><a href="#[184]">GUI_DEVICE__GetpDriver</a>
 <LI><a href="#[f8]">GUI_DRAW__Draw</a>
 <LI><a href="#[153]">GUI_Delay</a>
 <LI><a href="#[f6]">GUI_DispStringInRect</a>
 <LI><a href="#[102]">GUI_DrawBitmap</a>
 <LI><a href="#[107]">GUI_DrawFocusRect</a>
 <LI><a href="#[f1]">GUI_DrawGradientV</a>
 <LI><a href="#[fb]">GUI_DrawHLine</a>
 <LI><a href="#[11c]">GUI_DrawPixel</a>
 <LI><a href="#[f0]">GUI_DrawRect</a>
 <LI><a href="#[fc]">GUI_DrawVLine</a>
 <LI><a href="#[155]">GUI_Exec</a>
 <LI><a href="#[fd]">GUI_FillRect</a>
 <LI><a href="#[11b]">GUI_FillRectEx</a>
 <LI><a href="#[19c]">GUI_GetBitsPerPixelEx</a>
 <LI><a href="#[136]">GUI_GetBkColor</a>
 <LI><a href="#[162]">GUI_GetCharDistX</a>
 <LI><a href="#[163]">GUI_GetCharDistXEx</a>
 <LI><a href="#[f3]">GUI_GetClientRect</a>
 <LI><a href="#[135]">GUI_GetColor</a>
 <LI><a href="#[165]">GUI_GetFontDistY</a>
 <LI><a href="#[166]">GUI_GetOrg</a>
 <LI><a href="#[105]">GUI_GetStringDistX</a>
 <LI><a href="#[1b1]">GUI_GetVersionString</a>
 <LI><a href="#[106]">GUI_GetYSizeOfFont</a>
 <LI><a href="#[19e]">GUI_GetpfColor2IndexEx</a>
 <LI><a href="#[19d]">GUI_GetpfIndex2ColorEx</a>
 <LI><a href="#[144]">GUI_GotoXY</a>
 <LI><a href="#[169]">GUI_Init</a>
 <LI><a href="#[e9]">GUI_Lock</a>
 <LI><a href="#[178]">GUI_MEMDEV_Clear</a>
 <LI><a href="#[179]">GUI_MEMDEV_CopyToLCD</a>
 <LI><a href="#[182]">GUI_MEMDEV_CreateEx</a>
 <LI><a href="#[185]">GUI_MEMDEV_Delete</a>
 <LI><a href="#[187]">GUI_MEMDEV_Draw</a>
 <LI><a href="#[191]">GUI_MEMDEV_GetBitsPerPixel</a>
 <LI><a href="#[193]">GUI_MEMDEV_GetDataPtr</a>
 <LI><a href="#[18a]">GUI_MEMDEV_GetYSize</a>
 <LI><a href="#[82]">GUI_MEMDEV_Paint1Static</a>
 <LI><a href="#[18c]">GUI_MEMDEV_ReduceYSize</a>
 <LI><a href="#[18b]">GUI_MEMDEV_Select</a>
 <LI><a href="#[18d]">GUI_MEMDEV_SetOrg</a>
 <LI><a href="#[196]">GUI_MEMDEV_Write</a>
 <LI><a href="#[183]">GUI_MEMDEV__CreateFixed</a>
 <LI><a href="#[84]">GUI_MEMDEV__WriteToActiveAlpha</a>
 <LI><a href="#[199]">GUI_MEMDEV__WriteToActiveAt</a>
 <LI><a href="#[83]">GUI_MEMDEV__WriteToActiveOpaque</a>
 <LI><a href="#[1f3]">GUI_MergeRect</a>
 <LI><a href="#[f4]">GUI_MoveRect</a>
 <LI><a href="#[1a1]">GUI_PollKeyMsg</a>
 <LI><a href="#[1a3]">GUI_ReadRectEx</a>
 <LI><a href="#[1f5]">GUI_RectsIntersect</a>
 <LI><a href="#[1a5]">GUI_RestoreContext</a>
 <LI><a href="#[1a6]">GUI_SaveContext_W</a>
 <LI><a href="#[181]">GUI_SelectLCD</a>
 <LI><a href="#[17b]">GUI_SelectLayer</a>
 <LI><a href="#[10a]">GUI_SetBkColor</a>
 <LI><a href="#[ef]">GUI_SetColor</a>
 <LI><a href="#[15c]">GUI_SetDrawMode</a>
 <LI><a href="#[f2]">GUI_SetFont</a>
 <LI><a href="#[173]">GUI_SetOrg</a>
 <LI><a href="#[f5]">GUI_SetTextMode</a>
 <LI><a href="#[1a8]">GUI_SignalEvent</a>
 <LI><a href="#[e8]">GUI_StoreKey</a>
 <LI><a href="#[1a9]">GUI_TIMER_Delete</a>
 <LI><a href="#[1aa]">GUI_TIMER_GetFlag</a>
 <LI><a href="#[1ab]">GUI_TIMER__GetFirstTimer</a>
 <LI><a href="#[1ac]">GUI_TIMER__GetNextTimerLin</a>
 <LI><a href="#[1bc]">GUI_UC__GetCharCodeInc</a>
 <LI><a href="#[1b6]">GUI_UC__NumChars2NumBytes</a>
 <LI><a href="#[201]">GUI_USAGE_AddRect</a>
 <LI><a href="#[19a]">GUI_USAGE_BM_Create</a>
 <LI><a href="#[186]">GUI_USAGE_DecUseCnt</a>
 <LI><a href="#[eb]">GUI_Unlock</a>
 <LI><a href="#[1ae]">GUI__AllocAlphaBuffer</a>
 <LI><a href="#[194]">GUI__AlphaPreserveTrans</a>
 <LI><a href="#[19f]">GUI__CompactPixelIndices</a>
 <LI><a href="#[207]">GUI__CompactPixelIndicesEx</a>
 <LI><a href="#[16a]">GUI__Config</a>
 <LI><a href="#[1b4]">GUI__DispLine</a>
 <LI><a href="#[15b]">GUI__DispStringInRect</a>
 <LI><a href="#[1b9]">GUI__DoAlphaBlending</a>
 <LI><a href="#[11a]">GUI__DrawTwinArc2</a>
 <LI><a href="#[fa]">GUI__DrawTwinArc4</a>
 <LI><a href="#[1ba]">GUI__ExpandPixelIndicesEx</a>
 <LI><a href="#[168]">GUI__GetLineDistX</a>
 <LI><a href="#[1b8]">GUI__GetLineNumChars</a>
 <LI><a href="#[167]">GUI__GetNumChars</a>
 <LI><a href="#[1b7]">GUI__HandleEOLine</a>
 <LI><a href="#[1de]">GUI__IntersectRect</a>
 <LI><a href="#[15a]">GUI__IntersectRects</a>
 <LI><a href="#[1bd]">GUI__ManageCache</a>
 <LI><a href="#[11]">GUI__MixColors</a>
 <LI><a href="#[12]">GUI__MixColorsBulk</a>
 <LI><a href="#[15d]">GUI__ReduceRect</a>
 <LI><a href="#[13a]">GUI__RegisterExit</a>
 <LI><a href="#[ed]">GUI__SetText</a>
 <LI><a href="#[202]">GUI__memset16</a>
 <LI><a href="#[1bb]">GUI__sqrt32</a>
 <LI><a href="#[13]">LCD_AA_MixColors16</a>
 <LI><a href="#[1b0]">LCD_AA_SetOrMask</a>
 <LI><a href="#[1c5]">LCD_Color2Index</a>
 <LI><a href="#[133]">LCD_DrawBitmap</a>
 <LI><a href="#[a2]">LCD_DrawHLine</a>
 <LI><a href="#[a3]">LCD_DrawPixel</a>
 <LI><a href="#[15e]">LCD_DrawVLine</a>
 <LI><a href="#[134]">LCD_FillRect</a>
 <LI><a href="#[1c0]">LCD_GetBitsPerPixelEx</a>
 <LI><a href="#[160]">LCD_GetBkColorIndex</a>
 <LI><a href="#[164]">LCD_GetColorIndex</a>
 <LI><a href="#[1c1]">LCD_GetNumColors</a>
 <LI><a href="#[1c2]">LCD_GetNumColorsEx</a>
 <LI><a href="#[1c3]">LCD_GetNumLayers</a>
 <LI><a href="#[1c4]">LCD_GetPalette</a>
 <LI><a href="#[18f]">LCD_GetVXSizeEx</a>
 <LI><a href="#[1af]">LCD_GetVXSizeMax</a>
 <LI><a href="#[190]">LCD_GetVYSizeEx</a>
 <LI><a href="#[197]">LCD_GetXSize</a>
 <LI><a href="#[16e]">LCD_GetXSizeDisplay</a>
 <LI><a href="#[188]">LCD_GetXSizeEx</a>
 <LI><a href="#[170]">LCD_GetXSizeMax</a>
 <LI><a href="#[198]">LCD_GetYSize</a>
 <LI><a href="#[16f]">LCD_GetYSizeDisplay</a>
 <LI><a href="#[189]">LCD_GetYSizeEx</a>
 <LI><a href="#[171]">LCD_GetYSizeMax</a>
 <LI><a href="#[0]">LCD_GetpPalConvTableBM</a>
 <LI><a href="#[161]">LCD_Index2Color</a>
 <LI><a href="#[9e]">LCD_Index2Color_M565</a>
 <LI><a href="#[7b]">LCD_Index2Color_M888</a>
 <LI><a href="#[7a]">LCD_Index2Color_M8888I</a>
 <LI><a href="#[1c6]">LCD_InitColors</a>
 <LI><a href="#[1c7]">LCD_InitLUT</a>
 <LI><a href="#[1a7]">LCD_SelectLCD</a>
 <LI><a href="#[12e]">LCD_SetBkColor</a>
 <LI><a href="#[1ce]">LCD_SetBkColorIndex</a>
 <LI><a href="#[1ca]">LCD_SetClipRectEx</a>
 <LI><a href="#[180]">LCD_SetClipRectMax</a>
 <LI><a href="#[131]">LCD_SetColor</a>
 <LI><a href="#[1cd]">LCD_SetColorIndex</a>
 <LI><a href="#[172]">LCD_SetDisplaySize</a>
 <LI><a href="#[132]">LCD_SetDrawMode</a>
 <LI><a href="#[1c8]">LCD_SetLUTEntryEx</a>
 <LI><a href="#[1cb]">LCD_SetSizeEx</a>
 <LI><a href="#[1cc]">LCD_SetVSizeEx</a>
 <LI><a href="#[17f]">LCD_UpdateColorIndices</a>
 <LI><a href="#[1a0]">LCD__DrawBitmap_1bpp</a>
 <LI><a href="#[235]">LCD__GetBPP</a>
 <LI><a href="#[192]">LCD__GetBPPDevice</a>
 <LI><a href="#[e7]">WIDGET_AndState</a>
 <LI><a href="#[df]">WIDGET_HandleActive</a>
 <LI><a href="#[e1]">WIDGET_OrState</a>
 <LI><a href="#[ec]">WIDGET__Init</a>
 <LI><a href="#[17c]">WM_Activate</a>
 <LI><a href="#[1d1]">WM_BringToBottom</a>
 <LI><a href="#[111]">WM_BringToTop</a>
 <LI><a href="#[ea]">WM_CreateWindowAsChild</a>
 <LI><a href="#[17d]">WM_Deactivate</a>
 <LI><a href="#[e0]">WM_DefaultProc</a>
 <LI><a href="#[14a]">WM_DeleteWindow</a>
 <LI><a href="#[118]">WM_DisableMemdev</a>
 <LI><a href="#[15f]">WM_Exec</a>
 <LI><a href="#[1d6]">WM_ForEachDesc</a>
 <LI><a href="#[1e7]">WM_GetActiveWindow</a>
 <LI><a href="#[104]">WM_GetClientRect</a>
 <LI><a href="#[148]">WM_GetClientWindow</a>
 <LI><a href="#[14b]">WM_GetDesktopWindow</a>
 <LI><a href="#[1e2]">WM_GetDialogItem</a>
 <LI><a href="#[127]">WM_GetFirstChild</a>
 <LI><a href="#[14d]">WM_GetFocusedWindow</a>
 <LI><a href="#[103]">WM_GetHasTrans</a>
 <LI><a href="#[1e4]">WM_GetId</a>
 <LI><a href="#[128]">WM_GetNextSibling</a>
 <LI><a href="#[12d]">WM_GetParent</a>
 <LI><a href="#[195]">WM_GetWindowOrgX</a>
 <LI><a href="#[1e5]">WM_GetWindowRectEx</a>
 <LI><a href="#[1e6]">WM_GetWindowSizeX</a>
 <LI><a href="#[124]">WM_GetWindowSizeY</a>
 <LI><a href="#[100]">WM_HasCaptured</a>
 <LI><a href="#[116]">WM_HasFocus</a>
 <LI><a href="#[174]">WM_Init</a>
 <LI><a href="#[ee]">WM_InvalidateWindow</a>
 <LI><a href="#[1eb]">WM_InvalidateWindowAndDescs</a>
 <LI><a href="#[1ec]">WM_InvalidateWindowAndDescsEx</a>
 <LI><a href="#[1ed]">WM_IsFocusable</a>
 <LI><a href="#[115]">WM_IsWindow</a>
 <LI><a href="#[12b]">WM_MoveChildTo</a>
 <LI><a href="#[129]">WM_MoveWindow</a>
 <LI><a href="#[e4]">WM_NotifyParent</a>
 <LI><a href="#[1a2]">WM_OnKey</a>
 <LI><a href="#[12a]">WM_ResizeWindow</a>
 <LI><a href="#[1e1]">WM_SendMessage</a>
 <LI><a href="#[14c]">WM_SendMessageNoPara</a>
 <LI><a href="#[1d9]">WM_SendToParent</a>
 <LI><a href="#[101]">WM_SetCapture</a>
 <LI><a href="#[112]">WM_SetCaptureMove</a>
 <LI><a href="#[20b]">WM_SetCreateFlags</a>
 <LI><a href="#[10e]">WM_SetFocus</a>
 <LI><a href="#[117]">WM_SetFocusOnNextChild</a>
 <LI><a href="#[12f]">WM_SetFocusOnPrevChild</a>
 <LI><a href="#[f9]">WM_SetHasTrans</a>
 <LI><a href="#[12c]">WM_SetSize</a>
 <LI><a href="#[159]">WM_SetUserClipRect</a>
 <LI><a href="#[149]">WM_ShowWindow</a>
 <LI><a href="#[1f9]">WM_ValidateWindow</a>
 <LI><a href="#[1fa]">WM__ActivateClipRect</a>
 <LI><a href="#[1e8]">WM__AddCriticalHandle</a>
 <LI><a href="#[1db]">WM__DeleteAssocTimer</a>
 <LI><a href="#[1e0]">WM__ForEachDesc</a>
 <LI><a href="#[1d8]">WM__GetClientRectEx</a>
 <LI><a href="#[1d0]">WM__GetClientRectWin</a>
 <LI><a href="#[1f6]">WM__GetFocusedChild</a>
 <LI><a href="#[1f8]">WM__GetLastSibling</a>
 <LI><a href="#[146]">WM__GetNextIVR</a>
 <LI><a href="#[1d2]">WM__GetPrevSibling</a>
 <LI><a href="#[1f7]">WM__GetTopLevelLayer</a>
 <LI><a href="#[122]">WM__GetWindowSizeX</a>
 <LI><a href="#[123]">WM__GetWindowSizeY</a>
 <LI><a href="#[145]">WM__InitIVRSearch</a>
 <LI><a href="#[1d5]">WM__InsertWindowIntoList</a>
 <LI><a href="#[1ea]">WM__InvalidateDrawAndDescs</a>
 <LI><a href="#[1f1]">WM__InvalidateParent</a>
 <LI><a href="#[1dc]">WM__InvalidateRect</a>
 <LI><a href="#[1d3]">WM__InvalidateRectEx</a>
 <LI><a href="#[110]">WM__IsAncestor</a>
 <LI><a href="#[10f]">WM__IsAncestorOrSelf</a>
 <LI><a href="#[f7]">WM__IsEnabled</a>
 <LI><a href="#[1ee]">WM__IsWindow</a>
 <LI><a href="#[1ef]">WM__MoveWindow</a>
 <LI><a href="#[81]">WM__Paint1</a>
 <LI><a href="#[1d4]">WM__RemoveWindowFromList</a>
 <LI><a href="#[114]">WM__SendMessage</a>
 <LI><a href="#[18e]">WM__SendMessageNoPara</a>
 <LI><a href="#[1f4]">WM__SendMsgNoData</a>
 <LI><a href="#[1cf]">WM__UpdateChildPositions</a>
 <LI><a href="#[16d]">emWin_LCD_Init</a>
 <LI><a href="#[9d]">_Color2Index_M565</a>
 <LI><a href="#[9f]">_GetIndexMask_M565</a>
 <LI><a href="#[a0]">_Color2IndexBulk</a>
 <LI><a href="#[a1]">_Index2ColorBulk</a>
 <LI><a href="#[140]">_AddFreeMemory</a>
 <LI><a href="#[142]">_RemoveHoles</a>
 <LI><a href="#[141]">_EnlargeBlocks</a>
 <LI><a href="#[13d]">_Alloc</a>
 <LI><a href="#[16c]">_InitContext</a>
 <LI><a href="#[79]">_OnExit</a>
 <LI><a href="#[b2]">_GetDevData</a>
 <LI><a href="#[b0]">_GetDevFunc</a>
 <LI><a href="#[af]">_SetOrg</a>
 <LI><a href="#[b3]">_GetRect</a>
 <LI><a href="#[a8]">_DrawBitmap</a>
 <LI><a href="#[b1]">_GetDevProp</a>
 <LI><a href="#[ac]">_GetPixelIndex</a>
 <LI><a href="#[ad]">_SetPixelIndex</a>
 <LI><a href="#[ae]">_XorPixel</a>
 <LI><a href="#[ab]">_FillRect</a>
 <LI><a href="#[a9]">_DrawHLine</a>
 <LI><a href="#[aa]">_DrawVLine</a>
 <LI><a href="#[7f]">_OnExit</a>
 <LI><a href="#[204]">_Findy1</a>
 <LI><a href="#[203]">_Findx0</a>
 <LI><a href="#[1fc]">_Findx1</a>
 <LI><a href="#[1ff]">_Paint1Trans</a>
 <LI><a href="#[1fe]">_PaintTransChildren</a>
 <LI><a href="#[1fb]">_Findx0.constprop.10</a>
 <LI><a href="#[1fd]">_Findy1.constprop.11</a>
 <LI><a href="#[1df]">WM__PaintWinAndOverlays</a>
 <LI><a href="#[7e]">_cbPaintMemDev</a>
 <LI><a href="#[1e9]">_Invalidate1Abs</a>
 <LI><a href="#[1d7]">WM_InvalidateRect.part.2</a>
 <LI><a href="#[80]">_cbBackWin</a>
 <LI><a href="#[1da]">WM_DeleteWindow.part.3</a>
 <LI><a href="#[1dd]">_Exec1Input</a>
 <LI><a href="#[1f2]">WM_ResizeWindow.part.11</a>
 <LI><a href="#[205]">_GetDialogItem.part.4</a>
 <LI><a href="#[1e3]">_GetDialogItem</a>
 <LI><a href="#[1]">_OnTouchDefault</a>
 <LI><a href="#[76]">FRAMEWIN__cbClient</a>
 <LI><a href="#[77]">_OnExit</a>
 <LI><a href="#[b4]">_GetCharCode</a>
 <LI><a href="#[b5]">_GetCharSize</a>
 <LI><a href="#[b6]">_CalcSizeOfChar</a>
 <LI><a href="#[b7]">_Encode</a>
 <LI><a href="#[b9]">_SetBkColor</a>
 <LI><a href="#[b8]">_SetColor</a>
 <LI><a href="#[ba]">_SetDrawMode</a>
 <LI><a href="#[7c]">_OnExit</a>
 <LI><a href="#[17a]">GUI_MEMDEV_CopyToLCDAt.part.0</a>
 <LI><a href="#[7d]">_cbInvalidateOne</a>
 <LI><a href="#[1f0]">_MoveDescendents</a>
 <LI><a href="#[a]">_Create</a>
 <LI><a href="#[9]">_Paint</a>
 <LI><a href="#[c]">_Create</a>
 <LI><a href="#[b]">_Paint</a>
 <LI><a href="#[f]">_GetBorderSize</a>
 <LI><a href="#[e]">_Create</a>
 <LI><a href="#[d]">_Paint</a>
 <LI><a href="#[bf]">_Color2Index_M8888I</a>
 <LI><a href="#[c0]">_GetIndexMask_M8888I</a>
 <LI><a href="#[c1]">_Color2IndexBulk_M8888I</a>
 <LI><a href="#[c2]">_Index2ColorBulk_M8888I</a>
 <LI><a href="#[c5]">_GetIndexMask_0</a>
 <LI><a href="#[c4]">_Index2Color_0</a>
 <LI><a href="#[c3]">_Color2Index_0</a>
 <LI><a href="#[10]">_Log2VisBuffered</a>
 <LI><a href="#[1b5]">_DispLine</a>
 <LI><a href="#[78]">_OnExit</a>
 <LI><a href="#[d0]">_GetDevData</a>
 <LI><a href="#[ce]">_GetDevFunc</a>
 <LI><a href="#[cf]">_GetDevProp</a>
 <LI><a href="#[cd]">_SetOrg</a>
 <LI><a href="#[d1]">_GetRect</a>
 <LI><a href="#[c6]">_DrawBitmap</a>
 <LI><a href="#[ca]">_GetPixelIndex</a>
 <LI><a href="#[cb]">_SetPixelIndex</a>
 <LI><a href="#[cc]">_XorPixel</a>
 <LI><a href="#[c9]">_FillRect</a>
 <LI><a href="#[c7]">_DrawHLine</a>
 <LI><a href="#[c8]">_DrawVLine</a>
 <LI><a href="#[d2]">GUI_USAGE_BM_AddPixel</a>
 <LI><a href="#[d6]">GUI_USAGE_BM_GetNextDirty</a>
 <LI><a href="#[d5]">_GUI_USAGE_BM_Delete</a>
 <LI><a href="#[d4]">GUI_USAGE_BM_Clear</a>
 <LI><a href="#[d3]">GUI_USAGE_BM_AddHLine</a>
 <LI><a href="#[da]">_DrawDownRect</a>
 <LI><a href="#[d7]">_DrawUp</a>
 <LI><a href="#[d8]">_DrawUpRect</a>
 <LI><a href="#[d9]">_DrawDown</a>
 <LI><a href="#[1a4]">LCD_ReadRectEx</a>
 <LI><a href="#[19b]">_WriteToActiveAlpha</a>
</UL>
</UL>
<P>
<H3>
Mutually Recursive functions
</H3> <LI><a href="#[30]">ADC_IRQHandler</a>&nbsp;&nbsp;&nbsp;&rArr;&nbsp;&nbsp;&nbsp;<a href="#[30]">ADC_IRQHandler</a><BR>
 <LI><a href="#[1d9]">WM_SendToParent</a>&nbsp;&nbsp;&nbsp;&rArr;&nbsp;&nbsp;&nbsp;<a href="#[114]">WM__SendMessage</a><BR>
 <LI><a href="#[1dc]">WM__InvalidateRect</a>&nbsp;&nbsp;&nbsp;&rArr;&nbsp;&nbsp;&nbsp;<a href="#[1dc]">WM__InvalidateRect</a><BR>
 <LI><a href="#[1ec]">WM_InvalidateWindowAndDescsEx</a>&nbsp;&nbsp;&nbsp;&rArr;&nbsp;&nbsp;&nbsp;<a href="#[1ec]">WM_InvalidateWindowAndDescsEx</a><BR>
 <LI><a href="#[1ea]">WM__InvalidateDrawAndDescs</a>&nbsp;&nbsp;&nbsp;&rArr;&nbsp;&nbsp;&nbsp;<a href="#[1ea]">WM__InvalidateDrawAndDescs</a><BR>
 <LI><a href="#[1e0]">WM__ForEachDesc</a>&nbsp;&nbsp;&nbsp;&rArr;&nbsp;&nbsp;&nbsp;<a href="#[1e0]">WM__ForEachDesc</a><BR>
 <LI><a href="#[1f2]">WM_ResizeWindow.part.11</a>&nbsp;&nbsp;&nbsp;&rArr;&nbsp;&nbsp;&nbsp;<a href="#[1cf]">WM__UpdateChildPositions</a><BR>
 <LI><a href="#[1f0]">_MoveDescendents</a>&nbsp;&nbsp;&nbsp;&rArr;&nbsp;&nbsp;&nbsp;<a href="#[1f0]">_MoveDescendents</a><BR>
 <LI><a href="#[141]">_EnlargeBlocks</a>&nbsp;&nbsp;&nbsp;&rArr;&nbsp;&nbsp;&nbsp;<a href="#[13d]">_Alloc</a><BR>
 <LI><a href="#[204]">_Findy1</a>&nbsp;&nbsp;&nbsp;&rArr;&nbsp;&nbsp;&nbsp;<a href="#[204]">_Findy1</a><BR>
 <LI><a href="#[203]">_Findx0</a>&nbsp;&nbsp;&nbsp;&rArr;&nbsp;&nbsp;&nbsp;<a href="#[203]">_Findx0</a><BR>
 <LI><a href="#[1fc]">_Findx1</a>&nbsp;&nbsp;&nbsp;&rArr;&nbsp;&nbsp;&nbsp;<a href="#[1fc]">_Findx1</a><BR>
 <LI><a href="#[18]">BusFault_Handler</a>&nbsp;&nbsp;&nbsp;&rArr;&nbsp;&nbsp;&nbsp;<a href="#[18]">BusFault_Handler</a><BR>
 <LI><a href="#[16]">HardFault_Handler</a>&nbsp;&nbsp;&nbsp;&rArr;&nbsp;&nbsp;&nbsp;<a href="#[16]">HardFault_Handler</a><BR>
 <LI><a href="#[17]">MemManage_Handler</a>&nbsp;&nbsp;&nbsp;&rArr;&nbsp;&nbsp;&nbsp;<a href="#[17]">MemManage_Handler</a><BR>
 <LI><a href="#[19]">UsageFault_Handler</a>&nbsp;&nbsp;&nbsp;&rArr;&nbsp;&nbsp;&nbsp;<a href="#[19]">UsageFault_Handler</a><BR>
 <LI><a href="#[1da]">WM_DeleteWindow.part.3</a>&nbsp;&nbsp;&nbsp;&rArr;&nbsp;&nbsp;&nbsp;<a href="#[1da]">WM_DeleteWindow.part.3</a><BR>
 <LI><a href="#[1fe]">_PaintTransChildren</a>&nbsp;&nbsp;&nbsp;&rArr;&nbsp;&nbsp;&nbsp;<a href="#[1fe]">_PaintTransChildren</a><BR>
 <LI><a href="#[1eb]">WM_InvalidateWindowAndDescs</a>&nbsp;&nbsp;&nbsp;&rArr;&nbsp;&nbsp;&nbsp;<a href="#[1eb]">WM_InvalidateWindowAndDescs</a><BR>
 <LI><a href="#[218]">SPI_WriteByte</a>&nbsp;&nbsp;&nbsp;&rArr;&nbsp;&nbsp;&nbsp;<a href="#[218]">SPI_WriteByte</a><BR>
 <LI><a href="#[205]">_GetDialogItem.part.4</a>&nbsp;&nbsp;&nbsp;&rArr;&nbsp;&nbsp;&nbsp;<a href="#[205]">_GetDialogItem.part.4</a><BR>
</UL>
<P>
<H3>
Function Pointers
</H3><UL>
 <LI><a href="#[30]">ADC_IRQHandler</a> from startup_stm32f40xx.o(.text) referenced from startup_stm32f40xx.o(RESET)
 <LI><a href="#[73]">BUTTON_Callback</a> from BUTTON.o(.text.BUTTON_Callback) referenced from BUTTON.o(.text.BUTTON_CreateIndirect)
 <LI><a href="#[9b]">BUTTON_CreateIndirect</a> from BUTTON.o(.text.BUTTON_CreateIndirect) referenced from maintask.o(.constdata)
 <LI><a href="#[2]">BUTTON_DrawSkinFlex</a> from BUTTON_SkinFlex.o(.text.BUTTON_DrawSkinFlex) referenced 2 times from BUTTON.o(.data)
 <LI><a href="#[18]">BusFault_Handler</a> from stm32f4xx_it.o(i.BusFault_Handler) referenced from startup_stm32f40xx.o(RESET)
 <LI><a href="#[32]">CAN1_RX0_IRQHandler</a> from startup_stm32f40xx.o(.text) referenced from startup_stm32f40xx.o(RESET)
 <LI><a href="#[33]">CAN1_RX1_IRQHandler</a> from startup_stm32f40xx.o(.text) referenced from startup_stm32f40xx.o(RESET)
 <LI><a href="#[34]">CAN1_SCE_IRQHandler</a> from startup_stm32f40xx.o(.text) referenced from startup_stm32f40xx.o(RESET)
 <LI><a href="#[31]">CAN1_TX_IRQHandler</a> from startup_stm32f40xx.o(.text) referenced from startup_stm32f40xx.o(RESET)
 <LI><a href="#[5e]">CAN2_RX0_IRQHandler</a> from startup_stm32f40xx.o(.text) referenced from startup_stm32f40xx.o(RESET)
 <LI><a href="#[5f]">CAN2_RX1_IRQHandler</a> from startup_stm32f40xx.o(.text) referenced from startup_stm32f40xx.o(RESET)
 <LI><a href="#[60]">CAN2_SCE_IRQHandler</a> from startup_stm32f40xx.o(.text) referenced from startup_stm32f40xx.o(RESET)
 <LI><a href="#[5d]">CAN2_TX_IRQHandler</a> from startup_stm32f40xx.o(.text) referenced from startup_stm32f40xx.o(RESET)
 <LI><a href="#[74]">CHECKBOX_Callback</a> from CHECKBOX.o(.text.CHECKBOX_Callback) referenced from CHECKBOX.o(.text.CHECKBOX_CreateIndirect)
 <LI><a href="#[9c]">CHECKBOX_CreateIndirect</a> from CHECKBOX.o(.text.CHECKBOX_CreateIndirect) referenced from maintask.o(.constdata)
 <LI><a href="#[4]">CHECKBOX_DrawSkinFlex</a> from CHECKBOX_SkinFlex.o(.text.CHECKBOX_DrawSkinFlex) referenced 2 times from CHECKBOX.o(.data)
 <LI><a href="#[3]">CHECKBOX__GetButtonSize</a> from CHECKBOX.o(.text.CHECKBOX__GetButtonSize) referenced 2 times from CHECKBOX.o(.data)
 <LI><a href="#[6d]">CRYP_IRQHandler</a> from startup_stm32f40xx.o(.text) referenced from startup_stm32f40xx.o(RESET)
 <LI><a href="#[6c]">DCMI_IRQHandler</a> from startup_stm32f40xx.o(.text) referenced from startup_stm32f40xx.o(RESET)
 <LI><a href="#[29]">DMA1_Stream0_IRQHandler</a> from startup_stm32f40xx.o(.text) referenced from startup_stm32f40xx.o(RESET)
 <LI><a href="#[2a]">DMA1_Stream1_IRQHandler</a> from startup_stm32f40xx.o(.text) referenced from startup_stm32f40xx.o(RESET)
 <LI><a href="#[2b]">DMA1_Stream2_IRQHandler</a> from startup_stm32f40xx.o(.text) referenced from startup_stm32f40xx.o(RESET)
 <LI><a href="#[2c]">DMA1_Stream3_IRQHandler</a> from startup_stm32f40xx.o(.text) referenced from startup_stm32f40xx.o(RESET)
 <LI><a href="#[2d]">DMA1_Stream4_IRQHandler</a> from startup_stm32f40xx.o(.text) referenced from startup_stm32f40xx.o(RESET)
 <LI><a href="#[2e]">DMA1_Stream5_IRQHandler</a> from startup_stm32f40xx.o(.text) referenced from startup_stm32f40xx.o(RESET)
 <LI><a href="#[2f]">DMA1_Stream6_IRQHandler</a> from startup_stm32f40xx.o(.text) referenced from startup_stm32f40xx.o(RESET)
 <LI><a href="#[4d]">DMA1_Stream7_IRQHandler</a> from startup_stm32f40xx.o(.text) referenced from startup_stm32f40xx.o(RESET)
 <LI><a href="#[56]">DMA2_Stream0_IRQHandler</a> from startup_stm32f40xx.o(.text) referenced from startup_stm32f40xx.o(RESET)
 <LI><a href="#[57]">DMA2_Stream1_IRQHandler</a> from startup_stm32f40xx.o(.text) referenced from startup_stm32f40xx.o(RESET)
 <LI><a href="#[58]">DMA2_Stream2_IRQHandler</a> from startup_stm32f40xx.o(.text) referenced from startup_stm32f40xx.o(RESET)
 <LI><a href="#[59]">DMA2_Stream3_IRQHandler</a> from startup_stm32f40xx.o(.text) referenced from startup_stm32f40xx.o(RESET)
 <LI><a href="#[5a]">DMA2_Stream4_IRQHandler</a> from startup_stm32f40xx.o(.text) referenced from startup_stm32f40xx.o(RESET)
 <LI><a href="#[62]">DMA2_Stream5_IRQHandler</a> from startup_stm32f40xx.o(.text) referenced from startup_stm32f40xx.o(RESET)
 <LI><a href="#[63]">DMA2_Stream6_IRQHandler</a> from startup_stm32f40xx.o(.text) referenced from startup_stm32f40xx.o(RESET)
 <LI><a href="#[64]">DMA2_Stream7_IRQHandler</a> from startup_stm32f40xx.o(.text) referenced from startup_stm32f40xx.o(RESET)
 <LI><a href="#[1b]">DebugMon_Handler</a> from stm32f4xx_it.o(i.DebugMon_Handler) referenced from startup_stm32f40xx.o(RESET)
 <LI><a href="#[5b]">ETH_IRQHandler</a> from startup_stm32f40xx.o(.text) referenced from startup_stm32f40xx.o(RESET)
 <LI><a href="#[5c]">ETH_WKUP_IRQHandler</a> from startup_stm32f40xx.o(.text) referenced from startup_stm32f40xx.o(RESET)
 <LI><a href="#[24]">EXTI0_IRQHandler</a> from startup_stm32f40xx.o(.text) referenced from startup_stm32f40xx.o(RESET)
 <LI><a href="#[46]">EXTI15_10_IRQHandler</a> from startup_stm32f40xx.o(.text) referenced from startup_stm32f40xx.o(RESET)
 <LI><a href="#[25]">EXTI1_IRQHandler</a> from startup_stm32f40xx.o(.text) referenced from startup_stm32f40xx.o(RESET)
 <LI><a href="#[26]">EXTI2_IRQHandler</a> from startup_stm32f40xx.o(.text) referenced from startup_stm32f40xx.o(RESET)
 <LI><a href="#[27]">EXTI3_IRQHandler</a> from startup_stm32f40xx.o(.text) referenced from startup_stm32f40xx.o(RESET)
 <LI><a href="#[28]">EXTI4_IRQHandler</a> from startup_stm32f40xx.o(.text) referenced from startup_stm32f40xx.o(RESET)
 <LI><a href="#[35]">EXTI9_5_IRQHandler</a> from startup_stm32f40xx.o(.text) referenced from startup_stm32f40xx.o(RESET)
 <LI><a href="#[22]">FLASH_IRQHandler</a> from startup_stm32f40xx.o(.text) referenced from startup_stm32f40xx.o(RESET)
 <LI><a href="#[6f]">FPU_IRQHandler</a> from startup_stm32f40xx.o(.text) referenced from startup_stm32f40xx.o(RESET)
 <LI><a href="#[75]">FRAMEWIN_Callback</a> from FRAMEWIN.o(.text.FRAMEWIN_Callback) referenced from FRAMEWIN.o(.text.FRAMEWIN_CreateIndirect)
 <LI><a href="#[9a]">FRAMEWIN_CreateIndirect</a> from FRAMEWIN.o(.text.FRAMEWIN_CreateIndirect) referenced from maintask.o(.constdata)
 <LI><a href="#[6]">FRAMEWIN_DrawSkinFlex</a> from FRAMEWIN_SkinFlex.o(.text.FRAMEWIN_DrawSkinFlex) referenced 4 times from FRAMEWIN.o(.data)
 <LI><a href="#[5]">FRAMEWIN__GetBorderSize</a> from FRAMEWIN.o(.text.FRAMEWIN__GetBorderSize) referenced 2 times from FRAMEWIN.o(.data)
 <LI><a href="#[76]">FRAMEWIN__cbClient</a> from FRAMEWIN.o(.text.FRAMEWIN__cbClient) referenced from FRAMEWIN.o(.text.FRAMEWIN_CreateIndirect)
 <LI><a href="#[4e]">FSMC_IRQHandler</a> from startup_stm32f40xx.o(.text) referenced from startup_stm32f40xx.o(RESET)
 <LI><a href="#[bb]">GUIMONO_DispChar</a> from GUI_CharM.o(.text.GUIMONO_DispChar) referenced 2 times from F6x8.o(.rodata)
 <LI><a href="#[bc]">GUIMONO_GetCharDistX</a> from GUI_CharM.o(.text.GUIMONO_GetCharDistX) referenced 2 times from F6x8.o(.rodata)
 <LI><a href="#[bd]">GUIMONO_GetFontInfo</a> from GUI_CharM.o(.text.GUIMONO_GetFontInfo) referenced 2 times from F6x8.o(.rodata)
 <LI><a href="#[be]">GUIMONO_IsInFont</a> from GUI_CharM.o(.text.GUIMONO_IsInFont) referenced 2 times from F6x8.o(.rodata)
 <LI><a href="#[a4]">GUIPROP_DispChar</a> from GUI_CharP.o(.text.GUIPROP_DispChar) referenced 3 times from F16_ASCII.o(.rodata)
 <LI><a href="#[a5]">GUIPROP_GetCharDistX</a> from GUI_CharP.o(.text.GUIPROP_GetCharDistX) referenced 3 times from F16_ASCII.o(.rodata)
 <LI><a href="#[a6]">GUIPROP_GetFontInfo</a> from GUI_CharP.o(.text.GUIPROP_GetFontInfo) referenced 3 times from F16_ASCII.o(.rodata)
 <LI><a href="#[a7]">GUIPROP_IsInFont</a> from GUI_CharP.o(.text.GUIPROP_IsInFont) referenced 3 times from F16_ASCII.o(.rodata)
 <LI><a href="#[82]">GUI_MEMDEV_Paint1Static</a> from GUIDEV_StaticDevices.o(.text.GUI_MEMDEV_Paint1Static) referenced from WM.o(.text.WM__PaintWinAndOverlays)
 <LI><a href="#[82]">GUI_MEMDEV_Paint1Static</a> from GUIDEV_StaticDevices.o(.text.GUI_MEMDEV_Paint1Static) referenced from WM.o(.text._Paint1Trans)
 <LI><a href="#[84]">GUI_MEMDEV__WriteToActiveAlpha</a> from GUIDEV_WriteToActiveAlpha.o(.text.GUI_MEMDEV__WriteToActiveAlpha) referenced from GUIDEV_32.o(.text._GetDevFunc)
 <LI><a href="#[83]">GUI_MEMDEV__WriteToActiveOpaque</a> from GUIDEV_WriteToActiveOpaque.o(.text.GUI_MEMDEV__WriteToActiveOpaque) referenced from GUIDEV_16.o(.text._GetDevFunc)
 <LI><a href="#[d3]">GUI_USAGE_BM_AddHLine</a> from GUIDEV_UsageBM.o(.text.GUI_USAGE_BM_AddHLine) referenced from GUIDEV_UsageBM.o(.rodata)
 <LI><a href="#[d2]">GUI_USAGE_BM_AddPixel</a> from GUIDEV_UsageBM.o(.text.GUI_USAGE_BM_AddPixel) referenced from GUIDEV_UsageBM.o(.rodata)
 <LI><a href="#[d4]">GUI_USAGE_BM_Clear</a> from GUIDEV_UsageBM.o(.text.GUI_USAGE_BM_Clear) referenced from GUIDEV_UsageBM.o(.rodata)
 <LI><a href="#[d6]">GUI_USAGE_BM_GetNextDirty</a> from GUIDEV_UsageBM.o(.text.GUI_USAGE_BM_GetNextDirty) referenced from GUIDEV_UsageBM.o(.rodata)
 <LI><a href="#[11]">GUI__MixColors</a> from GUI__Alpha.o(.text.GUI__MixColors) referenced 2 times from GUI__Alpha.o(.data)
 <LI><a href="#[12]">GUI__MixColorsBulk</a> from GUI__Alpha.o(.text.GUI__MixColorsBulk) referenced 2 times from GUI__Alpha.o(.data)
 <LI><a href="#[6e]">HASH_RNG_IRQHandler</a> from startup_stm32f40xx.o(.text) referenced from startup_stm32f40xx.o(RESET)
 <LI><a href="#[16]">HardFault_Handler</a> from stm32f4xx_it.o(i.HardFault_Handler) referenced from startup_stm32f40xx.o(RESET)
 <LI><a href="#[3e]">I2C1_ER_IRQHandler</a> from startup_stm32f40xx.o(.text) referenced from startup_stm32f40xx.o(RESET)
 <LI><a href="#[3d]">I2C1_EV_IRQHandler</a> from startup_stm32f40xx.o(.text) referenced from startup_stm32f40xx.o(RESET)
 <LI><a href="#[40]">I2C2_ER_IRQHandler</a> from startup_stm32f40xx.o(.text) referenced from startup_stm32f40xx.o(RESET)
 <LI><a href="#[3f]">I2C2_EV_IRQHandler</a> from startup_stm32f40xx.o(.text) referenced from startup_stm32f40xx.o(RESET)
 <LI><a href="#[67]">I2C3_ER_IRQHandler</a> from startup_stm32f40xx.o(.text) referenced from startup_stm32f40xx.o(RESET)
 <LI><a href="#[66]">I2C3_EV_IRQHandler</a> from startup_stm32f40xx.o(.text) referenced from startup_stm32f40xx.o(RESET)
 <LI><a href="#[13]">LCD_AA_MixColors16</a> from LCD_AA.o(.text.LCD_AA_MixColors16) referenced 2 times from LCD_AA.o(.data)
 <LI><a href="#[a2]">LCD_DrawHLine</a> from LCD.o(.text.LCD_DrawHLine) referenced from GUI_Core.o(.rodata)
 <LI><a href="#[a3]">LCD_DrawPixel</a> from LCD.o(.text.LCD_DrawPixel) referenced from GUI_Core.o(.rodata)
 <LI><a href="#[0]">LCD_GetpPalConvTableBM</a> from LCD_Color.o(.text.LCD_GetpPalConvTableBM) referenced 2 times from GUI_Core.o(.data)
 <LI><a href="#[9e]">LCD_Index2Color_M565</a> from GUICC_M565.o(.text.LCD_Index2Color_M565) referenced from GUICC_M565.o(.rodata)
 <LI><a href="#[7b]">LCD_Index2Color_M888</a> from GUICC_M888_Index2Color.o(.text.LCD_Index2Color_M888) referenced from GUI__Alpha.o(.text.GUI__DoAlphaBlending)
 <LI><a href="#[7a]">LCD_Index2Color_M8888I</a> from GUICC_M8888I_Index2Color.o(.text.LCD_Index2Color_M8888I) referenced from GUICC_M8888I.o(.rodata)
 <LI><a href="#[7a]">LCD_Index2Color_M8888I</a> from GUICC_M8888I_Index2Color.o(.text.LCD_Index2Color_M8888I) referenced from GUI__Alpha.o(.text.GUI__DoAlphaBlending)
 <LI><a href="#[7a]">LCD_Index2Color_M8888I</a> from GUICC_M8888I_Index2Color.o(.text.LCD_Index2Color_M8888I) referenced from GUIDEV_WriteToActiveAlpha.o(.text._WriteToActiveAlpha)
 <LI><a href="#[17]">MemManage_Handler</a> from stm32f4xx_it.o(i.MemManage_Handler) referenced from startup_stm32f40xx.o(RESET)
 <LI><a href="#[15]">NMI_Handler</a> from stm32f4xx_it.o(i.NMI_Handler) referenced from startup_stm32f40xx.o(RESET)
 <LI><a href="#[61]">OTG_FS_IRQHandler</a> from startup_stm32f40xx.o(.text) referenced from startup_stm32f40xx.o(RESET)
 <LI><a href="#[48]">OTG_FS_WKUP_IRQHandler</a> from startup_stm32f40xx.o(.text) referenced from startup_stm32f40xx.o(RESET)
 <LI><a href="#[69]">OTG_HS_EP1_IN_IRQHandler</a> from startup_stm32f40xx.o(.text) referenced from startup_stm32f40xx.o(RESET)
 <LI><a href="#[68]">OTG_HS_EP1_OUT_IRQHandler</a> from startup_stm32f40xx.o(.text) referenced from startup_stm32f40xx.o(RESET)
 <LI><a href="#[6b]">OTG_HS_IRQHandler</a> from startup_stm32f40xx.o(.text) referenced from startup_stm32f40xx.o(RESET)
 <LI><a href="#[6a]">OTG_HS_WKUP_IRQHandler</a> from startup_stm32f40xx.o(.text) referenced from startup_stm32f40xx.o(RESET)
 <LI><a href="#[1f]">PVD_IRQHandler</a> from startup_stm32f40xx.o(.text) referenced from startup_stm32f40xx.o(RESET)
 <LI><a href="#[1c]">PendSV_Handler</a> from port.o(.emb_text) referenced from startup_stm32f40xx.o(RESET)
 <LI><a href="#[23]">RCC_IRQHandler</a> from startup_stm32f40xx.o(.text) referenced from startup_stm32f40xx.o(RESET)
 <LI><a href="#[47]">RTC_Alarm_IRQHandler</a> from startup_stm32f40xx.o(.text) referenced from startup_stm32f40xx.o(RESET)
 <LI><a href="#[21]">RTC_WKUP_IRQHandler</a> from startup_stm32f40xx.o(.text) referenced from startup_stm32f40xx.o(RESET)
 <LI><a href="#[14]">Reset_Handler</a> from startup_stm32f40xx.o(.text) referenced from startup_stm32f40xx.o(RESET)
 <LI><a href="#[4f]">SDIO_IRQHandler</a> from startup_stm32f40xx.o(.text) referenced from startup_stm32f40xx.o(RESET)
 <LI><a href="#[41]">SPI1_IRQHandler</a> from startup_stm32f40xx.o(.text) referenced from startup_stm32f40xx.o(RESET)
 <LI><a href="#[42]">SPI2_IRQHandler</a> from startup_stm32f40xx.o(.text) referenced from startup_stm32f40xx.o(RESET)
 <LI><a href="#[51]">SPI3_IRQHandler</a> from startup_stm32f40xx.o(.text) referenced from startup_stm32f40xx.o(RESET)
 <LI><a href="#[1a]">SVC_Handler</a> from port.o(.emb_text) referenced from startup_stm32f40xx.o(RESET)
 <LI><a href="#[1d]">SysTick_Handler</a> from stm32f4xx_it.o(i.SysTick_Handler) referenced from startup_stm32f40xx.o(RESET)
 <LI><a href="#[71]">SystemInit</a> from system_stm32f4xx.o(i.SystemInit) referenced from startup_stm32f40xx.o(.text)
 <LI><a href="#[20]">TAMP_STAMP_IRQHandler</a> from startup_stm32f40xx.o(.text) referenced from startup_stm32f40xx.o(RESET)
 <LI><a href="#[36]">TIM1_BRK_TIM9_IRQHandler</a> from startup_stm32f40xx.o(.text) referenced from startup_stm32f40xx.o(RESET)
 <LI><a href="#[39]">TIM1_CC_IRQHandler</a> from startup_stm32f40xx.o(.text) referenced from startup_stm32f40xx.o(RESET)
 <LI><a href="#[38]">TIM1_TRG_COM_TIM11_IRQHandler</a> from startup_stm32f40xx.o(.text) referenced from startup_stm32f40xx.o(RESET)
 <LI><a href="#[37]">TIM1_UP_TIM10_IRQHandler</a> from startup_stm32f40xx.o(.text) referenced from startup_stm32f40xx.o(RESET)
 <LI><a href="#[3a]">TIM2_IRQHandler</a> from startup_stm32f40xx.o(.text) referenced from startup_stm32f40xx.o(RESET)
 <LI><a href="#[3b]">TIM3_IRQHandler</a> from startup_stm32f40xx.o(.text) referenced from startup_stm32f40xx.o(RESET)
 <LI><a href="#[3c]">TIM4_IRQHandler</a> from startup_stm32f40xx.o(.text) referenced from startup_stm32f40xx.o(RESET)
 <LI><a href="#[50]">TIM5_IRQHandler</a> from startup_stm32f40xx.o(.text) referenced from startup_stm32f40xx.o(RESET)
 <LI><a href="#[54]">TIM6_DAC_IRQHandler</a> from startup_stm32f40xx.o(.text) referenced from startup_stm32f40xx.o(RESET)
 <LI><a href="#[55]">TIM7_IRQHandler</a> from startup_stm32f40xx.o(.text) referenced from startup_stm32f40xx.o(RESET)
 <LI><a href="#[49]">TIM8_BRK_TIM12_IRQHandler</a> from startup_stm32f40xx.o(.text) referenced from startup_stm32f40xx.o(RESET)
 <LI><a href="#[4c]">TIM8_CC_IRQHandler</a> from startup_stm32f40xx.o(.text) referenced from startup_stm32f40xx.o(RESET)
 <LI><a href="#[4b]">TIM8_TRG_COM_TIM14_IRQHandler</a> from startup_stm32f40xx.o(.text) referenced from startup_stm32f40xx.o(RESET)
 <LI><a href="#[4a]">TIM8_UP_TIM13_IRQHandler</a> from startup_stm32f40xx.o(.text) referenced from startup_stm32f40xx.o(RESET)
 <LI><a href="#[52]">UART4_IRQHandler</a> from startup_stm32f40xx.o(.text) referenced from startup_stm32f40xx.o(RESET)
 <LI><a href="#[53]">UART5_IRQHandler</a> from startup_stm32f40xx.o(.text) referenced from startup_stm32f40xx.o(RESET)
 <LI><a href="#[43]">USART1_IRQHandler</a> from startup_stm32f40xx.o(.text) referenced from startup_stm32f40xx.o(RESET)
 <LI><a href="#[44]">USART2_IRQHandler</a> from startup_stm32f40xx.o(.text) referenced from startup_stm32f40xx.o(RESET)
 <LI><a href="#[45]">USART3_IRQHandler</a> from startup_stm32f40xx.o(.text) referenced from startup_stm32f40xx.o(RESET)
 <LI><a href="#[65]">USART6_IRQHandler</a> from startup_stm32f40xx.o(.text) referenced from startup_stm32f40xx.o(RESET)
 <LI><a href="#[19]">UsageFault_Handler</a> from stm32f4xx_it.o(i.UsageFault_Handler) referenced from startup_stm32f40xx.o(RESET)
 <LI><a href="#[81]">WM__Paint1</a> from WM.o(.text.WM__Paint1) referenced from WM.o(.text.WM__PaintWinAndOverlays)
 <LI><a href="#[81]">WM__Paint1</a> from WM.o(.text.WM__Paint1) referenced from WM.o(.text._Paint1Trans)
 <LI><a href="#[1e]">WWDG_IRQHandler</a> from startup_stm32f40xx.o(.text) referenced from startup_stm32f40xx.o(RESET)
 <LI><a href="#[b6]">_CalcSizeOfChar</a> from GUI_UC_EncodeNone.o(.text._CalcSizeOfChar) referenced from GUI_UC_EncodeNone.o(.rodata)
 <LI><a href="#[a0]">_Color2IndexBulk</a> from GUICC_M565.o(.text._Color2IndexBulk) referenced from GUICC_M565.o(.rodata)
 <LI><a href="#[c1]">_Color2IndexBulk_M8888I</a> from GUICC_M8888I.o(.text._Color2IndexBulk_M8888I) referenced from GUICC_M8888I.o(.rodata)
 <LI><a href="#[c3]">_Color2Index_0</a> from GUICC_0.o(.text._Color2Index_0) referenced from GUICC_0.o(.rodata)
 <LI><a href="#[9d]">_Color2Index_M565</a> from GUICC_M565.o(.text._Color2Index_M565) referenced from GUICC_M565.o(.rodata)
 <LI><a href="#[bf]">_Color2Index_M8888I</a> from GUICC_M8888I.o(.text._Color2Index_M8888I) referenced from GUICC_M8888I.o(.rodata)
 <LI><a href="#[a]">_Create</a> from BUTTON_Skin.o(.text._Create) referenced 6 times from BUTTON_Skin.o(.data)
 <LI><a href="#[8e]">_DrawBitmap</a> from guidrv_template.o(i._DrawBitmap) referenced from guidrv_template.o(.constdata)
 <LI><a href="#[a8]">_DrawBitmap</a> from GUIDEV_16.o(.text._DrawBitmap) referenced 2 times from GUIDEV_16.o(.rodata)
 <LI><a href="#[d9]">_DrawDown</a> from WIDGET_Effect_Simple.o(.text._DrawDown) referenced from WIDGET_Effect_Simple.o(.rodata)
 <LI><a href="#[da]">_DrawDownRect</a> from WIDGET_Effect_Simple.o(.text._DrawDownRect) referenced from WIDGET_Effect_Simple.o(.rodata)
 <LI><a href="#[8f]">_DrawHLine</a> from guidrv_template.o(i._DrawHLine) referenced from guidrv_template.o(.constdata)
 <LI><a href="#[a9]">_DrawHLine</a> from GUIDEV_16.o(.text._DrawHLine) referenced 2 times from GUIDEV_16.o(.rodata)
 <LI><a href="#[d7]">_DrawUp</a> from WIDGET_Effect_Simple.o(.text._DrawUp) referenced from WIDGET_Effect_Simple.o(.rodata)
 <LI><a href="#[d8]">_DrawUpRect</a> from WIDGET_Effect_Simple.o(.text._DrawUpRect) referenced from WIDGET_Effect_Simple.o(.rodata)
 <LI><a href="#[90]">_DrawVLine</a> from guidrv_template.o(i._DrawVLine) referenced from guidrv_template.o(.constdata)
 <LI><a href="#[aa]">_DrawVLine</a> from GUIDEV_16.o(.text._DrawVLine) referenced 2 times from GUIDEV_16.o(.rodata)
 <LI><a href="#[b7]">_Encode</a> from GUI_UC_EncodeNone.o(.text._Encode) referenced from GUI_UC_EncodeNone.o(.rodata)
 <LI><a href="#[91]">_FillRect</a> from guidrv_template.o(i._FillRect) referenced from guidrv_template.o(.constdata)
 <LI><a href="#[ab]">_FillRect</a> from GUIDEV_16.o(.text._FillRect) referenced 2 times from GUIDEV_16.o(.rodata)
 <LI><a href="#[d5]">_GUI_USAGE_BM_Delete</a> from GUIDEV_UsageBM.o(.text._GUI_USAGE_BM_Delete) referenced from GUIDEV_UsageBM.o(.rodata)
 <LI><a href="#[f]">_GetBorderSize</a> from FRAMEWIN_Skin.o(.text._GetBorderSize) referenced 2 times from FRAMEWIN_Skin.o(.data)
 <LI><a href="#[b4]">_GetCharCode</a> from GUI_UC_EncodeNone.o(.text._GetCharCode) referenced from GUI_UC_EncodeNone.o(.rodata)
 <LI><a href="#[b5]">_GetCharSize</a> from GUI_UC_EncodeNone.o(.text._GetCharSize) referenced from GUI_UC_EncodeNone.o(.rodata)
 <LI><a href="#[98]">_GetDevData</a> from guidrv_template.o(i._GetDevData) referenced from guidrv_template.o(.constdata)
 <LI><a href="#[b2]">_GetDevData</a> from GUIDEV_16.o(.text._GetDevData) referenced 2 times from GUIDEV_16.o(.rodata)
 <LI><a href="#[96]">_GetDevFunc</a> from guidrv_template.o(i._GetDevFunc) referenced from guidrv_template.o(.constdata)
 <LI><a href="#[b0]">_GetDevFunc</a> from GUIDEV_16.o(.text._GetDevFunc) referenced 2 times from GUIDEV_16.o(.rodata)
 <LI><a href="#[97]">_GetDevProp</a> from guidrv_template.o(i._GetDevProp) referenced from guidrv_template.o(.constdata)
 <LI><a href="#[b1]">_GetDevProp</a> from GUIDEV_16.o(.text._GetDevProp) referenced 2 times from GUIDEV_16.o(.rodata)
 <LI><a href="#[c5]">_GetIndexMask_0</a> from GUICC_0.o(.text._GetIndexMask_0) referenced from GUICC_0.o(.rodata)
 <LI><a href="#[9f]">_GetIndexMask_M565</a> from GUICC_M565.o(.text._GetIndexMask_M565) referenced from GUICC_M565.o(.rodata)
 <LI><a href="#[c0]">_GetIndexMask_M8888I</a> from GUICC_M8888I.o(.text._GetIndexMask_M8888I) referenced from GUICC_M8888I.o(.rodata)
 <LI><a href="#[92]">_GetPixelIndex</a> from guidrv_template.o(i._GetPixelIndex) referenced from guidrv_template.o(.constdata)
 <LI><a href="#[ac]">_GetPixelIndex</a> from GUIDEV_16.o(.text._GetPixelIndex) referenced 2 times from GUIDEV_16.o(.rodata)
 <LI><a href="#[99]">_GetRect</a> from guidrv_template.o(i._GetRect) referenced from guidrv_template.o(.constdata)
 <LI><a href="#[b3]">_GetRect</a> from GUIDEV_16.o(.text._GetRect) referenced 2 times from GUIDEV_16.o(.rodata)
 <LI><a href="#[a1]">_Index2ColorBulk</a> from GUICC_M565.o(.text._Index2ColorBulk) referenced from GUICC_M565.o(.rodata)
 <LI><a href="#[c2]">_Index2ColorBulk_M8888I</a> from GUICC_M8888I.o(.text._Index2ColorBulk_M8888I) referenced from GUICC_M8888I.o(.rodata)
 <LI><a href="#[c4]">_Index2Color_0</a> from GUICC_0.o(.text._Index2Color_0) referenced from GUICC_0.o(.rodata)
 <LI><a href="#[89]">_Init</a> from guidrv_template.o(i._Init) referenced from guidrv_template.o(i._GetDevFunc)
 <LI><a href="#[10]">_Log2VisBuffered</a> from GUI_CharLine.o(.text._Log2VisBuffered) referenced 2 times from GUI_CharLine.o(.data)
 <LI><a href="#[8b]">_Off</a> from guidrv_template.o(i._Off) referenced from guidrv_template.o(i._GetDevFunc)
 <LI><a href="#[8a]">_On</a> from guidrv_template.o(i._On) referenced from guidrv_template.o(i._GetDevFunc)
 <LI><a href="#[77]">_OnExit</a> from GUI_Task.o(.text._OnExit) referenced from GUI_Task.o(.text.GUITASK_Init)
 <LI><a href="#[78]">_OnExit</a> from GUI__Alpha.o(.text._OnExit) referenced from GUI__Alpha.o(.text.GUI__AllocAlphaBuffer)
 <LI><a href="#[79]">_OnExit</a> from GUI_Core.o(.text._OnExit) referenced from GUI_Core.o(.text.GUI__Config)
 <LI><a href="#[78]">_OnExit</a> from GUI__Alpha.o(.text._OnExit) referenced from GUI__Alpha.o(.text.GUI__DoAlphaBlending)
 <LI><a href="#[7c]">_OnExit</a> from LCD_Color.o(.text._OnExit) referenced from LCD_Color.o(.text.LCD_InitColors)
 <LI><a href="#[7f]">_OnExit</a> from WM.o(.text._OnExit) referenced from WM.o(.text.WM_Init)
 <LI><a href="#[1]">_OnTouchDefault</a> from BUTTON.o(.text._OnTouchDefault) referenced 2 times from BUTTON.o(.data)
 <LI><a href="#[9]">_Paint</a> from BUTTON_Skin.o(.text._Paint) referenced 6 times from BUTTON_Skin.o(.data)
 <LI><a href="#[b9]">_SetBkColor</a> from LCD.o(.text._SetBkColor) referenced from LCD.o(.rodata)
 <LI><a href="#[b8]">_SetColor</a> from LCD.o(.text._SetColor) referenced from LCD.o(.rodata)
 <LI><a href="#[ba]">_SetDrawMode</a> from LCD.o(.text._SetDrawMode) referenced from LCD.o(.rodata)
 <LI><a href="#[8c]">_SetLUTEntry</a> from guidrv_template.o(i._SetLUTEntry) referenced from guidrv_template.o(i._GetDevFunc)
 <LI><a href="#[95]">_SetOrg</a> from guidrv_template.o(i._SetOrg) referenced from guidrv_template.o(.constdata)
 <LI><a href="#[af]">_SetOrg</a> from GUIDEV_16.o(.text._SetOrg) referenced 2 times from GUIDEV_16.o(.rodata)
 <LI><a href="#[93]">_SetPixelIndex</a> from guidrv_template.o(i._SetPixelIndex) referenced from guidrv_template.o(.constdata)
 <LI><a href="#[ad]">_SetPixelIndex</a> from GUIDEV_16.o(.text._SetPixelIndex) referenced 2 times from GUIDEV_16.o(.rodata)
 <LI><a href="#[88]">_SetSize</a> from guidrv_template.o(i._SetSize) referenced from guidrv_template.o(i._GetDevFunc)
 <LI><a href="#[86]">_SetVRAMAddr</a> from guidrv_template.o(i._SetVRAMAddr) referenced from guidrv_template.o(i._GetDevFunc)
 <LI><a href="#[87]">_SetVSize</a> from guidrv_template.o(i._SetVSize) referenced from guidrv_template.o(i._GetDevFunc)
 <LI><a href="#[94]">_XorPixel</a> from guidrv_template.o(i._XorPixel) referenced from guidrv_template.o(.constdata)
 <LI><a href="#[ae]">_XorPixel</a> from GUIDEV_16.o(.text._XorPixel) referenced 2 times from GUIDEV_16.o(.rodata)
 <LI><a href="#[72]">__main</a> from entry.o(.ARM.Collect$$$$00000000) referenced from startup_stm32f40xx.o(.text)
 <LI><a href="#[80]">_cbBackWin</a> from WM.o(.text._cbBackWin) referenced from WM.o(.text.WM_Init)
 <LI><a href="#[85]">_cbDialog</a> from maintask.o(i._cbDialog) referenced from maintask.o(i.CreateFramewin)
 <LI><a href="#[7d]">_cbInvalidateOne</a> from WM_BringToTop.o(.text._cbInvalidateOne) referenced from WM_BringToTop.o(.text.WM_BringToTop)
 <LI><a href="#[7e]">_cbPaintMemDev</a> from WM.o(.text._cbPaintMemDev) referenced from WM.o(.text.WM_Exec)
 <LI><a href="#[8d]">fputc</a> from fputc.o(i.fputc) referenced from printf3.o(i.__0printf$3)
 <LI><a href="#[70]">main</a> from main.o(i.main) referenced from entry9a.o(.ARM.Collect$$$$0000000B)
 <LI><a href="#[7]">memcpy</a> from memmove.o(.text) referenced 2 times from GUI__Private.o(.data)
 <LI><a href="#[8]">memset</a> from memset.o(.text) referenced 2 times from GUI__Private.o(.data)
</UL>
<P>
<H3>
Global Symbols
</H3>
<P><STRONG><a name="[72]"></a>__main</STRONG> (Thumb, 0 bytes, Stack size unknown bytes, entry.o(.ARM.Collect$$$$00000000))
<BR>[Address Reference Count : 1]<UL><LI> startup_stm32f40xx.o(.text)
</UL>
<P><STRONG><a name="[258]"></a>_main_stk</STRONG> (Thumb, 0 bytes, Stack size unknown bytes, entry2.o(.ARM.Collect$$$$00000001))

<P><STRONG><a name="[db]"></a>_main_scatterload</STRONG> (Thumb, 0 bytes, Stack size unknown bytes, entry5.o(.ARM.Collect$$$$00000004))
<BR><BR>[Calls]<UL><LI><a href="#[dc]">&gt;&gt;</a>&nbsp;&nbsp;&nbsp;__scatterload
</UL>

<P><STRONG><a name="[de]"></a>__main_after_scatterload</STRONG> (Thumb, 0 bytes, Stack size unknown bytes, entry5.o(.ARM.Collect$$$$00000004))
<BR><BR>[Called By]<UL><LI><a href="#[dc]">&gt;&gt;</a>&nbsp;&nbsp;&nbsp;__scatterload
</UL>

<P><STRONG><a name="[259]"></a>_main_clock</STRONG> (Thumb, 0 bytes, Stack size unknown bytes, entry7b.o(.ARM.Collect$$$$00000008))

<P><STRONG><a name="[25a]"></a>_main_cpp_init</STRONG> (Thumb, 0 bytes, Stack size unknown bytes, entry8b.o(.ARM.Collect$$$$0000000A))

<P><STRONG><a name="[25b]"></a>_main_init</STRONG> (Thumb, 0 bytes, Stack size unknown bytes, entry9a.o(.ARM.Collect$$$$0000000B))

<P><STRONG><a name="[25c]"></a>__rt_lib_shutdown_fini</STRONG> (Thumb, 0 bytes, Stack size unknown bytes, entry12b.o(.ARM.Collect$$$$0000000E))

<P><STRONG><a name="[25d]"></a>__rt_final_cpp</STRONG> (Thumb, 0 bytes, Stack size unknown bytes, entry10a.o(.ARM.Collect$$$$0000000F))

<P><STRONG><a name="[25e]"></a>__rt_final_exit</STRONG> (Thumb, 0 bytes, Stack size unknown bytes, entry11a.o(.ARM.Collect$$$$00000011))

<P><STRONG><a name="[1a]"></a>SVC_Handler</STRONG> (Thumb, 28 bytes, Stack size 0 bytes, port.o(.emb_text))
<BR>[Address Reference Count : 1]<UL><LI> startup_stm32f40xx.o(RESET)
</UL>
<P><STRONG><a name="[25f]"></a>__asm___6_port_c_39a90d8d__prvStartFirstTask</STRONG> (Thumb, 28 bytes, Stack size 0 bytes, port.o(.emb_text), UNUSED)

<P><STRONG><a name="[260]"></a>__asm___6_port_c_39a90d8d__prvEnableVFP</STRONG> (Thumb, 16 bytes, Stack size 0 bytes, port.o(.emb_text), UNUSED)

<P><STRONG><a name="[1c]"></a>PendSV_Handler</STRONG> (Thumb, 88 bytes, Stack size 0 bytes, port.o(.emb_text))
<BR><BR>[Stack]<UL><LI>Max Depth = 40<LI>Call Chain = PendSV_Handler &rArr; vTaskSwitchContext &rArr; __2printf
</UL>
<BR>[Calls]<UL><LI><a href="#[dd]">&gt;&gt;</a>&nbsp;&nbsp;&nbsp;vTaskSwitchContext
</UL>
<BR>[Address Reference Count : 1]<UL><LI> startup_stm32f40xx.o(RESET)
</UL>
<P><STRONG><a name="[261]"></a>vPortGetIPSR</STRONG> (Thumb, 6 bytes, Stack size 0 bytes, port.o(.emb_text), UNUSED)

<P><STRONG><a name="[14]"></a>Reset_Handler</STRONG> (Thumb, 8 bytes, Stack size 0 bytes, startup_stm32f40xx.o(.text))
<BR>[Address Reference Count : 1]<UL><LI> startup_stm32f40xx.o(RESET)
</UL>
<P><STRONG><a name="[30]"></a>ADC_IRQHandler</STRONG> (Thumb, 0 bytes, Stack size 0 bytes, startup_stm32f40xx.o(.text))
<BR><BR>[Calls]<UL><LI><a href="#[30]">&gt;&gt;</a>&nbsp;&nbsp;&nbsp;ADC_IRQHandler
</UL>
<BR>[Called By]<UL><LI><a href="#[30]">&gt;&gt;</a>&nbsp;&nbsp;&nbsp;ADC_IRQHandler
</UL>
<BR>[Address Reference Count : 1]<UL><LI> startup_stm32f40xx.o(RESET)
</UL>
<P><STRONG><a name="[32]"></a>CAN1_RX0_IRQHandler</STRONG> (Thumb, 0 bytes, Stack size 0 bytes, startup_stm32f40xx.o(.text))
<BR>[Address Reference Count : 1]<UL><LI> startup_stm32f40xx.o(RESET)
</UL>
<P><STRONG><a name="[33]"></a>CAN1_RX1_IRQHandler</STRONG> (Thumb, 0 bytes, Stack size 0 bytes, startup_stm32f40xx.o(.text))
<BR>[Address Reference Count : 1]<UL><LI> startup_stm32f40xx.o(RESET)
</UL>
<P><STRONG><a name="[34]"></a>CAN1_SCE_IRQHandler</STRONG> (Thumb, 0 bytes, Stack size 0 bytes, startup_stm32f40xx.o(.text))
<BR>[Address Reference Count : 1]<UL><LI> startup_stm32f40xx.o(RESET)
</UL>
<P><STRONG><a name="[31]"></a>CAN1_TX_IRQHandler</STRONG> (Thumb, 0 bytes, Stack size 0 bytes, startup_stm32f40xx.o(.text))
<BR>[Address Reference Count : 1]<UL><LI> startup_stm32f40xx.o(RESET)
</UL>
<P><STRONG><a name="[5e]"></a>CAN2_RX0_IRQHandler</STRONG> (Thumb, 0 bytes, Stack size 0 bytes, startup_stm32f40xx.o(.text))
<BR>[Address Reference Count : 1]<UL><LI> startup_stm32f40xx.o(RESET)
</UL>
<P><STRONG><a name="[5f]"></a>CAN2_RX1_IRQHandler</STRONG> (Thumb, 0 bytes, Stack size 0 bytes, startup_stm32f40xx.o(.text))
<BR>[Address Reference Count : 1]<UL><LI> startup_stm32f40xx.o(RESET)
</UL>
<P><STRONG><a name="[60]"></a>CAN2_SCE_IRQHandler</STRONG> (Thumb, 0 bytes, Stack size 0 bytes, startup_stm32f40xx.o(.text))
<BR>[Address Reference Count : 1]<UL><LI> startup_stm32f40xx.o(RESET)
</UL>
<P><STRONG><a name="[5d]"></a>CAN2_TX_IRQHandler</STRONG> (Thumb, 0 bytes, Stack size 0 bytes, startup_stm32f40xx.o(.text))
<BR>[Address Reference Count : 1]<UL><LI> startup_stm32f40xx.o(RESET)
</UL>
<P><STRONG><a name="[6d]"></a>CRYP_IRQHandler</STRONG> (Thumb, 0 bytes, Stack size 0 bytes, startup_stm32f40xx.o(.text))
<BR>[Address Reference Count : 1]<UL><LI> startup_stm32f40xx.o(RESET)
</UL>
<P><STRONG><a name="[6c]"></a>DCMI_IRQHandler</STRONG> (Thumb, 0 bytes, Stack size 0 bytes, startup_stm32f40xx.o(.text))
<BR>[Address Reference Count : 1]<UL><LI> startup_stm32f40xx.o(RESET)
</UL>
<P><STRONG><a name="[29]"></a>DMA1_Stream0_IRQHandler</STRONG> (Thumb, 0 bytes, Stack size 0 bytes, startup_stm32f40xx.o(.text))
<BR>[Address Reference Count : 1]<UL><LI> startup_stm32f40xx.o(RESET)
</UL>
<P><STRONG><a name="[2a]"></a>DMA1_Stream1_IRQHandler</STRONG> (Thumb, 0 bytes, Stack size 0 bytes, startup_stm32f40xx.o(.text))
<BR>[Address Reference Count : 1]<UL><LI> startup_stm32f40xx.o(RESET)
</UL>
<P><STRONG><a name="[2b]"></a>DMA1_Stream2_IRQHandler</STRONG> (Thumb, 0 bytes, Stack size 0 bytes, startup_stm32f40xx.o(.text))
<BR>[Address Reference Count : 1]<UL><LI> startup_stm32f40xx.o(RESET)
</UL>
<P><STRONG><a name="[2c]"></a>DMA1_Stream3_IRQHandler</STRONG> (Thumb, 0 bytes, Stack size 0 bytes, startup_stm32f40xx.o(.text))
<BR>[Address Reference Count : 1]<UL><LI> startup_stm32f40xx.o(RESET)
</UL>
<P><STRONG><a name="[2d]"></a>DMA1_Stream4_IRQHandler</STRONG> (Thumb, 0 bytes, Stack size 0 bytes, startup_stm32f40xx.o(.text))
<BR>[Address Reference Count : 1]<UL><LI> startup_stm32f40xx.o(RESET)
</UL>
<P><STRONG><a name="[2e]"></a>DMA1_Stream5_IRQHandler</STRONG> (Thumb, 0 bytes, Stack size 0 bytes, startup_stm32f40xx.o(.text))
<BR>[Address Reference Count : 1]<UL><LI> startup_stm32f40xx.o(RESET)
</UL>
<P><STRONG><a name="[2f]"></a>DMA1_Stream6_IRQHandler</STRONG> (Thumb, 0 bytes, Stack size 0 bytes, startup_stm32f40xx.o(.text))
<BR>[Address Reference Count : 1]<UL><LI> startup_stm32f40xx.o(RESET)
</UL>
<P><STRONG><a name="[4d]"></a>DMA1_Stream7_IRQHandler</STRONG> (Thumb, 0 bytes, Stack size 0 bytes, startup_stm32f40xx.o(.text))
<BR>[Address Reference Count : 1]<UL><LI> startup_stm32f40xx.o(RESET)
</UL>
<P><STRONG><a name="[56]"></a>DMA2_Stream0_IRQHandler</STRONG> (Thumb, 0 bytes, Stack size 0 bytes, startup_stm32f40xx.o(.text))
<BR>[Address Reference Count : 1]<UL><LI> startup_stm32f40xx.o(RESET)
</UL>
<P><STRONG><a name="[57]"></a>DMA2_Stream1_IRQHandler</STRONG> (Thumb, 0 bytes, Stack size 0 bytes, startup_stm32f40xx.o(.text))
<BR>[Address Reference Count : 1]<UL><LI> startup_stm32f40xx.o(RESET)
</UL>
<P><STRONG><a name="[58]"></a>DMA2_Stream2_IRQHandler</STRONG> (Thumb, 0 bytes, Stack size 0 bytes, startup_stm32f40xx.o(.text))
<BR>[Address Reference Count : 1]<UL><LI> startup_stm32f40xx.o(RESET)
</UL>
<P><STRONG><a name="[59]"></a>DMA2_Stream3_IRQHandler</STRONG> (Thumb, 0 bytes, Stack size 0 bytes, startup_stm32f40xx.o(.text))
<BR>[Address Reference Count : 1]<UL><LI> startup_stm32f40xx.o(RESET)
</UL>
<P><STRONG><a name="[5a]"></a>DMA2_Stream4_IRQHandler</STRONG> (Thumb, 0 bytes, Stack size 0 bytes, startup_stm32f40xx.o(.text))
<BR>[Address Reference Count : 1]<UL><LI> startup_stm32f40xx.o(RESET)
</UL>
<P><STRONG><a name="[62]"></a>DMA2_Stream5_IRQHandler</STRONG> (Thumb, 0 bytes, Stack size 0 bytes, startup_stm32f40xx.o(.text))
<BR>[Address Reference Count : 1]<UL><LI> startup_stm32f40xx.o(RESET)
</UL>
<P><STRONG><a name="[63]"></a>DMA2_Stream6_IRQHandler</STRONG> (Thumb, 0 bytes, Stack size 0 bytes, startup_stm32f40xx.o(.text))
<BR>[Address Reference Count : 1]<UL><LI> startup_stm32f40xx.o(RESET)
</UL>
<P><STRONG><a name="[64]"></a>DMA2_Stream7_IRQHandler</STRONG> (Thumb, 0 bytes, Stack size 0 bytes, startup_stm32f40xx.o(.text))
<BR>[Address Reference Count : 1]<UL><LI> startup_stm32f40xx.o(RESET)
</UL>
<P><STRONG><a name="[5b]"></a>ETH_IRQHandler</STRONG> (Thumb, 0 bytes, Stack size 0 bytes, startup_stm32f40xx.o(.text))
<BR>[Address Reference Count : 1]<UL><LI> startup_stm32f40xx.o(RESET)
</UL>
<P><STRONG><a name="[5c]"></a>ETH_WKUP_IRQHandler</STRONG> (Thumb, 0 bytes, Stack size 0 bytes, startup_stm32f40xx.o(.text))
<BR>[Address Reference Count : 1]<UL><LI> startup_stm32f40xx.o(RESET)
</UL>
<P><STRONG><a name="[24]"></a>EXTI0_IRQHandler</STRONG> (Thumb, 0 bytes, Stack size 0 bytes, startup_stm32f40xx.o(.text))
<BR>[Address Reference Count : 1]<UL><LI> startup_stm32f40xx.o(RESET)
</UL>
<P><STRONG><a name="[46]"></a>EXTI15_10_IRQHandler</STRONG> (Thumb, 0 bytes, Stack size 0 bytes, startup_stm32f40xx.o(.text))
<BR>[Address Reference Count : 1]<UL><LI> startup_stm32f40xx.o(RESET)
</UL>
<P><STRONG><a name="[25]"></a>EXTI1_IRQHandler</STRONG> (Thumb, 0 bytes, Stack size 0 bytes, startup_stm32f40xx.o(.text))
<BR>[Address Reference Count : 1]<UL><LI> startup_stm32f40xx.o(RESET)
</UL>
<P><STRONG><a name="[26]"></a>EXTI2_IRQHandler</STRONG> (Thumb, 0 bytes, Stack size 0 bytes, startup_stm32f40xx.o(.text))
<BR>[Address Reference Count : 1]<UL><LI> startup_stm32f40xx.o(RESET)
</UL>
<P><STRONG><a name="[27]"></a>EXTI3_IRQHandler</STRONG> (Thumb, 0 bytes, Stack size 0 bytes, startup_stm32f40xx.o(.text))
<BR>[Address Reference Count : 1]<UL><LI> startup_stm32f40xx.o(RESET)
</UL>
<P><STRONG><a name="[28]"></a>EXTI4_IRQHandler</STRONG> (Thumb, 0 bytes, Stack size 0 bytes, startup_stm32f40xx.o(.text))
<BR>[Address Reference Count : 1]<UL><LI> startup_stm32f40xx.o(RESET)
</UL>
<P><STRONG><a name="[35]"></a>EXTI9_5_IRQHandler</STRONG> (Thumb, 0 bytes, Stack size 0 bytes, startup_stm32f40xx.o(.text))
<BR>[Address Reference Count : 1]<UL><LI> startup_stm32f40xx.o(RESET)
</UL>
<P><STRONG><a name="[22]"></a>FLASH_IRQHandler</STRONG> (Thumb, 0 bytes, Stack size 0 bytes, startup_stm32f40xx.o(.text))
<BR>[Address Reference Count : 1]<UL><LI> startup_stm32f40xx.o(RESET)
</UL>
<P><STRONG><a name="[6f]"></a>FPU_IRQHandler</STRONG> (Thumb, 0 bytes, Stack size 0 bytes, startup_stm32f40xx.o(.text))
<BR>[Address Reference Count : 1]<UL><LI> startup_stm32f40xx.o(RESET)
</UL>
<P><STRONG><a name="[4e]"></a>FSMC_IRQHandler</STRONG> (Thumb, 0 bytes, Stack size 0 bytes, startup_stm32f40xx.o(.text))
<BR>[Address Reference Count : 1]<UL><LI> startup_stm32f40xx.o(RESET)
</UL>
<P><STRONG><a name="[6e]"></a>HASH_RNG_IRQHandler</STRONG> (Thumb, 0 bytes, Stack size 0 bytes, startup_stm32f40xx.o(.text))
<BR>[Address Reference Count : 1]<UL><LI> startup_stm32f40xx.o(RESET)
</UL>
<P><STRONG><a name="[3e]"></a>I2C1_ER_IRQHandler</STRONG> (Thumb, 0 bytes, Stack size 0 bytes, startup_stm32f40xx.o(.text))
<BR>[Address Reference Count : 1]<UL><LI> startup_stm32f40xx.o(RESET)
</UL>
<P><STRONG><a name="[3d]"></a>I2C1_EV_IRQHandler</STRONG> (Thumb, 0 bytes, Stack size 0 bytes, startup_stm32f40xx.o(.text))
<BR>[Address Reference Count : 1]<UL><LI> startup_stm32f40xx.o(RESET)
</UL>
<P><STRONG><a name="[40]"></a>I2C2_ER_IRQHandler</STRONG> (Thumb, 0 bytes, Stack size 0 bytes, startup_stm32f40xx.o(.text))
<BR>[Address Reference Count : 1]<UL><LI> startup_stm32f40xx.o(RESET)
</UL>
<P><STRONG><a name="[3f]"></a>I2C2_EV_IRQHandler</STRONG> (Thumb, 0 bytes, Stack size 0 bytes, startup_stm32f40xx.o(.text))
<BR>[Address Reference Count : 1]<UL><LI> startup_stm32f40xx.o(RESET)
</UL>
<P><STRONG><a name="[67]"></a>I2C3_ER_IRQHandler</STRONG> (Thumb, 0 bytes, Stack size 0 bytes, startup_stm32f40xx.o(.text))
<BR>[Address Reference Count : 1]<UL><LI> startup_stm32f40xx.o(RESET)
</UL>
<P><STRONG><a name="[66]"></a>I2C3_EV_IRQHandler</STRONG> (Thumb, 0 bytes, Stack size 0 bytes, startup_stm32f40xx.o(.text))
<BR>[Address Reference Count : 1]<UL><LI> startup_stm32f40xx.o(RESET)
</UL>
<P><STRONG><a name="[61]"></a>OTG_FS_IRQHandler</STRONG> (Thumb, 0 bytes, Stack size 0 bytes, startup_stm32f40xx.o(.text))
<BR>[Address Reference Count : 1]<UL><LI> startup_stm32f40xx.o(RESET)
</UL>
<P><STRONG><a name="[48]"></a>OTG_FS_WKUP_IRQHandler</STRONG> (Thumb, 0 bytes, Stack size 0 bytes, startup_stm32f40xx.o(.text))
<BR>[Address Reference Count : 1]<UL><LI> startup_stm32f40xx.o(RESET)
</UL>
<P><STRONG><a name="[69]"></a>OTG_HS_EP1_IN_IRQHandler</STRONG> (Thumb, 0 bytes, Stack size 0 bytes, startup_stm32f40xx.o(.text))
<BR>[Address Reference Count : 1]<UL><LI> startup_stm32f40xx.o(RESET)
</UL>
<P><STRONG><a name="[68]"></a>OTG_HS_EP1_OUT_IRQHandler</STRONG> (Thumb, 0 bytes, Stack size 0 bytes, startup_stm32f40xx.o(.text))
<BR>[Address Reference Count : 1]<UL><LI> startup_stm32f40xx.o(RESET)
</UL>
<P><STRONG><a name="[6b]"></a>OTG_HS_IRQHandler</STRONG> (Thumb, 0 bytes, Stack size 0 bytes, startup_stm32f40xx.o(.text))
<BR>[Address Reference Count : 1]<UL><LI> startup_stm32f40xx.o(RESET)
</UL>
<P><STRONG><a name="[6a]"></a>OTG_HS_WKUP_IRQHandler</STRONG> (Thumb, 0 bytes, Stack size 0 bytes, startup_stm32f40xx.o(.text))
<BR>[Address Reference Count : 1]<UL><LI> startup_stm32f40xx.o(RESET)
</UL>
<P><STRONG><a name="[1f]"></a>PVD_IRQHandler</STRONG> (Thumb, 0 bytes, Stack size 0 bytes, startup_stm32f40xx.o(.text))
<BR>[Address Reference Count : 1]<UL><LI> startup_stm32f40xx.o(RESET)
</UL>
<P><STRONG><a name="[23]"></a>RCC_IRQHandler</STRONG> (Thumb, 0 bytes, Stack size 0 bytes, startup_stm32f40xx.o(.text))
<BR>[Address Reference Count : 1]<UL><LI> startup_stm32f40xx.o(RESET)
</UL>
<P><STRONG><a name="[47]"></a>RTC_Alarm_IRQHandler</STRONG> (Thumb, 0 bytes, Stack size 0 bytes, startup_stm32f40xx.o(.text))
<BR>[Address Reference Count : 1]<UL><LI> startup_stm32f40xx.o(RESET)
</UL>
<P><STRONG><a name="[21]"></a>RTC_WKUP_IRQHandler</STRONG> (Thumb, 0 bytes, Stack size 0 bytes, startup_stm32f40xx.o(.text))
<BR>[Address Reference Count : 1]<UL><LI> startup_stm32f40xx.o(RESET)
</UL>
<P><STRONG><a name="[4f]"></a>SDIO_IRQHandler</STRONG> (Thumb, 0 bytes, Stack size 0 bytes, startup_stm32f40xx.o(.text))
<BR>[Address Reference Count : 1]<UL><LI> startup_stm32f40xx.o(RESET)
</UL>
<P><STRONG><a name="[41]"></a>SPI1_IRQHandler</STRONG> (Thumb, 0 bytes, Stack size 0 bytes, startup_stm32f40xx.o(.text))
<BR>[Address Reference Count : 1]<UL><LI> startup_stm32f40xx.o(RESET)
</UL>
<P><STRONG><a name="[42]"></a>SPI2_IRQHandler</STRONG> (Thumb, 0 bytes, Stack size 0 bytes, startup_stm32f40xx.o(.text))
<BR>[Address Reference Count : 1]<UL><LI> startup_stm32f40xx.o(RESET)
</UL>
<P><STRONG><a name="[51]"></a>SPI3_IRQHandler</STRONG> (Thumb, 0 bytes, Stack size 0 bytes, startup_stm32f40xx.o(.text))
<BR>[Address Reference Count : 1]<UL><LI> startup_stm32f40xx.o(RESET)
</UL>
<P><STRONG><a name="[20]"></a>TAMP_STAMP_IRQHandler</STRONG> (Thumb, 0 bytes, Stack size 0 bytes, startup_stm32f40xx.o(.text))
<BR>[Address Reference Count : 1]<UL><LI> startup_stm32f40xx.o(RESET)
</UL>
<P><STRONG><a name="[36]"></a>TIM1_BRK_TIM9_IRQHandler</STRONG> (Thumb, 0 bytes, Stack size 0 bytes, startup_stm32f40xx.o(.text))
<BR>[Address Reference Count : 1]<UL><LI> startup_stm32f40xx.o(RESET)
</UL>
<P><STRONG><a name="[39]"></a>TIM1_CC_IRQHandler</STRONG> (Thumb, 0 bytes, Stack size 0 bytes, startup_stm32f40xx.o(.text))
<BR>[Address Reference Count : 1]<UL><LI> startup_stm32f40xx.o(RESET)
</UL>
<P><STRONG><a name="[38]"></a>TIM1_TRG_COM_TIM11_IRQHandler</STRONG> (Thumb, 0 bytes, Stack size 0 bytes, startup_stm32f40xx.o(.text))
<BR>[Address Reference Count : 1]<UL><LI> startup_stm32f40xx.o(RESET)
</UL>
<P><STRONG><a name="[37]"></a>TIM1_UP_TIM10_IRQHandler</STRONG> (Thumb, 0 bytes, Stack size 0 bytes, startup_stm32f40xx.o(.text))
<BR>[Address Reference Count : 1]<UL><LI> startup_stm32f40xx.o(RESET)
</UL>
<P><STRONG><a name="[3a]"></a>TIM2_IRQHandler</STRONG> (Thumb, 0 bytes, Stack size 0 bytes, startup_stm32f40xx.o(.text))
<BR>[Address Reference Count : 1]<UL><LI> startup_stm32f40xx.o(RESET)
</UL>
<P><STRONG><a name="[3b]"></a>TIM3_IRQHandler</STRONG> (Thumb, 0 bytes, Stack size 0 bytes, startup_stm32f40xx.o(.text))
<BR>[Address Reference Count : 1]<UL><LI> startup_stm32f40xx.o(RESET)
</UL>
<P><STRONG><a name="[3c]"></a>TIM4_IRQHandler</STRONG> (Thumb, 0 bytes, Stack size 0 bytes, startup_stm32f40xx.o(.text))
<BR>[Address Reference Count : 1]<UL><LI> startup_stm32f40xx.o(RESET)
</UL>
<P><STRONG><a name="[50]"></a>TIM5_IRQHandler</STRONG> (Thumb, 0 bytes, Stack size 0 bytes, startup_stm32f40xx.o(.text))
<BR>[Address Reference Count : 1]<UL><LI> startup_stm32f40xx.o(RESET)
</UL>
<P><STRONG><a name="[54]"></a>TIM6_DAC_IRQHandler</STRONG> (Thumb, 0 bytes, Stack size 0 bytes, startup_stm32f40xx.o(.text))
<BR>[Address Reference Count : 1]<UL><LI> startup_stm32f40xx.o(RESET)
</UL>
<P><STRONG><a name="[55]"></a>TIM7_IRQHandler</STRONG> (Thumb, 0 bytes, Stack size 0 bytes, startup_stm32f40xx.o(.text))
<BR>[Address Reference Count : 1]<UL><LI> startup_stm32f40xx.o(RESET)
</UL>
<P><STRONG><a name="[49]"></a>TIM8_BRK_TIM12_IRQHandler</STRONG> (Thumb, 0 bytes, Stack size 0 bytes, startup_stm32f40xx.o(.text))
<BR>[Address Reference Count : 1]<UL><LI> startup_stm32f40xx.o(RESET)
</UL>
<P><STRONG><a name="[4c]"></a>TIM8_CC_IRQHandler</STRONG> (Thumb, 0 bytes, Stack size 0 bytes, startup_stm32f40xx.o(.text))
<BR>[Address Reference Count : 1]<UL><LI> startup_stm32f40xx.o(RESET)
</UL>
<P><STRONG><a name="[4b]"></a>TIM8_TRG_COM_TIM14_IRQHandler</STRONG> (Thumb, 0 bytes, Stack size 0 bytes, startup_stm32f40xx.o(.text))
<BR>[Address Reference Count : 1]<UL><LI> startup_stm32f40xx.o(RESET)
</UL>
<P><STRONG><a name="[4a]"></a>TIM8_UP_TIM13_IRQHandler</STRONG> (Thumb, 0 bytes, Stack size 0 bytes, startup_stm32f40xx.o(.text))
<BR>[Address Reference Count : 1]<UL><LI> startup_stm32f40xx.o(RESET)
</UL>
<P><STRONG><a name="[52]"></a>UART4_IRQHandler</STRONG> (Thumb, 0 bytes, Stack size 0 bytes, startup_stm32f40xx.o(.text))
<BR>[Address Reference Count : 1]<UL><LI> startup_stm32f40xx.o(RESET)
</UL>
<P><STRONG><a name="[53]"></a>UART5_IRQHandler</STRONG> (Thumb, 0 bytes, Stack size 0 bytes, startup_stm32f40xx.o(.text))
<BR>[Address Reference Count : 1]<UL><LI> startup_stm32f40xx.o(RESET)
</UL>
<P><STRONG><a name="[43]"></a>USART1_IRQHandler</STRONG> (Thumb, 0 bytes, Stack size 0 bytes, startup_stm32f40xx.o(.text))
<BR>[Address Reference Count : 1]<UL><LI> startup_stm32f40xx.o(RESET)
</UL>
<P><STRONG><a name="[44]"></a>USART2_IRQHandler</STRONG> (Thumb, 0 bytes, Stack size 0 bytes, startup_stm32f40xx.o(.text))
<BR>[Address Reference Count : 1]<UL><LI> startup_stm32f40xx.o(RESET)
</UL>
<P><STRONG><a name="[45]"></a>USART3_IRQHandler</STRONG> (Thumb, 0 bytes, Stack size 0 bytes, startup_stm32f40xx.o(.text))
<BR>[Address Reference Count : 1]<UL><LI> startup_stm32f40xx.o(RESET)
</UL>
<P><STRONG><a name="[65]"></a>USART6_IRQHandler</STRONG> (Thumb, 0 bytes, Stack size 0 bytes, startup_stm32f40xx.o(.text))
<BR>[Address Reference Count : 1]<UL><LI> startup_stm32f40xx.o(RESET)
</UL>
<P><STRONG><a name="[1e]"></a>WWDG_IRQHandler</STRONG> (Thumb, 0 bytes, Stack size 0 bytes, startup_stm32f40xx.o(.text))
<BR>[Address Reference Count : 1]<UL><LI> startup_stm32f40xx.o(RESET)
</UL>
<P><STRONG><a name="[262]"></a>____aeabi_memcpy4$ret$move</STRONG> (Thumb, 0 bytes, Stack size 8 bytes, memmove.o(.text), UNUSED)

<P><STRONG><a name="[263]"></a>____aeabi_memcpy8$ret$move</STRONG> (Thumb, 0 bytes, Stack size 8 bytes, memmove.o(.text), UNUSED)

<P><STRONG><a name="[264]"></a>___aeabi_memmove$ret</STRONG> (Thumb, 0 bytes, Stack size 8 bytes, memmove.o(.text), UNUSED)

<P><STRONG><a name="[265]"></a>___aeabi_memmove4$ret</STRONG> (Thumb, 0 bytes, Stack size 8 bytes, memmove.o(.text), UNUSED)

<P><STRONG><a name="[266]"></a>___aeabi_memmove8$ret</STRONG> (Thumb, 0 bytes, Stack size 8 bytes, memmove.o(.text), UNUSED)

<P><STRONG><a name="[23e]"></a>__aeabi_memcpy</STRONG> (Thumb, 66 bytes, Stack size 8 bytes, memmove.o(.text))
<BR><BR>[Stack]<UL><LI>Max Depth = 8<LI>Call Chain = __aeabi_memcpy
</UL>
<BR>[Called By]<UL><LI><a href="#[23f]">&gt;&gt;</a>&nbsp;&nbsp;&nbsp;prvCopyDataToQueue
<LI><a href="#[23d]">&gt;&gt;</a>&nbsp;&nbsp;&nbsp;prvCopyDataFromQueue
</UL>

<P><STRONG><a name="[7]"></a>memcpy</STRONG> (Thumb, 0 bytes, Stack size 8 bytes, memmove.o(.text))
<BR><BR>[Stack]<UL><LI>Max Depth = 8<LI>Call Chain = memcpy
</UL>
<BR>[Called By]<UL><LI><a href="#[1a5]">&gt;&gt;</a>&nbsp;&nbsp;&nbsp;GUI_RestoreContext
<LI><a href="#[1a6]">&gt;&gt;</a>&nbsp;&nbsp;&nbsp;GUI_SaveContext_W
<LI><a href="#[137]">&gt;&gt;</a>&nbsp;&nbsp;&nbsp;GUITASK_CopyContext
</UL>
<BR>[Address Reference Count : 1]<UL><LI> GUI__Private.o(.data)
</UL>
<P><STRONG><a name="[206]"></a>memmove</STRONG> (Thumb, 0 bytes, Stack size 8 bytes, memmove.o(.text))
<BR><BR>[Stack]<UL><LI>Max Depth = 8<LI>Call Chain = memmove
</UL>
<BR>[Called By]<UL><LI><a href="#[142]">&gt;&gt;</a>&nbsp;&nbsp;&nbsp;_RemoveHoles
</UL>

<P><STRONG><a name="[8]"></a>memset</STRONG> (Thumb, 18 bytes, Stack size 8 bytes, memset.o(.text))
<BR><BR>[Stack]<UL><LI>Max Depth = 8<LI>Call Chain = memset
</UL>
<BR>[Called By]<UL><LI><a href="#[3]">&gt;&gt;</a>&nbsp;&nbsp;&nbsp;CHECKBOX__GetButtonSize
<LI><a href="#[d3]">&gt;&gt;</a>&nbsp;&nbsp;&nbsp;GUI_USAGE_BM_AddHLine
<LI><a href="#[d4]">&gt;&gt;</a>&nbsp;&nbsp;&nbsp;GUI_USAGE_BM_Clear
<LI><a href="#[a]">&gt;&gt;</a>&nbsp;&nbsp;&nbsp;_Create
</UL>
<BR>[Address Reference Count : 1]<UL><LI> GUI__Private.o(.data)
</UL>
<P><STRONG><a name="[1bf]"></a>strcpy</STRONG> (Thumb, 18 bytes, Stack size 0 bytes, strcpy.o(.text))
<BR><BR>[Called By]<UL><LI><a href="#[ed]">&gt;&gt;</a>&nbsp;&nbsp;&nbsp;GUI__SetText
</UL>

<P><STRONG><a name="[267]"></a>__aeabi_uidiv</STRONG> (Thumb, 0 bytes, Stack size 12 bytes, uidiv.o(.text), UNUSED)

<P><STRONG><a name="[238]"></a>__aeabi_uidivmod</STRONG> (Thumb, 44 bytes, Stack size 12 bytes, uidiv.o(.text), UNUSED)
<BR><BR>[Called By]<UL><LI><a href="#[237]">&gt;&gt;</a>&nbsp;&nbsp;&nbsp;_printf_core
</UL>

<P><STRONG><a name="[dc]"></a>__scatterload</STRONG> (Thumb, 28 bytes, Stack size 0 bytes, init.o(.text))
<BR><BR>[Calls]<UL><LI><a href="#[de]">&gt;&gt;</a>&nbsp;&nbsp;&nbsp;__main_after_scatterload
</UL>
<BR>[Called By]<UL><LI><a href="#[db]">&gt;&gt;</a>&nbsp;&nbsp;&nbsp;_main_scatterload
</UL>

<P><STRONG><a name="[268]"></a>__scatterload_rt2</STRONG> (Thumb, 0 bytes, Stack size 0 bytes, init.o(.text), UNUSED)

<P><STRONG><a name="[269]"></a>__I$use$semihosting$fputc</STRONG> (Thumb, 0 bytes, Stack size unknown bytes, iusesemip.o(.text), UNUSED)

<P><STRONG><a name="[26a]"></a>__decompress</STRONG> (Thumb, 0 bytes, Stack size unknown bytes, __dczerorl2.o(.text), UNUSED)

<P><STRONG><a name="[26b]"></a>__decompress1</STRONG> (Thumb, 86 bytes, Stack size unknown bytes, __dczerorl2.o(.text), UNUSED)

<P><STRONG><a name="[26c]"></a>__semihosting_library_function</STRONG> (Thumb, 0 bytes, Stack size unknown bytes, semi.o(.text), UNUSED)

<P><STRONG><a name="[73]"></a>BUTTON_Callback</STRONG> (Thumb, 368 bytes, Stack size unknown bytes, BUTTON.o(.text.BUTTON_Callback))
<BR><BR>[Stack]<UL><LI>Max Depth = 152 + Unknown Stack Size
<LI>Call Chain = BUTTON_Callback &rArr; WM_NotifyParent &rArr; WM__SendMessage &rArr; WM_DefaultProc &rArr; WM_SendToParent &rArr;  WM__SendMessage (Cycle)
</UL>
<BR>[Calls]<UL><LI><a href="#[e4]">&gt;&gt;</a>&nbsp;&nbsp;&nbsp;WM_NotifyParent
<LI><a href="#[e8]">&gt;&gt;</a>&nbsp;&nbsp;&nbsp;GUI_StoreKey
<LI><a href="#[e6]">&gt;&gt;</a>&nbsp;&nbsp;&nbsp;GUI_ALLOC_FreePtrArray
<LI><a href="#[e5]">&gt;&gt;</a>&nbsp;&nbsp;&nbsp;GUI_ALLOC_FreePtr
<LI><a href="#[e3]">&gt;&gt;</a>&nbsp;&nbsp;&nbsp;GUI_ALLOC_UnlockH
<LI><a href="#[e2]">&gt;&gt;</a>&nbsp;&nbsp;&nbsp;GUI_ALLOC_LockH
<LI><a href="#[e0]">&gt;&gt;</a>&nbsp;&nbsp;&nbsp;WM_DefaultProc
<LI><a href="#[df]">&gt;&gt;</a>&nbsp;&nbsp;&nbsp;WIDGET_HandleActive
<LI><a href="#[e1]">&gt;&gt;</a>&nbsp;&nbsp;&nbsp;WIDGET_OrState
<LI><a href="#[e7]">&gt;&gt;</a>&nbsp;&nbsp;&nbsp;WIDGET_AndState
</UL>
<BR>[Address Reference Count : 1]<UL><LI> BUTTON.o(.text.BUTTON_CreateIndirect)
</UL>
<P><STRONG><a name="[9b]"></a>BUTTON_CreateIndirect</STRONG> (Thumb, 252 bytes, Stack size unknown bytes, BUTTON.o(.text.BUTTON_CreateIndirect))
<BR><BR>[Stack]<UL><LI>Max Depth = 152 + Unknown Stack Size
<LI>Call Chain = BUTTON_CreateIndirect &rArr; WM_CreateWindowAsChild &rArr; WM_BringToBottom &rArr; WM__InvalidateRectEx &rArr; WM__InvalidateRect &rArr;  WM__InvalidateRect (Cycle)
</UL>
<BR>[Calls]<UL><LI><a href="#[ea]">&gt;&gt;</a>&nbsp;&nbsp;&nbsp;WM_CreateWindowAsChild
<LI><a href="#[ee]">&gt;&gt;</a>&nbsp;&nbsp;&nbsp;WM_InvalidateWindow
<LI><a href="#[e3]">&gt;&gt;</a>&nbsp;&nbsp;&nbsp;GUI_ALLOC_UnlockH
<LI><a href="#[e2]">&gt;&gt;</a>&nbsp;&nbsp;&nbsp;GUI_ALLOC_LockH
<LI><a href="#[eb]">&gt;&gt;</a>&nbsp;&nbsp;&nbsp;GUI_Unlock
<LI><a href="#[e9]">&gt;&gt;</a>&nbsp;&nbsp;&nbsp;GUI_Lock
<LI><a href="#[ed]">&gt;&gt;</a>&nbsp;&nbsp;&nbsp;GUI__SetText
<LI><a href="#[ec]">&gt;&gt;</a>&nbsp;&nbsp;&nbsp;WIDGET__Init
</UL>
<BR>[Address Reference Count : 1]<UL><LI> maintask.o(.constdata)
</UL>
<P><STRONG><a name="[2]"></a>BUTTON_DrawSkinFlex</STRONG> (Thumb, 604 bytes, Stack size unknown bytes, BUTTON_SkinFlex.o(.text.BUTTON_DrawSkinFlex))
<BR><BR>[Stack]<UL><LI>Max Depth = 152 + Unknown Stack Size
<LI>Call Chain = BUTTON_DrawSkinFlex &rArr; GUI_SetColor &rArr; GUI_Lock &rArr; GUI_X_Lock &rArr; GUI_X_InitOS &rArr; xQueueCreateMutex &rArr; prvInitialiseMutex &rArr; xQueueGenericSend &rArr; prvUnlockQueue &rArr; xTaskRemoveFromEventList &rArr; __2printf
</UL>
<BR>[Calls]<UL><LI><a href="#[ef]">&gt;&gt;</a>&nbsp;&nbsp;&nbsp;GUI_SetColor
<LI><a href="#[f4]">&gt;&gt;</a>&nbsp;&nbsp;&nbsp;GUI_MoveRect
<LI><a href="#[e3]">&gt;&gt;</a>&nbsp;&nbsp;&nbsp;GUI_ALLOC_UnlockH
<LI><a href="#[e2]">&gt;&gt;</a>&nbsp;&nbsp;&nbsp;GUI_ALLOC_LockH
<LI><a href="#[f5]">&gt;&gt;</a>&nbsp;&nbsp;&nbsp;GUI_SetTextMode
<LI><a href="#[f2]">&gt;&gt;</a>&nbsp;&nbsp;&nbsp;GUI_SetFont
<LI><a href="#[f3]">&gt;&gt;</a>&nbsp;&nbsp;&nbsp;GUI_GetClientRect
<LI><a href="#[f7]">&gt;&gt;</a>&nbsp;&nbsp;&nbsp;WM__IsEnabled
<LI><a href="#[fd]">&gt;&gt;</a>&nbsp;&nbsp;&nbsp;GUI_FillRect
<LI><a href="#[fc]">&gt;&gt;</a>&nbsp;&nbsp;&nbsp;GUI_DrawVLine
<LI><a href="#[fb]">&gt;&gt;</a>&nbsp;&nbsp;&nbsp;GUI_DrawHLine
<LI><a href="#[fa]">&gt;&gt;</a>&nbsp;&nbsp;&nbsp;GUI__DrawTwinArc4
<LI><a href="#[f8]">&gt;&gt;</a>&nbsp;&nbsp;&nbsp;GUI_DRAW__Draw
<LI><a href="#[f6]">&gt;&gt;</a>&nbsp;&nbsp;&nbsp;GUI_DispStringInRect
<LI><a href="#[f1]">&gt;&gt;</a>&nbsp;&nbsp;&nbsp;GUI_DrawGradientV
<LI><a href="#[f0]">&gt;&gt;</a>&nbsp;&nbsp;&nbsp;GUI_DrawRect
<LI><a href="#[f9]">&gt;&gt;</a>&nbsp;&nbsp;&nbsp;WM_SetHasTrans
</UL>
<BR>[Address Reference Count : 1]<UL><LI> BUTTON.o(.data)
</UL>
<P><STRONG><a name="[fe]"></a>BUTTON_SetFont</STRONG> (Thumb, 50 bytes, Stack size unknown bytes, BUTTON.o(.text.BUTTON_SetFont))
<BR><BR>[Stack]<UL><LI>Max Depth = 152 + Unknown Stack Size
<LI>Call Chain = BUTTON_SetFont &rArr; WM_InvalidateWindow &rArr; WM__InvalidateRect &rArr;  WM__InvalidateRect (Cycle)
</UL>
<BR>[Calls]<UL><LI><a href="#[ee]">&gt;&gt;</a>&nbsp;&nbsp;&nbsp;WM_InvalidateWindow
<LI><a href="#[e3]">&gt;&gt;</a>&nbsp;&nbsp;&nbsp;GUI_ALLOC_UnlockH
<LI><a href="#[e2]">&gt;&gt;</a>&nbsp;&nbsp;&nbsp;GUI_ALLOC_LockH
<LI><a href="#[eb]">&gt;&gt;</a>&nbsp;&nbsp;&nbsp;GUI_Unlock
<LI><a href="#[e9]">&gt;&gt;</a>&nbsp;&nbsp;&nbsp;GUI_Lock
</UL>
<BR>[Called By]<UL><LI><a href="#[85]">&gt;&gt;</a>&nbsp;&nbsp;&nbsp;_cbDialog
</UL>

<P><STRONG><a name="[ff]"></a>BUTTON_SetText</STRONG> (Thumb, 100 bytes, Stack size unknown bytes, BUTTON.o(.text.BUTTON_SetText))
<BR><BR>[Stack]<UL><LI>Max Depth = 152 + Unknown Stack Size
<LI>Call Chain = BUTTON_SetText &rArr; WM_InvalidateWindow &rArr; WM__InvalidateRect &rArr;  WM__InvalidateRect (Cycle)
</UL>
<BR>[Calls]<UL><LI><a href="#[ee]">&gt;&gt;</a>&nbsp;&nbsp;&nbsp;WM_InvalidateWindow
<LI><a href="#[e3]">&gt;&gt;</a>&nbsp;&nbsp;&nbsp;GUI_ALLOC_UnlockH
<LI><a href="#[e2]">&gt;&gt;</a>&nbsp;&nbsp;&nbsp;GUI_ALLOC_LockH
<LI><a href="#[eb]">&gt;&gt;</a>&nbsp;&nbsp;&nbsp;GUI_Unlock
<LI><a href="#[e9]">&gt;&gt;</a>&nbsp;&nbsp;&nbsp;GUI_Lock
<LI><a href="#[ed]">&gt;&gt;</a>&nbsp;&nbsp;&nbsp;GUI__SetText
</UL>
<BR>[Called By]<UL><LI><a href="#[85]">&gt;&gt;</a>&nbsp;&nbsp;&nbsp;_cbDialog
</UL>

<P><STRONG><a name="[74]"></a>CHECKBOX_Callback</STRONG> (Thumb, 408 bytes, Stack size unknown bytes, CHECKBOX.o(.text.CHECKBOX_Callback))
<BR><BR>[Stack]<UL><LI>Max Depth = 152 + Unknown Stack Size
<LI>Call Chain = CHECKBOX_Callback &rArr; WM_InvalidateWindow &rArr; WM__InvalidateRect &rArr;  WM__InvalidateRect (Cycle)
</UL>
<BR>[Calls]<UL><LI><a href="#[ee]">&gt;&gt;</a>&nbsp;&nbsp;&nbsp;WM_InvalidateWindow
<LI><a href="#[e4]">&gt;&gt;</a>&nbsp;&nbsp;&nbsp;WM_NotifyParent
<LI><a href="#[e8]">&gt;&gt;</a>&nbsp;&nbsp;&nbsp;GUI_StoreKey
<LI><a href="#[e5]">&gt;&gt;</a>&nbsp;&nbsp;&nbsp;GUI_ALLOC_FreePtr
<LI><a href="#[e3]">&gt;&gt;</a>&nbsp;&nbsp;&nbsp;GUI_ALLOC_UnlockH
<LI><a href="#[e2]">&gt;&gt;</a>&nbsp;&nbsp;&nbsp;GUI_ALLOC_LockH
<LI><a href="#[eb]">&gt;&gt;</a>&nbsp;&nbsp;&nbsp;GUI_Unlock
<LI><a href="#[e9]">&gt;&gt;</a>&nbsp;&nbsp;&nbsp;GUI_Lock
<LI><a href="#[e0]">&gt;&gt;</a>&nbsp;&nbsp;&nbsp;WM_DefaultProc
<LI><a href="#[101]">&gt;&gt;</a>&nbsp;&nbsp;&nbsp;WM_SetCapture
<LI><a href="#[df]">&gt;&gt;</a>&nbsp;&nbsp;&nbsp;WIDGET_HandleActive
<LI><a href="#[f7]">&gt;&gt;</a>&nbsp;&nbsp;&nbsp;WM__IsEnabled
<LI><a href="#[100]">&gt;&gt;</a>&nbsp;&nbsp;&nbsp;WM_HasCaptured
</UL>
<BR>[Address Reference Count : 1]<UL><LI> CHECKBOX.o(.text.CHECKBOX_CreateIndirect)
</UL>
<P><STRONG><a name="[9c]"></a>CHECKBOX_CreateIndirect</STRONG> (Thumb, 232 bytes, Stack size unknown bytes, CHECKBOX.o(.text.CHECKBOX_CreateIndirect))
<BR><BR>[Stack]<UL><LI>Max Depth = 152 + Unknown Stack Size
<LI>Call Chain = CHECKBOX_CreateIndirect &rArr; WM_CreateWindowAsChild &rArr; WM_BringToBottom &rArr; WM__InvalidateRectEx &rArr; WM__InvalidateRect &rArr;  WM__InvalidateRect (Cycle)
</UL>
<BR>[Calls]<UL><LI><a href="#[ea]">&gt;&gt;</a>&nbsp;&nbsp;&nbsp;WM_CreateWindowAsChild
<LI><a href="#[e3]">&gt;&gt;</a>&nbsp;&nbsp;&nbsp;GUI_ALLOC_UnlockH
<LI><a href="#[e2]">&gt;&gt;</a>&nbsp;&nbsp;&nbsp;GUI_ALLOC_LockH
<LI><a href="#[eb]">&gt;&gt;</a>&nbsp;&nbsp;&nbsp;GUI_Unlock
<LI><a href="#[e9]">&gt;&gt;</a>&nbsp;&nbsp;&nbsp;GUI_Lock
<LI><a href="#[ec]">&gt;&gt;</a>&nbsp;&nbsp;&nbsp;WIDGET__Init
</UL>
<BR>[Address Reference Count : 1]<UL><LI> maintask.o(.constdata)
</UL>
<P><STRONG><a name="[4]"></a>CHECKBOX_DrawSkinFlex</STRONG> (Thumb, 1678 bytes, Stack size unknown bytes, CHECKBOX_SkinFlex.o(.text.CHECKBOX_DrawSkinFlex))
<BR><BR>[Stack]<UL><LI>Max Depth = 152 + Unknown Stack Size
<LI>Call Chain = CHECKBOX_DrawSkinFlex &rArr; GUI_SetColor &rArr; GUI_Lock &rArr; GUI_X_Lock &rArr; GUI_X_InitOS &rArr; xQueueCreateMutex &rArr; prvInitialiseMutex &rArr; xQueueGenericSend &rArr; prvUnlockQueue &rArr; xTaskRemoveFromEventList &rArr; __2printf
</UL>
<BR>[Calls]<UL><LI><a href="#[ef]">&gt;&gt;</a>&nbsp;&nbsp;&nbsp;GUI_SetColor
<LI><a href="#[10a]">&gt;&gt;</a>&nbsp;&nbsp;&nbsp;GUI_SetBkColor
<LI><a href="#[10b]">&gt;&gt;</a>&nbsp;&nbsp;&nbsp;GUI_Clear
<LI><a href="#[e3]">&gt;&gt;</a>&nbsp;&nbsp;&nbsp;GUI_ALLOC_UnlockH
<LI><a href="#[e2]">&gt;&gt;</a>&nbsp;&nbsp;&nbsp;GUI_ALLOC_LockH
<LI><a href="#[eb]">&gt;&gt;</a>&nbsp;&nbsp;&nbsp;GUI_Unlock
<LI><a href="#[e9]">&gt;&gt;</a>&nbsp;&nbsp;&nbsp;GUI_Lock
<LI><a href="#[108]">&gt;&gt;</a>&nbsp;&nbsp;&nbsp;GUI_ALLOC_GetFixedBlock
<LI><a href="#[105]">&gt;&gt;</a>&nbsp;&nbsp;&nbsp;GUI_GetStringDistX
<LI><a href="#[f5]">&gt;&gt;</a>&nbsp;&nbsp;&nbsp;GUI_SetTextMode
<LI><a href="#[f2]">&gt;&gt;</a>&nbsp;&nbsp;&nbsp;GUI_SetFont
<LI><a href="#[106]">&gt;&gt;</a>&nbsp;&nbsp;&nbsp;GUI_GetYSizeOfFont
<LI><a href="#[109]">&gt;&gt;</a>&nbsp;&nbsp;&nbsp;CHECKBOX_GetBkColor
<LI><a href="#[f7]">&gt;&gt;</a>&nbsp;&nbsp;&nbsp;WM__IsEnabled
<LI><a href="#[104]">&gt;&gt;</a>&nbsp;&nbsp;&nbsp;WM_GetClientRect
<LI><a href="#[107]">&gt;&gt;</a>&nbsp;&nbsp;&nbsp;GUI_DrawFocusRect
<LI><a href="#[103]">&gt;&gt;</a>&nbsp;&nbsp;&nbsp;WM_GetHasTrans
<LI><a href="#[102]">&gt;&gt;</a>&nbsp;&nbsp;&nbsp;GUI_DrawBitmap
<LI><a href="#[f6]">&gt;&gt;</a>&nbsp;&nbsp;&nbsp;GUI_DispStringInRect
<LI><a href="#[f1]">&gt;&gt;</a>&nbsp;&nbsp;&nbsp;GUI_DrawGradientV
<LI><a href="#[f0]">&gt;&gt;</a>&nbsp;&nbsp;&nbsp;GUI_DrawRect
<LI><a href="#[f9]">&gt;&gt;</a>&nbsp;&nbsp;&nbsp;WM_SetHasTrans
</UL>
<BR>[Address Reference Count : 1]<UL><LI> CHECKBOX.o(.data)
</UL>
<P><STRONG><a name="[109]"></a>CHECKBOX_GetBkColor</STRONG> (Thumb, 56 bytes, Stack size unknown bytes, CHECKBOX.o(.text.CHECKBOX_GetBkColor))
<BR><BR>[Stack]<UL><LI>Max Depth = 152 + Unknown Stack Size
<LI>Call Chain = CHECKBOX_GetBkColor &rArr; WM_InvalidateWindow &rArr; WM__InvalidateRect &rArr;  WM__InvalidateRect (Cycle)
</UL>
<BR>[Calls]<UL><LI><a href="#[ee]">&gt;&gt;</a>&nbsp;&nbsp;&nbsp;WM_InvalidateWindow
<LI><a href="#[e3]">&gt;&gt;</a>&nbsp;&nbsp;&nbsp;GUI_ALLOC_UnlockH
<LI><a href="#[e2]">&gt;&gt;</a>&nbsp;&nbsp;&nbsp;GUI_ALLOC_LockH
<LI><a href="#[eb]">&gt;&gt;</a>&nbsp;&nbsp;&nbsp;GUI_Unlock
<LI><a href="#[e9]">&gt;&gt;</a>&nbsp;&nbsp;&nbsp;GUI_Lock
</UL>
<BR>[Called By]<UL><LI><a href="#[4]">&gt;&gt;</a>&nbsp;&nbsp;&nbsp;CHECKBOX_DrawSkinFlex
</UL>

<P><STRONG><a name="[10c]"></a>CHECKBOX_SetFont</STRONG> (Thumb, 52 bytes, Stack size unknown bytes, CHECKBOX.o(.text.CHECKBOX_SetFont))
<BR><BR>[Stack]<UL><LI>Max Depth = 152 + Unknown Stack Size
<LI>Call Chain = CHECKBOX_SetFont &rArr; WM_InvalidateWindow &rArr; WM__InvalidateRect &rArr;  WM__InvalidateRect (Cycle)
</UL>
<BR>[Calls]<UL><LI><a href="#[ee]">&gt;&gt;</a>&nbsp;&nbsp;&nbsp;WM_InvalidateWindow
<LI><a href="#[e3]">&gt;&gt;</a>&nbsp;&nbsp;&nbsp;GUI_ALLOC_UnlockH
<LI><a href="#[e2]">&gt;&gt;</a>&nbsp;&nbsp;&nbsp;GUI_ALLOC_LockH
<LI><a href="#[eb]">&gt;&gt;</a>&nbsp;&nbsp;&nbsp;GUI_Unlock
[...]
<LI><a href="#[15c]">&gt;&gt;</a>&nbsp;&nbsp;&nbsp;GUI_SetDrawMode
<LI><a href="#[17f]">&gt;&gt;</a>&nbsp;&nbsp;&nbsp;LCD_UpdateColorIndices
<LI><a href="#[181]">&gt;&gt;</a>&nbsp;&nbsp;&nbsp;GUI_SelectLCD
</UL>
<BR>[Called By]<UL><LI><a href="#[179]">&gt;&gt;</a>&nbsp;&nbsp;&nbsp;GUI_MEMDEV_CopyToLCD
</UL>

<P><STRONG><a name="[7d]"></a>_cbInvalidateOne</STRONG> (Thumb, 4 bytes, Stack size unknown bytes, WM_BringToTop.o(.text._cbInvalidateOne))
<BR><BR>[Stack]<UL><LI>Max Depth = 152 + Unknown Stack Size
<LI>Call Chain = _cbInvalidateOne &rArr; WM_InvalidateWindow &rArr; WM__InvalidateRect &rArr;  WM__InvalidateRect (Cycle)
</UL>
<BR>[Calls]<UL><LI><a href="#[ee]">&gt;&gt;</a>&nbsp;&nbsp;&nbsp;WM_InvalidateWindow
</UL>
<BR>[Address Reference Count : 1]<UL><LI> WM_BringToTop.o(.text.WM_BringToTop)
</UL>
<P><STRONG><a name="[1f0]"></a>_MoveDescendents</STRONG> (Thumb, 588 bytes, Stack size unknown bytes, WM_Move.o(.text._MoveDescendents))
<BR><BR>[Stack]<UL><LI>Max Depth = 152 + Unknown Stack Size
 + In Cycle
<LI>Call Chain = _MoveDescendents &rArr;  _MoveDescendents (Cycle)
</UL>
<BR>[Calls]<UL><LI><a href="#[114]">&gt;&gt;</a>&nbsp;&nbsp;&nbsp;WM__SendMessage
<LI><a href="#[f4]">&gt;&gt;</a>&nbsp;&nbsp;&nbsp;GUI_MoveRect
<LI><a href="#[e3]">&gt;&gt;</a>&nbsp;&nbsp;&nbsp;GUI_ALLOC_UnlockH
<LI><a href="#[e2]">&gt;&gt;</a>&nbsp;&nbsp;&nbsp;GUI_ALLOC_LockH
<LI><a href="#[1f0]">&gt;&gt;</a>&nbsp;&nbsp;&nbsp;_MoveDescendents
</UL>
<BR>[Called By]<UL><LI><a href="#[1ef]">&gt;&gt;</a>&nbsp;&nbsp;&nbsp;WM__MoveWindow
<LI><a href="#[129]">&gt;&gt;</a>&nbsp;&nbsp;&nbsp;WM_MoveWindow
<LI><a href="#[1f0]">&gt;&gt;</a>&nbsp;&nbsp;&nbsp;_MoveDescendents
</UL>

<P><STRONG><a name="[a]"></a>_Create</STRONG> (Thumb, 54 bytes, Stack size unknown bytes, BUTTON_Skin.o(.text._Create))
<BR><BR>[Stack]<UL><LI>Max Depth = 8 + Unknown Stack Size
<LI>Call Chain = _Create &rArr; memset
</UL>
<BR>[Calls]<UL><LI><a href="#[e3]">&gt;&gt;</a>&nbsp;&nbsp;&nbsp;GUI_ALLOC_UnlockH
<LI><a href="#[e2]">&gt;&gt;</a>&nbsp;&nbsp;&nbsp;GUI_ALLOC_LockH
<LI><a href="#[8]">&gt;&gt;</a>&nbsp;&nbsp;&nbsp;memset
</UL>
<BR>[Address Reference Count : 1]<UL><LI> BUTTON_Skin.o(.data)
</UL>
<P><STRONG><a name="[9]"></a>_Paint</STRONG> (Thumb, 134 bytes, Stack size unknown bytes, BUTTON_Skin.o(.text._Paint))
<BR><BR>[Stack]<UL><LI>Max Depth = 152 + Unknown Stack Size
<LI>Call Chain = _Paint &rArr; WM_GetWindowSizeX &rArr; GUI_Lock &rArr; GUI_X_Lock &rArr; GUI_X_InitOS &rArr; xQueueCreateMutex &rArr; prvInitialiseMutex &rArr; xQueueGenericSend &rArr; prvUnlockQueue &rArr; xTaskRemoveFromEventList &rArr; __2printf
</UL>
<BR>[Calls]<UL><LI><a href="#[e3]">&gt;&gt;</a>&nbsp;&nbsp;&nbsp;GUI_ALLOC_UnlockH
<LI><a href="#[e2]">&gt;&gt;</a>&nbsp;&nbsp;&nbsp;GUI_ALLOC_LockH
<LI><a href="#[1e6]">&gt;&gt;</a>&nbsp;&nbsp;&nbsp;WM_GetWindowSizeX
<LI><a href="#[124]">&gt;&gt;</a>&nbsp;&nbsp;&nbsp;WM_GetWindowSizeY
</UL>
<BR>[Address Reference Count : 1]<UL><LI> BUTTON_Skin.o(.data)
</UL>
<P><STRONG><a name="[c]"></a>_Create</STRONG> (Thumb, 44 bytes, Stack size unknown bytes, CHECKBOX_Skin.o(.text._Create))
<BR><BR>[Calls]<UL><LI><a href="#[e3]">&gt;&gt;</a>&nbsp;&nbsp;&nbsp;GUI_ALLOC_UnlockH
<LI><a href="#[e2]">&gt;&gt;</a>&nbsp;&nbsp;&nbsp;GUI_ALLOC_LockH
</UL>
<BR>[Address Reference Count : 1]<UL><LI> CHECKBOX_Skin.o(.data)
</UL>
<P><STRONG><a name="[b]"></a>_Paint</STRONG> (Thumb, 164 bytes, Stack size unknown bytes, CHECKBOX_Skin.o(.text._Paint))
<BR><BR>[Stack]<UL><LI>Max Depth = 152 + Unknown Stack Size
<LI>Call Chain = _Paint &rArr; WM_GetWindowSizeX &rArr; GUI_Lock &rArr; GUI_X_Lock &rArr; GUI_X_InitOS &rArr; xQueueCreateMutex &rArr; prvInitialiseMutex &rArr; xQueueGenericSend &rArr; prvUnlockQueue &rArr; xTaskRemoveFromEventList &rArr; __2printf
</UL>
<BR>[Calls]<UL><LI><a href="#[e3]">&gt;&gt;</a>&nbsp;&nbsp;&nbsp;GUI_ALLOC_UnlockH
<LI><a href="#[e2]">&gt;&gt;</a>&nbsp;&nbsp;&nbsp;GUI_ALLOC_LockH
<LI><a href="#[1e6]">&gt;&gt;</a>&nbsp;&nbsp;&nbsp;WM_GetWindowSizeX
<LI><a href="#[124]">&gt;&gt;</a>&nbsp;&nbsp;&nbsp;WM_GetWindowSizeY
</UL>
<BR>[Address Reference Count : 1]<UL><LI> CHECKBOX_Skin.o(.data)
</UL>
<P><STRONG><a name="[f]"></a>_GetBorderSize</STRONG> (Thumb, 88 bytes, Stack size unknown bytes, FRAMEWIN_Skin.o(.text._GetBorderSize))
<BR><BR>[Calls]<UL><LI><a href="#[e3]">&gt;&gt;</a>&nbsp;&nbsp;&nbsp;GUI_ALLOC_UnlockH
<LI><a href="#[e2]">&gt;&gt;</a>&nbsp;&nbsp;&nbsp;GUI_ALLOC_LockH
</UL>
<BR>[Address Reference Count : 1]<UL><LI> FRAMEWIN_Skin.o(.data)
</UL>
<P><STRONG><a name="[e]"></a>_Create</STRONG> (Thumb, 44 bytes, Stack size unknown bytes, FRAMEWIN_Skin.o(.text._Create))
<BR><BR>[Calls]<UL><LI><a href="#[e3]">&gt;&gt;</a>&nbsp;&nbsp;&nbsp;GUI_ALLOC_UnlockH
<LI><a href="#[e2]">&gt;&gt;</a>&nbsp;&nbsp;&nbsp;GUI_ALLOC_LockH
</UL>
<BR>[Address Reference Count : 1]<UL><LI> FRAMEWIN_Skin.o(.data)
</UL>
<P><STRONG><a name="[d]"></a>_Paint</STRONG> (Thumb, 404 bytes, Stack size unknown bytes, FRAMEWIN_Skin.o(.text._Paint))
<BR><BR>[Stack]<UL><LI>Max Depth = 152 + Unknown Stack Size
<LI>Call Chain = _Paint &rArr; WM_GetWindowSizeX &rArr; GUI_Lock &rArr; GUI_X_Lock &rArr; GUI_X_InitOS &rArr; xQueueCreateMutex &rArr; prvInitialiseMutex &rArr; xQueueGenericSend &rArr; prvUnlockQueue &rArr; xTaskRemoveFromEventList &rArr; __2printf
</UL>
<BR>[Calls]<UL><LI><a href="#[146]">&gt;&gt;</a>&nbsp;&nbsp;&nbsp;WM__GetNextIVR
<LI><a href="#[145]">&gt;&gt;</a>&nbsp;&nbsp;&nbsp;WM__InitIVRSearch
<LI><a href="#[e3]">&gt;&gt;</a>&nbsp;&nbsp;&nbsp;GUI_ALLOC_UnlockH
<LI><a href="#[e2]">&gt;&gt;</a>&nbsp;&nbsp;&nbsp;GUI_ALLOC_LockH
<LI><a href="#[1e6]">&gt;&gt;</a>&nbsp;&nbsp;&nbsp;WM_GetWindowSizeX
<LI><a href="#[f5]">&gt;&gt;</a>&nbsp;&nbsp;&nbsp;GUI_SetTextMode
<LI><a href="#[f2]">&gt;&gt;</a>&nbsp;&nbsp;&nbsp;GUI_SetFont
<LI><a href="#[124]">&gt;&gt;</a>&nbsp;&nbsp;&nbsp;WM_GetWindowSizeY
<LI><a href="#[125]">&gt;&gt;</a>&nbsp;&nbsp;&nbsp;FRAMEWIN__GetTitleLimits
<LI><a href="#[126]">&gt;&gt;</a>&nbsp;&nbsp;&nbsp;FRAMEWIN__CalcTitleHeight
</UL>
<BR>[Address Reference Count : 1]<UL><LI> FRAMEWIN_Skin.o(.data)
</UL>
<P><STRONG><a name="[bf]"></a>_Color2Index_M8888I</STRONG> (Thumb, 2 bytes, Stack size unknown bytes, GUICC_M8888I.o(.text._Color2Index_M8888I))
<BR>[Address Reference Count : 1]<UL><LI> GUICC_M8888I.o(.rodata)
</UL>
<P><STRONG><a name="[c0]"></a>_GetIndexMask_M8888I</STRONG> (Thumb, 6 bytes, Stack size unknown bytes, GUICC_M8888I.o(.text._GetIndexMask_M8888I))
<BR>[Address Reference Count : 1]<UL><LI> GUICC_M8888I.o(.rodata)
</UL>
<P><STRONG><a name="[c1]"></a>_Color2IndexBulk_M8888I</STRONG> (Thumb, 20 bytes, Stack size unknown bytes, GUICC_M8888I.o(.text._Color2IndexBulk_M8888I))
<BR>[Address Reference Count : 1]<UL><LI> GUICC_M8888I.o(.rodata)
</UL>
<P><STRONG><a name="[c2]"></a>_Index2ColorBulk_M8888I</STRONG> (Thumb, 20 bytes, Stack size unknown bytes, GUICC_M8888I.o(.text._Index2ColorBulk_M8888I))
<BR>[Address Reference Count : 1]<UL><LI> GUICC_M8888I.o(.rodata)
</UL>
<P><STRONG><a name="[c5]"></a>_GetIndexMask_0</STRONG> (Thumb, 74 bytes, Stack size unknown bytes, GUICC_0.o(.text._GetIndexMask_0))
<BR><BR>[Calls]<UL><LI><a href="#[1c1]">&gt;&gt;</a>&nbsp;&nbsp;&nbsp;LCD_GetNumColors
</UL>
<BR>[Address Reference Count : 1]<UL><LI> GUICC_0.o(.rodata)
</UL>
<P><STRONG><a name="[c4]"></a>_Index2Color_0</STRONG> (Thumb, 30 bytes, Stack size unknown bytes, GUICC_0.o(.text._Index2Color_0))
<BR><BR>[Calls]<UL><LI><a href="#[1c4]">&gt;&gt;</a>&nbsp;&nbsp;&nbsp;LCD_GetPalette
<LI><a href="#[1c1]">&gt;&gt;</a>&nbsp;&nbsp;&nbsp;LCD_GetNumColors
</UL>
<BR>[Address Reference Count : 1]<UL><LI> GUICC_0.o(.rodata)
</UL>
<P><STRONG><a name="[c3]"></a>_Color2Index_0</STRONG> (Thumb, 88 bytes, Stack size unknown bytes, GUICC_0.o(.text._Color2Index_0))
<BR><BR>[Calls]<UL><LI><a href="#[1c4]">&gt;&gt;</a>&nbsp;&nbsp;&nbsp;LCD_GetPalette
<LI><a href="#[1c1]">&gt;&gt;</a>&nbsp;&nbsp;&nbsp;LCD_GetNumColors
<LI><a href="#[200]">&gt;&gt;</a>&nbsp;&nbsp;&nbsp;GUI_CalcColorDist
</UL>
<BR>[Address Reference Count : 1]<UL><LI> GUICC_0.o(.rodata)
</UL>
<P><STRONG><a name="[10]"></a>_Log2VisBuffered</STRONG> (Thumb, 2 bytes, Stack size unknown bytes, GUI_CharLine.o(.text._Log2VisBuffered))
<BR>[Address Reference Count : 1]<UL><LI> GUI_CharLine.o(.data)
</UL>
<P><STRONG><a name="[1b5]"></a>_DispLine</STRONG> (Thumb, 156 bytes, Stack size unknown bytes, GUI_CharLine.o(.text._DispLine))
<BR><BR>[Calls]<UL><LI><a href="#[1bd]">&gt;&gt;</a>&nbsp;&nbsp;&nbsp;GUI__ManageCache
<LI><a href="#[1f5]">&gt;&gt;</a>&nbsp;&nbsp;&nbsp;GUI_RectsIntersect
<LI><a href="#[1bc]">&gt;&gt;</a>&nbsp;&nbsp;&nbsp;GUI_UC__GetCharCodeInc
</UL>
<BR>[Called By]<UL><LI><a href="#[1b4]">&gt;&gt;</a>&nbsp;&nbsp;&nbsp;GUI__DispLine
</UL>

<P><STRONG><a name="[78]"></a>_OnExit</STRONG> (Thumb, 40 bytes, Stack size unknown bytes, GUI__Alpha.o(.text._OnExit))
<BR><BR>[Calls]<UL><LI><a href="#[152]">&gt;&gt;</a>&nbsp;&nbsp;&nbsp;GUI_ALLOC_FreeFixedBlock
</UL>
<BR>[Address Reference Count : 2]<UL><LI> GUI__Alpha.o(.text.GUI__DoAlphaBlending)
<LI> GUI__Alpha.o(.text.GUI__AllocAlphaBuffer)
</UL>
<P><STRONG><a name="[d0]"></a>_GetDevData</STRONG> (Thumb, 16 bytes, Stack size unknown bytes, GUIDEV_32.o(.text._GetDevData))
<BR>[Address Reference Count : 1]<UL><LI> GUIDEV_32.o(.rodata)
</UL>
<P><STRONG><a name="[ce]"></a>_GetDevFunc</STRONG> (Thumb, 16 bytes, Stack size unknown bytes, GUIDEV_32.o(.text._GetDevFunc))
<BR>[Address Reference Count : 1]<UL><LI> GUIDEV_32.o(.rodata)
</UL>
<P><STRONG><a name="[cf]"></a>_GetDevProp</STRONG> (Thumb, 10 bytes, Stack size unknown bytes, GUIDEV_32.o(.text._GetDevProp))
<BR>[Address Reference Count : 1]<UL><LI> GUIDEV_32.o(.rodata)
</UL>
<P><STRONG><a name="[cd]"></a>_SetOrg</STRONG> (Thumb, 8 bytes, Stack size unknown bytes, GUIDEV_32.o(.text._SetOrg))
<BR>[Address Reference Count : 1]<UL><LI> GUIDEV_32.o(.rodata)
</UL>
<P><STRONG><a name="[d1]"></a>_GetRect</STRONG> (Thumb, 56 bytes, Stack size unknown bytes, GUIDEV_32.o(.text._GetRect))
<BR><BR>[Calls]<UL><LI><a href="#[e3]">&gt;&gt;</a>&nbsp;&nbsp;&nbsp;GUI_ALLOC_UnlockH
<LI><a href="#[e2]">&gt;&gt;</a>&nbsp;&nbsp;&nbsp;GUI_ALLOC_LockH
</UL>
<BR>[Address Reference Count : 1]<UL><LI> GUIDEV_32.o(.rodata)
</UL>
<P><STRONG><a name="[c6]"></a>_DrawBitmap</STRONG> (Thumb, 2516 bytes, Stack size unknown bytes, GUIDEV_32.o(.text._DrawBitmap))
<BR><BR>[Calls]<UL><LI><a href="#[201]">&gt;&gt;</a>&nbsp;&nbsp;&nbsp;GUI_USAGE_AddRect
<LI><a href="#[e3]">&gt;&gt;</a>&nbsp;&nbsp;&nbsp;GUI_ALLOC_UnlockH
<LI><a href="#[e2]">&gt;&gt;</a>&nbsp;&nbsp;&nbsp;GUI_ALLOC_LockH
</UL>
<BR>[Address Reference Count : 1]<UL><LI> GUIDEV_32.o(.rodata)
</UL>
<P><STRONG><a name="[ca]"></a>_GetPixelIndex</STRONG> (Thumb, 64 bytes, Stack size unknown bytes, GUIDEV_32.o(.text._GetPixelIndex))
<BR><BR>[Calls]<UL><LI><a href="#[e3]">&gt;&gt;</a>&nbsp;&nbsp;&nbsp;GUI_ALLOC_UnlockH
<LI><a href="#[e2]">&gt;&gt;</a>&nbsp;&nbsp;&nbsp;GUI_ALLOC_LockH
</UL>
<BR>[Address Reference Count : 1]<UL><LI> GUIDEV_32.o(.rodata)
</UL>
<P><STRONG><a name="[cb]"></a>_SetPixelIndex</STRONG> (Thumb, 120 bytes, Stack size unknown bytes, GUIDEV_32.o(.text._SetPixelIndex))
<BR><BR>[Calls]<UL><LI><a href="#[e3]">&gt;&gt;</a>&nbsp;&nbsp;&nbsp;GUI_ALLOC_UnlockH
<LI><a href="#[e2]">&gt;&gt;</a>&nbsp;&nbsp;&nbsp;GUI_ALLOC_LockH
</UL>
<BR>[Address Reference Count : 1]<UL><LI> GUIDEV_32.o(.rodata)
</UL>
<P><STRONG><a name="[cc]"></a>_XorPixel</STRONG> (Thumb, 132 bytes, Stack size unknown bytes, GUIDEV_32.o(.text._XorPixel))
<BR><BR>[Calls]<UL><LI><a href="#[e3]">&gt;&gt;</a>&nbsp;&nbsp;&nbsp;GUI_ALLOC_UnlockH
<LI><a href="#[e2]">&gt;&gt;</a>&nbsp;&nbsp;&nbsp;GUI_ALLOC_LockH
</UL>
<BR>[Address Reference Count : 1]<UL><LI> GUIDEV_32.o(.rodata)
</UL>
<P><STRONG><a name="[c9]"></a>_FillRect</STRONG> (Thumb, 240 bytes, Stack size unknown bytes, GUIDEV_32.o(.text._FillRect))
<BR><BR>[Calls]<UL><LI><a href="#[201]">&gt;&gt;</a>&nbsp;&nbsp;&nbsp;GUI_USAGE_AddRect
<LI><a href="#[e3]">&gt;&gt;</a>&nbsp;&nbsp;&nbsp;GUI_ALLOC_UnlockH
<LI><a href="#[e2]">&gt;&gt;</a>&nbsp;&nbsp;&nbsp;GUI_ALLOC_LockH
</UL>
<BR>[Called By]<UL><LI><a href="#[c7]">&gt;&gt;</a>&nbsp;&nbsp;&nbsp;_DrawHLine
</UL>
<BR>[Address Reference Count : 1]<UL><LI> GUIDEV_32.o(.rodata)
</UL>
<P><STRONG><a name="[c7]"></a>_DrawHLine</STRONG> (Thumb, 16 bytes, Stack size unknown bytes, GUIDEV_32.o(.text._DrawHLine))
<BR><BR>[Calls]<UL><LI><a href="#[c9]">&gt;&gt;</a>&nbsp;&nbsp;&nbsp;_FillRect
</UL>
<BR>[Address Reference Count : 1]<UL><LI> GUIDEV_32.o(.rodata)
</UL>
<P><STRONG><a name="[c8]"></a>_DrawVLine</STRONG> (Thumb, 224 bytes, Stack size unknown bytes, GUIDEV_32.o(.text._DrawVLine))
<BR><BR>[Calls]<UL><LI><a href="#[e3]">&gt;&gt;</a>&nbsp;&nbsp;&nbsp;GUI_ALLOC_UnlockH
<LI><a href="#[e2]">&gt;&gt;</a>&nbsp;&nbsp;&nbsp;GUI_ALLOC_LockH
</UL>
<BR>[Address Reference Count : 1]<UL><LI> GUIDEV_32.o(.rodata)
</UL>
<P><STRONG><a name="[d2]"></a>GUI_USAGE_BM_AddPixel</STRONG> (Thumb, 46 bytes, Stack size unknown bytes, GUIDEV_UsageBM.o(.text.GUI_USAGE_BM_AddPixel))
<BR>[Address Reference Count : 1]<UL><LI> GUIDEV_UsageBM.o(.rodata)
</UL>
<P><STRONG><a name="[d6]"></a>GUI_USAGE_BM_GetNextDirty</STRONG> (Thumb, 196 bytes, Stack size unknown bytes, GUIDEV_UsageBM.o(.text.GUI_USAGE_BM_GetNextDirty))
<BR>[Address Reference Count : 1]<UL><LI> GUIDEV_UsageBM.o(.rodata)
</UL>
<P><STRONG><a name="[d5]"></a>_GUI_USAGE_BM_Delete</STRONG> (Thumb, 4 bytes, Stack size unknown bytes, GUIDEV_UsageBM.o(.text._GUI_USAGE_BM_Delete))
<BR><BR>[Stack]<UL><LI>Max Depth = 152 + Unknown Stack Size
<LI>Call Chain = _GUI_USAGE_BM_Delete &rArr; GUI_ALLOC_Free &rArr; GUI_Lock &rArr; GUI_X_Lock &rArr; GUI_X_InitOS &rArr; xQueueCreateMutex &rArr; prvInitialiseMutex &rArr; xQueueGenericSend &rArr; prvUnlockQueue &rArr; xTaskRemoveFromEventList &rArr; __2printf
</UL>
<BR>[Calls]<UL><LI><a href="#[13f]">&gt;&gt;</a>&nbsp;&nbsp;&nbsp;GUI_ALLOC_Free
</UL>
<BR>[Address Reference Count : 1]<UL><LI> GUIDEV_UsageBM.o(.rodata)
</UL>
<P><STRONG><a name="[d4]"></a>GUI_USAGE_BM_Clear</STRONG> (Thumb, 20 bytes, Stack size unknown bytes, GUIDEV_UsageBM.o(.text.GUI_USAGE_BM_Clear))
<BR><BR>[Stack]<UL><LI>Max Depth = 8 + Unknown Stack Size
<LI>Call Chain = GUI_USAGE_BM_Clear &rArr; memset
</UL>
<BR>[Calls]<UL><LI><a href="#[8]">&gt;&gt;</a>&nbsp;&nbsp;&nbsp;memset
</UL>
<BR>[Address Reference Count : 1]<UL><LI> GUIDEV_UsageBM.o(.rodata)
</UL>
<P><STRONG><a name="[d3]"></a>GUI_USAGE_BM_AddHLine</STRONG> (Thumb, 114 bytes, Stack size unknown bytes, GUIDEV_UsageBM.o(.text.GUI_USAGE_BM_AddHLine))
<BR><BR>[Stack]<UL><LI>Max Depth = 8 + Unknown Stack Size
<LI>Call Chain = GUI_USAGE_BM_AddHLine &rArr; memset
</UL>
<BR>[Calls]<UL><LI><a href="#[8]">&gt;&gt;</a>&nbsp;&nbsp;&nbsp;memset
</UL>
<BR>[Address Reference Count : 1]<UL><LI> GUIDEV_UsageBM.o(.rodata)
</UL>
<P><STRONG><a name="[da]"></a>_DrawDownRect</STRONG> (Thumb, 56 bytes, Stack size unknown bytes, WIDGET_Effect_Simple.o(.text._DrawDownRect))
<BR><BR>[Stack]<UL><LI>Max Depth = 152 + Unknown Stack Size
<LI>Call Chain = _DrawDownRect &rArr; GUI_DrawRect &rArr; GUI_Lock &rArr; GUI_X_Lock &rArr; GUI_X_InitOS &rArr; xQueueCreateMutex &rArr; prvInitialiseMutex &rArr; xQueueGenericSend &rArr; prvUnlockQueue &rArr; xTaskRemoveFromEventList &rArr; __2printf
</UL>
<BR>[Calls]<UL><LI><a href="#[1a5]">&gt;&gt;</a>&nbsp;&nbsp;&nbsp;GUI_RestoreContext
<LI><a href="#[1a6]">&gt;&gt;</a>&nbsp;&nbsp;&nbsp;GUI_SaveContext_W
<LI><a href="#[131]">&gt;&gt;</a>&nbsp;&nbsp;&nbsp;LCD_SetColor
<LI><a href="#[f0]">&gt;&gt;</a>&nbsp;&nbsp;&nbsp;GUI_DrawRect
</UL>
<BR>[Address Reference Count : 1]<UL><LI> WIDGET_Effect_Simple.o(.rodata)
</UL>
<P><STRONG><a name="[d7]"></a>_DrawUp</STRONG> (Thumb, 60 bytes, Stack size unknown bytes, WIDGET_Effect_Simple.o(.text._DrawUp))
<BR><BR>[Stack]<UL><LI>Max Depth = 152 + Unknown Stack Size
<LI>Call Chain = _DrawUp &rArr; WM_GetClientRect &rArr; GUI_Lock &rArr; GUI_X_Lock &rArr; GUI_X_InitOS &rArr; xQueueCreateMutex &rArr; prvInitialiseMutex &rArr; xQueueGenericSend &rArr; prvUnlockQueue &rArr; xTaskRemoveFromEventList &rArr; __2printf
</UL>
<BR>[Calls]<UL><LI><a href="#[1a5]">&gt;&gt;</a>&nbsp;&nbsp;&nbsp;GUI_RestoreContext
<LI><a href="#[1a6]">&gt;&gt;</a>&nbsp;&nbsp;&nbsp;GUI_SaveContext_W
<LI><a href="#[131]">&gt;&gt;</a>&nbsp;&nbsp;&nbsp;LCD_SetColor
<LI><a href="#[104]">&gt;&gt;</a>&nbsp;&nbsp;&nbsp;WM_GetClientRect
<LI><a href="#[f0]">&gt;&gt;</a>&nbsp;&nbsp;&nbsp;GUI_DrawRect
</UL>
<BR>[Address Reference Count : 1]<UL><LI> WIDGET_Effect_Simple.o(.rodata)
</UL>
<P><STRONG><a name="[d8]"></a>_DrawUpRect</STRONG> (Thumb, 56 bytes, Stack size unknown bytes, WIDGET_Effect_Simple.o(.text._DrawUpRect))
<BR><BR>[Stack]<UL><LI>Max Depth = 152 + Unknown Stack Size
<LI>Call Chain = _DrawUpRect &rArr; GUI_DrawRect &rArr; GUI_Lock &rArr; GUI_X_Lock &rArr; GUI_X_InitOS &rArr; xQueueCreateMutex &rArr; prvInitialiseMutex &rArr; xQueueGenericSend &rArr; prvUnlockQueue &rArr; xTaskRemoveFromEventList &rArr; __2printf
</UL>
<BR>[Calls]<UL><LI><a href="#[1a5]">&gt;&gt;</a>&nbsp;&nbsp;&nbsp;GUI_RestoreContext
<LI><a href="#[1a6]">&gt;&gt;</a>&nbsp;&nbsp;&nbsp;GUI_SaveContext_W
<LI><a href="#[131]">&gt;&gt;</a>&nbsp;&nbsp;&nbsp;LCD_SetColor
<LI><a href="#[f0]">&gt;&gt;</a>&nbsp;&nbsp;&nbsp;GUI_DrawRect
</UL>
<BR>[Address Reference Count : 1]<UL><LI> WIDGET_Effect_Simple.o(.rodata)
</UL>
<P><STRONG><a name="[d9]"></a>_DrawDown</STRONG> (Thumb, 60 bytes, Stack size unknown bytes, WIDGET_Effect_Simple.o(.text._DrawDown))
<BR><BR>[Stack]<UL><LI>Max Depth = 152 + Unknown Stack Size
<LI>Call Chain = _DrawDown &rArr; WM_GetClientRect &rArr; GUI_Lock &rArr; GUI_X_Lock &rArr; GUI_X_InitOS &rArr; xQueueCreateMutex &rArr; prvInitialiseMutex &rArr; xQueueGenericSend &rArr; prvUnlockQueue &rArr; xTaskRemoveFromEventList &rArr; __2printf
</UL>
<BR>[Calls]<UL><LI><a href="#[1a5]">&gt;&gt;</a>&nbsp;&nbsp;&nbsp;GUI_RestoreContext
<LI><a href="#[1a6]">&gt;&gt;</a>&nbsp;&nbsp;&nbsp;GUI_SaveContext_W
<LI><a href="#[131]">&gt;&gt;</a>&nbsp;&nbsp;&nbsp;LCD_SetColor
<LI><a href="#[104]">&gt;&gt;</a>&nbsp;&nbsp;&nbsp;WM_GetClientRect
<LI><a href="#[f0]">&gt;&gt;</a>&nbsp;&nbsp;&nbsp;GUI_DrawRect
</UL>
<BR>[Address Reference Count : 1]<UL><LI> WIDGET_Effect_Simple.o(.rodata)
</UL>
<P><STRONG><a name="[1a4]"></a>LCD_ReadRectEx</STRONG> (Thumb, 500 bytes, Stack size unknown bytes, LCD_ReadRect.o(.text.LCD_ReadRectEx))
<BR><BR>[Calls]<UL><LI><a href="#[19c]">&gt;&gt;</a>&nbsp;&nbsp;&nbsp;GUI_GetBitsPerPixelEx
</UL>
<BR>[Called By]<UL><LI><a href="#[1a3]">&gt;&gt;</a>&nbsp;&nbsp;&nbsp;GUI_ReadRectEx
</UL>

<P><STRONG><a name="[19b]"></a>_WriteToActiveAlpha</STRONG> (Thumb, 392 bytes, Stack size unknown bytes, GUIDEV_WriteToActiveAlpha.o(.text._WriteToActiveAlpha))
<BR><BR>[Stack]<UL><LI>Max Depth = 152 + Unknown Stack Size
<LI>Call Chain = _WriteToActiveAlpha &rArr; GUI_MEMDEV_GetDataPtr &rArr; GUI_Lock &rArr; GUI_X_Lock &rArr; GUI_X_InitOS &rArr; xQueueCreateMutex &rArr; prvInitialiseMutex &rArr; xQueueGenericSend &rArr; prvUnlockQueue &rArr; xTaskRemoveFromEventList &rArr; __2printf
</UL>
<BR>[Calls]<UL><LI><a href="#[e3]">&gt;&gt;</a>&nbsp;&nbsp;&nbsp;GUI_ALLOC_UnlockH
<LI><a href="#[e2]">&gt;&gt;</a>&nbsp;&nbsp;&nbsp;GUI_ALLOC_LockH
<LI><a href="#[193]">&gt;&gt;</a>&nbsp;&nbsp;&nbsp;GUI_MEMDEV_GetDataPtr
<LI><a href="#[133]">&gt;&gt;</a>&nbsp;&nbsp;&nbsp;LCD_DrawBitmap
<LI><a href="#[207]">&gt;&gt;</a>&nbsp;&nbsp;&nbsp;GUI__CompactPixelIndicesEx
<LI><a href="#[1ae]">&gt;&gt;</a>&nbsp;&nbsp;&nbsp;GUI__AllocAlphaBuffer
<LI><a href="#[1b9]">&gt;&gt;</a>&nbsp;&nbsp;&nbsp;GUI__DoAlphaBlending
</UL>
<BR>[Called By]<UL><LI><a href="#[84]">&gt;&gt;</a>&nbsp;&nbsp;&nbsp;GUI_MEMDEV__WriteToActiveAlpha
</UL>

<P><STRONG><a name="[237]"></a>_printf_core</STRONG> (Thumb, 436 bytes, Stack size 96 bytes, printf3.o(i._printf_core), UNUSED)
<BR><BR>[Calls]<UL><LI><a href="#[238]">&gt;&gt;</a>&nbsp;&nbsp;&nbsp;__aeabi_uidivmod
</UL>
<BR>[Called By]<UL><LI><a href="#[236]">&gt;&gt;</a>&nbsp;&nbsp;&nbsp;__0printf$3
</UL>
<P>
<H3>
Undefined Global Symbols
</H3><HR></body></html>
